
=== measure-latency-run buffer=1024 periods=3 condition=A runs=3 seconds=45 2026-08-22T04:10:08-04:00 ===
SENTINEL harness-start
Applied buffer=1024 periods=3
jackd period=1024 ok
jackd periods=3 ok
condition A units:
  sooperlooper=inactive session=inactive watchdog=inactive
jackd period=1024 ok
jackd periods=3 ok
=== provenance after strict restart ===
=== provenance 2026-08-22T04:10:59-04:00 ===
be3f2e7 Fix V9-d log collision: per-patch log slug in v8b playable script.
6.18.34+rpt-rpi-v8
coherent_pool=1M 8250.nr_uarts=0 snd_bcm2835.enable_headphones=0 cgroup_disable=memory numa_policy=interleave nvme.max_host_mem_size_mb=32 snd_bcm2835.enable_headphones=1 snd_bcm2835.enable_hdmi=1 snd_bcm2835.enable_hdmi=0  numa=fake=2 system_heap.max_order=0 iommu_dma_numa_policy=interleave smsc95xx.macaddr=2C:CF:67:59:7C:41 vc_mem.mem_base=0x3ec00000 vc_mem.mem_size=0x40000000  console=ttyS0,115200 console=tty1 root=PARTUUID=ed7e095b-02 rootfstype=ext4 fsck.repair=yes rootwait cfg80211.ieee80211_regdom=CA irqaffinity=0,1 video=HDMI-A-1:d video=HDMI-A-2:d threadirqs

governor cpufreq=performance
jackd -R -P70 -d alsa -P hw:2 -r 48000 -p 1024 -n 3
PROVENANCE patch=Brave New World hold_voices=3 buffer=1024 periods=3 condition=A 2026-08-22T04:10:59-04:00
=== run A-b1024-p3-l0-run1 ===
RESULT tag=A-b1024-p3-l0-run1 xruns=0 meter_live=1 meter_max_age_s=0 dsp_median=37.981956 dsp_p99=39.195240 dsp_max=39.685379
RESULT tag=A-b1024-p3-l0-run1 jitter_n=2458 jitter_median_usec=-302 jitter_p99_usec=836 jitter_p99_9_usec=1102 jitter_max_usec=1120
RESULT tag=A-b1024-p3-l0-run1 frames_late_p99_usec=250 frames_late_max_usec=375
RESULT tag=A-b1024-p3-l0-run1 delay_events=0 delay_nonzero=0 (legacy, ignore)
RESULT tag=A-b1024-p3-l0-run1 samples=45 temp=58.4'C throttled=0x0
RESULT tag=A-b1024-p3-l0-run1 file=/tmp/latency-A-b1024-p3-l0-run1-1787386259.out xrun_events=/tmp/latency-A-b1024-p3-l0-run1-1787386259.xruns
RESULT tag=A-b1024-p3-l0-run1 probe_xrun_count=0 jackd_alsa_xrun_count=0 jackd_alsa_msec_min=0 jackd_alsa_msec_median=0 jackd_alsa_msec_max=0 jackd_alsa_msec_mean=0 window_since=2026-08-22T04:11:08-04:00 window_until=2026-08-22T04:11:54-04:00
SENTINEL run-complete tag=A-b1024-p3-l0-run1 xruns=0
     t     dsp%    xruns   delta
     1 38.662537        0       0
     2 38.714382        0       0
     3 38.705219        0       0
     4 38.140404        0       0
     5 37.739357        0       0
     6 37.915287        0       0
     7 37.870281        0       0
     8 37.882313        0       0
     9 37.760082        0       0
    10 37.787369        0       0
    11 37.659000        0       0
    12 38.632153        0       0
    13 38.192471        0       0
    14 38.111378        0       0
    15 38.017746        0       0
    16 38.162296        0       0
    17 39.685379        0       0
    18 39.195240        0       0
    19 38.638542        0       0
    20 37.981956        0       0
    21 38.034245        0       0
    22 38.579716        0       0
    23 38.220623        0       0
    24 37.985287        0       0
    25 37.890594        0       0
    26 38.076221        0       0
    27 38.018097        0       0
    28 37.963955        0       0
    29 37.699455        0       0
    30 37.939369        0       0
    31 37.823105        0       0
    32 37.938412        0       0
    33 38.167862        0       0
    34 37.970161        0       0
    35 37.852360        0       0
    36 37.981163        0       0
    37 37.892609        0       0
    38 38.411453        0       0
    39 38.057606        0       0
    40 38.118946        0       0
    41 37.939949        0       0
    42 37.891365        0       0
    43 37.579529        0       0
    44 37.436932        0       0
    45 32.585911        0       0
--- xrun delays (probe) ---
PROBE_START client=mpe-xrun-probe buffer_frames=1024 sample_rate=48000 expected_period_us=21333
JITTER_SUMMARY expected_period_us=21333 n=2458 median_usec=-302 p99_usec=836 p99_9_usec=1102 max_usec=1120
FRAMES_LATE_SUMMARY expected_period_us=21333 n=2458 median_usec=83 p99_usec=250 p99_9_usec=333 max_usec=375
XRUN_COUNT 0
PROBE_END
=== run A-b1024-p3-l0-run2 ===
RESULT tag=A-b1024-p3-l0-run2 xruns=0 meter_live=1 meter_max_age_s=0 dsp_median=38.002548 dsp_p99=39.377899 dsp_max=41.236835
RESULT tag=A-b1024-p3-l0-run2 jitter_n=2466 jitter_median_usec=-297 jitter_p99_usec=809 jitter_p99_9_usec=1029 jitter_max_usec=1147
RESULT tag=A-b1024-p3-l0-run2 frames_late_p99_usec=271 frames_late_max_usec=396
RESULT tag=A-b1024-p3-l0-run2 delay_events=0 delay_nonzero=0 (legacy, ignore)
RESULT tag=A-b1024-p3-l0-run2 samples=45 temp=57.9'C throttled=0x0
RESULT tag=A-b1024-p3-l0-run2 file=/tmp/latency-A-b1024-p3-l0-run2-1787386324.out xrun_events=/tmp/latency-A-b1024-p3-l0-run2-1787386324.xruns
RESULT tag=A-b1024-p3-l0-run2 probe_xrun_count=0 jackd_alsa_xrun_count=0 jackd_alsa_msec_min=0 jackd_alsa_msec_median=0 jackd_alsa_msec_max=0 jackd_alsa_msec_mean=0 window_since=2026-08-22T04:12:13-04:00 window_until=2026-08-22T04:12:59-04:00
SENTINEL run-complete tag=A-b1024-p3-l0-run2 xruns=0
     t     dsp%    xruns   delta
     1 38.746883        0       0
     2 38.665150        0       0
     3 38.143295        0       0
     4 37.854626        0       0
     5 37.841053        0       0
     6 37.778633        0       0
     7 37.823227        0       0
     8 37.954880        0       0
     9 38.152058        0       0
    10 38.037262        0       0
    11 37.874996        0       0
    12 37.966702        0       0
    13 38.490173        0       0
    14 41.236835        0       0
    15 38.674889        0       0
    16 38.565868        0       0
    17 38.185574        0       0
    18 38.151138        0       0
    19 38.268837        0       0
    20 38.314926        0       0
    21 37.863224        0       0
    22 38.135002        0       0
    23 37.878735        0       0
    24 38.469357        0       0
    25 38.181850        0       0
    26 38.002548        0       0
    27 37.861725        0       0
    28 38.054939        0       0
    29 38.049641        0       0
    30 38.264812        0       0
    31 37.945980        0       0
    32 37.948288        0       0
    33 37.870327        0       0
    34 37.936241        0       0
    35 37.949348        0       0
    36 37.994503        0       0
    37 37.805710        0       0
    38 37.915653        0       0
    39 38.296036        0       0
    40 37.956093        0       0
    41 38.084595        0       0
    42 37.443851        0       0
    43 37.387840        0       0
    44 39.377899        0       0
    45 33.477448        0       0
--- xrun delays (probe) ---
PROBE_START client=mpe-xrun-probe buffer_frames=1024 sample_rate=48000 expected_period_us=21333
JITTER_SUMMARY expected_period_us=21333 n=2466 median_usec=-297 p99_usec=809 p99_9_usec=1029 max_usec=1147
FRAMES_LATE_SUMMARY expected_period_us=21333 n=2466 median_usec=83 p99_usec=271 p99_9_usec=333 max_usec=396
XRUN_COUNT 0
PROBE_END
=== run A-b1024-p3-l0-run3 ===
RESULT tag=A-b1024-p3-l0-run3 xruns=0 meter_live=1 meter_max_age_s=0 dsp_median=38.037113 dsp_p99=39.511032 dsp_max=40.052982
RESULT tag=A-b1024-p3-l0-run3 jitter_n=2463 jitter_median_usec=-303 jitter_p99_usec=827 jitter_p99_9_usec=1076 jitter_max_usec=1145
RESULT tag=A-b1024-p3-l0-run3 frames_late_p99_usec=271 frames_late_max_usec=375
RESULT tag=A-b1024-p3-l0-run3 delay_events=0 delay_nonzero=0 (legacy, ignore)
RESULT tag=A-b1024-p3-l0-run3 samples=45 temp=56.9'C throttled=0x0
RESULT tag=A-b1024-p3-l0-run3 file=/tmp/latency-A-b1024-p3-l0-run3-1787386390.out xrun_events=/tmp/latency-A-b1024-p3-l0-run3-1787386390.xruns
RESULT tag=A-b1024-p3-l0-run3 probe_xrun_count=0 jackd_alsa_xrun_count=0 jackd_alsa_msec_min=0 jackd_alsa_msec_median=0 jackd_alsa_msec_max=0 jackd_alsa_msec_mean=0 window_since=2026-08-22T04:13:19-04:00 window_until=2026-08-22T04:14:05-04:00
SENTINEL run-complete tag=A-b1024-p3-l0-run3 xruns=0
     t     dsp%    xruns   delta
     1 38.795776        0       0
     2 38.333340        0       0
     3 38.128315        0       0
     4 38.037113        0       0
     5 38.709663        0       0
     6 38.262157        0       0
     7 37.954659        0       0
     8 37.868248        0       0
     9 37.960476        0       0
    10 38.553200        0       0
    11 39.511032        0       0
    12 38.698002        0       0
    13 37.915958        0       0
    14 37.881710        0       0
    15 38.164234        0       0
    16 38.216789        0       0
    17 38.121193        0       0
    18 38.091682        0       0
    19 37.915668        0       0
    20 37.592636        0       0
    21 38.132557        0       0
    22 37.873035        0       0
    23 37.886032        0       0
    24 37.908672        0       0
    25 37.896820        0       0
    26 38.129337        0       0
    27 38.182938        0       0
    28 37.791882        0       0
    29 38.014210        0       0
    30 37.943062        0       0
    31 38.216362        0       0
    32 38.177231        0       0
    33 38.256866        0       0
    34 37.932636        0       0
    35 38.050404        0       0
    36 38.577068        0       0
    37 38.134167        0       0
    38 38.021286        0       0
    39 37.936626        0       0
    40 37.678764        0       0
    41 40.052982        0       0
    42 37.826668        0       0
    43 37.562843        0       0
    44 37.070831        0       0
    45 31.855156        0       0
--- xrun delays (probe) ---
PROBE_START client=mpe-xrun-probe buffer_frames=1024 sample_rate=48000 expected_period_us=21333
JITTER_SUMMARY expected_period_us=21333 n=2463 median_usec=-303 p99_usec=827 p99_9_usec=1076 max_usec=1145
FRAMES_LATE_SUMMARY expected_period_us=21333 n=2463 median_usec=83 p99_usec=271 p99_9_usec=333 max_usec=375
XRUN_COUNT 0
PROBE_END
=== restore buffer 1024 periods 2 ===
Applied buffer=1024 periods=2
jackd period=1024 ok
jackd periods=2 ok
done commit=be3f2e7 log=/home/mitch/plan-v9d-bnw-20260822/v8b-1024x3-Brave_New_World.log
SENTINEL harness-end

