     t     dsp%     peak    xrun
     1 12.131439    0.000     302
     2 11.612763    0.000     302
     3 11.756088    0.257     302
     4 27.119747    0.474     302
     5 41.014194    0.611     302
     6 49.726437    0.272     302
     7 59.310921    0.513     304 <<< XRUN x2
     8 44.086468    0.548     304
     9 33.410206    0.249     304
    10 32.726109    0.270     304
    11 32.380424    0.327     304
    12 32.827087    0.520     304
    13 31.898483    0.365     304
    14 39.436401    0.312     304
    15 41.071262    0.240     304
    16 41.894012    0.360     304
    17 41.540195    0.539     304
    18 41.306107    0.409     304
    19 41.287399    0.342     304
    20 41.650707    0.522     304
    21 42.067627    0.364     304
    22 41.778706    0.610     304
    23 40.969105    0.330     304
    24 41.255817    0.552     304
    25 41.185009    0.291     304
    26 42.177002    0.602     304
    27 41.461887    0.411     304
    28 41.412346    0.333     304
    29 41.011204    0.341     304
    30 41.520081    0.546     304
    31 42.484371    0.304     304
    32 41.949165    0.335     304
    33 41.469738    0.462     304
    34 41.346523    0.364     304
    35 41.707317    0.358     304
    36 42.039547    0.545     304
    37 41.602921    0.539     304
    38 41.509666    0.300     304
    39 40.840546    0.592     304
    40 42.015575    0.385     304
    41 42.011276    0.492     304
    42 41.689625    0.352     304
    43 41.377525    0.428     304
    44 41.551807    0.484     304
    45 41.451614    0.386     304
    46 41.586853    0.286     304
    47 42.032688    0.380     304
    48 41.215317    0.299     304
    49 41.017048    0.404     304
    50 41.121178    0.377     304
    51 41.183414    0.315     304
    52 41.592003    0.620     304
    53 41.146168    0.321     304
    54 41.629532    0.345     304
    55 41.971222    0.510     304
    56 41.441650    0.343     304
    57 41.296135    0.524     304
    58 41.659584    0.440     304
    59 41.515575    0.557     304
    60 41.833923    0.362     304
    61 41.136562    0.490     304
    62 41.213463    0.530     304
    63 41.459812    0.562     304
    64 41.443729    0.558     304
    65 41.285847    0.478     304
    66 41.104382    0.228     304
    67 41.559853    0.503     304
    68 41.760941    0.577     304
    69 41.707554    0.575     304
    70 41.587200    0.761     304
    71 41.043610    0.281     304
    72 41.790997    0.317     304
    73 41.345665    0.655     304
    74 41.718929    0.184     304
    75 40.581921    0.032     304
TOTAL 2 xruns in 75s
