     t     dsp%     peak    xrun
     1 18.420296    0.000     236
     2 18.234835    0.000     236
     3 18.274105    0.328     236
     4 34.931839    0.438     236
     5 49.661110    0.597     236
     6 55.373211    0.482     236
     7 56.227859    0.342     236
     8 51.182804    0.484     236
     9 49.709724    0.281     242 <<< XRUN x6
    10 50.928230    0.465     242
    11 51.282120    0.536     243 <<< XRUN x1
    12 50.782574    0.521     243
    13 49.501301    0.582     243
    14 49.160660    0.335     243
    15 49.851719    0.235     243
    16 50.437355    0.429     243
    17 49.581203    0.495     243
    18 48.878834    0.511     243
    19 49.330132    0.226     243
    20 50.854469    0.531     244 <<< XRUN x1
    21 50.752716    0.635     246 <<< XRUN x2
    22 50.233551    0.518     246
    23 42.574432    0.501     246
    24 40.667763    0.364     246
    25 40.533733    0.466     246
    26 41.308044    0.563     246
    27 40.400475    0.397     246
    28 39.663551    0.371     246
    29 44.207092    0.448     246
    30 48.743824    0.318     247 <<< XRUN x1
    31 51.112198    0.297     251 <<< XRUN x4
    32 43.386993    0.534     251
    33 40.042725    0.519     251
    34 39.910648    0.313     251
    35 39.955082    0.548     251
    36 40.368473    0.579     251
    37 40.254898    0.288     251
    38 43.504097    0.524     251
    39 48.045361    0.386     251
    40 48.680996    0.332     251
    41 49.863251    0.574     253 <<< XRUN x2
    42 50.415840    0.265     253
    43 41.522541    0.418     253
    44 40.325325    0.586     253
    45 40.512024    0.586     253
    46 40.765079    0.393     253
    47 41.390873    0.492     253
    48 39.387714    0.464     253
    49 46.665916    0.312     253
    50 48.918747    0.545     253
    51 49.127689    0.323     255 <<< XRUN x2
    52 43.381413    0.264     256 <<< XRUN x1
    53 40.120548    0.306     256
    54 40.170300    0.637     256
    55 40.066055    0.281     256
    56 40.281555    0.536     256
    57 39.502193    0.236     256
    58 42.968666    0.480     256
    59 48.174149    0.300     256
    60 49.537380    0.304     256
    61 49.365574    0.309     256
    62 50.198444    0.357     263 <<< XRUN x7
    63 43.154842    0.577     263
    64 40.529366    0.495     263
    65 39.408939    0.496     263
    66 40.258015    0.387     263
    67 39.651604    0.406     263
    68 40.166466    0.515     263
    69 46.846470    0.366     263
    70 48.882717    0.355     263
    71 49.700954    0.226     263
    72 49.681717    0.513     271 <<< XRUN x8
    73 49.908710    0.516     271
    74 49.743652    0.266     271
    75 48.372932    0.022     271
TOTAL 35 xruns in 75s
