     t     dsp%     peak    xrun
     1 17.779156    0.000     274
     2 18.467939    0.000     274
     3 18.199865    0.382     274
     4 34.677979    0.362     274
     5 49.560226    0.452     274
     6 77.024063    0.486     275 <<< XRUN x1
     7 95.419304    0.305     280 <<< XRUN x5
     8 47.575733    0.500     280
     9 42.017693    0.228     280
    10 39.923130    0.428     280
    11 40.709030    0.363     280
    12 40.496700    0.299     280
    13 40.069355    0.320     283 <<< XRUN x3
    14 46.199135    0.421     283
    15 48.376381    0.360     283
    16 49.206383    0.396     283
    17 49.601952    0.353     283
    18 49.359047    0.394     283
    19 49.330391    0.556     283
    20 48.817013    0.571     283
    21 49.937675    0.346     283
    22 49.422642    0.346     283
    23 49.551636    0.276     283
    24 49.846684    0.539     288 <<< XRUN x5
    25 49.542526    0.443     288
    26 49.749683    0.294     288
    27 50.238262    0.545     288
    28 49.668819    0.315     288
    29 49.453495    0.393     288
    30 49.261333    0.526     288
    31 50.156120    0.431     288
    32 50.480091    0.314     288
    33 49.665066    0.270     288
    34 49.076828    0.301     290 <<< XRUN x2
    35 49.762177    0.362     290
    36 49.440552    0.361     290
    37 49.046421    0.511     290
    38 48.993637    0.493     290
    39 48.961258    0.407     290
    40 49.171677    0.452     290
    41 50.142567    0.494     290
    42 49.339264    0.454     290
    43 50.060383    0.422     290
    44 49.412197    0.565     290
    45 49.395634    0.393     294 <<< XRUN x4
    46 50.216900    0.412     294
    47 49.179794    0.344     294
    48 48.979839    0.434     294
    49 49.389637    0.364     294
    50 49.022476    0.312     294
    51 48.946236    0.561     294
    52 49.322151    0.490     294
    53 49.092560    0.347     294
    54 48.971275    0.612     294
    55 49.702972    0.598     296 <<< XRUN x2
    56 48.751076    0.294     296
    57 49.546211    0.404     296
    58 49.683102    0.316     296
    59 49.320503    0.345     296
    60 49.147438    0.670     296
    61 56.472748    0.402     300 <<< XRUN x4
    62 42.028858    0.463     300
    63 40.330952    0.335     300
    64 39.493134    0.498     300
    65 40.032974    0.501     300
    66 40.042934    0.318     300
    67 39.829807    0.250     300
    68 40.814560    0.338     300
    69 40.947029    0.323     300
    70 39.366222    0.363     300
    71 39.491844    0.377     300
    72 46.827770    0.531     300
    73 42.207306    0.316     300
    74 40.245678    0.292     300
    75 39.326603    0.024     300
TOTAL 26 xruns in 75s
