
=== measure-soak-instrument buffer=1024 periods=2 patch=Cloud Horn voices=5 hours=8 2026-08-22T11:05:36-04:00 ===
PROVENANCE patch=Cloud Horn hold_voices=5 buffer=1024 periods=2 condition=A
SENTINEL soak-start
expected_finish=2026-08-22T19:05:36-04:00

=== measure-soak-instrument buffer=1024 periods=2 patch=Cloud Horn voices=5 hours=8 2026-08-23T00:42:28-04:00 ===
PROVENANCE patch=Cloud Horn hold_voices=5 buffer=1024 periods=2 condition=A
SENTINEL soak-start
expected_finish=2026-08-23T08:42:28-04:00
SENTINEL soak-loop-entered
./scripts/measure-soak-instrument.sh: line 174: MPE_METER_LAST_AGE_S: unbound variable
SENTINEL soak-aborted stage=soak-loop-minute rc=1

=== B2 RESTART after 8f138ec fix 2026-08-23T00:51:44-04:00 ===
pilot=PASS log=/home/mitch/instrument-soak-pilot-2026-08-23.log meter_age_s=0@minute1

=== measure-soak-instrument buffer=1024 periods=2 patch=Cloud Horn voices=5 hours=8 2026-08-23T00:51:44-04:00 ===
PROVENANCE patch=Cloud Horn hold_voices=5 buffer=1024 periods=2 condition=A
SENTINEL soak-start
expected_finish=2026-08-23T08:51:44-04:00
SENTINEL soak-loop-entered
SOAK minute=1 xruns_minute=4 xruns_total=4 meter_live=1 meter_age_s=0 temp=48.2'C throttled=0x0
SOAK minute=2 xruns_minute=11 xruns_total=15 meter_live=1 meter_age_s=0 temp=46.7'C throttled=0x0
SOAK minute=3 xruns_minute=6 xruns_total=21 meter_live=1 meter_age_s=0 temp=46.7'C throttled=0x0
SOAK minute=4 xruns_minute=2 xruns_total=23 meter_live=1 meter_age_s=0 temp=47.7'C throttled=0x0
SOAK minute=5 xruns_minute=0 xruns_total=23 meter_live=1 meter_age_s=0 temp=48.2'C throttled=0x0
SOAK minute=6 xruns_minute=4 xruns_total=27 meter_live=1 meter_age_s=0 temp=46.7'C throttled=0x0
SOAK minute=7 xruns_minute=0 xruns_total=27 meter_live=1 meter_age_s=0 temp=47.2'C throttled=0x0
SOAK minute=8 xruns_minute=2 xruns_total=29 meter_live=1 meter_age_s=0 temp=46.7'C throttled=0x0
SOAK minute=9 xruns_minute=12 xruns_total=41 meter_live=1 meter_age_s=0 temp=46.7'C throttled=0x0
SOAK minute=10 xruns_minute=0 xruns_total=41 meter_live=1 meter_age_s=0 temp=46.2'C throttled=0x0
SOAK minute=11 xruns_minute=0 xruns_total=41 meter_live=1 meter_age_s=0 temp=46.2'C throttled=0x0
SOAK minute=12 xruns_minute=7 xruns_total=48 meter_live=1 meter_age_s=0 temp=46.7'C throttled=0x0
SOAK minute=13 xruns_minute=0 xruns_total=48 meter_live=1 meter_age_s=0 temp=46.2'C throttled=0x0
SOAK minute=14 xruns_minute=2 xruns_total=50 meter_live=1 meter_age_s=0 temp=46.7'C throttled=0x0
SOAK minute=15 xruns_minute=8 xruns_total=58 meter_live=1 meter_age_s=0 temp=47.2'C throttled=0x0
SOAK minute=16 xruns_minute=6 xruns_total=64 meter_live=1 meter_age_s=0 temp=46.2'C throttled=0x0
SOAK minute=17 xruns_minute=0 xruns_total=64 meter_live=1 meter_age_s=0 temp=47.7'C throttled=0x0
SOAK minute=18 xruns_minute=0 xruns_total=64 meter_live=1 meter_age_s=0 temp=47.2'C throttled=0x0
SOAK minute=19 xruns_minute=2 xruns_total=66 meter_live=1 meter_age_s=1 temp=47.2'C throttled=0x0
SOAK minute=20 xruns_minute=0 xruns_total=66 meter_live=1 meter_age_s=1 temp=46.7'C throttled=0x0
SOAK minute=21 xruns_minute=2 xruns_total=68 meter_live=1 meter_age_s=1 temp=46.7'C throttled=0x0
SOAK minute=22 xruns_minute=2 xruns_total=70 meter_live=1 meter_age_s=0 temp=46.7'C throttled=0x0
SOAK minute=23 xruns_minute=4 xruns_total=74 meter_live=1 meter_age_s=0 temp=46.2'C throttled=0x0
SOAK minute=24 xruns_minute=0 xruns_total=74 meter_live=1 meter_age_s=1 temp=45.7'C throttled=0x0
SOAK minute=25 xruns_minute=4 xruns_total=78 meter_live=1 meter_age_s=0 temp=45.7'C throttled=0x0
SOAK minute=26 xruns_minute=8 xruns_total=86 meter_live=1 meter_age_s=0 temp=45.7'C throttled=0x0
SOAK minute=27 xruns_minute=2 xruns_total=88 meter_live=1 meter_age_s=0 temp=46.7'C throttled=0x0
SOAK minute=28 xruns_minute=0 xruns_total=88 meter_live=1 meter_age_s=0 temp=46.7'C throttled=0x0
SOAK minute=29 xruns_minute=4 xruns_total=92 meter_live=1 meter_age_s=0 temp=45.7'C throttled=0x0
SOAK minute=30 xruns_minute=2 xruns_total=94 meter_live=1 meter_age_s=0 temp=46.2'C throttled=0x0
SOAK minute=31 xruns_minute=2 xruns_total=96 meter_live=1 meter_age_s=0 temp=47.2'C throttled=0x0
SOAK minute=32 xruns_minute=4 xruns_total=100 meter_live=1 meter_age_s=0 temp=46.2'C throttled=0x0
SOAK minute=33 xruns_minute=7 xruns_total=107 meter_live=1 meter_age_s=0 temp=46.2'C throttled=0x0
SOAK minute=34 xruns_minute=11 xruns_total=118 meter_live=1 meter_age_s=0 temp=45.2'C throttled=0x0
SOAK minute=35 xruns_minute=1 xruns_total=119 meter_live=1 meter_age_s=0 temp=46.2'C throttled=0x0
SOAK minute=36 xruns_minute=4 xruns_total=123 meter_live=1 meter_age_s=0 temp=46.7'C throttled=0x0
SOAK minute=37 xruns_minute=3 xruns_total=126 meter_live=1 meter_age_s=0 temp=44.8'C throttled=0x0
SOAK minute=38 xruns_minute=0 xruns_total=126 meter_live=1 meter_age_s=0 temp=47.2'C throttled=0x0
SOAK minute=39 xruns_minute=4 xruns_total=130 meter_live=1 meter_age_s=0 temp=47.2'C throttled=0x0
SOAK minute=40 xruns_minute=3 xruns_total=133 meter_live=1 meter_age_s=0 temp=46.2'C throttled=0x0
SOAK minute=41 xruns_minute=0 xruns_total=133 meter_live=1 meter_age_s=0 temp=46.7'C throttled=0x0
SOAK minute=42 xruns_minute=0 xruns_total=133 meter_live=1 meter_age_s=0 temp=46.7'C throttled=0x0
SOAK minute=43 xruns_minute=10 xruns_total=143 meter_live=1 meter_age_s=0 temp=46.2'C throttled=0x0
SOAK minute=44 xruns_minute=2 xruns_total=145 meter_live=1 meter_age_s=0 temp=46.7'C throttled=0x0
SOAK minute=45 xruns_minute=4 xruns_total=149 meter_live=1 meter_age_s=0 temp=46.7'C throttled=0x0
SOAK minute=46 xruns_minute=5 xruns_total=154 meter_live=1 meter_age_s=0 temp=47.2'C throttled=0x0
SOAK minute=47 xruns_minute=2 xruns_total=156 meter_live=1 meter_age_s=0 temp=46.7'C throttled=0x0
SOAK minute=48 xruns_minute=5 xruns_total=161 meter_live=1 meter_age_s=0 temp=46.2'C throttled=0x0
SOAK minute=49 xruns_minute=4 xruns_total=165 meter_live=1 meter_age_s=0 temp=46.2'C throttled=0x0
SOAK minute=50 xruns_minute=0 xruns_total=165 meter_live=1 meter_age_s=0 temp=47.2'C throttled=0x0
SOAK minute=51 xruns_minute=2 xruns_total=167 meter_live=1 meter_age_s=0 temp=46.7'C throttled=0x0
SOAK minute=52 xruns_minute=2 xruns_total=169 meter_live=1 meter_age_s=0 temp=46.7'C throttled=0x0
SOAK minute=53 xruns_minute=2 xruns_total=171 meter_live=1 meter_age_s=0 temp=46.2'C throttled=0x0
SOAK minute=54 xruns_minute=8 xruns_total=179 meter_live=1 meter_age_s=0 temp=46.2'C throttled=0x0
SOAK minute=55 xruns_minute=4 xruns_total=183 meter_live=1 meter_age_s=1 temp=46.7'C throttled=0x0
SOAK minute=56 xruns_minute=4 xruns_total=187 meter_live=1 meter_age_s=0 temp=47.2'C throttled=0x0
SOAK minute=57 xruns_minute=4 xruns_total=191 meter_live=1 meter_age_s=0 temp=47.2'C throttled=0x0
SOAK minute=58 xruns_minute=0 xruns_total=191 meter_live=1 meter_age_s=1 temp=46.2'C throttled=0x0
SOAK minute=59 xruns_minute=11 xruns_total=202 meter_live=1 meter_age_s=0 temp=45.7'C throttled=0x0
SOAK minute=60 xruns_minute=2 xruns_total=204 meter_live=1 meter_age_s=0 temp=46.2'C throttled=0x0
SOAK hour=1 minute=60 xruns_hour=204 xruns_total=204 meter_live=1 invalid_windows=0 temp=46.2'C throttled=0x0
SOAK minute=61 xruns_minute=1 xruns_total=205 meter_live=1 meter_age_s=1 temp=47.2'C throttled=0x0
SOAK minute=62 xruns_minute=2 xruns_total=207 meter_live=1 meter_age_s=0 temp=46.7'C throttled=0x0
SOAK minute=63 xruns_minute=2 xruns_total=209 meter_live=1 meter_age_s=0 temp=46.7'C throttled=0x0
SOAK minute=64 xruns_minute=2 xruns_total=211 meter_live=1 meter_age_s=0 temp=46.2'C throttled=0x0
SOAK minute=65 xruns_minute=8 xruns_total=219 meter_live=1 meter_age_s=0 temp=47.2'C throttled=0x0
SOAK minute=66 xruns_minute=3 xruns_total=222 meter_live=1 meter_age_s=0 temp=44.8'C throttled=0x0
SOAK minute=67 xruns_minute=6 xruns_total=228 meter_live=1 meter_age_s=0 temp=46.2'C throttled=0x0
SOAK minute=68 xruns_minute=2 xruns_total=230 meter_live=1 meter_age_s=0 temp=45.7'C throttled=0x0
SOAK minute=69 xruns_minute=8 xruns_total=238 meter_live=1 meter_age_s=0 temp=45.7'C throttled=0x0
SOAK minute=70 xruns_minute=4 xruns_total=242 meter_live=1 meter_age_s=0 temp=47.2'C throttled=0x0
SOAK minute=71 xruns_minute=0 xruns_total=242 meter_live=1 meter_age_s=0 temp=45.7'C throttled=0x0
SOAK minute=72 xruns_minute=6 xruns_total=248 meter_live=1 meter_age_s=0 temp=45.2'C throttled=0x0
SOAK minute=73 xruns_minute=4 xruns_total=252 meter_live=1 meter_age_s=0 temp=46.2'C throttled=0x0
SOAK minute=74 xruns_minute=6 xruns_total=258 meter_live=1 meter_age_s=0 temp=47.2'C throttled=0x0
SOAK minute=75 xruns_minute=4 xruns_total=262 meter_live=1 meter_age_s=0 temp=46.7'C throttled=0x0
SOAK minute=76 xruns_minute=2 xruns_total=264 meter_live=1 meter_age_s=0 temp=46.2'C throttled=0x0
SOAK minute=77 xruns_minute=6 xruns_total=270 meter_live=1 meter_age_s=0 temp=47.2'C throttled=0x0
SOAK minute=78 xruns_minute=0 xruns_total=270 meter_live=1 meter_age_s=0 temp=47.2'C throttled=0x0
SOAK minute=79 xruns_minute=2 xruns_total=272 meter_live=1 meter_age_s=0 temp=46.2'C throttled=0x0
SOAK minute=80 xruns_minute=9 xruns_total=281 meter_live=1 meter_age_s=0 temp=46.7'C throttled=0x0
SOAK minute=81 xruns_minute=0 xruns_total=281 meter_live=1 meter_age_s=0 temp=46.2'C throttled=0x0
SOAK minute=82 xruns_minute=8 xruns_total=289 meter_live=1 meter_age_s=0 temp=45.7'C throttled=0x0
SOAK minute=83 xruns_minute=2 xruns_total=291 meter_live=1 meter_age_s=0 temp=45.7'C throttled=0x0
SOAK minute=84 xruns_minute=4 xruns_total=295 meter_live=1 meter_age_s=0 temp=45.7'C throttled=0x0
SOAK minute=85 xruns_minute=4 xruns_total=299 meter_live=1 meter_age_s=0 temp=46.2'C throttled=0x0
SOAK minute=86 xruns_minute=10 xruns_total=309 meter_live=1 meter_age_s=0 temp=46.7'C throttled=0x0
SOAK minute=87 xruns_minute=2 xruns_total=311 meter_live=1 meter_age_s=0 temp=46.2'C throttled=0x0
SOAK minute=88 xruns_minute=2 xruns_total=313 meter_live=1 meter_age_s=0 temp=46.2'C throttled=0x0
SOAK minute=89 xruns_minute=3 xruns_total=316 meter_live=1 meter_age_s=0 temp=45.7'C throttled=0x0
SOAK minute=90 xruns_minute=0 xruns_total=316 meter_live=1 meter_age_s=0 temp=46.2'C throttled=0x0
SOAK minute=91 xruns_minute=6 xruns_total=322 meter_live=1 meter_age_s=1 temp=46.7'C throttled=0x0
SOAK minute=92 xruns_minute=1 xruns_total=323 meter_live=1 meter_age_s=1 temp=46.2'C throttled=0x0
SOAK minute=93 xruns_minute=0 xruns_total=323 meter_live=1 meter_age_s=0 temp=46.2'C throttled=0x0
SOAK minute=94 xruns_minute=2 xruns_total=325 meter_live=1 meter_age_s=1 temp=46.7'C throttled=0x0
SOAK minute=95 xruns_minute=0 xruns_total=325 meter_live=1 meter_age_s=1 temp=47.2'C throttled=0x0
SOAK minute=96 xruns_minute=1 xruns_total=326 meter_live=1 meter_age_s=1 temp=46.2'C throttled=0x0
SOAK minute=97 xruns_minute=2 xruns_total=328 meter_live=1 meter_age_s=0 temp=45.7'C throttled=0x0
SOAK minute=98 xruns_minute=2 xruns_total=330 meter_live=1 meter_age_s=0 temp=46.2'C throttled=0x0
SOAK minute=99 xruns_minute=0 xruns_total=330 meter_live=1 meter_age_s=0 temp=45.7'C throttled=0x0
SOAK minute=100 xruns_minute=4 xruns_total=334 meter_live=1 meter_age_s=0 temp=47.2'C throttled=0x0
SOAK minute=101 xruns_minute=2 xruns_total=336 meter_live=1 meter_age_s=0 temp=46.7'C throttled=0x0
SOAK minute=102 xruns_minute=6 xruns_total=342 meter_live=1 meter_age_s=0 temp=46.7'C throttled=0x0
SOAK minute=103 xruns_minute=3 xruns_total=345 meter_live=1 meter_age_s=0 temp=45.7'C throttled=0x0
SOAK minute=104 xruns_minute=2 xruns_total=347 meter_live=1 meter_age_s=0 temp=46.2'C throttled=0x0
SOAK minute=105 xruns_minute=0 xruns_total=347 meter_live=1 meter_age_s=0 temp=46.2'C throttled=0x0
SOAK minute=106 xruns_minute=4 xruns_total=351 meter_live=1 meter_age_s=0 temp=45.7'C throttled=0x0
SOAK minute=107 xruns_minute=4 xruns_total=355 meter_live=1 meter_age_s=0 temp=45.2'C throttled=0x0
SOAK minute=108 xruns_minute=2 xruns_total=357 meter_live=1 meter_age_s=0 temp=47.2'C throttled=0x0
SOAK minute=109 xruns_minute=6 xruns_total=363 meter_live=1 meter_age_s=0 temp=46.2'C throttled=0x0
SOAK minute=110 xruns_minute=2 xruns_total=365 meter_live=1 meter_age_s=0 temp=46.7'C throttled=0x0
SOAK minute=111 xruns_minute=0 xruns_total=365 meter_live=1 meter_age_s=0 temp=45.7'C throttled=0x0
SOAK minute=112 xruns_minute=6 xruns_total=371 meter_live=1 meter_age_s=0 temp=46.2'C throttled=0x0
SOAK minute=113 xruns_minute=4 xruns_total=375 meter_live=1 meter_age_s=0 temp=45.7'C throttled=0x0
SOAK minute=114 xruns_minute=0 xruns_total=375 meter_live=1 meter_age_s=0 temp=45.7'C throttled=0x0
SOAK minute=115 xruns_minute=0 xruns_total=375 meter_live=1 meter_age_s=0 temp=45.7'C throttled=0x0
SOAK minute=116 xruns_minute=2 xruns_total=377 meter_live=1 meter_age_s=0 temp=46.7'C throttled=0x0
SOAK minute=117 xruns_minute=8 xruns_total=385 meter_live=1 meter_age_s=0 temp=46.7'C throttled=0x0
SOAK minute=118 xruns_minute=4 xruns_total=389 meter_live=1 meter_age_s=0 temp=45.2'C throttled=0x0
SOAK minute=119 xruns_minute=2 xruns_total=391 meter_live=1 meter_age_s=0 temp=46.2'C throttled=0x0
SOAK minute=120 xruns_minute=0 xruns_total=391 meter_live=1 meter_age_s=0 temp=46.7'C throttled=0x0
SOAK hour=2 minute=120 xruns_hour=187 xruns_total=391 meter_live=1 invalid_windows=0 temp=46.7'C throttled=0x0
SOAK minute=121 xruns_minute=0 xruns_total=391 meter_live=1 meter_age_s=0 temp=46.2'C throttled=0x0
SOAK minute=122 xruns_minute=0 xruns_total=391 meter_live=1 meter_age_s=0 temp=45.7'C throttled=0x0
SOAK minute=123 xruns_minute=4 xruns_total=395 meter_live=1 meter_age_s=0 temp=45.7'C throttled=0x0
SOAK minute=124 xruns_minute=4 xruns_total=399 meter_live=1 meter_age_s=0 temp=45.7'C throttled=0x0
SOAK minute=125 xruns_minute=3 xruns_total=402 meter_live=1 meter_age_s=0 temp=45.7'C throttled=0x0
SOAK minute=126 xruns_minute=0 xruns_total=402 meter_live=1 meter_age_s=1 temp=45.2'C throttled=0x0
SOAK minute=127 xruns_minute=4 xruns_total=406 meter_live=1 meter_age_s=1 temp=46.2'C throttled=0x0
SOAK minute=128 xruns_minute=4 xruns_total=410 meter_live=1 meter_age_s=0 temp=45.2'C throttled=0x0
SOAK minute=129 xruns_minute=2 xruns_total=412 meter_live=1 meter_age_s=0 temp=45.7'C throttled=0x0
SOAK minute=130 xruns_minute=0 xruns_total=412 meter_live=1 meter_age_s=0 temp=44.3'C throttled=0x0
SOAK minute=131 xruns_minute=4 xruns_total=416 meter_live=1 meter_age_s=0 temp=46.2'C throttled=0x0
SOAK minute=132 xruns_minute=4 xruns_total=420 meter_live=1 meter_age_s=0 temp=46.7'C throttled=0x0
SOAK minute=133 xruns_minute=0 xruns_total=420 meter_live=1 meter_age_s=0 temp=45.2'C throttled=0x0
SOAK minute=134 xruns_minute=0 xruns_total=420 meter_live=1 meter_age_s=0 temp=46.2'C throttled=0x0
SOAK minute=135 xruns_minute=4 xruns_total=424 meter_live=1 meter_age_s=0 temp=46.2'C throttled=0x0
SOAK minute=136 xruns_minute=2 xruns_total=426 meter_live=1 meter_age_s=0 temp=46.7'C throttled=0x0
SOAK minute=137 xruns_minute=0 xruns_total=426 meter_live=1 meter_age_s=0 temp=44.8'C throttled=0x0
SOAK minute=138 xruns_minute=0 xruns_total=426 meter_live=1 meter_age_s=0 temp=46.2'C throttled=0x0
SOAK minute=139 xruns_minute=0 xruns_total=426 meter_live=1 meter_age_s=0 temp=45.2'C throttled=0x0
SOAK minute=140 xruns_minute=0 xruns_total=426 meter_live=1 meter_age_s=0 temp=44.8'C throttled=0x0
SOAK minute=141 xruns_minute=12 xruns_total=438 meter_live=1 meter_age_s=0 temp=46.2'C throttled=0x0
SOAK minute=142 xruns_minute=0 xruns_total=438 meter_live=1 meter_age_s=0 temp=47.2'C throttled=0x0
SOAK minute=143 xruns_minute=6 xruns_total=444 meter_live=1 meter_age_s=0 temp=47.2'C throttled=0x0
SOAK minute=144 xruns_minute=0 xruns_total=444 meter_live=1 meter_age_s=0 temp=46.7'C throttled=0x0
SOAK minute=145 xruns_minute=4 xruns_total=448 meter_live=1 meter_age_s=0 temp=47.2'C throttled=0x0
SOAK minute=146 xruns_minute=8 xruns_total=456 meter_live=1 meter_age_s=0 temp=46.7'C throttled=0x0
SOAK minute=147 xruns_minute=0 xruns_total=456 meter_live=1 meter_age_s=0 temp=45.2'C throttled=0x0
SOAK minute=148 xruns_minute=3 xruns_total=459 meter_live=1 meter_age_s=0 temp=46.2'C throttled=0x0
SOAK minute=149 xruns_minute=0 xruns_total=459 meter_live=1 meter_age_s=0 temp=45.7'C throttled=0x0
SOAK minute=150 xruns_minute=0 xruns_total=459 meter_live=1 meter_age_s=0 temp=45.2'C throttled=0x0
SOAK minute=151 xruns_minute=0 xruns_total=459 meter_live=1 meter_age_s=0 temp=46.2'C throttled=0x0
SOAK minute=152 xruns_minute=5 xruns_total=464 meter_live=1 meter_age_s=0 temp=46.2'C throttled=0x0
SOAK minute=153 xruns_minute=2 xruns_total=466 meter_live=1 meter_age_s=0 temp=47.2'C throttled=0x0
SOAK minute=154 xruns_minute=6 xruns_total=472 meter_live=1 meter_age_s=0 temp=46.2'C throttled=0x0
SOAK minute=155 xruns_minute=4 xruns_total=476 meter_live=1 meter_age_s=0 temp=46.2'C throttled=0x0
SOAK minute=156 xruns_minute=0 xruns_total=476 meter_live=1 meter_age_s=0 temp=47.2'C throttled=0x0
SOAK minute=157 xruns_minute=0 xruns_total=476 meter_live=1 meter_age_s=0 temp=46.2'C throttled=0x0
SOAK minute=158 xruns_minute=0 xruns_total=476 meter_live=1 meter_age_s=0 temp=46.2'C throttled=0x0
SOAK minute=159 xruns_minute=3 xruns_total=479 meter_live=1 meter_age_s=0 temp=45.7'C throttled=0x0
SOAK minute=160 xruns_minute=0 xruns_total=479 meter_live=1 meter_age_s=0 temp=45.2'C throttled=0x0
SOAK minute=161 xruns_minute=8 xruns_total=487 meter_live=1 meter_age_s=0 temp=44.3'C throttled=0x0
SOAK minute=162 xruns_minute=0 xruns_total=487 meter_live=1 meter_age_s=1 temp=45.2'C throttled=0x0
SOAK minute=163 xruns_minute=2 xruns_total=489 meter_live=1 meter_age_s=1 temp=46.7'C throttled=0x0
SOAK minute=164 xruns_minute=4 xruns_total=493 meter_live=1 meter_age_s=0 temp=46.7'C throttled=0x0
SOAK minute=165 xruns_minute=2 xruns_total=495 meter_live=1 meter_age_s=1 temp=45.2'C throttled=0x0
SOAK minute=166 xruns_minute=0 xruns_total=495 meter_live=1 meter_age_s=0 temp=44.8'C throttled=0x0
SOAK minute=167 xruns_minute=0 xruns_total=495 meter_live=1 meter_age_s=0 temp=46.7'C throttled=0x0
SOAK minute=168 xruns_minute=0 xruns_total=495 meter_live=1 meter_age_s=0 temp=45.7'C throttled=0x0
SOAK minute=169 xruns_minute=0 xruns_total=495 meter_live=1 meter_age_s=0 temp=45.2'C throttled=0x0
SOAK minute=170 xruns_minute=4 xruns_total=499 meter_live=1 meter_age_s=0 temp=45.7'C throttled=0x0
SOAK minute=171 xruns_minute=0 xruns_total=499 meter_live=1 meter_age_s=0 temp=46.7'C throttled=0x0
SOAK minute=172 xruns_minute=2 xruns_total=501 meter_live=1 meter_age_s=0 temp=44.8'C throttled=0x0
SOAK minute=173 xruns_minute=2 xruns_total=503 meter_live=1 meter_age_s=0 temp=45.2'C throttled=0x0
SOAK minute=174 xruns_minute=4 xruns_total=507 meter_live=1 meter_age_s=0 temp=46.2'C throttled=0x0
SOAK minute=175 xruns_minute=2 xruns_total=509 meter_live=1 meter_age_s=0 temp=45.2'C throttled=0x0
SOAK minute=176 xruns_minute=0 xruns_total=509 meter_live=1 meter_age_s=0 temp=45.7'C throttled=0x0
SOAK minute=177 xruns_minute=3 xruns_total=512 meter_live=1 meter_age_s=0 temp=45.2'C throttled=0x0
SOAK minute=178 xruns_minute=0 xruns_total=512 meter_live=1 meter_age_s=0 temp=45.7'C throttled=0x0
SOAK minute=179 xruns_minute=0 xruns_total=512 meter_live=1 meter_age_s=0 temp=44.8'C throttled=0x0
SOAK minute=180 xruns_minute=0 xruns_total=512 meter_live=1 meter_age_s=0 temp=45.7'C throttled=0x0
SOAK hour=3 minute=180 xruns_hour=121 xruns_total=512 meter_live=1 invalid_windows=0 temp=45.7'C throttled=0x0
SOAK minute=181 xruns_minute=0 xruns_total=512 meter_live=1 meter_age_s=0 temp=44.8'C throttled=0x0
SOAK minute=182 xruns_minute=0 xruns_total=512 meter_live=1 meter_age_s=0 temp=46.2'C throttled=0x0
SOAK minute=183 xruns_minute=0 xruns_total=512 meter_live=1 meter_age_s=0 temp=45.7'C throttled=0x0
SOAK minute=184 xruns_minute=0 xruns_total=512 meter_live=1 meter_age_s=0 temp=45.7'C throttled=0x0
SOAK minute=185 xruns_minute=3 xruns_total=515 meter_live=1 meter_age_s=0 temp=45.2'C throttled=0x0
SOAK minute=186 xruns_minute=2 xruns_total=517 meter_live=1 meter_age_s=0 temp=45.2'C throttled=0x0
SOAK minute=187 xruns_minute=0 xruns_total=517 meter_live=1 meter_age_s=0 temp=45.2'C throttled=0x0
SOAK minute=188 xruns_minute=0 xruns_total=517 meter_live=1 meter_age_s=0 temp=45.2'C throttled=0x0
SOAK minute=189 xruns_minute=0 xruns_total=517 meter_live=1 meter_age_s=0 temp=46.2'C throttled=0x0
SOAK minute=190 xruns_minute=6 xruns_total=523 meter_live=1 meter_age_s=0 temp=45.7'C throttled=0x0
SOAK minute=191 xruns_minute=0 xruns_total=523 meter_live=1 meter_age_s=0 temp=46.2'C throttled=0x0
SOAK minute=192 xruns_minute=0 xruns_total=523 meter_live=1 meter_age_s=0 temp=45.7'C throttled=0x0
SOAK minute=193 xruns_minute=0 xruns_total=523 meter_live=1 meter_age_s=0 temp=46.7'C throttled=0x0
SOAK minute=194 xruns_minute=0 xruns_total=523 meter_live=1 meter_age_s=0 temp=46.2'C throttled=0x0
SOAK minute=195 xruns_minute=0 xruns_total=523 meter_live=1 meter_age_s=1 temp=45.2'C throttled=0x0
SOAK minute=196 xruns_minute=2 xruns_total=525 meter_live=1 meter_age_s=1 temp=45.2'C throttled=0x0
SOAK minute=197 xruns_minute=2 xruns_total=527 meter_live=1 meter_age_s=1 temp=46.2'C throttled=0x0
SOAK minute=198 xruns_minute=2 xruns_total=529 meter_live=1 meter_age_s=1 temp=46.7'C throttled=0x0
SOAK minute=199 xruns_minute=0 xruns_total=529 meter_live=1 meter_age_s=0 temp=46.2'C throttled=0x0
SOAK minute=200 xruns_minute=2 xruns_total=531 meter_live=1 meter_age_s=0 temp=45.2'C throttled=0x0
SOAK minute=201 xruns_minute=0 xruns_total=531 meter_live=1 meter_age_s=0 temp=45.2'C throttled=0x0
SOAK minute=202 xruns_minute=2 xruns_total=533 meter_live=1 meter_age_s=0 temp=45.7'C throttled=0x0
SOAK minute=203 xruns_minute=0 xruns_total=533 meter_live=1 meter_age_s=0 temp=45.2'C throttled=0x0
SOAK minute=204 xruns_minute=2 xruns_total=535 meter_live=1 meter_age_s=0 temp=46.2'C throttled=0x0
SOAK minute=205 xruns_minute=0 xruns_total=535 meter_live=1 meter_age_s=0 temp=45.2'C throttled=0x0
SOAK minute=206 xruns_minute=0 xruns_total=535 meter_live=1 meter_age_s=0 temp=46.2'C throttled=0x0
SOAK minute=207 xruns_minute=0 xruns_total=535 meter_live=1 meter_age_s=0 temp=44.8'C throttled=0x0
SOAK minute=208 xruns_minute=3 xruns_total=538 meter_live=1 meter_age_s=0 temp=46.2'C throttled=0x0
SOAK minute=209 xruns_minute=4 xruns_total=542 meter_live=1 meter_age_s=0 temp=44.8'C throttled=0x0
SOAK minute=210 xruns_minute=8 xruns_total=550 meter_live=1 meter_age_s=0 temp=45.7'C throttled=0x0
SOAK minute=211 xruns_minute=0 xruns_total=550 meter_live=1 meter_age_s=0 temp=45.2'C throttled=0x0
SOAK minute=212 xruns_minute=0 xruns_total=550 meter_live=1 meter_age_s=0 temp=46.2'C throttled=0x0
SOAK minute=213 xruns_minute=10 xruns_total=560 meter_live=1 meter_age_s=0 temp=45.7'C throttled=0x0
SOAK minute=214 xruns_minute=0 xruns_total=560 meter_live=1 meter_age_s=0 temp=45.7'C throttled=0x0
SOAK minute=215 xruns_minute=0 xruns_total=560 meter_live=1 meter_age_s=0 temp=45.2'C throttled=0x0
SOAK minute=216 xruns_minute=0 xruns_total=560 meter_live=1 meter_age_s=0 temp=45.7'C throttled=0x0
SOAK minute=217 xruns_minute=0 xruns_total=560 meter_live=1 meter_age_s=0 temp=45.2'C throttled=0x0
SOAK minute=218 xruns_minute=0 xruns_total=560 meter_live=1 meter_age_s=0 temp=44.8'C throttled=0x0
SOAK minute=219 xruns_minute=2 xruns_total=562 meter_live=1 meter_age_s=0 temp=45.2'C throttled=0x0
SOAK minute=220 xruns_minute=0 xruns_total=562 meter_live=1 meter_age_s=0 temp=44.8'C throttled=0x0
SOAK minute=221 xruns_minute=0 xruns_total=562 meter_live=1 meter_age_s=0 temp=45.7'C throttled=0x0
SOAK minute=222 xruns_minute=0 xruns_total=562 meter_live=1 meter_age_s=0 temp=43.8'C throttled=0x0
SOAK minute=223 xruns_minute=2 xruns_total=564 meter_live=1 meter_age_s=0 temp=46.7'C throttled=0x0
SOAK minute=224 xruns_minute=3 xruns_total=567 meter_live=1 meter_age_s=0 temp=45.7'C throttled=0x0
SOAK minute=225 xruns_minute=0 xruns_total=567 meter_live=1 meter_age_s=0 temp=45.2'C throttled=0x0
SOAK minute=226 xruns_minute=2 xruns_total=569 meter_live=1 meter_age_s=0 temp=46.7'C throttled=0x0
SOAK minute=227 xruns_minute=0 xruns_total=569 meter_live=1 meter_age_s=0 temp=46.2'C throttled=0x0
SOAK minute=228 xruns_minute=2 xruns_total=571 meter_live=1 meter_age_s=0 temp=45.2'C throttled=0x0
SOAK minute=229 xruns_minute=0 xruns_total=571 meter_live=1 meter_age_s=1 temp=45.7'C throttled=0x0
SOAK minute=230 xruns_minute=4 xruns_total=575 meter_live=1 meter_age_s=0 temp=46.7'C throttled=0x0
SOAK minute=231 xruns_minute=0 xruns_total=575 meter_live=1 meter_age_s=1 temp=45.7'C throttled=0x0
SOAK minute=232 xruns_minute=0 xruns_total=575 meter_live=1 meter_age_s=1 temp=45.7'C throttled=0x0
SOAK minute=233 xruns_minute=0 xruns_total=575 meter_live=1 meter_age_s=0 temp=45.2'C throttled=0x0
SOAK minute=234 xruns_minute=2 xruns_total=577 meter_live=1 meter_age_s=0 temp=44.8'C throttled=0x0
SOAK minute=235 xruns_minute=1 xruns_total=578 meter_live=1 meter_age_s=0 temp=45.7'C throttled=0x0
SOAK minute=236 xruns_minute=0 xruns_total=578 meter_live=1 meter_age_s=0 temp=45.7'C throttled=0x0
SOAK minute=237 xruns_minute=4 xruns_total=582 meter_live=1 meter_age_s=0 temp=45.7'C throttled=0x0
SOAK minute=238 xruns_minute=0 xruns_total=582 meter_live=1 meter_age_s=0 temp=45.7'C throttled=0x0
SOAK minute=239 xruns_minute=2 xruns_total=584 meter_live=1 meter_age_s=0 temp=44.3'C throttled=0x0
SOAK minute=240 xruns_minute=2 xruns_total=586 meter_live=1 meter_age_s=0 temp=46.2'C throttled=0x0
SOAK hour=4 minute=240 xruns_hour=74 xruns_total=586 meter_live=1 invalid_windows=0 temp=46.2'C throttled=0x0
SOAK minute=241 xruns_minute=4 xruns_total=590 meter_live=1 meter_age_s=0 temp=46.2'C throttled=0x0
SOAK minute=242 xruns_minute=0 xruns_total=590 meter_live=1 meter_age_s=0 temp=45.7'C throttled=0x0
SOAK minute=243 xruns_minute=2 xruns_total=592 meter_live=1 meter_age_s=0 temp=45.7'C throttled=0x0
SOAK minute=244 xruns_minute=2 xruns_total=594 meter_live=1 meter_age_s=0 temp=46.2'C throttled=0x0
SOAK minute=245 xruns_minute=0 xruns_total=594 meter_live=1 meter_age_s=0 temp=45.2'C throttled=0x0
SOAK minute=246 xruns_minute=1 xruns_total=595 meter_live=1 meter_age_s=0 temp=46.2'C throttled=0x0
SOAK minute=247 xruns_minute=0 xruns_total=595 meter_live=1 meter_age_s=0 temp=46.2'C throttled=0x0
SOAK minute=248 xruns_minute=0 xruns_total=595 meter_live=1 meter_age_s=0 temp=45.7'C throttled=0x0
SOAK minute=249 xruns_minute=2 xruns_total=597 meter_live=1 meter_age_s=0 temp=46.7'C throttled=0x0
SOAK minute=250 xruns_minute=4 xruns_total=601 meter_live=1 meter_age_s=0 temp=45.2'C throttled=0x0
SOAK minute=251 xruns_minute=4 xruns_total=605 meter_live=1 meter_age_s=0 temp=45.2'C throttled=0x0
SOAK minute=252 xruns_minute=0 xruns_total=605 meter_live=1 meter_age_s=0 temp=45.2'C throttled=0x0
SOAK minute=253 xruns_minute=2 xruns_total=607 meter_live=1 meter_age_s=0 temp=46.2'C throttled=0x0
SOAK minute=254 xruns_minute=0 xruns_total=607 meter_live=1 meter_age_s=0 temp=45.2'C throttled=0x0
SOAK minute=255 xruns_minute=0 xruns_total=607 meter_live=1 meter_age_s=0 temp=47.2'C throttled=0x0
SOAK minute=256 xruns_minute=2 xruns_total=609 meter_live=1 meter_age_s=0 temp=46.2'C throttled=0x0
SOAK minute=257 xruns_minute=0 xruns_total=609 meter_live=1 meter_age_s=0 temp=46.2'C throttled=0x0
SOAK minute=258 xruns_minute=0 xruns_total=609 meter_live=1 meter_age_s=0 temp=45.7'C throttled=0x0
SOAK minute=259 xruns_minute=0 xruns_total=609 meter_live=1 meter_age_s=0 temp=46.2'C throttled=0x0
SOAK minute=260 xruns_minute=2 xruns_total=611 meter_live=1 meter_age_s=0 temp=45.2'C throttled=0x0
SOAK minute=261 xruns_minute=0 xruns_total=611 meter_live=1 meter_age_s=0 temp=45.2'C throttled=0x0
SOAK minute=262 xruns_minute=0 xruns_total=611 meter_live=1 meter_age_s=0 temp=45.2'C throttled=0x0
SOAK minute=263 xruns_minute=0 xruns_total=611 meter_live=1 meter_age_s=0 temp=44.8'C throttled=0x0
SOAK minute=264 xruns_minute=0 xruns_total=611 meter_live=1 meter_age_s=0 temp=45.7'C throttled=0x0
SOAK minute=265 xruns_minute=2 xruns_total=613 meter_live=1 meter_age_s=1 temp=46.2'C throttled=0x0
SOAK minute=266 xruns_minute=0 xruns_total=613 meter_live=1 meter_age_s=1 temp=45.7'C throttled=0x0
SOAK minute=267 xruns_minute=0 xruns_total=613 meter_live=1 meter_age_s=1 temp=45.7'C throttled=0x0
SOAK minute=268 xruns_minute=6 xruns_total=619 meter_live=1 meter_age_s=0 temp=44.8'C throttled=0x0
SOAK minute=269 xruns_minute=0 xruns_total=619 meter_live=1 meter_age_s=0 temp=45.7'C throttled=0x0
SOAK minute=270 xruns_minute=0 xruns_total=619 meter_live=1 meter_age_s=0 temp=46.2'C throttled=0x0
SOAK minute=271 xruns_minute=2 xruns_total=621 meter_live=1 meter_age_s=0 temp=45.7'C throttled=0x0
SOAK minute=272 xruns_minute=0 xruns_total=621 meter_live=1 meter_age_s=0 temp=45.2'C throttled=0x0
SOAK minute=273 xruns_minute=0 xruns_total=621 meter_live=1 meter_age_s=0 temp=45.2'C throttled=0x0
SOAK minute=274 xruns_minute=0 xruns_total=621 meter_live=1 meter_age_s=0 temp=44.8'C throttled=0x0
SOAK minute=275 xruns_minute=0 xruns_total=621 meter_live=1 meter_age_s=0 temp=46.2'C throttled=0x0
SOAK minute=276 xruns_minute=0 xruns_total=621 meter_live=1 meter_age_s=0 temp=45.2'C throttled=0x0
SOAK minute=277 xruns_minute=2 xruns_total=623 meter_live=1 meter_age_s=0 temp=45.2'C throttled=0x0
SOAK minute=278 xruns_minute=0 xruns_total=623 meter_live=1 meter_age_s=0 temp=45.7'C throttled=0x0
SOAK minute=279 xruns_minute=2 xruns_total=625 meter_live=1 meter_age_s=0 temp=45.7'C throttled=0x0
SOAK minute=280 xruns_minute=4 xruns_total=629 meter_live=1 meter_age_s=0 temp=44.8'C throttled=0x0
SOAK minute=281 xruns_minute=2 xruns_total=631 meter_live=1 meter_age_s=0 temp=44.3'C throttled=0x0
SOAK minute=282 xruns_minute=4 xruns_total=635 meter_live=1 meter_age_s=0 temp=44.8'C throttled=0x0
SOAK minute=283 xruns_minute=2 xruns_total=637 meter_live=1 meter_age_s=0 temp=45.7'C throttled=0x0
SOAK minute=284 xruns_minute=2 xruns_total=639 meter_live=1 meter_age_s=0 temp=46.2'C throttled=0x0
SOAK minute=285 xruns_minute=0 xruns_total=639 meter_live=1 meter_age_s=0 temp=45.7'C throttled=0x0
SOAK minute=286 xruns_minute=0 xruns_total=639 meter_live=1 meter_age_s=0 temp=45.7'C throttled=0x0
SOAK minute=287 xruns_minute=0 xruns_total=639 meter_live=1 meter_age_s=0 temp=44.8'C throttled=0x0
SOAK minute=288 xruns_minute=2 xruns_total=641 meter_live=1 meter_age_s=0 temp=45.2'C throttled=0x0
SOAK minute=289 xruns_minute=2 xruns_total=643 meter_live=1 meter_age_s=0 temp=45.2'C throttled=0x0
SOAK minute=290 xruns_minute=0 xruns_total=643 meter_live=1 meter_age_s=0 temp=45.2'C throttled=0x0
SOAK minute=291 xruns_minute=0 xruns_total=643 meter_live=1 meter_age_s=0 temp=44.8'C throttled=0x0
SOAK minute=292 xruns_minute=0 xruns_total=643 meter_live=1 meter_age_s=0 temp=44.8'C throttled=0x0
SOAK minute=293 xruns_minute=2 xruns_total=645 meter_live=1 meter_age_s=0 temp=44.3'C throttled=0x0
SOAK minute=294 xruns_minute=0 xruns_total=645 meter_live=1 meter_age_s=0 temp=44.8'C throttled=0x0
SOAK minute=295 xruns_minute=2 xruns_total=647 meter_live=1 meter_age_s=0 temp=43.8'C throttled=0x0
SOAK minute=296 xruns_minute=0 xruns_total=647 meter_live=1 meter_age_s=0 temp=44.3'C throttled=0x0
SOAK minute=297 xruns_minute=6 xruns_total=653 meter_live=1 meter_age_s=0 temp=44.3'C throttled=0x0
SOAK minute=298 xruns_minute=6 xruns_total=659 meter_live=1 meter_age_s=1 temp=45.2'C throttled=0x0
SOAK minute=299 xruns_minute=0 xruns_total=659 meter_live=1 meter_age_s=1 temp=45.7'C throttled=0x0
SOAK minute=300 xruns_minute=2 xruns_total=661 meter_live=1 meter_age_s=1 temp=44.8'C throttled=0x0
SOAK hour=5 minute=300 xruns_hour=75 xruns_total=661 meter_live=1 invalid_windows=0 temp=44.8'C throttled=0x0
SOAK minute=301 xruns_minute=2 xruns_total=663 meter_live=1 meter_age_s=1 temp=44.3'C throttled=0x0
SOAK minute=302 xruns_minute=2 xruns_total=665 meter_live=1 meter_age_s=0 temp=45.7'C throttled=0x0
SOAK minute=303 xruns_minute=6 xruns_total=671 meter_live=1 meter_age_s=0 temp=45.2'C throttled=0x0
SOAK minute=304 xruns_minute=0 xruns_total=671 meter_live=1 meter_age_s=0 temp=46.2'C throttled=0x0
SOAK minute=305 xruns_minute=0 xruns_total=671 meter_live=1 meter_age_s=0 temp=45.7'C throttled=0x0
SOAK minute=306 xruns_minute=0 xruns_total=671 meter_live=1 meter_age_s=0 temp=46.7'C throttled=0x0
SOAK minute=307 xruns_minute=4 xruns_total=675 meter_live=1 meter_age_s=0 temp=44.8'C throttled=0x0
SOAK minute=308 xruns_minute=3 xruns_total=678 meter_live=1 meter_age_s=0 temp=46.7'C throttled=0x0
SOAK minute=309 xruns_minute=2 xruns_total=680 meter_live=1 meter_age_s=0 temp=46.2'C throttled=0x0
SOAK minute=310 xruns_minute=0 xruns_total=680 meter_live=1 meter_age_s=0 temp=45.7'C throttled=0x0
SOAK minute=311 xruns_minute=0 xruns_total=680 meter_live=1 meter_age_s=0 temp=45.2'C throttled=0x0
SOAK minute=312 xruns_minute=0 xruns_total=680 meter_live=1 meter_age_s=0 temp=44.8'C throttled=0x0
SOAK minute=313 xruns_minute=0 xruns_total=680 meter_live=1 meter_age_s=0 temp=45.7'C throttled=0x0
SOAK minute=314 xruns_minute=2 xruns_total=682 meter_live=1 meter_age_s=0 temp=43.8'C throttled=0x0
SOAK minute=315 xruns_minute=4 xruns_total=686 meter_live=1 meter_age_s=0 temp=43.8'C throttled=0x0
SOAK minute=316 xruns_minute=0 xruns_total=686 meter_live=1 meter_age_s=0 temp=44.8'C throttled=0x0
SOAK minute=317 xruns_minute=0 xruns_total=686 meter_live=1 meter_age_s=0 temp=44.8'C throttled=0x0
SOAK minute=318 xruns_minute=0 xruns_total=686 meter_live=1 meter_age_s=0 temp=45.7'C throttled=0x0
SOAK minute=319 xruns_minute=2 xruns_total=688 meter_live=1 meter_age_s=0 temp=44.8'C throttled=0x0
SOAK minute=320 xruns_minute=2 xruns_total=690 meter_live=1 meter_age_s=0 temp=45.7'C throttled=0x0
SOAK minute=321 xruns_minute=2 xruns_total=692 meter_live=1 meter_age_s=0 temp=46.2'C throttled=0x0
SOAK minute=322 xruns_minute=2 xruns_total=694 meter_live=1 meter_age_s=0 temp=45.7'C throttled=0x0
SOAK minute=323 xruns_minute=2 xruns_total=696 meter_live=1 meter_age_s=0 temp=46.2'C throttled=0x0
SOAK minute=324 xruns_minute=0 xruns_total=696 meter_live=1 meter_age_s=0 temp=45.7'C throttled=0x0
SOAK minute=325 xruns_minute=5 xruns_total=701 meter_live=1 meter_age_s=0 temp=46.7'C throttled=0x0
SOAK minute=326 xruns_minute=0 xruns_total=701 meter_live=1 meter_age_s=0 temp=45.2'C throttled=0x0
SOAK minute=327 xruns_minute=0 xruns_total=701 meter_live=1 meter_age_s=0 temp=45.2'C throttled=0x0
SOAK minute=328 xruns_minute=0 xruns_total=701 meter_live=1 meter_age_s=0 temp=45.7'C throttled=0x0
SOAK minute=329 xruns_minute=6 xruns_total=707 meter_live=1 meter_age_s=0 temp=46.2'C throttled=0x0
SOAK minute=330 xruns_minute=2 xruns_total=709 meter_live=1 meter_age_s=0 temp=45.2'C throttled=0x0
SOAK minute=331 xruns_minute=0 xruns_total=709 meter_live=1 meter_age_s=1 temp=45.7'C throttled=0x0
SOAK minute=332 xruns_minute=5 xruns_total=714 meter_live=1 meter_age_s=1 temp=45.2'C throttled=0x0
SOAK minute=333 xruns_minute=0 xruns_total=714 meter_live=1 meter_age_s=0 temp=45.2'C throttled=0x0
SOAK minute=334 xruns_minute=0 xruns_total=714 meter_live=1 meter_age_s=1 temp=45.2'C throttled=0x0
SOAK minute=335 xruns_minute=4 xruns_total=718 meter_live=1 meter_age_s=0 temp=45.2'C throttled=0x0
SOAK minute=336 xruns_minute=4 xruns_total=722 meter_live=1 meter_age_s=0 temp=45.7'C throttled=0x0
SOAK minute=337 xruns_minute=2 xruns_total=724 meter_live=1 meter_age_s=0 temp=45.7'C throttled=0x0
SOAK minute=338 xruns_minute=0 xruns_total=724 meter_live=1 meter_age_s=0 temp=44.3'C throttled=0x0
SOAK minute=339 xruns_minute=3 xruns_total=727 meter_live=1 meter_age_s=0 temp=44.8'C throttled=0x0
SOAK minute=340 xruns_minute=0 xruns_total=727 meter_live=1 meter_age_s=0 temp=44.3'C throttled=0x0
SOAK minute=341 xruns_minute=2 xruns_total=729 meter_live=1 meter_age_s=0 temp=45.2'C throttled=0x0
SOAK minute=342 xruns_minute=8 xruns_total=737 meter_live=1 meter_age_s=0 temp=44.8'C throttled=0x0
SOAK minute=343 xruns_minute=0 xruns_total=737 meter_live=1 meter_age_s=0 temp=44.3'C throttled=0x0
SOAK minute=344 xruns_minute=2 xruns_total=739 meter_live=1 meter_age_s=0 temp=44.8'C throttled=0x0
SOAK minute=345 xruns_minute=4 xruns_total=743 meter_live=1 meter_age_s=0 temp=44.8'C throttled=0x0
SOAK minute=346 xruns_minute=0 xruns_total=743 meter_live=1 meter_age_s=0 temp=45.2'C throttled=0x0
SOAK minute=347 xruns_minute=2 xruns_total=745 meter_live=1 meter_age_s=0 temp=45.2'C throttled=0x0
SOAK minute=348 xruns_minute=0 xruns_total=745 meter_live=1 meter_age_s=0 temp=45.7'C throttled=0x0
SOAK minute=349 xruns_minute=0 xruns_total=745 meter_live=1 meter_age_s=0 temp=44.8'C throttled=0x0
SOAK minute=350 xruns_minute=2 xruns_total=747 meter_live=1 meter_age_s=0 temp=44.8'C throttled=0x0
SOAK minute=351 xruns_minute=2 xruns_total=749 meter_live=1 meter_age_s=0 temp=45.2'C throttled=0x0
SOAK minute=352 xruns_minute=0 xruns_total=749 meter_live=1 meter_age_s=0 temp=44.8'C throttled=0x0
SOAK minute=353 xruns_minute=6 xruns_total=755 meter_live=1 meter_age_s=0 temp=44.8'C throttled=0x0
SOAK minute=354 xruns_minute=0 xruns_total=755 meter_live=1 meter_age_s=0 temp=45.7'C throttled=0x0
SOAK minute=355 xruns_minute=6 xruns_total=761 meter_live=1 meter_age_s=0 temp=46.2'C throttled=0x0
SOAK minute=356 xruns_minute=0 xruns_total=761 meter_live=1 meter_age_s=0 temp=46.2'C throttled=0x0
SOAK minute=357 xruns_minute=0 xruns_total=761 meter_live=1 meter_age_s=0 temp=46.2'C throttled=0x0
SOAK minute=358 xruns_minute=0 xruns_total=761 meter_live=1 meter_age_s=0 temp=45.2'C throttled=0x0
SOAK minute=359 xruns_minute=2 xruns_total=763 meter_live=1 meter_age_s=0 temp=44.8'C throttled=0x0
SOAK minute=360 xruns_minute=6 xruns_total=769 meter_live=1 meter_age_s=0 temp=45.2'C throttled=0x0
SOAK hour=6 minute=360 xruns_hour=108 xruns_total=769 meter_live=1 invalid_windows=0 temp=45.2'C throttled=0x0
SOAK minute=361 xruns_minute=0 xruns_total=769 meter_live=1 meter_age_s=0 temp=46.2'C throttled=0x0
SOAK minute=362 xruns_minute=0 xruns_total=769 meter_live=1 meter_age_s=0 temp=45.2'C throttled=0x0
SOAK minute=363 xruns_minute=3 xruns_total=772 meter_live=1 meter_age_s=0 temp=45.2'C throttled=0x0
SOAK minute=364 xruns_minute=0 xruns_total=772 meter_live=1 meter_age_s=0 temp=44.3'C throttled=0x0
SOAK minute=365 xruns_minute=0 xruns_total=772 meter_live=1 meter_age_s=0 temp=45.7'C throttled=0x0
SOAK minute=366 xruns_minute=1 xruns_total=773 meter_live=1 meter_age_s=0 temp=44.8'C throttled=0x0
SOAK minute=367 xruns_minute=0 xruns_total=773 meter_live=1 meter_age_s=1 temp=45.2'C throttled=0x0
SOAK minute=368 xruns_minute=0 xruns_total=773 meter_live=1 meter_age_s=1 temp=45.2'C throttled=0x0
SOAK minute=369 xruns_minute=0 xruns_total=773 meter_live=1 meter_age_s=0 temp=44.3'C throttled=0x0
SOAK minute=370 xruns_minute=2 xruns_total=775 meter_live=1 meter_age_s=1 temp=44.8'C throttled=0x0
SOAK minute=371 xruns_minute=0 xruns_total=775 meter_live=1 meter_age_s=1 temp=45.2'C throttled=0x0
SOAK minute=372 xruns_minute=3 xruns_total=778 meter_live=1 meter_age_s=0 temp=45.7'C throttled=0x0
SOAK minute=373 xruns_minute=6 xruns_total=784 meter_live=1 meter_age_s=0 temp=46.2'C throttled=0x0
SOAK minute=374 xruns_minute=2 xruns_total=786 meter_live=1 meter_age_s=0 temp=45.2'C throttled=0x0
SOAK minute=375 xruns_minute=2 xruns_total=788 meter_live=1 meter_age_s=0 temp=45.7'C throttled=0x0
SOAK minute=376 xruns_minute=4 xruns_total=792 meter_live=1 meter_age_s=0 temp=45.7'C throttled=0x0
SOAK minute=377 xruns_minute=8 xruns_total=800 meter_live=1 meter_age_s=0 temp=44.8'C throttled=0x0
SOAK minute=378 xruns_minute=4 xruns_total=804 meter_live=1 meter_age_s=0 temp=45.7'C throttled=0x0
SOAK minute=379 xruns_minute=0 xruns_total=804 meter_live=1 meter_age_s=0 temp=46.2'C throttled=0x0
SOAK minute=380 xruns_minute=0 xruns_total=804 meter_live=1 meter_age_s=0 temp=44.8'C throttled=0x0
SOAK minute=381 xruns_minute=2 xruns_total=806 meter_live=1 meter_age_s=0 temp=44.3'C throttled=0x0
SOAK minute=382 xruns_minute=2 xruns_total=808 meter_live=1 meter_age_s=0 temp=44.8'C throttled=0x0
SOAK minute=383 xruns_minute=0 xruns_total=808 meter_live=1 meter_age_s=0 temp=45.2'C throttled=0x0
SOAK minute=384 xruns_minute=2 xruns_total=810 meter_live=1 meter_age_s=0 temp=45.2'C throttled=0x0
SOAK minute=385 xruns_minute=0 xruns_total=810 meter_live=1 meter_age_s=0 temp=45.7'C throttled=0x0
SOAK minute=386 xruns_minute=2 xruns_total=812 meter_live=1 meter_age_s=0 temp=46.2'C throttled=0x0
SOAK minute=387 xruns_minute=6 xruns_total=818 meter_live=1 meter_age_s=0 temp=44.8'C throttled=0x0
SOAK minute=388 xruns_minute=2 xruns_total=820 meter_live=1 meter_age_s=0 temp=45.2'C throttled=0x0
SOAK minute=389 xruns_minute=6 xruns_total=826 meter_live=1 meter_age_s=0 temp=44.8'C throttled=0x0
SOAK minute=390 xruns_minute=0 xruns_total=826 meter_live=1 meter_age_s=0 temp=45.7'C throttled=0x0
SOAK minute=391 xruns_minute=2 xruns_total=828 meter_live=1 meter_age_s=0 temp=45.2'C throttled=0x0
SOAK minute=392 xruns_minute=0 xruns_total=828 meter_live=1 meter_age_s=0 temp=44.8'C throttled=0x0
SOAK minute=393 xruns_minute=3 xruns_total=831 meter_live=1 meter_age_s=0 temp=44.8'C throttled=0x0
SOAK minute=394 xruns_minute=0 xruns_total=831 meter_live=1 meter_age_s=0 temp=45.7'C throttled=0x0
SOAK minute=395 xruns_minute=6 xruns_total=837 meter_live=1 meter_age_s=0 temp=45.7'C throttled=0x0
SOAK minute=396 xruns_minute=0 xruns_total=837 meter_live=1 meter_age_s=0 temp=45.7'C throttled=0x0
SOAK minute=397 xruns_minute=2 xruns_total=839 meter_live=1 meter_age_s=0 temp=45.7'C throttled=0x0
SOAK minute=398 xruns_minute=4 xruns_total=843 meter_live=1 meter_age_s=0 temp=46.2'C throttled=0x0
SOAK minute=399 xruns_minute=0 xruns_total=843 meter_live=1 meter_age_s=0 temp=44.8'C throttled=0x0
SOAK minute=400 xruns_minute=0 xruns_total=843 meter_live=1 meter_age_s=0 temp=44.3'C throttled=0x0
SOAK minute=401 xruns_minute=6 xruns_total=849 meter_live=1 meter_age_s=0 temp=45.2'C throttled=0x0
SOAK minute=402 xruns_minute=0 xruns_total=849 meter_live=1 meter_age_s=1 temp=45.7'C throttled=0x0
SOAK minute=403 xruns_minute=0 xruns_total=849 meter_live=1 meter_age_s=1 temp=44.3'C throttled=0x0
SOAK minute=404 xruns_minute=2 xruns_total=851 meter_live=1 meter_age_s=1 temp=44.3'C throttled=0x0
SOAK minute=405 xruns_minute=0 xruns_total=851 meter_live=1 meter_age_s=1 temp=44.3'C throttled=0x0
SOAK minute=406 xruns_minute=2 xruns_total=853 meter_live=1 meter_age_s=0 temp=45.2'C throttled=0x0
SOAK minute=407 xruns_minute=2 xruns_total=855 meter_live=1 meter_age_s=0 temp=44.3'C throttled=0x0
SOAK minute=408 xruns_minute=0 xruns_total=855 meter_live=1 meter_age_s=0 temp=45.2'C throttled=0x0
SOAK minute=409 xruns_minute=3 xruns_total=858 meter_live=1 meter_age_s=0 temp=44.8'C throttled=0x0
SOAK minute=410 xruns_minute=2 xruns_total=860 meter_live=1 meter_age_s=0 temp=45.2'C throttled=0x0
SOAK minute=411 xruns_minute=0 xruns_total=860 meter_live=1 meter_age_s=0 temp=45.2'C throttled=0x0
SOAK minute=412 xruns_minute=2 xruns_total=862 meter_live=1 meter_age_s=0 temp=44.8'C throttled=0x0
SOAK minute=413 xruns_minute=2 xruns_total=864 meter_live=1 meter_age_s=0 temp=44.8'C throttled=0x0
SOAK minute=414 xruns_minute=0 xruns_total=864 meter_live=1 meter_age_s=0 temp=45.2'C throttled=0x0
SOAK minute=415 xruns_minute=2 xruns_total=866 meter_live=1 meter_age_s=0 temp=45.2'C throttled=0x0
SOAK minute=416 xruns_minute=5 xruns_total=871 meter_live=1 meter_age_s=0 temp=45.7'C throttled=0x0
SOAK minute=417 xruns_minute=0 xruns_total=871 meter_live=1 meter_age_s=0 temp=45.2'C throttled=0x0
SOAK minute=418 xruns_minute=0 xruns_total=871 meter_live=1 meter_age_s=0 temp=45.2'C throttled=0x0
SOAK minute=419 xruns_minute=4 xruns_total=875 meter_live=1 meter_age_s=0 temp=44.8'C throttled=0x0
SOAK minute=420 xruns_minute=0 xruns_total=875 meter_live=1 meter_age_s=0 temp=45.7'C throttled=0x0
SOAK hour=7 minute=420 xruns_hour=106 xruns_total=875 meter_live=1 invalid_windows=0 temp=45.7'C throttled=0x0
SOAK minute=421 xruns_minute=2 xruns_total=877 meter_live=1 meter_age_s=0 temp=45.7'C throttled=0x0
SOAK minute=422 xruns_minute=8 xruns_total=885 meter_live=1 meter_age_s=0 temp=46.2'C throttled=0x0
SOAK minute=423 xruns_minute=2 xruns_total=887 meter_live=1 meter_age_s=0 temp=44.8'C throttled=0x0
SOAK minute=424 xruns_minute=2 xruns_total=889 meter_live=1 meter_age_s=0 temp=45.7'C throttled=0x0
SOAK minute=425 xruns_minute=0 xruns_total=889 meter_live=1 meter_age_s=0 temp=45.2'C throttled=0x0
SOAK minute=426 xruns_minute=0 xruns_total=889 meter_live=1 meter_age_s=0 temp=45.7'C throttled=0x0
SOAK minute=427 xruns_minute=2 xruns_total=891 meter_live=1 meter_age_s=0 temp=44.8'C throttled=0x0
SOAK minute=428 xruns_minute=2 xruns_total=893 meter_live=1 meter_age_s=0 temp=45.7'C throttled=0x0
SOAK minute=429 xruns_minute=0 xruns_total=893 meter_live=1 meter_age_s=0 temp=45.7'C throttled=0x0
SOAK minute=430 xruns_minute=7 xruns_total=900 meter_live=1 meter_age_s=0 temp=43.8'C throttled=0x0
SOAK minute=431 xruns_minute=0 xruns_total=900 meter_live=1 meter_age_s=0 temp=44.8'C throttled=0x0
SOAK minute=432 xruns_minute=0 xruns_total=900 meter_live=1 meter_age_s=0 temp=45.7'C throttled=0x0
SOAK minute=433 xruns_minute=0 xruns_total=900 meter_live=1 meter_age_s=0 temp=44.8'C throttled=0x0
SOAK minute=434 xruns_minute=0 xruns_total=900 meter_live=1 meter_age_s=0 temp=44.8'C throttled=0x0
SOAK minute=435 xruns_minute=2 xruns_total=902 meter_live=1 meter_age_s=0 temp=44.8'C throttled=0x0
SOAK minute=436 xruns_minute=4 xruns_total=906 meter_live=1 meter_age_s=1 temp=45.2'C throttled=0x0
SOAK minute=437 xruns_minute=2 xruns_total=908 meter_live=1 meter_age_s=1 temp=44.8'C throttled=0x0
SOAK minute=438 xruns_minute=2 xruns_total=910 meter_live=1 meter_age_s=1 temp=45.7'C throttled=0x0
SOAK minute=439 xruns_minute=2 xruns_total=912 meter_live=1 meter_age_s=0 temp=46.2'C throttled=0x0
SOAK minute=440 xruns_minute=0 xruns_total=912 meter_live=1 meter_age_s=0 temp=44.3'C throttled=0x0
SOAK minute=441 xruns_minute=4 xruns_total=916 meter_live=1 meter_age_s=0 temp=43.3'C throttled=0x0
SOAK minute=442 xruns_minute=0 xruns_total=916 meter_live=1 meter_age_s=0 temp=45.7'C throttled=0x0
SOAK minute=443 xruns_minute=0 xruns_total=916 meter_live=1 meter_age_s=0 temp=46.7'C throttled=0x0
SOAK minute=444 xruns_minute=0 xruns_total=916 meter_live=1 meter_age_s=0 temp=45.7'C throttled=0x0
SOAK minute=445 xruns_minute=0 xruns_total=916 meter_live=1 meter_age_s=0 temp=45.2'C throttled=0x0
SOAK minute=446 xruns_minute=4 xruns_total=920 meter_live=1 meter_age_s=0 temp=44.8'C throttled=0x0
SOAK minute=447 xruns_minute=0 xruns_total=920 meter_live=1 meter_age_s=0 temp=45.2'C throttled=0x0
SOAK minute=448 xruns_minute=4 xruns_total=924 meter_live=1 meter_age_s=0 temp=45.2'C throttled=0x0
SOAK minute=449 xruns_minute=0 xruns_total=924 meter_live=1 meter_age_s=0 temp=45.2'C throttled=0x0
SOAK minute=450 xruns_minute=12 xruns_total=936 meter_live=1 meter_age_s=0 temp=44.8'C throttled=0x0
SOAK minute=451 xruns_minute=4 xruns_total=940 meter_live=1 meter_age_s=0 temp=45.2'C throttled=0x0
SOAK minute=452 xruns_minute=0 xruns_total=940 meter_live=1 meter_age_s=0 temp=45.2'C throttled=0x0
SOAK minute=453 xruns_minute=0 xruns_total=940 meter_live=1 meter_age_s=0 temp=45.2'C throttled=0x0
SOAK minute=454 xruns_minute=0 xruns_total=940 meter_live=1 meter_age_s=0 temp=44.8'C throttled=0x0
SOAK minute=455 xruns_minute=0 xruns_total=940 meter_live=1 meter_age_s=0 temp=45.2'C throttled=0x0
SOAK minute=456 xruns_minute=0 xruns_total=940 meter_live=1 meter_age_s=0 temp=46.2'C throttled=0x0
SOAK minute=457 xruns_minute=0 xruns_total=940 meter_live=1 meter_age_s=0 temp=45.7'C throttled=0x0
SOAK minute=458 xruns_minute=0 xruns_total=940 meter_live=1 meter_age_s=0 temp=45.2'C throttled=0x0
SOAK minute=459 xruns_minute=0 xruns_total=940 meter_live=1 meter_age_s=0 temp=45.2'C throttled=0x0
SOAK minute=460 xruns_minute=8 xruns_total=948 meter_live=1 meter_age_s=0 temp=45.2'C throttled=0x0
SOAK minute=461 xruns_minute=0 xruns_total=948 meter_live=1 meter_age_s=0 temp=44.8'C throttled=0x0
SOAK minute=462 xruns_minute=10 xruns_total=958 meter_live=1 meter_age_s=0 temp=46.2'C throttled=0x0
SOAK minute=463 xruns_minute=6 xruns_total=964 meter_live=1 meter_age_s=0 temp=44.8'C throttled=0x0
SOAK minute=464 xruns_minute=2 xruns_total=966 meter_live=1 meter_age_s=0 temp=44.8'C throttled=0x0
SOAK minute=465 xruns_minute=2 xruns_total=968 meter_live=1 meter_age_s=0 temp=44.8'C throttled=0x0
SOAK minute=466 xruns_minute=0 xruns_total=968 meter_live=1 meter_age_s=0 temp=44.8'C throttled=0x0
SOAK minute=467 xruns_minute=2 xruns_total=970 meter_live=1 meter_age_s=0 temp=45.7'C throttled=0x0
SOAK minute=468 xruns_minute=6 xruns_total=976 meter_live=1 meter_age_s=0 temp=44.8'C throttled=0x0
SOAK minute=469 xruns_minute=2 xruns_total=978 meter_live=1 meter_age_s=1 temp=45.2'C throttled=0x0
SOAK minute=470 xruns_minute=0 xruns_total=978 meter_live=1 meter_age_s=1 temp=45.7'C throttled=0x0
SOAK minute=471 xruns_minute=0 xruns_total=978 meter_live=1 meter_age_s=0 temp=45.2'C throttled=0x0
SOAK minute=472 xruns_minute=0 xruns_total=978 meter_live=1 meter_age_s=1 temp=45.2'C throttled=0x0
SOAK minute=473 xruns_minute=0 xruns_total=978 meter_live=1 meter_age_s=1 temp=44.8'C throttled=0x0
SOAK minute=474 xruns_minute=6 xruns_total=984 meter_live=1 meter_age_s=0 temp=45.2'C throttled=0x0
SOAK minute=475 xruns_minute=0 xruns_total=984 meter_live=1 meter_age_s=0 temp=45.2'C throttled=0x0
SOAK minute=476 xruns_minute=5 xruns_total=989 meter_live=1 meter_age_s=0 temp=44.8'C throttled=0x0
SOAK minute=477 xruns_minute=0 xruns_total=989 meter_live=1 meter_age_s=0 temp=45.7'C throttled=0x0
SOAK minute=478 xruns_minute=0 xruns_total=989 meter_live=1 meter_age_s=0 temp=44.8'C throttled=0x0
SOAK minute=479 xruns_minute=0 xruns_total=989 meter_live=1 meter_age_s=0 temp=45.7'C throttled=0x0
SOAK minute=480 xruns_minute=2 xruns_total=991 meter_live=1 meter_age_s=0 temp=45.7'C throttled=0x0
SOAK hour=8 minute=480 xruns_hour=116 xruns_total=991 meter_live=1 invalid_windows=0 temp=45.7'C throttled=0x0
RESULT soak_hours=8 buffer=1024 periods=2 patch=Cloud Horn voices=5 xruns_total=991 invalid_windows=0
SENTINEL soak-complete
