     t     dsp%     peak    xrun
     1 18.103056    0.000     304
     2 17.716190    0.000     304
     3 18.323666    0.419     304
     4 34.461342    0.487     304
     5 49.403069    0.287     304
     6 75.619568    0.428     309 <<< XRUN x5
     7 68.892494    0.562     313 <<< XRUN x4
     8 44.863438    0.387     316 <<< XRUN x3
     9 40.215561    0.362     316
    10 39.885372    0.492     316
    11 39.995281    0.537     316
    12 40.160080    0.346     316
    13 38.844780    0.635     316
    14 46.692978    0.351     317 <<< XRUN x1
    15 49.070965    0.479     317
    16 48.891232    0.519     317
    17 49.786091    0.335     318 <<< XRUN x1
    18 45.305389    0.499     318
    19 40.379795    0.306     318
    20 40.094589    0.459     318
    21 40.138027    0.574     318
    22 39.917873    0.464     318
    23 39.489548    0.375     318
    24 39.576588    0.620     318
    25 47.479420    0.336     318
    26 49.195053    0.296     318
    27 48.421555    0.439     318
    28 49.796833    0.372     318
    29 50.312122    0.442     318
    30 49.113178    0.453     318
    31 49.897835    0.326     318
    32 50.031765    0.307     318
    33 48.997269    0.301     318
    34 49.061329    0.267     322 <<< XRUN x4
    35 50.166138    0.331     322
    36 50.545799    0.663     322
    37 49.283020    0.302     322
    38 50.104919    0.463     322
    39 48.707565    0.440     322
    40 49.768303    0.325     322
    41 49.218647    0.566     322
    42 49.515587    0.341     322
    43 48.762814    0.468     322
    44 48.776539    0.387     322
    45 49.905087    0.348     322
    46 49.658821    0.494     322
    47 49.108864    0.319     322
    48 49.003788    0.452     325 <<< XRUN x3
    49 49.387939    0.460     325
    50 50.311405    0.459     325
    51 49.552818    0.524     325
    52 49.675724    0.340     325
    53 48.978706    0.508     325
    54 49.182144    0.348     328 <<< XRUN x3
    55 46.981960    0.365     328
    56 40.855400    0.448     328
    57 39.558689    0.452     328
    58 39.570045    0.438     328
    59 40.206127    0.563     328
    60 39.069691    0.046     328
TOTAL 24 xruns in 60s
