     t     dsp%     peak    xrun
     1 22.024279    0.000     328
     2 18.110247    0.000     328
     3 18.548752    0.158     328
     4 34.663212    0.405     328
     5 48.264553    0.470     328
     6 52.673092    0.338     328
     7 53.735130    0.349     328
     8 52.951420    0.358     328
     9 53.516781    0.386     328
    10 51.988914    0.245     328
    11 60.477863    0.478     337 <<< XRUN x9
    12 54.939255    0.510     341 <<< XRUN x4
    13 42.567295    0.665     341
    14 39.868774    0.303     341
    15 39.456455    0.324     341
    16 40.551079    0.359     341
    17 39.961510    0.593     341
    18 40.357555    0.560     341
    19 39.153076    0.324     341
    20 39.809990    0.535     341
    21 40.270641    0.540     341
    22 40.213139    0.427     343 <<< XRUN x2
    23 41.536343    0.537     343
    24 39.613335    0.450     343
    25 40.053860    0.295     343
    26 39.502029    0.499     343
    27 40.877888    0.407     343
    28 40.393581    0.491     343
    29 45.787289    0.593     343
    30 49.590607    0.546     343
    31 49.655838    0.316     346 <<< XRUN x3
    32 50.689789    0.442     347 <<< XRUN x1
    33 48.852833    0.249     348 <<< XRUN x1
    34 41.082226    0.231     348
    35 40.209145    0.526     353 <<< XRUN x5
    36 39.301773    0.601     353
    37 40.477833    0.214     353
    38 39.550167    0.245     353
    39 39.662739    0.479     353
    40 39.745956    0.398     353
    41 39.757530    0.306     353
    42 39.875629    0.286     354 <<< XRUN x1
    43 46.925125    0.346     360 <<< XRUN x6
    44 50.279007    0.342     360
    45 49.307095    0.407     364 <<< XRUN x4
    46 44.602230    0.312     364
    47 48.072468    0.286     364
    48 40.825298    0.524     364
    49 39.535591    0.381     364
    50 39.673805    0.346     364
    51 39.503571    0.608     364
    52 43.674877    0.353     364
    53 49.040600    0.305     364
    54 50.446911    0.362     368 <<< XRUN x4
    55 49.972656    0.332     368
    56 49.783287    0.397     368
    57 50.188549    0.293     368
    58 50.273197    0.498     368
    59 50.400970    0.447     368
    60 49.687988    0.037     368
TOTAL 40 xruns in 60s
