     t     dsp%     peak    xrun
     1 21.858097    0.000     371
     2 18.262918    0.000     371
     3 22.692118    0.209     371
     4 34.540058    0.281     371
     5 49.176170    0.285     371
     6 52.648758    0.269     371
     7 53.534027    0.445     371
     8 42.867451    0.317     371
     9 40.459450    0.257     371
    10 40.576839    0.322     371
    11 40.569244    0.496     371
    12 40.140533    0.327     371
    13 40.086948    0.570     371
    14 46.572460    0.432     371
    15 49.223488    0.504     371
    16 50.142014    0.367     371
    17 49.813831    0.479     371
    18 49.468105    0.332     371
    19 50.186653    0.333     371
    20 49.560413    0.485     371
    21 50.675175    0.557     373 <<< XRUN x2
    22 50.405510    0.574     373
    23 50.092003    0.575     373
    24 49.598976    0.436     373
    25 49.694386    0.312     373
    26 50.060242    0.494     373
    27 49.504765    0.336     373
    28 49.785744    0.250     373
    29 48.568054    0.486     373
    30 49.511612    0.499     373
    31 50.523750    0.385     373
    32 49.359795    0.599     377 <<< XRUN x4
    33 49.004684    0.265     377
    34 49.164215    0.411     377
    35 48.666153    0.558     377
    36 50.159073    0.601     377
    37 49.302650    0.477     377
    38 49.644455    0.473     377
    39 48.443741    0.368     377
    40 49.247623    0.326     377
    41 49.845013    0.426     377
    42 49.530598    0.537     377
    43 50.025627    0.215     377
    44 49.157059    0.404     377
    45 49.016846    0.612     377
    46 49.434109    0.434     377
    47 49.323364    0.400     377
    48 49.080994    0.447     377
    49 48.715519    0.529     377
    50 49.790218    0.341     377
    51 49.054970    0.352     377
    52 49.679062    0.235     377
    53 50.280724    0.509     380 <<< XRUN x3
    54 49.634285    0.503     380
    55 50.675034    0.531     380
    56 49.874599    0.336     380
    57 49.858925    0.303     380
    58 49.825325    0.483     380
    59 50.558281    0.517     380
    60 49.166210    0.070     380
TOTAL 9 xruns in 60s
