
=== measure-latency-run buffer=512 condition=D runs=10 seconds=60 2026-08-20T00:11:30+01:00 ===
SENTINEL harness-start
Applied buffer=512
jackd period=512 ok
condition D units:
  sooperlooper=active session=active watchdog=active
jackd period=512 ok
=== provenance after strict restart ===
=== provenance 2026-08-20T00:12:27+01:00 ===
925abe3 Fix xrun probe log: let mitch user create events file
?? native/mpe-xrun-probe/mpe-xrun-probe
6.18.34+rpt-rpi-v8
coherent_pool=1M 8250.nr_uarts=0 snd_bcm2835.enable_headphones=0 cgroup_disable=memory numa_policy=interleave nvme.max_host_mem_size_mb=32 snd_bcm2835.enable_headphones=1 snd_bcm2835.enable_hdmi=1 snd_bcm2835.enable_hdmi=0  numa=fake=2 system_heap.max_order=0 iommu_dma_numa_policy=interleave smsc95xx.macaddr=2C:CF:67:59:7C:41 vc_mem.mem_base=0x3ec00000 vc_mem.mem_size=0x40000000  console=ttyS0,115200 console=tty1 root=PARTUUID=ed7e095b-02 rootfstype=ext4 fsck.repair=yes rootwait cfg80211.ieee80211_regdom=CA

governor cpufreq=performance
jackd -R -P70 -d alsa -P hw:1 -r 48000 -p 512 -n 3
=== run D-run1 ===
RESULT tag=D-run1 xruns=4 dsp_median=38.419601 dsp_p99=49.769310 dsp_max=53.282898
RESULT tag=D-run1 delay_count=0 delay_median_usec=0 delay_p99_usec=0 delay_max_usec=0
RESULT tag=D-run1 samples=60 temp=54.0'C throttled=0x0
RESULT tag=D-run1 file=/tmp/latency-D-run1-1787181147.out xrun_events=/tmp/latency-D-run1-1787181147.xruns
SENTINEL run-complete tag=D-run1 xruns=4
     t     dsp%    xruns   delta
     1 53.282898        2       0
     2 49.769310        2       0
     3 41.539459        2       0
     4 38.576553        2       0
     5 37.484268        2       0
     6 41.219334        2       0
     7 38.755688        2       0
     8 37.431278        2       0
     9 37.654018        2       0
    10 37.772099        2       0
    11 38.685745        2       0
    12 39.583984        2       0
    13 38.198513        2       0
    14 36.826427        2       0
    15 37.461216        2       0
    16 40.022751        2       0
    17 38.546349        2       0
    18 37.657455        2       0
    19 37.461430        2       0
    20 37.944912        2       0
    21 39.034321        2       0
    22 39.397854        2       0
    23 37.386524        2       0
    24 37.472633        2       0
    25 37.687313        2       0
    26 38.409115        2       0
    27 40.505714        2       0
    28 38.419601        2       0
    29 38.058826        2       0
    30 38.013729        2       0
    31 39.113239        2       0
    32 39.480381        2       0
    33 37.872654        2       0
    34 37.148998        2       0
    35 38.730911        2       0
    36 38.822002        2       0
    37 37.836945        3       1
    38 38.474331        3       0
    39 37.224205        3       0
    40 37.275379        3       0
    41 38.726788        3       0
    42 37.472576        3       0
    43 37.397835        3       0
    44 38.409260        3       0
    45 39.420506        3       0
    46 39.496521        3       0
    47 38.379776        5       2
    48 39.786674        5       0
    49 37.916798        5       0
    50 39.042526        5       0
    51 39.264103        5       0
    52 37.557320        5       0
    53 39.707790        5       0
    54 38.153046        5       0
    55 39.547867        5       0
    56 38.938187        5       0
    57 37.847069        5       0
    58 38.833134        6       1
    59 39.703125        6       0
    60 39.540051        6       0
--- xrun delays (probe) ---
PROBE_START client=mpe-xrun-probe
XRUN wall=2026-08-20T00:12:35.655 delay_usec=0
XRUN wall=2026-08-20T00:13:13.280 delay_usec=0
XRUN wall=2026-08-20T00:13:23.970 delay_usec=0
XRUN wall=2026-08-20T00:13:23.970 delay_usec=0
XRUN wall=2026-08-20T00:13:34.693 delay_usec=0
=== run D-run2 ===
RESULT tag=D-run2 xruns=20 dsp_median=38.488293 dsp_p99=43.573154 dsp_max=49.694901
RESULT tag=D-run2 delay_count=0 delay_median_usec=0 delay_p99_usec=0 delay_max_usec=0
RESULT tag=D-run2 samples=60 temp=54.5'C throttled=0x0
RESULT tag=D-run2 file=/tmp/latency-D-run2-1787181222.out xrun_events=/tmp/latency-D-run2-1787181222.xruns
SENTINEL run-complete tag=D-run2 xruns=20
     t     dsp%    xruns   delta
     1 49.694901       17       0
     2 38.749832       20       3
     3 37.793121       20       0
     4 36.639809       20       0
     5 35.800682       23       3
     6 38.708057       23       0
     7 38.996109       23       0
     8 37.900013       23       0
     9 38.541180       23       0
    10 38.444359       23       0
    11 38.650242       23       0
    12 39.674473       23       0
    13 37.893398       23       0
    14 38.774399       29       6
    15 38.359833       29       0
    16 38.879921       29       0
    17 37.675713       29       0
    18 37.950607       29       0
    19 39.193245       29       0
    20 37.909424       29       0
    21 39.026367       29       0
    22 39.226929       29       0
    23 36.787392       29       0
    24 38.010368       29       0
    25 38.852650       29       0
    26 38.904022       32       3
    27 38.499088       32       0
    28 37.036278       32       0
    29 36.035404       32       0
    30 38.193249       32       0
    31 38.300079       32       0
    32 38.144775       32       0
    33 38.247143       32       0
    34 37.603645       34       2
    35 41.558228       34       0
    36 38.998455       34       0
    37 38.751144       34       0
    38 36.768936       34       0
    39 38.056412       34       0
    40 39.422108       34       0
    41 39.074539       34       0
    42 38.351643       34       0
    43 37.322552       34       0
    44 38.393990       34       0
    45 43.573154       34       0
    46 39.877312       34       0
    47 38.536369       34       0
    48 38.488293       34       0
    49 38.142418       34       0
    50 38.956192       34       0
    51 39.261517       34       0
    52 37.525356       34       0
    53 37.513424       34       0
    54 37.886955       34       0
    55 39.034107       34       0
    56 38.557983       34       0
    57 38.103077       34       0
    58 39.222782       37       3
    59 40.176147       37       0
    60 38.504578       37       0
--- xrun delays (probe) ---
PROBE_START client=mpe-xrun-probe
XRUN wall=2026-08-20T00:13:53.317 delay_usec=0
XRUN wall=2026-08-20T00:13:53.318 delay_usec=0
XRUN wall=2026-08-20T00:13:53.318 delay_usec=0
XRUN wall=2026-08-20T00:13:56.165 delay_usec=0
XRUN wall=2026-08-20T00:13:56.165 delay_usec=0
XRUN wall=2026-08-20T00:13:56.166 delay_usec=0
XRUN wall=2026-08-20T00:14:05.431 delay_usec=0
XRUN wall=2026-08-20T00:14:05.431 delay_usec=0
XRUN wall=2026-08-20T00:14:05.431 delay_usec=0
XRUN wall=2026-08-20T00:14:05.457 delay_usec=0
XRUN wall=2026-08-20T00:14:05.457 delay_usec=0
XRUN wall=2026-08-20T00:14:05.457 delay_usec=0
XRUN wall=2026-08-20T00:14:17.588 delay_usec=0
XRUN wall=2026-08-20T00:14:17.588 delay_usec=0
XRUN wall=2026-08-20T00:14:17.588 delay_usec=0
XRUN wall=2026-08-20T00:14:26.128 delay_usec=0
XRUN wall=2026-08-20T00:14:26.128 delay_usec=0
XRUN wall=2026-08-20T00:14:49.722 delay_usec=0
XRUN wall=2026-08-20T00:14:49.724 delay_usec=0
XRUN wall=2026-08-20T00:14:49.724 delay_usec=0
=== run D-run3 ===
RESULT tag=D-run3 xruns=24 dsp_median=38.346169 dsp_p99=50.637695 dsp_max=68.831970
RESULT tag=D-run3 delay_count=0 delay_median_usec=0 delay_p99_usec=0 delay_max_usec=0
RESULT tag=D-run3 samples=60 temp=55.0'C throttled=0x0
RESULT tag=D-run3 file=/tmp/latency-D-run3-1787181297.out xrun_events=/tmp/latency-D-run3-1787181297.xruns
SENTINEL run-complete tag=D-run3 xruns=24
     t     dsp%    xruns   delta
     1 33.921497       45       0
     2 50.637695       45       0
     3 38.920441       45       0
     4 37.483891       45       0
     5 35.026054       48       3
     6 37.650284       48       0
     7 36.494213       48       0
     8 68.831970       50       2
     9 42.011551       50       0
    10 37.960518       50       0
    11 39.644512       50       0
    12 39.985664       50       0
    13 38.379982       50       0
    14 36.392052       50       0
    15 38.691376       53       3
    16 38.354141       53       0
    17 38.292061       53       0
    18 38.639675       59       6
    19 37.860149       59       0
    20 37.695908       59       0
    21 39.793087       59       0
    22 39.396988       62       3
    23 37.926685       62       0
    24 32.981274       62       0
    25 33.641693       62       0
    26 34.565701       62       0
    27 35.654835       62       0
    28 34.559513       62       0
    29 36.023483       62       0
    30 36.214684       62       0
    31 37.312088       62       0
    32 36.411743       62       0
    33 38.498119       62       0
    34 38.361626       62       0
    35 40.515015       62       0
    36 39.721230       65       3
    37 39.088379       65       0
    38 38.403767       65       0
    39 38.121300       65       0
    40 38.346169       65       0
    41 39.181747       65       0
    42 38.518570       66       1
    43 36.971195       66       0
    44 38.311398       66       0
    45 39.455154       66       0
    46 38.198818       66       0
    47 39.334435       66       0
    48 38.555714       66       0
    49 37.253132       66       0
    50 38.441563       66       0
    51 39.941376       66       0
    52 36.410259       66       0
    53 38.300484       66       0
    54 37.774387       66       0
    55 39.736095       66       0
    56 38.612476       66       0
    57 38.175518       69       3
    58 39.107449       69       0
    59 39.173779       69       0
    60 39.511387       69       0
--- xrun delays (probe) ---
PROBE_START client=mpe-xrun-probe
XRUN wall=2026-08-20T00:15:11.163 delay_usec=0
XRUN wall=2026-08-20T00:15:11.164 delay_usec=0
XRUN wall=2026-08-20T00:15:11.165 delay_usec=0
XRUN wall=2026-08-20T00:15:14.257 delay_usec=0
XRUN wall=2026-08-20T00:15:14.299 delay_usec=0
XRUN wall=2026-08-20T00:15:21.884 delay_usec=0
XRUN wall=2026-08-20T00:15:21.885 delay_usec=0
XRUN wall=2026-08-20T00:15:21.885 delay_usec=0
XRUN wall=2026-08-20T00:15:24.616 delay_usec=0
XRUN wall=2026-08-20T00:15:24.617 delay_usec=0
XRUN wall=2026-08-20T00:15:24.638 delay_usec=0
XRUN wall=2026-08-20T00:15:24.660 delay_usec=0
XRUN wall=2026-08-20T00:15:24.661 delay_usec=0
XRUN wall=2026-08-20T00:15:24.661 delay_usec=0
XRUN wall=2026-08-20T00:15:28.266 delay_usec=0
XRUN wall=2026-08-20T00:15:28.267 delay_usec=0
XRUN wall=2026-08-20T00:15:28.268 delay_usec=0
XRUN wall=2026-08-20T00:15:43.266 delay_usec=0
XRUN wall=2026-08-20T00:15:43.267 delay_usec=0
XRUN wall=2026-08-20T00:15:43.267 delay_usec=0
XRUN wall=2026-08-20T00:15:49.013 delay_usec=0
XRUN wall=2026-08-20T00:16:04.686 delay_usec=0
XRUN wall=2026-08-20T00:16:04.686 delay_usec=0
XRUN wall=2026-08-20T00:16:04.687 delay_usec=0
=== run D-run4 ===
RESULT tag=D-run4 xruns=9 dsp_median=38.212330 dsp_p99=41.022690 dsp_max=42.906052
RESULT tag=D-run4 delay_count=0 delay_median_usec=0 delay_p99_usec=0 delay_max_usec=0
RESULT tag=D-run4 samples=60 temp=55.5'C throttled=0x0
RESULT tag=D-run4 file=/tmp/latency-D-run4-1787181372.out xrun_events=/tmp/latency-D-run4-1787181372.xruns
SENTINEL run-complete tag=D-run4 xruns=9
     t     dsp%    xruns   delta
     1 32.841446       78       0
     2 36.752144       78       0
     3 37.714451       78       0
     4 36.779541       78       0
     5 35.512264       78       0
     6 35.924828       78       0
     7 36.293766       78       0
     8 34.550316       78       0
     9 35.923889       78       0
    10 37.087055       78       0
    11 36.918022       78       0
    12 38.998543       78       0
    13 38.074940       78       0
    14 36.881298       78       0
    15 37.560379       79       1
    16 38.341679       79       0
    17 38.453407       79       0
    18 38.058365       79       0
    19 38.435570       79       0
    20 38.725319       79       0
    21 39.003475       79       0
    22 38.438858       80       1
    23 36.995934       80       0
    24 38.220734       80       0
    25 38.084358       80       0
    26 39.150288       83       3
    27 39.064281       83       0
    28 37.235840       83       0
    29 38.317524       86       3
    30 38.511330       86       0
    31 39.615643       86       0
    32 38.612652       86       0
    33 37.907166       86       0
    34 37.111122       86       0
    35 39.800854       86       0
    36 39.378819       86       0
    37 38.876205       86       0
    38 37.003723       86       0
    39 38.212330       86       0
    40 39.425194       86       0
    41 38.972179       86       0
    42 38.016563       86       0
    43 37.302933       86       0
    44 38.054016       86       0
    45 41.022690       86       0
    46 38.221310       86       0
    47 38.638763       87       1
    48 37.269371       87       0
    49 38.887764       87       0
    50 40.721413       87       0
    51 39.971279       87       0
    52 37.181625       87       0
    53 37.885326       87       0
    54 37.813908       87       0
    55 40.646954       87       0
    56 38.929081       87       0
    57 38.572540       87       0
    58 38.083805       87       0
    59 39.507568       87       0
    60 42.906052       87       0
--- xrun delays (probe) ---
PROBE_START client=mpe-xrun-probe
XRUN wall=2026-08-20T00:16:36.851 delay_usec=0
XRUN wall=2026-08-20T00:16:43.424 delay_usec=0
XRUN wall=2026-08-20T00:16:47.573 delay_usec=0
XRUN wall=2026-08-20T00:16:47.574 delay_usec=0
XRUN wall=2026-08-20T00:16:47.574 delay_usec=0
XRUN wall=2026-08-20T00:16:51.093 delay_usec=0
XRUN wall=2026-08-20T00:16:51.094 delay_usec=0
XRUN wall=2026-08-20T00:16:51.095 delay_usec=0
XRUN wall=2026-08-20T00:17:08.993 delay_usec=0
=== run D-run5 ===
RESULT tag=D-run5 xruns=21 dsp_median=38.430061 dsp_p99=41.882423 dsp_max=52.625546
RESULT tag=D-run5 delay_count=0 delay_median_usec=0 delay_p99_usec=0 delay_max_usec=0
RESULT tag=D-run5 samples=60 temp=55.0'C throttled=0x0
RESULT tag=D-run5 file=/tmp/latency-D-run5-1787181448.out xrun_events=/tmp/latency-D-run5-1787181448.xruns
SENTINEL run-complete tag=D-run5 xruns=21
     t     dsp%    xruns   delta
     1 33.440460      106       0
     2 41.599197      106       0
     3 37.014744      106       0
     4 36.264759      109       3
     5 35.213528      109       0
     6 37.621128      109       0
     7 38.522724      109       0
     8 36.864414      109       0
     9 37.665195      109       0
    10 37.637550      109       0
    11 40.192459      109       0
    12 39.014072      109       0
    13 38.371040      109       0
    14 36.862057      109       0
    15 39.213043      109       0
    16 38.677723      109       0
    17 38.118046      109       0
    18 37.923473      109       0
    19 37.215122      109       0
    20 38.079372      109       0
    21 39.203480      109       0
    22 39.647530      109       0
    23 37.517353      109       0
    24 37.721031      109       0
    25 52.625546      109       0
    26 41.090897      109       0
    27 40.702957      112       3
    28 38.314949      112       0
    29 37.960194      112       0
    30 38.220554      112       0
    31 39.291447      112       0
    32 39.626881      112       0
    33 38.430061      112       0
    34 37.818714      112       0
    35 39.086517      112       0
    36 39.850891      112       0
    37 39.754810      112       0
    38 38.530434      112       0
    39 37.785553      112       0
    40 38.638206      112       0
    41 39.021366      112       0
    42 38.904015      112       0
    43 37.983429      112       0
    44 38.123840      112       0
    45 39.484447      112       0
    46 39.117767      112       0
    47 38.932827      114       2
    48 37.902153      123       9
    49 38.854355      123       0
    50 38.988613      123       0
    51 39.465973      123       0
    52 38.195484      123       0
    53 38.190197      123       0
    54 38.447365      123       0
    55 39.183849      123       0
    56 38.019581      123       0
    57 37.566025      124       1
    58 39.475658      127       3
    59 41.882423      127       0
    60 38.344013      127       0
--- xrun delays (probe) ---
PROBE_START client=mpe-xrun-probe
XRUN wall=2026-08-20T00:17:41.104 delay_usec=0
XRUN wall=2026-08-20T00:17:41.105 delay_usec=0
XRUN wall=2026-08-20T00:17:41.106 delay_usec=0
XRUN wall=2026-08-20T00:18:03.600 delay_usec=0
XRUN wall=2026-08-20T00:18:03.600 delay_usec=0
XRUN wall=2026-08-20T00:18:03.600 delay_usec=0
XRUN wall=2026-08-20T00:18:24.321 delay_usec=0
XRUN wall=2026-08-20T00:18:24.321 delay_usec=0
XRUN wall=2026-08-20T00:18:25.059 delay_usec=0
XRUN wall=2026-08-20T00:18:25.059 delay_usec=0
XRUN wall=2026-08-20T00:18:25.060 delay_usec=0
XRUN wall=2026-08-20T00:18:25.085 delay_usec=0
XRUN wall=2026-08-20T00:18:25.087 delay_usec=0
XRUN wall=2026-08-20T00:18:25.103 delay_usec=0
XRUN wall=2026-08-20T00:18:25.103 delay_usec=0
XRUN wall=2026-08-20T00:18:25.103 delay_usec=0
XRUN wall=2026-08-20T00:18:25.103 delay_usec=0
XRUN wall=2026-08-20T00:18:34.701 delay_usec=0
XRUN wall=2026-08-20T00:18:35.439 delay_usec=0
XRUN wall=2026-08-20T00:18:35.439 delay_usec=0
XRUN wall=2026-08-20T00:18:35.481 delay_usec=0
=== restart full stack between blocks ===
  after restart: sooperlooper=active session=active watchdog=active
=== run D-run6 ===
RESULT tag=D-run6 xruns=7 dsp_median=38.674503 dsp_p99=42.980831 dsp_max=52.865955
RESULT tag=D-run6 delay_count=0 delay_median_usec=0 delay_p99_usec=0 delay_max_usec=0
RESULT tag=D-run6 samples=60 temp=55.0'C throttled=0x0
RESULT tag=D-run6 file=/tmp/latency-D-run6-1787181555.out xrun_events=/tmp/latency-D-run6-1787181555.xruns
SENTINEL run-complete tag=D-run6 xruns=7
     t     dsp%    xruns   delta
     1 52.865955      141       1
     2 42.980831      141       0
     3 39.352463      141       0
     4 39.933353      141       0
     5 36.563404      141       0
     6 38.808895      141       0
     7 39.022781      141       0
     8 39.065922      141       0
     9 38.214622      141       0
    10 38.247669      141       0
    11 39.661655      141       0
    12 38.895351      141       0
    13 38.159313      141       0
    14 36.815754      141       0
    15 37.893505      141       0
    16 38.242687      141       0
    17 38.512524      141       0
    18 37.844257      141       0
    19 38.735783      141       0
    20 38.105377      141       0
    21 38.883648      141       0
    22 39.070797      141       0
    23 37.478073      141       0
    24 38.183041      141       0
    25 37.854637      141       0
    26 39.509392      141       0
    27 38.730629      144       3
    28 37.504700      144       0
    29 38.916302      144       0
    30 38.529922      144       0
    31 38.731251      144       0
    32 38.722427      144       0
    33 37.425156      144       0
    34 37.215843      144       0
    35 39.250237      144       0
    36 38.957237      144       0
    37 38.674503      144       0
    38 37.858669      144       0
    39 37.734398      144       0
    40 38.629467      144       0
    41 39.020271      144       0
    42 38.519482      144       0
    43 37.630657      144       0
    44 38.894253      144       0
    45 39.348072      144       0
    46 38.992905      144       0
    47 37.762497      144       0
    48 37.691902      147       3
    49 38.243526      147       0
    50 40.281097      147       0
    51 38.885693      147       0
    52 37.038895      147       0
    53 37.460819      147       0
    54 38.938648      147       0
    55 39.113060      147       0
    56 38.757263      147       0
    57 37.097851      147       0
    58 39.042114      147       0
    59 40.310875      147       0
    60 37.149071      147       0
--- xrun delays (probe) ---
PROBE_START client=mpe-xrun-probe
XRUN wall=2026-08-20T00:19:23.209 delay_usec=0
XRUN wall=2026-08-20T00:19:24.212 delay_usec=0
XRUN wall=2026-08-20T00:19:51.185 delay_usec=0
XRUN wall=2026-08-20T00:19:51.186 delay_usec=0
XRUN wall=2026-08-20T00:19:51.187 delay_usec=0
XRUN wall=2026-08-20T00:20:12.626 delay_usec=0
XRUN wall=2026-08-20T00:20:12.627 delay_usec=0
XRUN wall=2026-08-20T00:20:12.628 delay_usec=0
=== run D-run7 ===
RESULT tag=D-run7 xruns=5 dsp_median=38.041409 dsp_p99=40.887531 dsp_max=41.641788
RESULT tag=D-run7 delay_count=0 delay_median_usec=0 delay_p99_usec=0 delay_max_usec=0
RESULT tag=D-run7 samples=60 temp=54.5'C throttled=0x0
RESULT tag=D-run7 file=/tmp/latency-D-run7-1787181630.out xrun_events=/tmp/latency-D-run7-1787181630.xruns
SENTINEL run-complete tag=D-run7 xruns=5
     t     dsp%    xruns   delta
     1 32.864605      150       0
     2 34.060730      150       0
     3 33.939430      150       0
     4 34.066166      150       0
     5 32.603012      150       0
     6 33.035389      150       0
     7 36.305069      150       0
     8 35.083794      150       0
     9 35.716335      150       0
    10 35.541096      150       0
    11 36.790752      150       0
    12 37.676029      150       0
    13 36.270069      150       0
    14 34.232101      150       0
    15 36.301327      150       0
    16 36.978363      150       0
    17 37.181496      152       2
    18 37.505600      152       0
    19 37.750031      152       0
    20 36.987179      152       0
    21 41.641788      152       0
    22 38.594028      152       0
    23 37.636459      152       0
    24 37.291752      152       0
    25 39.208160      152       0
    26 39.588345      152       0
    27 39.423149      152       0
    28 37.070915      152       0
    29 37.578503      152       0
    30 38.407230      152       0
    31 40.887531      153       1
    32 39.089314      153       0
    33 38.760159      153       0
    34 37.173214      153       0
    35 39.535549      153       0
    36 39.669117      153       0
    37 38.899433      154       1
    38 38.554787      154       0
    39 39.472687      154       0
    40 39.036606      154       0
    41 39.446190      154       0
    42 39.303230      154       0
    43 38.458748      154       0
    44 37.695728      154       0
    45 40.053238      154       0
    46 39.110352      154       0
    47 39.063976      154       0
    48 38.408920      155       1
    49 39.529099      155       0
    50 38.625275      155       0
    51 39.663147      155       0
    52 39.085579      155       0
    53 38.211220      155       0
    54 37.950741      155       0
    55 38.711590      155       0
    56 37.587872      155       0
    57 39.582695      155       0
    58 37.108440      155       0
    59 38.041409      155       0
    60 38.789215      155       0
--- xrun delays (probe) ---
PROBE_START client=mpe-xrun-probe
XRUN wall=2026-08-20T00:20:55.513 delay_usec=0
XRUN wall=2026-08-20T00:20:55.513 delay_usec=0
XRUN wall=2026-08-20T00:21:10.521 delay_usec=0
XRUN wall=2026-08-20T00:21:16.934 delay_usec=0
XRUN wall=2026-08-20T00:21:27.654 delay_usec=0
=== run D-run8 ===
RESULT tag=D-run8 xruns=14 dsp_median=38.366875 dsp_p99=41.004807 dsp_max=43.903328
RESULT tag=D-run8 delay_count=0 delay_median_usec=0 delay_p99_usec=0 delay_max_usec=0
RESULT tag=D-run8 samples=60 temp=54.5'C throttled=0x0
RESULT tag=D-run8 file=/tmp/latency-D-run8-1787181705.out xrun_events=/tmp/latency-D-run8-1787181705.xruns
SENTINEL run-complete tag=D-run8 xruns=14
     t     dsp%    xruns   delta
     1 33.131760      161       0
     2 43.903328      161       0
     3 37.986893      161       0
     4 37.364853      161       0
     5 35.140480      161       0
     6 37.108665      161       0
     7 38.482105      161       0
     8 39.444851      161       0
     9 38.046570      161       0
    10 37.827030      161       0
    11 39.655952      161       0
    12 39.152100      161       0
    13 39.362183      161       0
    14 36.167931      161       0
    15 37.908623      161       0
    16 39.057911      161       0
    17 37.427242      161       0
    18 38.179707      165       4
    19 37.793568      165       0
    20 37.092236      165       0
    21 38.896095      165       0
    22 38.617638      165       0
    23 36.474495      165       0
    24 37.452385      165       0
    25 38.410217      165       0
    26 38.836998      165       0
    27 39.322037      165       0
    28 37.486042      169       4
    29 36.753521      169       0
    30 38.511543      169       0
    31 38.999672      169       0
    32 36.851566      169       0
    33 37.452641      169       0
    34 37.868809      169       0
    35 38.352108      169       0
    36 39.036743      169       0
    37 38.158237      169       0
    38 37.115551      169       0
    39 39.515152      172       3
    40 38.366875      172       0
    41 38.883148      172       0
    42 37.895271      172       0
    43 38.329636      172       0
    44 39.799644      172       0
    45 40.097111      172       0
    46 38.929493      172       0
    47 38.476490      172       0
    48 37.440113      172       0
    49 38.696236      172       0
    50 39.803276      172       0
    51 39.531479      172       0
    52 37.432526      172       0
    53 38.119438      172       0
    54 38.655331      172       0
    55 40.169643      172       0
    56 38.428761      172       0
    57 38.417416      172       0
    58 37.374134      175       3
    59 41.004807      175       0
    60 38.531986      175       0
--- xrun delays (probe) ---
PROBE_START client=mpe-xrun-probe
XRUN wall=2026-08-20T00:22:12.455 delay_usec=0
XRUN wall=2026-08-20T00:22:12.457 delay_usec=0
XRUN wall=2026-08-20T00:22:12.494 delay_usec=0
XRUN wall=2026-08-20T00:22:12.520 delay_usec=0
XRUN wall=2026-08-20T00:22:22.842 delay_usec=0
XRUN wall=2026-08-20T00:22:22.911 delay_usec=0
XRUN wall=2026-08-20T00:22:22.912 delay_usec=0
XRUN wall=2026-08-20T00:22:22.913 delay_usec=0
XRUN wall=2026-08-20T00:22:33.499 delay_usec=0
XRUN wall=2026-08-20T00:22:33.501 delay_usec=0
XRUN wall=2026-08-20T00:22:33.502 delay_usec=0
XRUN wall=2026-08-20T00:22:53.406 delay_usec=0
XRUN wall=2026-08-20T00:22:53.407 delay_usec=0
XRUN wall=2026-08-20T00:22:53.409 delay_usec=0
=== run D-run9 ===
RESULT tag=D-run9 xruns=10 dsp_median=38.229275 dsp_p99=40.737427 dsp_max=41.013920
RESULT tag=D-run9 delay_count=0 delay_median_usec=0 delay_p99_usec=0 delay_max_usec=0
RESULT tag=D-run9 samples=60 temp=54.5'C throttled=0x0
RESULT tag=D-run9 file=/tmp/latency-D-run9-1787181780.out xrun_events=/tmp/latency-D-run9-1787181780.xruns
SENTINEL run-complete tag=D-run9 xruns=10
     t     dsp%    xruns   delta
     1 33.995422      180       0
     2 36.737007      180       0
     3 37.221943      180       0
     4 36.267216      180       0
     5 35.804497      180       0
     6 36.502354      183       3
     7 36.290951      183       0
     8 35.731289      183       0
     9 35.498428      183       0
    10 35.922867      183       0
    11 38.124104      183       0
    12 39.177429      183       0
    13 37.960960      183       0
    14 36.774467      183       0
    15 38.125076      183       0
    16 40.569145      184       1
    17 38.352131      184       0
    18 38.767624      184       0
    19 37.757774      184       0
    20 38.405029      184       0
    21 40.274330      184       0
    22 39.790756      184       0
    23 36.878963      184       0
    24 38.237755      184       0
    25 38.319702      184       0
    26 41.013920      184       0
    27 40.618660      187       3
    28 38.498951      187       0
    29 36.774914      187       0
    30 38.849396      187       0
    31 38.642269      187       0
    32 37.962433      187       0
    33 37.865734      187       0
    34 38.472153      187       0
    35 39.203354      187       0
    36 40.737427      187       0
    37 37.996967      190       3
    38 37.736160      190       0
    39 37.893703      190       0
    40 38.518120      190       0
    41 36.685898      190       0
    42 39.749947      190       0
    43 36.728542      190       0
    44 38.518967      190       0
    45 39.220928      190       0
    46 39.322739      190       0
    47 38.148277      190       0
    48 38.034161      190       0
    49 38.402077      190       0
    50 39.168812      190       0
    51 39.618286      190       0
    52 37.410564      190       0
    53 37.861206      190       0
    54 38.229275      190       0
    55 39.252686      190       0
    56 39.473198      190       0
    57 39.252308      190       0
    58 40.449398      190       0
    59 39.943119      190       0
    60 37.774628      190       0
--- xrun delays (probe) ---
PROBE_START client=mpe-xrun-probe
XRUN wall=2026-08-20T00:23:15.019 delay_usec=0
XRUN wall=2026-08-20T00:23:15.023 delay_usec=0
XRUN wall=2026-08-20T00:23:15.023 delay_usec=0
XRUN wall=2026-08-20T00:23:25.394 delay_usec=0
XRUN wall=2026-08-20T00:23:36.355 delay_usec=0
XRUN wall=2026-08-20T00:23:36.355 delay_usec=0
XRUN wall=2026-08-20T00:23:36.357 delay_usec=0
XRUN wall=2026-08-20T00:23:47.077 delay_usec=0
XRUN wall=2026-08-20T00:23:47.078 delay_usec=0
XRUN wall=2026-08-20T00:23:47.079 delay_usec=0
=== run D-run10 ===
RESULT tag=D-run10 xruns=9 dsp_median=38.644844 dsp_p99=40.209671 dsp_max=44.465183
RESULT tag=D-run10 delay_count=0 delay_median_usec=0 delay_p99_usec=0 delay_max_usec=0
RESULT tag=D-run10 samples=60 temp=54.0'C throttled=0x0
RESULT tag=D-run10 file=/tmp/latency-D-run10-1787181855.out xrun_events=/tmp/latency-D-run10-1787181855.xruns
SENTINEL run-complete tag=D-run10 xruns=9
     t     dsp%    xruns   delta
     1 32.460617      196       0
     2 44.465183      196       0
     3 38.481285      196       0
     4 38.145058      196       0
     5 35.183708      197       1
     6 38.770012      197       0
     7 39.916801      197       0
     8 37.852200      197       0
     9 38.442616      197       0
    10 38.314842      197       0
    11 39.210251      197       0
    12 39.735100      197       0
    13 40.019859      197       0
    14 36.868927      197       0
    15 38.824818      197       0
    16 40.209671      200       3
    17 39.360775      200       0
    18 38.731979      200       0
    19 37.994923      200       0
    20 38.558903      200       0
    21 39.442726      200       0
    22 38.449230      200       0
    23 37.893772      200       0
    24 38.013020      201       1
    25 38.836571      201       0
    26 39.818840      201       0
    27 39.194729      201       0
    28 37.688709      201       0
    29 39.090191      201       0
    30 37.908260      201       0
    31 38.910198      201       0
    32 37.992409      201       0
    33 38.287868      201       0
    34 38.671444      201       0
    35 39.528286      201       0
    36 38.795105      201       0
    37 38.636658      201       0
    38 38.854740      201       0
    39 38.986317      201       0
    40 38.650009      201       0
    41 39.336926      201       0
    42 38.212166      201       0
    43 39.592758      201       0
    44 39.944641      201       0
    45 39.901310      201       0
    46 38.644844      201       0
    47 38.353012      201       0
    48 37.572033      201       0
    49 37.879047      201       0
    50 38.638172      201       0
    51 38.876041      201       0
    52 37.068161      201       0
    53 37.591049      201       0
    54 38.501381      201       0
    55 40.002243      201       0
    56 38.999672      201       0
    57 37.048454      201       0
    58 37.037769      205       4
    59 40.168655      205       0
    60 38.476688      205       0
--- xrun delays (probe) ---
PROBE_START client=mpe-xrun-probe
XRUN wall=2026-08-20T00:24:24.062 delay_usec=0
XRUN wall=2026-08-20T00:24:24.062 delay_usec=0
XRUN wall=2026-08-20T00:24:24.063 delay_usec=0
XRUN wall=2026-08-20T00:24:29.942 delay_usec=0
XRUN wall=2026-08-20T00:24:40.663 delay_usec=0
XRUN wall=2026-08-20T00:24:40.664 delay_usec=0
XRUN wall=2026-08-20T00:24:40.665 delay_usec=0
XRUN wall=2026-08-20T00:24:48.355 delay_usec=0
XRUN wall=2026-08-20T00:25:23.421 delay_usec=0
XRUN wall=2026-08-20T00:25:23.422 delay_usec=0
XRUN wall=2026-08-20T00:25:23.422 delay_usec=0
XRUN wall=2026-08-20T00:25:23.560 delay_usec=0
=== restore buffer 1024 ===
Applied buffer=1024
jackd period=1024 ok
done commit=925abe3 log=/home/mitch/latency-step1b-accumulation.log
SENTINEL harness-end

