
=== measure-latency-run buffer=512 condition=A runs=5 seconds=60 2026-08-20T03:19:16+01:00 ===
SENTINEL harness-start
Applied buffer=512
jackd period=512 ok
condition A units:
  sooperlooper=inactive session=failed watchdog=inactive
jackd period=512 ok
=== provenance after strict restart ===
=== provenance 2026-08-20T03:20:01+01:00 ===
fcf8507 Task B baseline at 512: document jitter vs xrun variance; fix meter reset.
?? native/mpe-xrun-probe/mpe-xrun-probe
6.18.34+rpt-rpi-v8
coherent_pool=1M 8250.nr_uarts=0 snd_bcm2835.enable_headphones=0 cgroup_disable=memory numa_policy=interleave nvme.max_host_mem_size_mb=32 snd_bcm2835.enable_headphones=1 snd_bcm2835.enable_hdmi=1 snd_bcm2835.enable_hdmi=0  numa=fake=2 system_heap.max_order=0 iommu_dma_numa_policy=interleave smsc95xx.macaddr=2C:CF:67:59:7C:41 vc_mem.mem_base=0x3ec00000 vc_mem.mem_size=0x40000000  console=ttyS0,115200 console=tty1 root=PARTUUID=ed7e095b-02 rootfstype=ext4 fsck.repair=yes rootwait cfg80211.ieee80211_regdom=CA

governor cpufreq=performance
jackd -R -P70 -d alsa -P hw:1 -r 48000 -p 512 -n 3
=== run A-run1 ===
RESULT tag=A-run1 xruns=0 dsp_median=31.328445 dsp_p99=39.753349 dsp_max=40.654652
RESULT tag=A-run1 jitter_n=6309 jitter_median_usec=304 jitter_p99_usec=654 jitter_p99_9_usec=736 jitter_max_usec=818
RESULT tag=A-run1 frames_late_p99_usec=229 frames_late_max_usec=333
RESULT tag=A-run1 delay_events=0 delay_nonzero=0 (legacy, ignore)
RESULT tag=A-run1 samples=60 temp=54.0'C throttled=0x0
RESULT tag=A-run1 file=/tmp/latency-A-run1-1787192401.out xrun_events=/tmp/latency-A-run1-1787192401.xruns
SENTINEL run-complete tag=A-run1 xruns=0
     t     dsp%    xruns   delta
     1 40.654652        3       0
     2 33.864883        3       0
     3 31.935656        3       0
     4 30.487364        3       0
     5 29.286732        3       0
     6 31.752579        3       0
     7 31.545013        3       0
     8 30.781914        3       0
     9 30.351351        3       0
    10 30.418238        3       0
    11 31.133286        3       0
    12 30.632004        3       0
    13 30.057203        3       0
    14 30.655706        3       0
    15 31.595419        3       0
    16 31.328445        3       0
    17 32.344006        3       0
    18 30.396601        3       0
    19 29.660957        3       0
    20 31.917585        3       0
    21 32.115284        3       0
    22 30.608259        3       0
    23 30.867567        3       0
    24 30.889433        3       0
    25 31.437120        3       0
    26 31.449327        3       0
    27 38.350113        3       0
    28 31.591534        3       0
    29 32.240944        3       0
    30 33.071957        3       0
    31 32.083790        3       0
    32 31.087164        3       0
    33 30.233637        3       0
    34 31.755953        3       0
    35 31.892332        3       0
    36 31.193319        3       0
    37 30.119164        3       0
    38 32.066273        3       0
    39 32.029568        3       0
    40 31.631205        3       0
    41 31.343502        3       0
    42 29.775806        3       0
    43 30.149408        3       0
    44 31.309462        3       0
    45 31.207735        3       0
    46 30.390511        3       0
    47 30.355160        3       0
    48 31.554333        3       0
    49 31.636257        3       0
    50 30.984346        3       0
    51 30.340321        3       0
    52 30.426235        3       0
    53 31.605408        3       0
    54 32.452457        3       0
    55 31.926657        3       0
    56 31.229252        3       0
    57 30.515083        3       0
    58 39.753349        3       0
    59 35.671974        3       0
    60 31.764219        3       0
--- xrun delays (probe) ---
PROBE_START client=mpe-xrun-probe buffer_frames=512 sample_rate=48000 expected_period_us=10667
JITTER_SUMMARY expected_period_us=10667 n=6309 median_usec=304 p99_usec=654 p99_9_usec=736 max_usec=818
FRAMES_LATE_SUMMARY expected_period_us=10667 n=6309 median_usec=62 p99_usec=229 p99_9_usec=292 max_usec=333
XRUN_COUNT 0
PROBE_END
=== run A-run2 ===
RESULT tag=A-run2 xruns=4 dsp_median=31.659014 dsp_p99=36.035881 dsp_max=37.705933
RESULT tag=A-run2 jitter_n=6315 jitter_median_usec=305 jitter_p99_usec=667 jitter_p99_9_usec=749 jitter_max_usec=824
RESULT tag=A-run2 frames_late_p99_usec=250 frames_late_max_usec=354
RESULT tag=A-run2 delay_events=0 delay_nonzero=0 (legacy, ignore)
RESULT tag=A-run2 samples=60 temp=55.0'C throttled=0x0
RESULT tag=A-run2 file=/tmp/latency-A-run2-1787192488.out xrun_events=/tmp/latency-A-run2-1787192488.xruns
SENTINEL run-complete tag=A-run2 xruns=4
     t     dsp%    xruns   delta
     1 32.647972        5       2
     2 32.174938        5       0
     3 31.395975        5       0
     4 36.035881        5       0
     5 32.753258        5       0
     6 31.781433        5       0
     7 31.590813        5       0
     8 30.580204        5       0
     9 30.966017        5       0
    10 30.997837        5       0
    11 31.426062        5       0
    12 30.595940        5       0
    13 30.015192        5       0
    14 31.299715        5       0
    15 32.190407        5       0
    16 31.388124        5       0
    17 31.594385        5       0
    18 29.836464        5       0
    19 30.418335        5       0
    20 31.774353        5       0
    21 32.154804        5       0
    22 29.720175        5       0
    23 30.823357        5       0
    24 31.594107        5       0
    25 33.224529        5       0
    26 32.100513        5       0
    27 32.262375        5       0
    28 30.414524        5       0
    29 33.552895        5       0
    30 32.544712        5       0
    31 32.343941        5       0
    32 32.015053        5       0
    33 30.805511        5       0
    34 37.705933        7       2
    35 33.227913        7       0
    36 31.635675        7       0
    37 30.830750        7       0
    38 30.874281        7       0
    39 32.347004        7       0
    40 33.010422        7       0
    41 32.550735        7       0
    42 30.730665        7       0
    43 30.886381        7       0
    44 32.013336        7       0
    45 32.881454        7       0
    46 32.091618        7       0
    47 30.955715        7       0
    48 30.769192        7       0
    49 32.371368        7       0
    50 32.828300        7       0
    51 31.286877        7       0
    52 31.593449        7       0
    53 32.040783        7       0
    54 32.876041        7       0
    55 34.034031        7       0
    56 31.539551        7       0
    57 30.490587        7       0
    58 31.989645        7       0
    59 31.708269        7       0
    60 31.659014        7       0
--- xrun delays (probe) ---
PROBE_START client=mpe-xrun-probe buffer_frames=512 sample_rate=48000 expected_period_us=10667
JITTER_SUMMARY expected_period_us=10667 n=6315 median_usec=305 p99_usec=667 p99_9_usec=749 max_usec=824
FRAMES_LATE_SUMMARY expected_period_us=10667 n=6315 median_usec=62 p99_usec=250 p99_9_usec=292 max_usec=354
XRUN_COUNT 4
PROBE_END
=== run A-run3 ===
RESULT tag=A-run3 xruns=0 dsp_median=31.836842 dsp_p99=40.892357 dsp_max=49.310108
RESULT tag=A-run3 jitter_n=6314 jitter_median_usec=305 jitter_p99_usec=646 jitter_p99_9_usec=778 jitter_max_usec=818
RESULT tag=A-run3 frames_late_p99_usec=250 frames_late_max_usec=292
RESULT tag=A-run3 delay_events=0 delay_nonzero=0 (legacy, ignore)
RESULT tag=A-run3 samples=60 temp=55.0'C throttled=0x0
RESULT tag=A-run3 file=/tmp/latency-A-run3-1787192574.out xrun_events=/tmp/latency-A-run3-1787192574.xruns
SENTINEL run-complete tag=A-run3 xruns=0
     t     dsp%    xruns   delta
     1 33.272179        7       0
     2 40.623020        7       0
     3 33.730663        7       0
     4 30.532431        7       0
     5 29.805679        7       0
     6 31.856348        7       0
     7 30.408304        7       0
     8 30.527317        7       0
     9 29.549553        7       0
    10 40.757729        7       0
    11 33.023415        7       0
    12 31.536282        7       0
    13 30.746836        7       0
    14 31.334915        7       0
    15 33.162834        7       0
    16 32.379932        7       0
    17 31.601921        7       0
    18 30.958958        7       0
    19 30.335978        7       0
    20 33.127033        7       0
    21 49.310108        7       0
    22 32.972080        7       0
    23 31.478298        7       0
    24 31.427523        7       0
    25 32.233334        7       0
    26 33.079418        7       0
    27 30.901052        7       0
    28 31.016672        7       0
    29 32.166744        7       0
    30 32.577705        7       0
    31 33.922600        7       0
    32 31.396709        7       0
    33 30.646179        7       0
    34 31.645794        7       0
    35 32.003963        7       0
    36 32.045216        7       0
    37 30.597157        7       0
    38 31.131039        7       0
    39 32.130646        7       0
    40 31.873541        7       0
    41 40.892357        7       0
    42 31.401857        7       0
    43 30.448763        7       0
    44 32.026608        7       0
    45 31.958933        7       0
    46 31.836842        7       0
    47 31.109035        7       0
    48 31.127050        7       0
    49 32.392666        7       0
    50 32.099663        7       0
    51 31.208689        7       0
    52 32.261063        7       0
    53 32.376202        7       0
    54 32.663658        7       0
    55 32.132366        7       0
    56 31.787031        7       0
    57 30.870762        7       0
    58 31.759418        7       0
    59 32.107773        7       0
    60 30.767878        7       0
--- xrun delays (probe) ---
PROBE_START client=mpe-xrun-probe buffer_frames=512 sample_rate=48000 expected_period_us=10667
JITTER_SUMMARY expected_period_us=10667 n=6314 median_usec=305 p99_usec=646 p99_9_usec=778 max_usec=818
FRAMES_LATE_SUMMARY expected_period_us=10667 n=6314 median_usec=62 p99_usec=250 p99_9_usec=292 max_usec=292
XRUN_COUNT 0
PROBE_END
=== run A-run4 ===
RESULT tag=A-run4 xruns=1 dsp_median=31.346136 dsp_p99=40.943298 dsp_max=42.917698
RESULT tag=A-run4 jitter_n=6317 jitter_median_usec=302 jitter_p99_usec=725 jitter_p99_9_usec=826 jitter_max_usec=848
RESULT tag=A-run4 frames_late_p99_usec=250 frames_late_max_usec=312
RESULT tag=A-run4 delay_events=0 delay_nonzero=0 (legacy, ignore)
RESULT tag=A-run4 samples=60 temp=54.0'C throttled=0x0
RESULT tag=A-run4 file=/tmp/latency-A-run4-1787192660.out xrun_events=/tmp/latency-A-run4-1787192660.xruns
SENTINEL run-complete tag=A-run4 xruns=1
     t     dsp%    xruns   delta
     1 32.934700        8       1
     2 42.917698        8       0
     3 32.828148        8       0
     4 31.542873        8       0
     5 30.718359        8       0
     6 33.180992        8       0
     7 32.479473        8       0
     8 31.428442        8       0
     9 30.985327        8       0
    10 31.705767        8       0
    11 31.703238        8       0
    12 31.197809        8       0
    13 30.786562        8       0
    14 31.371525        8       0
    15 32.677536        8       0
    16 32.421227        8       0
    17 40.943298        8       0
    18 31.385960        8       0
    19 30.261610        8       0
    20 31.968056        8       0
    21 31.166456        8       0
    22 30.223623        8       0
    23 30.178429        8       0
    24 30.280602        8       0
    25 30.546513        8       0
    26 31.048532        8       0
    27 32.722713        8       0
    28 30.097042        8       0
    29 31.352135        8       0
    30 31.962566        8       0
    31 31.795256        8       0
    32 30.996017        8       0
    33 30.139032        8       0
    34 31.188622        8       0
    35 31.230755        8       0
    36 31.220785        8       0
    37 29.917503        8       0
    38 31.466812        8       0
    39 31.455385        8       0
    40 31.346136        8       0
    41 30.856668        8       0
    42 29.874332        8       0
    43 29.891006        8       0
    44 31.430685        8       0
    45 30.970833        8       0
    46 31.326586        8       0
    47 30.023315        8       0
    48 38.402737        8       0
    49 32.162991        8       0
    50 32.080330        8       0
    51 30.214804        8       0
    52 30.920343        8       0
    53 32.175797        8       0
    54 31.756130        8       0
    55 31.690781        8       0
    56 31.216175        8       0
    57 29.909897        8       0
    58 34.202362        8       0
    59 31.516090        8       0
    60 30.985733        8       0
--- xrun delays (probe) ---
PROBE_START client=mpe-xrun-probe buffer_frames=512 sample_rate=48000 expected_period_us=10667
JITTER_SUMMARY expected_period_us=10667 n=6317 median_usec=302 p99_usec=725 p99_9_usec=826 max_usec=848
FRAMES_LATE_SUMMARY expected_period_us=10667 n=6317 median_usec=62 p99_usec=250 p99_9_usec=292 max_usec=312
XRUN_COUNT 1
PROBE_END
=== run A-run5 ===
RESULT tag=A-run5 xruns=0 dsp_median=31.513624 dsp_p99=36.457001 dsp_max=40.738182
RESULT tag=A-run5 jitter_n=6320 jitter_median_usec=303 jitter_p99_usec=736 jitter_p99_9_usec=840 jitter_max_usec=876
RESULT tag=A-run5 frames_late_p99_usec=250 frames_late_max_usec=333
RESULT tag=A-run5 delay_events=0 delay_nonzero=0 (legacy, ignore)
RESULT tag=A-run5 samples=60 temp=54.0'C throttled=0x0
RESULT tag=A-run5 file=/tmp/latency-A-run5-1787192746.out xrun_events=/tmp/latency-A-run5-1787192746.xruns
SENTINEL run-complete tag=A-run5 xruns=0
     t     dsp%    xruns   delta
     1 33.237167        8       0
     2 40.738182        8       0
     3 34.612633        8       0
     4 33.546764        8       0
     5 32.085468        8       0
     6 33.387913        8       0
     7 31.259558        8       0
     8 32.815891        8       0
     9 31.429478        8       0
    10 31.476501        8       0
    11 31.911312        8       0
    12 31.678535        8       0
    13 33.035854        8       0
    14 32.328899        8       0
    15 31.879570        8       0
    16 31.697157        8       0
    17 32.004520        8       0
    18 30.914358        8       0
    19 31.044117        8       0
    20 32.695210        8       0
    21 32.186703        8       0
    22 30.339436        8       0
    23 30.930065        8       0
    24 35.002579        8       0
    25 31.994627        8       0
    26 31.316271        8       0
    27 30.329073        8       0
    28 30.074419        8       0
    29 31.777071        8       0
    30 32.442677        8       0
    31 31.456657        8       0
    32 30.672424        8       0
    33 30.351727        8       0
    34 33.515747        8       0
    35 32.152153        8       0
    36 30.974998        8       0
    37 30.008665        8       0
    38 30.968410        8       0
    39 32.858021        8       0
    40 31.330439        8       0
    41 31.403179        8       0
    42 30.731369        8       0
    43 30.510277        8       0
    44 34.126228        8       0
    45 32.195538        8       0
    46 31.146841        8       0
    47 30.545803        8       0
    48 30.400356        8       0
    49 31.637331        8       0
    50 32.144711        8       0
    51 30.747885        8       0
    52 30.873299        8       0
    53 31.513624        8       0
    54 31.952282        8       0
    55 36.457001        8       0
    56 32.126034        8       0
    57 30.636559        8       0
    58 31.160576        8       0
    59 31.208014        8       0
    60 31.053869        8       0
--- xrun delays (probe) ---
PROBE_START client=mpe-xrun-probe buffer_frames=512 sample_rate=48000 expected_period_us=10667
JITTER_SUMMARY expected_period_us=10667 n=6320 median_usec=303 p99_usec=736 p99_9_usec=840 max_usec=876
FRAMES_LATE_SUMMARY expected_period_us=10667 n=6320 median_usec=62 p99_usec=250 p99_9_usec=292 max_usec=333
XRUN_COUNT 0
PROBE_END
=== restore buffer 512 ===
Applied buffer=512
jackd period=512 ok
done commit=fcf8507 log=/home/mitch/latency-stepC-512-A.log
SENTINEL harness-end

