
=== measure-latency-run buffer=512 condition=A runs=5 seconds=60 2026-08-20T02:55:55+01:00 ===
SENTINEL harness-start
Applied buffer=512
jackd period=512 ok
condition A units:
  sooperlooper=deactivating session=failed watchdog=inactive
jackd period=512 ok
=== provenance after strict restart ===
=== provenance 2026-08-20T02:56:43+01:00 ===
74faa00 Wait for PROBE_END before reading jitter stats between runs
?? native/mpe-xrun-probe/mpe-xrun-probe
6.18.34+rpt-rpi-v8
coherent_pool=1M 8250.nr_uarts=0 snd_bcm2835.enable_headphones=0 cgroup_disable=memory numa_policy=interleave nvme.max_host_mem_size_mb=32 snd_bcm2835.enable_headphones=1 snd_bcm2835.enable_hdmi=1 snd_bcm2835.enable_hdmi=0  numa=fake=2 system_heap.max_order=0 iommu_dma_numa_policy=interleave smsc95xx.macaddr=2C:CF:67:59:7C:41 vc_mem.mem_base=0x3ec00000 vc_mem.mem_size=0x40000000  console=ttyS0,115200 console=tty1 root=PARTUUID=ed7e095b-02 rootfstype=ext4 fsck.repair=yes rootwait cfg80211.ieee80211_regdom=CA

governor cpufreq=performance
jackd -R -P70 -d alsa -P hw:1 -r 48000 -p 512 -n 3
=== run A-run1 ===
RESULT tag=A-run1 xruns=17 dsp_median=42.120090 dsp_p99=50.084679 dsp_max=75.836609
RESULT tag=A-run1 jitter_n=5136 jitter_median_usec=306 jitter_p99_usec=726 jitter_p99_9_usec=823 jitter_max_usec=914
RESULT tag=A-run1 frames_late_p99_usec=271 frames_late_max_usec=458
RESULT tag=A-run1 delay_events=0 delay_nonzero=0 (legacy, ignore)
RESULT tag=A-run1 samples=60 temp=55.5'C throttled=0x0
RESULT tag=A-run1 file=/tmp/latency-A-run1-1787191003.out xrun_events=/tmp/latency-A-run1-1787191003.xruns
SENTINEL run-complete tag=A-run1 xruns=17
     t     dsp%    xruns   delta
     1 44.667992      207       3
     2 37.441742      207       0
     3 36.458221      207       0
     4 36.366299      207       0
     5 36.096981      207       0
     6 35.854706      207       0
     7 39.062096      207       0
     8 45.577492      207       0
     9 37.713638      207       0
    10 37.381721      207       0
    11 35.927402      207       0
    12 36.574181      207       0
    13 37.360542      207       0
    14 36.486118      207       0
    15 41.993965      207       0
    16 44.456776      207       0
    17 42.928181      207       0
    18 45.264999      210       3
    19 43.496819      210       0
    20 43.081688      210       0
    21 43.140694      210       0
    22 44.177040      210       0
    23 43.323322      210       0
    24 75.836609      210       0
    25 47.416714      210       0
    26 37.595474      210       0
    27 36.368992      210       0
    28 36.336391      210       0
    29 36.985844      210       0
    30 37.543259      210       0
    31 36.866402      210       0
    32 43.357597      210       0
    33 41.788769      210       0
    34 45.199924      210       0
    35 43.534389      210       0
    36 43.054306      210       0
    37 41.988762      210       0
    38 42.305603      210       0
    39 45.330158      213       3
    40 43.181408      213       0
    41 42.488667      213       0
    42 41.957909      213       0
    43 42.120090      213       0
    44 42.354828      213       0
    45 43.763554      213       0
    46 42.683319      213       0
    47 41.957626      213       0
    48 41.862228      213       0
    49 43.146503      216       3
    50 45.022743      216       0
    51 43.386845      216       0
    52 42.145184      216       0
    53 43.193565      216       0
    54 42.951962      216       0
    55 50.084679      221       5
    56 39.427891      221       0
    57 35.536259      221       0
    58 35.443581      221       0
    59 34.843678      221       0
    60 35.260906      221       0
--- xrun delays (probe) ---
PROBE_START client=mpe-xrun-probe buffer_frames=512 sample_rate=48000 expected_period_us=10667
JITTER_SUMMARY expected_period_us=10667 n=5136 median_usec=306 p99_usec=726 p99_9_usec=823 max_usec=914
FRAMES_LATE_SUMMARY expected_period_us=10667 n=5136 median_usec=83 p99_usec=271 p99_9_usec=333 max_usec=458
XRUN_COUNT 15
PROBE_END
=== run A-run2 ===
RESULT tag=A-run2 xruns=21 dsp_median=41.788296 dsp_p99=51.604565 dsp_max=55.179863
RESULT tag=A-run2 jitter_n=5145 jitter_median_usec=306 jitter_p99_usec=744 jitter_p99_9_usec=830 jitter_max_usec=872
RESULT tag=A-run2 frames_late_p99_usec=271 frames_late_max_usec=417
RESULT tag=A-run2 delay_events=0 delay_nonzero=0 (legacy, ignore)
RESULT tag=A-run2 samples=60 temp=55.5'C throttled=0x0
RESULT tag=A-run2 file=/tmp/latency-A-run2-1787191084.out xrun_events=/tmp/latency-A-run2-1787191084.xruns
SENTINEL run-complete tag=A-run2 xruns=21
     t     dsp%    xruns   delta
     1 55.179863      236       8
     2 40.078854      236       0
     3 36.079155      236       0
     4 35.425888      236       0
     5 36.601734      236       0
     6 34.859531      236       0
     7 38.377369      236       0
     8 42.417881      236       0
     9 41.865849      236       0
    10 42.618378      236       0
    11 42.885513      236       0
    12 44.472118      236       0
    13 42.751965      236       0
    14 43.849529      236       0
    15 43.759365      236       0
    16 46.082611      236       0
    17 44.017406      236       0
    18 44.530399      236       0
    19 42.377193      236       0
    20 42.449081      236       0
    21 44.510147      239       3
    22 43.510811      239       0
    23 36.698227      239       0
    24 36.160736      239       0
    25 35.977531      239       0
    26 36.026115      239       0
    27 38.258888      239       0
    28 43.093349      239       0
    29 42.755413      239       0
    30 43.644867      239       0
    31 42.266502      239       0
    32 43.845264      241       2
    33 42.620872      241       0
    34 42.041229      241       0
    35 41.788296      241       0
    36 43.400921      241       0
    37 51.604565      241       0
    38 47.021076      241       0
    39 37.015125      241       0
    40 37.555119      241       0
    41 36.910076      241       0
    42 37.562885      243       2
    43 37.341152      243       0
    44 36.307903      243       0
    45 36.941685      243       0
    46 38.512794      243       0
    47 37.454937      243       0
    48 36.991310      243       0
    49 41.229717      243       0
    50 42.535347      243       0
    51 43.619701      243       0
    52 43.193886      248       5
    53 46.225224      248       0
    54 41.769131      249       1
    55 37.017269      249       0
    56 36.384613      249       0
    57 36.146145      249       0
    58 36.137432      249       0
    59 35.435516      249       0
    60 39.987522      249       0
--- xrun delays (probe) ---
PROBE_START client=mpe-xrun-probe buffer_frames=512 sample_rate=48000 expected_period_us=10667
JITTER_SUMMARY expected_period_us=10667 n=5145 median_usec=306 p99_usec=744 p99_9_usec=830 max_usec=872
FRAMES_LATE_SUMMARY expected_period_us=10667 n=5145 median_usec=83 p99_usec=271 p99_9_usec=354 max_usec=417
XRUN_COUNT 21
PROBE_END
=== run A-run3 ===
RESULT tag=A-run3 xruns=-269 dsp_median=41.568657 dsp_p99=70.960152 dsp_max=71.632133
RESULT tag=A-run3 jitter_n=5146 jitter_median_usec=306 jitter_p99_usec=708 jitter_p99_9_usec=812 jitter_max_usec=885
RESULT tag=A-run3 frames_late_p99_usec=271 frames_late_max_usec=417
RESULT tag=A-run3 delay_events=0 delay_nonzero=0 (legacy, ignore)
RESULT tag=A-run3 samples=60 temp=56.0'C throttled=0x0
RESULT tag=A-run3 file=/tmp/latency-A-run3-1787191165.out xrun_events=/tmp/latency-A-run3-1787191165.xruns
SENTINEL run-complete tag=A-run3 xruns=-269
     t     dsp%    xruns   delta
     1 43.087421      272       3
     2 50.782513      272       0
     3 44.256195      272       0
     4 43.172657      272       0
     5 42.368797      272       0
     6 42.635544      275       3
     7 42.029003      275       0
     8 43.389992      275       0
     9 42.908516      275       0
    10 42.787388      275       0
    11 41.568657      275       0
    12 43.085167      275       0
    13 42.544609      275       0
    14 44.186687      276       1
    15 42.266254      276       0
    16 42.771561      276       0
    17 43.063255      276       0
    18 43.111439      276       0
    19 71.632133      277       1
    20 42.268990      277       0
    21 37.342266      277       0
    22 36.995975      277       0
    23 36.074902      277       0
    24 38.236862      278       1
    25 37.008587      278       0
    26 36.158512      278       0
    27 37.184353      278       0
    28 37.253986      278       0
    29 36.455219      278       0
    30 40.260307      278       0
    31 43.306217      278       0
    32 45.138805      278       0
    33 45.085442      278       0
    34 43.180214      278       0
    35 45.153530      281       3
    36 38.398972      281       0
    37 36.256134      281       0
    38 35.473793      281       0
    39 35.459953      281       0
    40 36.480591      281       0
    41 41.476444      281       0
    42 43.601017      281       0
    43 43.505630      281       0
    44 44.028114      281       0
    45 47.530750      284       3
    46 43.182343      284       0
    47 36.571617      284       0
    48 36.809402      284       0
    49 36.189972      284       0
    50 36.019855      287       3
    51 70.960152      287       0
    52 41.164227      287       0
    53 37.450283      287       0
    54 37.666943      287       0
    55 37.666943      287       0
    56 37.666943      287       0
    57 37.666943      287       0
    58 37.666943      287       0
    59 37.666943      287       0
    60 37.666943        0    -287
--- xrun delays (probe) ---
PROBE_START client=mpe-xrun-probe buffer_frames=512 sample_rate=48000 expected_period_us=10667
JITTER_SUMMARY expected_period_us=10667 n=5146 median_usec=306 p99_usec=708 p99_9_usec=812 max_usec=885
FRAMES_LATE_SUMMARY expected_period_us=10667 n=5146 median_usec=83 p99_usec=271 p99_9_usec=312 max_usec=417
XRUN_COUNT 24
PROBE_END
=== run A-run4 ===
RESULT tag=A-run4 xruns=9 dsp_median=37.174557 dsp_p99=43.569107 dsp_max=48.563854
RESULT tag=A-run4 jitter_n=6324 jitter_median_usec=307 jitter_p99_usec=716 jitter_p99_9_usec=791 jitter_max_usec=912
RESULT tag=A-run4 frames_late_p99_usec=271 frames_late_max_usec=417
RESULT tag=A-run4 delay_events=0 delay_nonzero=0 (legacy, ignore)
RESULT tag=A-run4 samples=60 temp=55.5'C throttled=0x0
RESULT tag=A-run4 file=/tmp/latency-A-run4-1787191247.out xrun_events=/tmp/latency-A-run4-1787191247.xruns
SENTINEL run-complete tag=A-run4 xruns=9
     t     dsp%    xruns   delta
     1 48.563854       29       3
     2 39.335060       29       0
     3 33.971210       29       0
     4 31.996964       29       0
     5 31.750183       29       0
     6 33.062389       29       0
     7 33.926067       29       0
     8 33.775024       29       0
     9 34.833004       29       0
    10 34.967758       29       0
    11 36.559303       32       3
    12 36.050789       32       0
    13 36.041130       32       0
    14 36.799347       32       0
    15 38.425858       32       0
    16 38.411190       32       0
    17 37.286633       32       0
    18 36.158112       32       0
    19 36.308861       32       0
    20 38.249699       32       0
    21 40.063885       32       0
    22 37.289551       32       0
    23 37.174557       32       0
    24 36.267155       32       0
    25 37.257702       32       0
    26 37.174091       32       0
    27 36.534302       32       0
    28 35.694904       32       0
    29 38.175297       32       0
    30 38.154858       32       0
    31 37.017857       32       0
    32 43.569107       32       0
    33 38.223186       32       0
    34 37.036949       32       0
    35 37.973892       32       0
    36 37.137043       32       0
    37 36.276531       32       0
    38 37.119411       32       0
    39 39.092861       32       0
    40 37.697643       32       0
    41 37.566605       32       0
    42 37.509205       32       0
    43 37.705635       32       0
    44 37.689484       32       0
    45 37.923027       32       0
    46 36.223595       32       0
    47 37.118660       32       0
    48 37.148506       32       0
    49 37.959705       32       0
    50 37.831406       32       0
    51 37.193180       32       0
    52 37.544563       35       3
    53 40.647270       35       0
    54 38.489635       35       0
    55 38.500027       35       0
    56 36.674259       35       0
    57 36.617146       35       0
    58 37.719841       35       0
    59 38.629993       35       0
    60 36.901455       35       0
--- xrun delays (probe) ---
PROBE_START client=mpe-xrun-probe buffer_frames=512 sample_rate=48000 expected_period_us=10667
JITTER_SUMMARY expected_period_us=10667 n=6324 median_usec=307 p99_usec=716 p99_9_usec=791 max_usec=912
FRAMES_LATE_SUMMARY expected_period_us=10667 n=6324 median_usec=83 p99_usec=271 p99_9_usec=312 max_usec=417
XRUN_COUNT 9
PROBE_END
=== run A-run5 ===
RESULT tag=A-run5 xruns=4 dsp_median=37.366699 dsp_p99=45.621544 dsp_max=46.247097
RESULT tag=A-run5 jitter_n=6324 jitter_median_usec=307 jitter_p99_usec=729 jitter_p99_9_usec=816 jitter_max_usec=884
RESULT tag=A-run5 frames_late_p99_usec=271 frames_late_max_usec=417
RESULT tag=A-run5 delay_events=0 delay_nonzero=0 (legacy, ignore)
RESULT tag=A-run5 samples=60 temp=55.0'C throttled=0x0
RESULT tag=A-run5 file=/tmp/latency-A-run5-1787191333.out xrun_events=/tmp/latency-A-run5-1787191333.xruns
SENTINEL run-complete tag=A-run5 xruns=4
     t     dsp%    xruns   delta
     1 39.074829       35       0
     2 46.247097       35       0
     3 39.754162       35       0
     4 38.580746       35       0
     5 36.112438       35       0
     6 38.065868       35       0
     7 36.816875       35       0
     8 38.760883       35       0
     9 39.933243       35       0
    10 37.686668       35       0
    11 37.405842       35       0
    12 36.941811       35       0
    13 36.658791       35       0
    14 38.142292       35       0
    15 37.384281       35       0
    16 37.395000       35       0
    17 37.079914       35       0
    18 36.270561       35       0
    19 37.997631       35       0
    20 37.982639       35       0
    21 38.011505       35       0
    22 36.130352       35       0
    23 36.530403       35       0
    24 37.554298       35       0
    25 36.730667       35       0
    26 37.886383       35       0
    27 36.704205       35       0
    28 36.031399       35       0
    29 40.455784       35       0
    30 38.786816       35       0
    31 37.231625       35       0
    32 37.141678       35       0
    33 36.250153       35       0
    34 36.922749       35       0
    35 37.896328       35       0
    36 37.421505       35       0
    37 36.301540       35       0
    38 37.292473       35       0
    39 37.689404       36       1
    40 45.621544       36       0
    41 38.939144       36       0
    42 36.602581       36       0
    43 36.492199       36       0
    44 37.366699       36       0
    45 37.795956       36       0
    46 38.744984       36       0
    47 36.958019       36       0
    48 37.319450       36       0
    49 37.698635       36       0
    50 39.809837       36       0
    51 36.806480       36       0
    52 36.707504       36       0
    53 37.339706       36       0
    54 37.992985       36       0
    55 37.766422       36       0
    56 37.053684       36       0
    57 35.866474       36       0
    58 36.948620       36       0
    59 37.131939       36       0
    60 36.435276       39       3
--- xrun delays (probe) ---
PROBE_START client=mpe-xrun-probe buffer_frames=512 sample_rate=48000 expected_period_us=10667
JITTER_SUMMARY expected_period_us=10667 n=6324 median_usec=307 p99_usec=729 p99_9_usec=816 max_usec=884
FRAMES_LATE_SUMMARY expected_period_us=10667 n=6324 median_usec=83 p99_usec=271 p99_9_usec=333 max_usec=417
XRUN_COUNT 4
PROBE_END
=== restore buffer 512 ===
Applied buffer=512
jackd period=512 ok
done commit=74faa00 log=/home/mitch/latency-stepB-512-A.log
SENTINEL harness-end

