2026-08-09 21:48:17: Starting mic → UAC2 bridge: capture=hw:CARD=S3,DEV=0 playback=hw:CARD=UAC2Gadget,DEV=0 rate=48000
arecord: set_params:1398: Channels count non available
2026-08-09 21:48:19: Starting mic → UAC2 bridge: capture=hw:CARD=S3,DEV=0 playback=hw:CARD=UAC2Gadget,DEV=0 rate=48000
arecord: set_params:1398: Channels count non available
2026-08-09 21:48:21: Starting mic → UAC2 bridge: capture=hw:CARD=S3,DEV=0 playback=hw:CARD=UAC2Gadget,DEV=0 rate=48000
arecord: set_params:1398: Channels count non available
2026-08-09 21:48:22: Starting mic → UAC2 bridge: capture=hw:CARD=S3,DEV=0 playback=hw:CARD=UAC2Gadget,DEV=0 rate=48000
arecord: set_params:1398: Channels count non available
2026-08-09 21:48:24: Starting mic → UAC2 bridge: capture=hw:CARD=S3,DEV=0 playback=hw:CARD=UAC2Gadget,DEV=0 rate=48000
arecord: set_params:1398: Channels count non available
2026-08-09 21:52:05: Starting mic → UAC2 bridge: capture=plughw:CARD=S3,DEV=0 playback=hw:CARD=UAC2Gadget,DEV=0 rate=48000
2026-08-09 21:52:07: Starting mic → UAC2 bridge: capture=plughw:CARD=S3,DEV=0 playback=hw:CARD=UAC2Gadget,DEV=0 rate=48000
2026-08-09 21:52:08: Starting mic → UAC2 bridge: capture=plughw:CARD=S3,DEV=0 playback=hw:CARD=UAC2Gadget,DEV=0 rate=48000
2026-08-09 21:52:10: Starting mic → UAC2 bridge: capture=plughw:CARD=S3,DEV=0 playback=hw:CARD=UAC2Gadget,DEV=0 rate=48000
2026-08-09 21:52:12: Starting mic → UAC2 bridge: capture=plughw:CARD=S3,DEV=0 playback=hw:CARD=UAC2Gadget,DEV=0 rate=48000
2026-08-09 21:52:53: Starting mic → UAC2 bridge: capture=plughw:CARD=S3,DEV=0 playback=hw:CARD=UAC2Gadget,DEV=0 rate=48000
Recording WAVE 'stdin' : Signed 16 bit Little Endian, Rate 48000 Hz, Mono
aplay: read_header:2964: read error
2026-08-09 21:54:26: Starting mic → UAC2 bridge: capture=plughw:CARD=S3,DEV=0 playback=hw:CARD=UAC2Gadget,DEV=0 rate=48000
Recording WAVE 'stdin' : Signed 16 bit Little Endian, Rate 48000 Hz, Mono
aplay: read_header:2964: read error
stdout: Broken pipe
2026-08-09 21:54:28: Starting mic → UAC2 bridge: capture=plughw:CARD=S3,DEV=0 playback=hw:CARD=UAC2Gadget,DEV=0 rate=48000
Recording WAVE 'stdin' : Signed 16 bit Little Endian, Rate 48000 Hz, Mono
aplay: read_header:2964: read error
stdout: Broken pipe
2026-08-09 21:54:30: Starting mic → UAC2 bridge: capture=plughw:CARD=S3,DEV=0 playback=hw:CARD=UAC2Gadget,DEV=0 rate=48000
Recording WAVE 'stdin' : Signed 16 bit Little Endian, Rate 48000 Hz, Mono
aplay: read_header:2964: read error
stdout: Broken pipe
2026-08-09 21:54:31: Starting mic → UAC2 bridge: capture=plughw:CARD=S3,DEV=0 playback=hw:CARD=UAC2Gadget,DEV=0 rate=48000
Recording WAVE 'stdin' : Signed 16 bit Little Endian, Rate 48000 Hz, Mono
aplay: read_header:2964: read error
stdout: Broken pipe
2026-08-09 21:54:33: Starting mic → UAC2 bridge: capture=plughw:CARD=S3,DEV=0 playback=hw:CARD=UAC2Gadget,DEV=0 rate=48000
Recording WAVE 'stdin' : Signed 16 bit Little Endian, Rate 48000 Hz, Mono
aplay: read_header:2964: read error
stdout: Broken pipe
2026-08-09 21:55:49: Starting mic → UAC2 bridge: capture=plughw:CARD=S3,DEV=0 playback=hw:CARD=UAC2Gadget,DEV=0 rate=48000
Playing raw data 'stdin' : Signed 16 bit Little Endian, Rate 48000 Hz, Stereo
Recording raw data 'stdin' : Signed 16 bit Little Endian, Rate 48000 Hz, Mono
stdout: Broken pipe
2026-08-09 21:55:51: Starting mic → UAC2 bridge: capture=plughw:CARD=S3,DEV=0 playback=hw:CARD=UAC2Gadget,DEV=0 rate=48000
Playing raw data 'stdin' : Signed 16 bit Little Endian, Rate 48000 Hz, Stereo
Recording raw data 'stdin' : Signed 16 bit Little Endian, Rate 48000 Hz, Mono
stdout: Broken pipe
2026-08-09 21:55:53: Starting mic → UAC2 bridge: capture=plughw:CARD=S3,DEV=0 playback=hw:CARD=UAC2Gadget,DEV=0 rate=48000
Playing raw data 'stdin' : Signed 16 bit Little Endian, Rate 48000 Hz, Stereo
Recording raw data 'stdin' : Signed 16 bit Little Endian, Rate 48000 Hz, Mono
stdout: Broken pipe
2026-08-09 21:55:54: Starting mic → UAC2 bridge: capture=plughw:CARD=S3,DEV=0 playback=hw:CARD=UAC2Gadget,DEV=0 rate=48000
Playing raw data 'stdin' : Signed 16 bit Little Endian, Rate 48000 Hz, Stereo
Recording raw data 'stdin' : Signed 16 bit Little Endian, Rate 48000 Hz, Mono
stdout: Broken pipe
2026-08-09 21:55:56: Starting mic → UAC2 bridge: capture=plughw:CARD=S3,DEV=0 playback=hw:CARD=UAC2Gadget,DEV=0 rate=48000
Recording raw data 'stdin' : Signed 16 bit Little Endian, Rate 48000 Hz, Mono
Playing raw data 'stdin' : Signed 16 bit Little Endian, Rate 48000 Hz, Stereo
stdout: Broken pipe
2026-08-09 21:57:17: Starting mic → UAC2 bridge: capture=plughw:CARD=S3,DEV=0 playback=hw:CARD=UAC2Gadget,DEV=0 rate=48000
Playing raw data 'stdin' : Signed 16 bit Little Endian, Rate 48000 Hz, Stereo
Recording raw data 'stdin' : Signed 16 bit Little Endian, Rate 48000 Hz, Mono
2026-08-09 21:57:32: Starting mic → UAC2 bridge: capture=plughw:CARD=S3,DEV=0 playback=hw:CARD=UAC2Gadget,DEV=0 rate=48000
Recording raw data 'stdin' : Signed 16 bit Little Endian, Rate 48000 Hz, Mono
Playing raw data 'stdin' : Signed 16 bit Little Endian, Rate 48000 Hz, Stereo
2026-08-09 21:58:12: Starting mic → UAC2 bridge: capture=plughw:CARD=S3,DEV=0 playback=hw:CARD=UAC2Gadget,DEV=0 rate=48000
Playing raw data 'stdin' : Signed 16 bit Little Endian, Rate 48000 Hz, Stereo
Recording raw data 'stdin' : Signed 16 bit Little Endian, Rate 48000 Hz, Mono
2026-08-09 22:00:40: Starting mic → UAC2 bridge: capture=plughw:CARD=S3,DEV=0 playback=hw:CARD=UAC2Gadget,DEV=0 rate=48000
Playing raw data 'stdin' : Signed 16 bit Little Endian, Rate 48000 Hz, Stereo
Recording raw data 'stdin' : Signed 16 bit Little Endian, Rate 48000 Hz, Stereo
2026-08-09 22:03:47: Starting mic → UAC2 bridge: capture=plughw:CARD=S3,DEV=0 playback=hw:CARD=UAC2Gadget,DEV=0 rate=48000 buffer=256
Playing raw data 'stdin' : Signed 16 bit Little Endian, Rate 48000 Hz, Stereo
Recording raw data 'stdin' : Signed 16 bit Little Endian, Rate 48000 Hz, Stereo
underrun!!! (at least 0.151 ms long)
overrun!!! (at least 1.111 ms long)
underrun!!! (at least 3.111 ms long)
underrun!!! (at least 0.541 ms long)
underrun!!! (at least 0.134 ms long)
underrun!!! (at least 0.355 ms long)
underrun!!! (at least 1.072 ms long)
overrun!!! (at least 0.721 ms long)
underrun!!! (at least 2.903 ms long)
underrun!!! (at least 0.016 ms long)
underrun!!! (at least 0.814 ms long)
underrun!!! (at least 0.162 ms long)
underrun!!! (at least 0.186 ms long)
underrun!!! (at least 0.094 ms long)
underrun!!! (at least 0.889 ms long)
underrun!!! (at least 0.618 ms long)
underrun!!! (at least 0.417 ms long)
underrun!!! (at least 1.432 ms long)
underrun!!! (at least 1.363 ms long)
overrun!!! (at least 1.705 ms long)
underrun!!! (at least 4.319 ms long)
overrun!!! (at least 0.034 ms long)
underrun!!! (at least 11.766 ms long)
underrun!!! (at least 1.672 ms long)
underrun!!! (at least 0.671 ms long)
underrun!!! (at least 0.661 ms long)
underrun!!! (at least 0.616 ms long)
underrun!!! (at least 0.535 ms long)
overrun!!! (at least 1.698 ms long)
underrun!!! (at least 5.404 ms long)
underrun!!! (at least 0.661 ms long)
underrun!!! (at least 0.913 ms long)
overrun!!! (at least 1.071 ms long)
underrun!!! (at least 4.127 ms long)
overrun!!! (at least 0.399 ms long)
underrun!!! (at least 2.509 ms long)
underrun!!! (at least 0.020 ms long)
underrun!!! (at least 0.297 ms long)
underrun!!! (at least 0.454 ms long)
underrun!!! (at least 1.289 ms long)
underrun!!! (at least 0.359 ms long)
underrun!!! (at least 2.209 ms long)
underrun!!! (at least 0.189 ms long)
overrun!!! (at least 0.922 ms long)
underrun!!! (at least 1.241 ms long)
overrun!!! (at least 1.005 ms long)
underrun!!! (at least 4.320 ms long)
underrun!!! (at least 1.062 ms long)
underrun!!! (at least 0.016 ms long)
underrun!!! (at least 1.823 ms long)
overrun!!! (at least 0.047 ms long)
underrun!!! (at least 12.772 ms long)
underrun!!! (at least 1.780 ms long)
underrun!!! (at least 0.740 ms long)
overrun!!! (at least 0.809 ms long)
underrun!!! (at least 1.448 ms long)
underrun!!! (at least 0.678 ms long)
overrun!!! (at least 0.723 ms long)
underrun!!! (at least 4.206 ms long)
overrun!!! (at least 0.401 ms long)
underrun!!! (at least 3.324 ms long)
overrun!!! (at least 2.971 ms long)
underrun!!! (at least 4.384 ms long)
underrun!!! (at least 0.595 ms long)
underrun!!! (at least 1.156 ms long)
overrun!!! (at least 0.269 ms long)
underrun!!! (at least 0.217 ms long)
overrun!!! (at least 0.011 ms long)
underrun!!! (at least 11.582 ms long)
underrun!!! (at least 1.513 ms long)
overrun!!! (at least 0.974 ms long)
underrun!!! (at least 3.647 ms long)
overrun!!! (at least 2.942 ms long)
underrun!!! (at least 5.642 ms long)
2026-08-09 22:07:13: Starting mic → UAC2 bridge: capture=plughw:CARD=S3,DEV=0 playback=hw:CARD=UAC2Gadget,DEV=0 rate=48000 buffer=256
Playing raw data 'stdin' : Signed 16 bit Little Endian, Rate 48000 Hz, Stereo
Recording raw data 'stdin' : Signed 16 bit Little Endian, Rate 48000 Hz, Stereo
underrun!!! (at least 1.963 ms long)
overrun!!! (at least 0.822 ms long)
underrun!!! (at least 4.050 ms long)
overrun!!! (at least 0.397 ms long)
underrun!!! (at least 3.393 ms long)
underrun!!! (at least 0.203 ms long)
overrun!!! (at least 0.432 ms long)
underrun!!! (at least 3.636 ms long)
underrun!!! (at least 0.296 ms long)
overrun!!! (at least 0.183 ms long)
underrun!!! (at least 11.737 ms long)
underrun!!! (at least 0.457 ms long)
underrun!!! (at least 0.790 ms long)
underrun!!! (at least 1.383 ms long)
underrun!!! (at least 0.067 ms long)
overrun!!! (at least 0.789 ms long)
underrun!!! (at least 1.574 ms long)
overrun!!! (at least 0.537 ms long)
underrun!!! (at least 3.774 ms long)
underrun!!! (at least 0.241 ms long)
overrun!!! (at least 0.473 ms long)
underrun!!! (at least 3.708 ms long)
overrun!!! (at least 0.685 ms long)
underrun!!! (at least 5.063 ms long)
underrun!!! (at least 0.296 ms long)
2026-08-09 22:09:12: Starting mic → UAC2 bridge: capture=plughw:CARD=S3,DEV=0 playback=hw:CARD=UAC2Gadget,DEV=0 rate=48000 buffer=256
Playing raw data 'stdin' : Signed 16 bit Little Endian, Rate 48000 Hz, Stereo
Recording raw data 'stdin' : Signed 16 bit Little Endian, Rate 48000 Hz, Stereo
underrun!!! (at least 0.359 ms long)
underrun!!! (at least 0.563 ms long)
underrun!!! (at least 0.292 ms long)
underrun!!! (at least 0.770 ms long)
underrun!!! (at least 0.575 ms long)
underrun!!! (at least 0.326 ms long)
underrun!!! (at least 0.447 ms long)
underrun!!! (at least 0.262 ms long)
underrun!!! (at least 2.389 ms long)
overrun!!! (at least 2.913 ms long)
underrun!!! (at least 4.823 ms long)
underrun!!! (at least 0.914 ms long)
underrun!!! (at least 0.831 ms long)
underrun!!! (at least 0.367 ms long)
underrun!!! (at least 0.025 ms long)
underrun!!! (at least 0.152 ms long)
underrun!!! (at least 0.290 ms long)
underrun!!! (at least 0.291 ms long)
underrun!!! (at least 0.049 ms long)
underrun!!! (at least 0.011 ms long)
underrun!!! (at least 0.638 ms long)
overrun!!! (at least 0.762 ms long)
underrun!!! (at least 4.273 ms long)
underrun!!! (at least 0.374 ms long)
underrun!!! (at least 0.461 ms long)
underrun!!! (at least 1.150 ms long)
underrun!!! (at least 0.292 ms long)
underrun!!! (at least 0.766 ms long)
underrun!!! (at least 0.819 ms long)
overrun!!! (at least 1.022 ms long)
underrun!!! (at least 0.745 ms long)
overrun!!! (at least 0.296 ms long)
underrun!!! (at least 3.246 ms long)
overrun!!! (at least 1.239 ms long)
underrun!!! (at least 4.400 ms long)
overrun!!! (at least 0.488 ms long)
underrun!!! (at least 3.975 ms long)
underrun!!! (at least 0.359 ms long)
underrun!!! (at least 0.089 ms long)
underrun!!! (at least 0.069 ms long)
underrun!!! (at least 0.026 ms long)
underrun!!! (at least 1.583 ms long)
underrun!!! (at least 1.545 ms long)
underrun!!! (at least 0.850 ms long)
underrun!!! (at least 0.430 ms long)
underrun!!! (at least 0.388 ms long)
underrun!!! (at least 0.381 ms long)
underrun!!! (at least 0.383 ms long)
overrun!!! (at least 0.396 ms long)
underrun!!! (at least 0.287 ms long)
overrun!!! (at least 0.732 ms long)
underrun!!! (at least 4.521 ms long)
underrun!!! (at least 1.214 ms long)
overrun!!! (at least 0.216 ms long)
underrun!!! (at least 2.814 ms long)
overrun!!! (at least 1.133 ms long)
underrun!!! (at least 5.017 ms long)
overrun!!! (at least 0.813 ms long)
underrun!!! (at least 5.185 ms long)
underrun!!! (at least 2.942 ms long)
overrun!!! (at least 0.654 ms long)
overrun!!! (at least 0.572 ms long)
underrun!!! (at least 4.416 ms long)
underrun!!! (at least 1.846 ms long)
underrun!!! (at least 0.762 ms long)
overrun!!! (at least 0.500 ms long)
underrun!!! (at least 1.246 ms long)
overrun!!! (at least 1.856 ms long)
underrun!!! (at least 5.117 ms long)
underrun!!! (at least 0.580 ms long)
underrun!!! (at least 0.465 ms long)
underrun!!! (at least 1.199 ms long)
underrun!!! (at least 0.133 ms long)
underrun!!! (at least 0.117 ms long)
underrun!!! (at least 0.269 ms long)
overrun!!! (at least 0.631 ms long)
underrun!!! (at least 1.771 ms long)
overrun!!! (at least 0.457 ms long)
underrun!!! (at least 3.550 ms long)
underrun!!! (at least 1.608 ms long)
underrun!!! (at least 0.171 ms long)
underrun!!! (at least 0.031 ms long)
overrun!!! (at least 0.106 ms long)
underrun!!! (at least 3.617 ms long)
underrun!!! (at least 2.476 ms long)
underrun!!! (at least 1.221 ms long)
overrun!!! (at least 0.858 ms long)
underrun!!! (at least 4.255 ms long)
overrun!!! (at least 0.601 ms long)
underrun!!! (at least 2.884 ms long)
overrun!!! (at least 0.036 ms long)
underrun!!! (at least 4.863 ms long)
underrun!!! (at least 2.324 ms long)
overrun!!! (at least 0.011 ms long)
underrun!!! (at least 1.693 ms long)
underrun!!! (at least 0.753 ms long)
overrun!!! (at least 0.418 ms long)
underrun!!! (at least 2.008 ms long)
2026-08-09 22:14:04: Starting mic → UAC2 bridge: capture=plughw:CARD=S3,DEV=0 playback=hw:CARD=UAC2Gadget,DEV=0 rate=48000 buffer=512
Playing raw data 'stdin' : Signed 16 bit Little Endian, Rate 48000 Hz, Stereo
Recording raw data 'stdin' : Signed 16 bit Little Endian, Rate 48000 Hz, Stereo
underrun!!! (at least 1.449 ms long)
underrun!!! (at least 0.331 ms long)
underrun!!! (at least 0.696 ms long)
underrun!!! (at least 1.400 ms long)
underrun!!! (at least 2.867 ms long)
underrun!!! (at least 0.184 ms long)
underrun!!! (at least 0.125 ms long)
underrun!!! (at least 1.384 ms long)
underrun!!! (at least 0.885 ms long)
underrun!!! (at least 0.709 ms long)
underrun!!! (at least 1.942 ms long)
underrun!!! (at least 0.012 ms long)
underrun!!! (at least 1.352 ms long)
underrun!!! (at least 0.385 ms long)
underrun!!! (at least 1.252 ms long)
underrun!!! (at least 1.290 ms long)
underrun!!! (at least 2.457 ms long)
underrun!!! (at least 0.046 ms long)
underrun!!! (at least 0.206 ms long)
underrun!!! (at least 0.559 ms long)
underrun!!! (at least 0.482 ms long)
underrun!!! (at least 0.755 ms long)
underrun!!! (at least 0.071 ms long)
underrun!!! (at least 0.851 ms long)
underrun!!! (at least 0.706 ms long)
underrun!!! (at least 0.454 ms long)
underrun!!! (at least 3.611 ms long)
underrun!!! (at least 0.669 ms long)
underrun!!! (at least 2.202 ms long)
underrun!!! (at least 0.525 ms long)
underrun!!! (at least 0.942 ms long)
underrun!!! (at least 1.310 ms long)
underrun!!! (at least 1.121 ms long)
underrun!!! (at least 0.692 ms long)
underrun!!! (at least 1.640 ms long)
overrun!!! (at least 0.107 ms long)
underrun!!! (at least 13.523 ms long)
underrun!!! (at least 1.156 ms long)
underrun!!! (at least 0.073 ms long)
underrun!!! (at least 1.171 ms long)
underrun!!! (at least 0.234 ms long)
underrun!!! (at least 0.758 ms long)
underrun!!! (at least 0.545 ms long)
underrun!!! (at least 0.836 ms long)
underrun!!! (at least 0.856 ms long)
underrun!!! (at least 0.753 ms long)
underrun!!! (at least 1.509 ms long)
underrun!!! (at least 0.500 ms long)
underrun!!! (at least 1.223 ms long)
underrun!!! (at least 2.273 ms long)
underrun!!! (at least 0.406 ms long)
underrun!!! (at least 0.741 ms long)
underrun!!! (at least 0.370 ms long)
underrun!!! (at least 0.628 ms long)
underrun!!! (at least 2.057 ms long)
underrun!!! (at least 1.791 ms long)
underrun!!! (at least 0.391 ms long)
underrun!!! (at least 0.889 ms long)
underrun!!! (at least 0.814 ms long)
underrun!!! (at least 0.061 ms long)
underrun!!! (at least 1.001 ms long)
underrun!!! (at least 0.657 ms long)
underrun!!! (at least 0.306 ms long)
underrun!!! (at least 0.134 ms long)
underrun!!! (at least 1.150 ms long)
underrun!!! (at least 0.204 ms long)
underrun!!! (at least 0.921 ms long)
underrun!!! (at least 1.631 ms long)
underrun!!! (at least 1.748 ms long)
underrun!!! (at least 0.070 ms long)
underrun!!! (at least 0.014 ms long)
arecord: pcm_read:2272: read error: Input/output error
underrun!!! (at least 715.020 ms long)
2026-08-09 22:53:44: mic → UAC2 bridge stopped (exit 1)
2026-08-10 02:49:30: Starting mic → UAC2 bridge: capture=plughw:CARD=S3,DEV=0 playback=hw:CARD=UAC2Gadget,DEV=0 rate=48000 buffer=512
arecord: main:850: Playing raw data 'stdin' : audio open error: Device or resource busySigned 16 bit Little Endian, 
Rate 48000 Hz, Stereo
2026-08-10 02:49:30: mic → UAC2 bridge stopped (exit 1)
2026-08-10 02:49:31: Starting mic → UAC2 bridge: capture=plughw:CARD=S3,DEV=0 playback=hw:CARD=UAC2Gadget,DEV=0 rate=48000 buffer=512
Playing raw data 'stdin' : Signed 16 bit Little Endian, Rate 48000 Hz, Stereo
Recording raw data 'stdin' : Signed 16 bit Little Endian, Rate 48000 Hz, Stereo
2026-08-10 02:51:36: Starting mic → UAC2 bridge: capture=plughw:CARD=S3,DEV=0 playback=hw:CARD=UAC2Gadget,DEV=0 rate=48000 buffer=512
Playing raw data 'stdin' : Signed 16 bit Little Endian, Rate 48000 Hz, Stereo
Recording raw data 'stdin' : Signed 16 bit Little Endian, Rate 48000 Hz, Stereo
underrun!!! (at least 0.741 ms long)
underrun!!! (at least 0.655 ms long)
underrun!!! (at least 0.575 ms long)
underrun!!! (at least 0.417 ms long)
underrun!!! (at least 1.610 ms long)
underrun!!! (at least 1.013 ms long)
underrun!!! (at least 1.224 ms long)
underrun!!! (at least 2.513 ms long)
underrun!!! (at least 0.479 ms long)
underrun!!! (at least 0.425 ms long)
underrun!!! (at least 1.200 ms long)
underrun!!! (at least 1.088 ms long)
underrun!!! (at least 0.346 ms long)
underrun!!! (at least 0.548 ms long)
underrun!!! (at least 0.049 ms long)
underrun!!! (at least 1.035 ms long)
underrun!!! (at least 3.280 ms long)
underrun!!! (at least 0.867 ms long)
underrun!!! (at least 0.695 ms long)
underrun!!! (at least 2.289 ms long)
underrun!!! (at least 0.272 ms long)
underrun!!! (at least 0.909 ms long)
underrun!!! (at least 2.182 ms long)
underrun!!! (at least 1.262 ms long)
underrun!!! (at least 0.326 ms long)
underrun!!! (at least 0.200 ms long)
underrun!!! (at least 0.223 ms long)
underrun!!! (at least 0.776 ms long)
underrun!!! (at least 0.408 ms long)
underrun!!! (at least 1.278 ms long)
underrun!!! (at least 0.504 ms long)
underrun!!! (at least 0.789 ms long)
underrun!!! (at least 0.410 ms long)
underrun!!! (at least 0.275 ms long)
underrun!!! (at least 1.322 ms long)
underrun!!! (at least 3.582 ms long)
underrun!!! (at least 0.269 ms long)
underrun!!! (at least 0.097 ms long)
underrun!!! (at least 0.503 ms long)
underrun!!! (at least 0.562 ms long)
underrun!!! (at least 2.799 ms long)
underrun!!! (at least 3.025 ms long)
underrun!!! (at least 3.434 ms long)
underrun!!! (at least 0.588 ms long)
underrun!!! (at least 2.264 ms long)
underrun!!! (at least 0.209 ms long)
underrun!!! (at least 1.913 ms long)
underrun!!! (at least 2.182 ms long)
underrun!!! (at least 0.479 ms long)
underrun!!! (at least 1.137 ms long)
underrun!!! (at least 0.693 ms long)
underrun!!! (at least 0.267 ms long)
underrun!!! (at least 0.010 ms long)
underrun!!! (at least 0.639 ms long)
underrun!!! (at least 1.351 ms long)
overrun!!! (at least 3.396 ms long)
underrun!!! (at least 6.155 ms long)
underrun!!! (at least 2.203 ms long)
underrun!!! (at least 1.468 ms long)
underrun!!! (at least 0.364 ms long)
underrun!!! (at least 1.330 ms long)
underrun!!! (at least 0.830 ms long)
underrun!!! (at least 1.851 ms long)
underrun!!! (at least 0.127 ms long)
underrun!!! (at least 2.026 ms long)
underrun!!! (at least 0.328 ms long)
underrun!!! (at least 0.957 ms long)
underrun!!! (at least 1.112 ms long)
underrun!!! (at least 3.060 ms long)
underrun!!! (at least 2.806 ms long)
underrun!!! (at least 1.283 ms long)
underrun!!! (at least 0.267 ms long)
underrun!!! (at least 0.093 ms long)
underrun!!! (at least 0.941 ms long)
underrun!!! (at least 0.194 ms long)
underrun!!! (at least 0.037 ms long)
underrun!!! (at least 1.336 ms long)
underrun!!! (at least 1.956 ms long)
underrun!!! (at least 0.212 ms long)
underrun!!! (at least 0.106 ms long)
underrun!!! (at least 0.022 ms long)
underrun!!! (at least 1.533 ms long)
underrun!!! (at least 0.359 ms long)
underrun!!! (at least 0.021 ms long)
underrun!!! (at least 0.570 ms long)
underrun!!! (at least 0.013 ms long)
underrun!!! (at least 1.001 ms long)
underrun!!! (at least 0.301 ms long)
underrun!!! (at least 0.306 ms long)
underrun!!! (at least 0.639 ms long)
underrun!!! (at least 0.710 ms long)
underrun!!! (at least 0.166 ms long)
underrun!!! (at least 0.290 ms long)
underrun!!! (at least 0.489 ms long)
underrun!!! (at least 0.380 ms long)
underrun!!! (at least 1.916 ms long)
underrun!!! (at least 1.628 ms long)
underrun!!! (at least 1.057 ms long)
underrun!!! (at least 1.205 ms long)
underrun!!! (at least 1.288 ms long)
underrun!!! (at least 0.214 ms long)
underrun!!! (at least 5.688 ms long)
underrun!!! (at least 0.527 ms long)
underrun!!! (at least 1.039 ms long)
underrun!!! (at least 0.870 ms long)
underrun!!! (at least 1.015 ms long)
overrun!!! (at least 0.777 ms long)
underrun!!! (at least 5.591 ms long)
overrun!!! (at least 8.642 ms long)
underrun!!! (at least 16.413 ms long)
underrun!!! (at least 4.384 ms long)
underrun!!! (at least 7.015 ms long)
overrun!!! (at least 0.854 ms long)
underrun!!! (at least 0.886 ms long)
underrun!!! (at least 2.887 ms long)
underrun!!! (at least 1.506 ms long)
overrun!!! (at least 0.154 ms long)
underrun!!! (at least 6.317 ms long)
overrun!!! (at least 1.279 ms long)
underrun!!! (at least 6.676 ms long)
overrun!!! (at least 0.355 ms long)
overrun!!! (at least 0.636 ms long)
underrun!!! (at least 8.036 ms long)
overrun!!! (at least 0.651 ms long)
underrun!!! (at least 6.147 ms long)
underrun!!! (at least 1.658 ms long)
underrun!!! (at least 0.011 ms long)
underrun!!! (at least 0.652 ms long)
underrun!!! (at least 2.607 ms long)
underrun!!! (at least 0.601 ms long)
underrun!!! (at least 1.250 ms long)
underrun!!! (at least 2.020 ms long)
underrun!!! (at least 0.556 ms long)
underrun!!! (at least 1.202 ms long)
underrun!!! (at least 0.900 ms long)
underrun!!! (at least 0.603 ms long)
underrun!!! (at least 1.687 ms long)
underrun!!! (at least 0.799 ms long)
overrun!!! (at least 7.569 ms long)
underrun!!! (at least 13.713 ms long)
underrun!!! (at least 4.307 ms long)
underrun!!! (at least 8.693 ms long)
overrun!!! (at least 0.958 ms long)
overrun!!! (at least 0.928 ms long)
underrun!!! (at least 5.858 ms long)
underrun!!! (at least 1.827 ms long)
overrun!!! (at least 3.901 ms long)
overrun!!! (at least 3.214 ms long)
underrun!!! (at least 8.667 ms long)
underrun!!! (at least 5.641 ms long)
overrun!!! (at least 2.063 ms long)
overrun!!! (at least 4.564 ms long)
underrun!!! (at least 18.717 ms long)
overrun!!! (at least 1.373 ms long)
underrun!!! (at least 6.661 ms long)
underrun!!! (at least 0.214 ms long)
underrun!!! (at least 0.338 ms long)
underrun!!! (at least 1.238 ms long)
underrun!!! (at least 1.318 ms long)
underrun!!! (at least 0.262 ms long)
underrun!!! (at least 0.066 ms long)
underrun!!! (at least 0.575 ms long)
underrun!!! (at least 0.284 ms long)
underrun!!! (at least 1.658 ms long)
underrun!!! (at least 0.022 ms long)
underrun!!! (at least 0.653 ms long)
underrun!!! (at least 0.388 ms long)
underrun!!! (at least 1.903 ms long)
underrun!!! (at least 0.991 ms long)
underrun!!! (at least 2.733 ms long)
underrun!!! (at least 1.429 ms long)
underrun!!! (at least 0.059 ms long)
underrun!!! (at least 1.181 ms long)
underrun!!! (at least 0.470 ms long)
underrun!!! (at least 0.694 ms long)
underrun!!! (at least 1.061 ms long)
underrun!!! (at least 1.492 ms long)
underrun!!! (at least 1.422 ms long)
underrun!!! (at least 0.873 ms long)
underrun!!! (at least 2.094 ms long)
underrun!!! (at least 0.321 ms long)
underrun!!! (at least 0.232 ms long)
underrun!!! (at least 0.622 ms long)
underrun!!! (at least 3.646 ms long)
underrun!!! (at least 0.283 ms long)
underrun!!! (at least 0.735 ms long)
underrun!!! (at least 0.395 ms long)
underrun!!! (at least 2.371 ms long)
underrun!!! (at least 2.065 ms long)
underrun!!! (at least 1.614 ms long)
underrun!!! (at least 0.346 ms long)
underrun!!! (at least 2.516 ms long)
underrun!!! (at least 0.055 ms long)
underrun!!! (at least 0.501 ms long)
underrun!!! (at least 0.286 ms long)
underrun!!! (at least 1.441 ms long)
underrun!!! (at least 2.203 ms long)
underrun!!! (at least 0.271 ms long)
underrun!!! (at least 2.684 ms long)
underrun!!! (at least 0.570 ms long)
underrun!!! (at least 0.346 ms long)
underrun!!! (at least 0.884 ms long)
underrun!!! (at least 2.027 ms long)
underrun!!! (at least 0.778 ms long)
underrun!!! (at least 0.953 ms long)
underrun!!! (at least 1.164 ms long)
underrun!!! (at least 2.468 ms long)
underrun!!! (at least 0.604 ms long)
underrun!!! (at least 1.052 ms long)
underrun!!! (at least 0.355 ms long)
underrun!!! (at least 0.064 ms long)
underrun!!! (at least 2.522 ms long)
underrun!!! (at least 0.630 ms long)
underrun!!! (at least 0.414 ms long)
underrun!!! (at least 0.520 ms long)
underrun!!! (at least 0.386 ms long)
underrun!!! (at least 1.303 ms long)
underrun!!! (at least 2.100 ms long)
underrun!!! (at least 1.017 ms long)
underrun!!! (at least 0.462 ms long)
underrun!!! (at least 0.366 ms long)
underrun!!! (at least 1.687 ms long)
underrun!!! (at least 0.207 ms long)
underrun!!! (at least 0.066 ms long)
underrun!!! (at least 0.190 ms long)
underrun!!! (at least 2.372 ms long)
underrun!!! (at least 3.944 ms long)
underrun!!! (at least 0.062 ms long)
underrun!!! (at least 1.767 ms long)
underrun!!! (at least 0.303 ms long)
underrun!!! (at least 0.336 ms long)
underrun!!! (at least 1.625 ms long)
underrun!!! (at least 0.141 ms long)
underrun!!! (at least 0.744 ms long)
underrun!!! (at least 0.908 ms long)
underrun!!! (at least 2.225 ms long)
underrun!!! (at least 1.069 ms long)
underrun!!! (at least 0.975 ms long)
underrun!!! (at least 1.248 ms long)
underrun!!! (at least 0.122 ms long)
underrun!!! (at least 0.133 ms long)
underrun!!! (at least 0.465 ms long)
underrun!!! (at least 0.060 ms long)
underrun!!! (at least 0.802 ms long)
underrun!!! (at least 0.688 ms long)
underrun!!! (at least 2.241 ms long)
underrun!!! (at least 0.834 ms long)
underrun!!! (at least 0.966 ms long)
underrun!!! (at least 1.117 ms long)
underrun!!! (at least 0.056 ms long)
underrun!!! (at least 0.350 ms long)
underrun!!! (at least 1.716 ms long)
underrun!!! (at least 1.359 ms long)
underrun!!! (at least 0.278 ms long)
underrun!!! (at least 1.260 ms long)
underrun!!! (at least 0.536 ms long)
underrun!!! (at least 1.317 ms long)
underrun!!! (at least 1.053 ms long)
underrun!!! (at least 3.058 ms long)
underrun!!! (at least 1.722 ms long)
underrun!!! (at least 0.177 ms long)
underrun!!! (at least 1.719 ms long)
underrun!!! (at least 0.195 ms long)
underrun!!! (at least 1.393 ms long)
underrun!!! (at least 1.245 ms long)
underrun!!! (at least 1.861 ms long)
underrun!!! (at least 1.793 ms long)
underrun!!! (at least 0.212 ms long)
underrun!!! (at least 4.029 ms long)
underrun!!! (at least 0.046 ms long)
underrun!!! (at least 0.950 ms long)
underrun!!! (at least 1.338 ms long)
underrun!!! (at least 1.542 ms long)
underrun!!! (at least 1.409 ms long)
underrun!!! (at least 0.541 ms long)
underrun!!! (at least 1.159 ms long)
underrun!!! (at least 1.459 ms long)
underrun!!! (at least 2.495 ms long)
underrun!!! (at least 1.111 ms long)
underrun!!! (at least 0.019 ms long)
underrun!!! (at least 0.701 ms long)
underrun!!! (at least 0.101 ms long)
underrun!!! (at least 0.068 ms long)
underrun!!! (at least 0.308 ms long)
underrun!!! (at least 0.268 ms long)
underrun!!! (at least 0.336 ms long)
underrun!!! (at least 0.747 ms long)
underrun!!! (at least 0.543 ms long)
underrun!!! (at least 1.097 ms long)
underrun!!! (at least 0.522 ms long)
underrun!!! (at least 0.181 ms long)
underrun!!! (at least 0.035 ms long)
underrun!!! (at least 0.069 ms long)
underrun!!! (at least 1.109 ms long)
underrun!!! (at least 1.203 ms long)
underrun!!! (at least 0.253 ms long)
underrun!!! (at least 0.085 ms long)
underrun!!! (at least 0.871 ms long)
underrun!!! (at least 0.983 ms long)
underrun!!! (at least 1.371 ms long)
underrun!!! (at least 1.617 ms long)
underrun!!! (at least 2.110 ms long)
underrun!!! (at least 0.095 ms long)
underrun!!! (at least 2.209 ms long)
overrun!!! (at least 2.389 ms long)
underrun!!! (at least 6.394 ms long)
underrun!!! (at least 0.718 ms long)
underrun!!! (at least 1.809 ms long)
underrun!!! (at least 0.571 ms long)
underrun!!! (at least 0.352 ms long)
underrun!!! (at least 0.471 ms long)
underrun!!! (at least 0.198 ms long)
underrun!!! (at least 0.296 ms long)
underrun!!! (at least 0.480 ms long)
underrun!!! (at least 0.380 ms long)
underrun!!! (at least 0.960 ms long)
underrun!!! (at least 0.362 ms long)
underrun!!! (at least 0.176 ms long)
underrun!!! (at least 2.364 ms long)
underrun!!! (at least 0.227 ms long)
underrun!!! (at least 0.475 ms long)
underrun!!! (at least 1.310 ms long)
underrun!!! (at least 1.314 ms long)
underrun!!! (at least 0.493 ms long)
underrun!!! (at least 0.552 ms long)
underrun!!! (at least 1.386 ms long)
underrun!!! (at least 1.900 ms long)
overrun!!! (at least 32.203 ms long)
overrun!!! (at least 17.062 ms long)
overrun!!! (at least 21.985 ms long)
overrun!!! (at least 0.895 ms long)
overrun!!! (at least 4.970 ms long)
underrun!!! (at least 129.791 ms long)
overrun!!! (at least 0.134 ms long)
underrun!!! (at least 5.853 ms long)
overrun!!! (at least 7.912 ms long)
arecord: pcm_read:2272: read error: Input/output error
underrun!!! (at least 682.552 ms long)
2026-08-10 05:52:55: mic → UAC2 bridge stopped (exit 1)
2026-08-10 05:53:04: Starting mic → UAC2 bridge: capture=plughw:CARD=S3,DEV=0 playback=hw:CARD=UAC2Gadget,DEV=0 rate=48000 buffer=512
ALSA lib confmisc.c:165:(snd_config_get_card) Cannot get card index for S3
arecord: main:850: audio open error: No such device
Playing raw data 'stdin' : Signed 16 bit Little Endian, Rate 48000 Hz, Stereo
2026-08-10 05:53:04: mic → UAC2 bridge stopped (exit 1)
2026-08-10 05:53:06: Starting mic → UAC2 bridge: capture=plughw:CARD=S3,DEV=0 playback=hw:CARD=UAC2Gadget,DEV=0 rate=48000 buffer=512
Playing raw data 'stdin' : ALSA lib confmisc.c:165:(snd_config_get_card) Signed 16 bit Little Endian, Cannot get card index for S3Rate 48000 Hz, 
Stereo
arecord: main:850: audio open error: No such device
2026-08-10 05:53:06: mic → UAC2 bridge stopped (exit 1)
2026-08-10 05:53:07: Starting mic → UAC2 bridge: capture=plughw:CARD=S3,DEV=0 playback=hw:CARD=UAC2Gadget,DEV=0 rate=48000 buffer=512
ALSA lib confmisc.c:165:(snd_config_get_card) Cannot get card index for S3
arecord: main:850: audio open error: No such device
Playing raw data 'stdin' : Signed 16 bit Little Endian, Rate 48000 Hz, Stereo
2026-08-10 05:53:07: mic → UAC2 bridge stopped (exit 1)
2026-08-10 05:53:09: Starting mic → UAC2 bridge: capture=plughw:CARD=S3,DEV=0 playback=hw:CARD=UAC2Gadget,DEV=0 rate=48000 buffer=512
ALSA lib confmisc.c:165:(snd_config_get_card) Playing raw data 'stdin' : Cannot get card index for S3Signed 16 bit Little Endian, 
Rate 48000 Hz, Stereoarecord: main:850: 
audio open error: No such device
2026-08-10 05:53:09: mic → UAC2 bridge stopped (exit 1)
2026-08-10 05:53:10: Starting mic → UAC2 bridge: capture=plughw:CARD=S3,DEV=0 playback=hw:CARD=UAC2Gadget,DEV=0 rate=48000 buffer=512
ALSA lib confmisc.c:165:(snd_config_get_card) Cannot get card index for S3
arecord: main:850: Playing raw data 'stdin' : Signed 16 bit Little Endian, audio open error: No such deviceRate 48000 Hz, 
Stereo
2026-08-10 05:53:10: mic → UAC2 bridge stopped (exit 1)
2026-08-10 05:53:12: Starting mic → UAC2 bridge: capture=plughw:CARD=S3,DEV=0 playback=hw:CARD=UAC2Gadget,DEV=0 rate=48000 buffer=512
Playing raw data 'stdin' : ALSA lib confmisc.c:165:(snd_config_get_card) Signed 16 bit Little Endian, Cannot get card index for S3Rate 48000 Hz, 
Stereo
arecord: main:850: audio open error: No such device
2026-08-10 05:53:12: mic → UAC2 bridge stopped (exit 1)
2026-08-10 05:53:14: Starting mic → UAC2 bridge: capture=plughw:CARD=S3,DEV=0 playback=hw:CARD=UAC2Gadget,DEV=0 rate=48000 buffer=512
Playing raw data 'stdin' : Signed 16 bit Little Endian, Rate 48000 Hz, Stereo
ALSA lib confmisc.c:165:(snd_config_get_card) Cannot get card index for S3
arecord: main:850: audio open error: No such device
2026-08-10 05:53:14: mic → UAC2 bridge stopped (exit 1)
2026-08-10 19:06:56: Starting mic → UAC2 bridge: capture=plughw:CARD=S3,DEV=0 playback=hw:CARD=UAC2Gadget,DEV=0 rate=48000 buffer=512
Playing raw data 'stdin' : Signed 16 bit Little Endian, Rate 48000 Hz, Stereo
Recording raw data 'stdin' : Signed 16 bit Little Endian, Rate 48000 Hz, Stereo
underrun!!! (at least 1.626 ms long)
underrun!!! (at least 2.630 ms long)
underrun!!! (at least 0.527 ms long)
underrun!!! (at least 1.077 ms long)
underrun!!! (at least 0.062 ms long)
underrun!!! (at least 1.026 ms long)
underrun!!! (at least 0.340 ms long)
underrun!!! (at least 0.220 ms long)
underrun!!! (at least 1.415 ms long)
underrun!!! (at least 0.126 ms long)
underrun!!! (at least 0.662 ms long)
underrun!!! (at least 1.067 ms long)
underrun!!! (at least 0.416 ms long)
overrun!!! (at least 0.707 ms long)
underrun!!! (at least 8.501 ms long)
underrun!!! (at least 0.294 ms long)
underrun!!! (at least 2.922 ms long)
underrun!!! (at least 2.511 ms long)
underrun!!! (at least 0.062 ms long)
underrun!!! (at least 1.584 ms long)
underrun!!! (at least 1.269 ms long)
underrun!!! (at least 0.796 ms long)
underrun!!! (at least 0.562 ms long)
underrun!!! (at least 0.822 ms long)
underrun!!! (at least 0.487 ms long)
underrun!!! (at least 2.682 ms long)
underrun!!! (at least 0.115 ms long)
underrun!!! (at least 1.642 ms long)
underrun!!! (at least 0.368 ms long)
underrun!!! (at least 1.944 ms long)
underrun!!! (at least 1.292 ms long)
underrun!!! (at least 0.195 ms long)
underrun!!! (at least 0.017 ms long)
underrun!!! (at least 1.585 ms long)
underrun!!! (at least 0.035 ms long)
underrun!!! (at least 1.405 ms long)
underrun!!! (at least 0.642 ms long)
underrun!!! (at least 2.321 ms long)
underrun!!! (at least 0.388 ms long)
underrun!!! (at least 0.179 ms long)
underrun!!! (at least 0.422 ms long)
underrun!!! (at least 3.154 ms long)
underrun!!! (at least 0.087 ms long)
underrun!!! (at least 1.363 ms long)
underrun!!! (at least 0.675 ms long)
underrun!!! (at least 0.216 ms long)
underrun!!! (at least 1.367 ms long)
underrun!!! (at least 0.384 ms long)
underrun!!! (at least 0.539 ms long)
underrun!!! (at least 0.577 ms long)
underrun!!! (at least 2.962 ms long)
underrun!!! (at least 0.076 ms long)
underrun!!! (at least 1.155 ms long)
underrun!!! (at least 0.793 ms long)
underrun!!! (at least 1.183 ms long)
underrun!!! (at least 0.745 ms long)
underrun!!! (at least 1.035 ms long)
underrun!!! (at least 0.024 ms long)
underrun!!! (at least 0.102 ms long)
underrun!!! (at least 0.330 ms long)
underrun!!! (at least 0.401 ms long)
underrun!!! (at least 0.329 ms long)
underrun!!! (at least 0.854 ms long)
underrun!!! (at least 0.607 ms long)
underrun!!! (at least 0.773 ms long)
underrun!!! (at least 0.455 ms long)
underrun!!! (at least 0.139 ms long)
underrun!!! (at least 1.119 ms long)
underrun!!! (at least 1.253 ms long)
underrun!!! (at least 0.157 ms long)
underrun!!! (at least 2.651 ms long)
underrun!!! (at least 0.446 ms long)
underrun!!! (at least 3.156 ms long)
underrun!!! (at least 1.500 ms long)
underrun!!! (at least 0.160 ms long)
underrun!!! (at least 0.072 ms long)
underrun!!! (at least 0.572 ms long)
underrun!!! (at least 0.330 ms long)
underrun!!! (at least 2.593 ms long)
underrun!!! (at least 0.605 ms long)
underrun!!! (at least 0.172 ms long)
underrun!!! (at least 0.178 ms long)
underrun!!! (at least 1.164 ms long)
underrun!!! (at least 2.438 ms long)
underrun!!! (at least 1.309 ms long)
underrun!!! (at least 1.177 ms long)
underrun!!! (at least 0.690 ms long)
underrun!!! (at least 0.404 ms long)
underrun!!! (at least 0.150 ms long)
underrun!!! (at least 0.288 ms long)
underrun!!! (at least 0.183 ms long)
underrun!!! (at least 1.192 ms long)
underrun!!! (at least 1.749 ms long)
underrun!!! (at least 0.501 ms long)
underrun!!! (at least 0.309 ms long)
underrun!!! (at least 0.902 ms long)
underrun!!! (at least 1.182 ms long)
underrun!!! (at least 0.802 ms long)
underrun!!! (at least 1.259 ms long)
underrun!!! (at least 0.732 ms long)
underrun!!! (at least 1.286 ms long)
underrun!!! (at least 0.265 ms long)
underrun!!! (at least 0.054 ms long)
underrun!!! (at least 0.389 ms long)
underrun!!! (at least 0.112 ms long)
underrun!!! (at least 1.165 ms long)
underrun!!! (at least 0.843 ms long)
underrun!!! (at least 1.818 ms long)
overrun!!! (at least 0.112 ms long)
underrun!!! (at least 13.233 ms long)
underrun!!! (at least 3.130 ms long)
underrun!!! (at least 1.233 ms long)
underrun!!! (at least 0.340 ms long)
underrun!!! (at least 0.093 ms long)
underrun!!! (at least 0.421 ms long)
underrun!!! (at least 0.290 ms long)
underrun!!! (at least 0.042 ms long)
underrun!!! (at least 0.149 ms long)
underrun!!! (at least 0.595 ms long)
underrun!!! (at least 0.320 ms long)
underrun!!! (at least 0.955 ms long)
underrun!!! (at least 0.910 ms long)
underrun!!! (at least 0.703 ms long)
underrun!!! (at least 0.173 ms long)
underrun!!! (at least 0.995 ms long)
underrun!!! (at least 1.273 ms long)
underrun!!! (at least 0.078 ms long)
underrun!!! (at least 0.834 ms long)
underrun!!! (at least 0.220 ms long)
underrun!!! (at least 0.446 ms long)
underrun!!! (at least 0.011 ms long)
underrun!!! (at least 0.615 ms long)
underrun!!! (at least 0.959 ms long)
underrun!!! (at least 0.548 ms long)
underrun!!! (at least 0.486 ms long)
underrun!!! (at least 0.304 ms long)
underrun!!! (at least 0.034 ms long)
underrun!!! (at least 1.075 ms long)
underrun!!! (at least 1.512 ms long)
underrun!!! (at least 0.556 ms long)
underrun!!! (at least 0.419 ms long)
underrun!!! (at least 0.656 ms long)
underrun!!! (at least 1.531 ms long)
underrun!!! (at least 0.041 ms long)
underrun!!! (at least 1.387 ms long)
underrun!!! (at least 0.124 ms long)
underrun!!! (at least 0.780 ms long)
underrun!!! (at least 0.093 ms long)
underrun!!! (at least 4.022 ms long)
underrun!!! (at least 0.353 ms long)
underrun!!! (at least 0.938 ms long)
underrun!!! (at least 0.948 ms long)
underrun!!! (at least 0.140 ms long)
underrun!!! (at least 0.145 ms long)
underrun!!! (at least 0.128 ms long)
overrun!!! (at least 0.283 ms long)
underrun!!! (at least 6.362 ms long)
underrun!!! (at least 0.961 ms long)
underrun!!! (at least 0.021 ms long)
underrun!!! (at least 0.452 ms long)
underrun!!! (at least 0.865 ms long)
underrun!!! (at least 0.825 ms long)
underrun!!! (at least 0.378 ms long)
underrun!!! (at least 0.620 ms long)
underrun!!! (at least 0.574 ms long)
underrun!!! (at least 1.195 ms long)
underrun!!! (at least 1.823 ms long)
underrun!!! (at least 1.283 ms long)
underrun!!! (at least 1.043 ms long)
underrun!!! (at least 2.155 ms long)
underrun!!! (at least 2.972 ms long)
underrun!!! (at least 1.161 ms long)
underrun!!! (at least 2.248 ms long)
underrun!!! (at least 3.695 ms long)
overrun!!! (at least 0.625 ms long)
underrun!!! (at least 5.943 ms long)
overrun!!! (at least 0.104 ms long)
underrun!!! (at least 6.745 ms long)
underrun!!! (at least 3.947 ms long)
underrun!!! (at least 0.120 ms long)
underrun!!! (at least 1.000 ms long)
underrun!!! (at least 0.352 ms long)
underrun!!! (at least 0.758 ms long)
underrun!!! (at least 1.232 ms long)
underrun!!! (at least 0.267 ms long)
underrun!!! (at least 0.280 ms long)
underrun!!! (at least 0.878 ms long)
underrun!!! (at least 2.028 ms long)
underrun!!! (at least 0.388 ms long)
underrun!!! (at least 1.194 ms long)
underrun!!! (at least 0.719 ms long)
underrun!!! (at least 1.556 ms long)
underrun!!! (at least 0.489 ms long)
underrun!!! (at least 0.668 ms long)
underrun!!! (at least 2.087 ms long)
underrun!!! (at least 1.197 ms long)
underrun!!! (at least 0.878 ms long)
underrun!!! (at least 0.618 ms long)
underrun!!! (at least 1.543 ms long)
underrun!!! (at least 0.186 ms long)
underrun!!! (at least 0.822 ms long)
underrun!!! (at least 0.019 ms long)
underrun!!! (at least 2.268 ms long)
underrun!!! (at least 0.347 ms long)
underrun!!! (at least 0.168 ms long)
underrun!!! (at least 1.088 ms long)
underrun!!! (at least 0.794 ms long)
underrun!!! (at least 1.349 ms long)
underrun!!! (at least 1.330 ms long)
underrun!!! (at least 0.090 ms long)
underrun!!! (at least 0.833 ms long)
underrun!!! (at least 0.742 ms long)
underrun!!! (at least 0.036 ms long)
underrun!!! (at least 0.331 ms long)
underrun!!! (at least 0.223 ms long)
underrun!!! (at least 0.031 ms long)
underrun!!! (at least 0.574 ms long)
underrun!!! (at least 2.582 ms long)
underrun!!! (at least 0.101 ms long)
underrun!!! (at least 0.516 ms long)
underrun!!! (at least 2.574 ms long)
underrun!!! (at least 1.036 ms long)
underrun!!! (at least 1.099 ms long)
underrun!!! (at least 0.264 ms long)
underrun!!! (at least 0.260 ms long)
underrun!!! (at least 0.395 ms long)
underrun!!! (at least 1.321 ms long)
underrun!!! (at least 0.102 ms long)
underrun!!! (at least 2.686 ms long)
underrun!!! (at least 1.318 ms long)
underrun!!! (at least 0.151 ms long)
underrun!!! (at least 2.980 ms long)
underrun!!! (at least 0.011 ms long)
underrun!!! (at least 0.365 ms long)
underrun!!! (at least 1.040 ms long)
underrun!!! (at least 0.339 ms long)
underrun!!! (at least 0.370 ms long)
underrun!!! (at least 0.046 ms long)
underrun!!! (at least 2.414 ms long)
underrun!!! (at least 0.633 ms long)
underrun!!! (at least 1.514 ms long)
underrun!!! (at least 0.011 ms long)
underrun!!! (at least 0.016 ms long)
underrun!!! (at least 0.774 ms long)
underrun!!! (at least 0.161 ms long)
underrun!!! (at least 0.906 ms long)
underrun!!! (at least 0.493 ms long)
underrun!!! (at least 1.748 ms long)
underrun!!! (at least 0.050 ms long)
underrun!!! (at least 0.177 ms long)
underrun!!! (at least 0.050 ms long)
underrun!!! (at least 0.352 ms long)
underrun!!! (at least 3.438 ms long)
underrun!!! (at least 1.494 ms long)
underrun!!! (at least 1.916 ms long)
underrun!!! (at least 0.595 ms long)
underrun!!! (at least 0.914 ms long)
underrun!!! (at least 2.356 ms long)
underrun!!! (at least 0.294 ms long)
underrun!!! (at least 1.119 ms long)
underrun!!! (at least 0.172 ms long)
underrun!!! (at least 0.712 ms long)
underrun!!! (at least 0.990 ms long)
underrun!!! (at least 0.696 ms long)
underrun!!! (at least 0.533 ms long)
underrun!!! (at least 0.611 ms long)
underrun!!! (at least 0.071 ms long)
underrun!!! (at least 0.140 ms long)
underrun!!! (at least 0.353 ms long)
underrun!!! (at least 0.076 ms long)
underrun!!! (at least 1.082 ms long)
underrun!!! (at least 0.165 ms long)
underrun!!! (at least 0.011 ms long)
underrun!!! (at least 0.663 ms long)
underrun!!! (at least 5.369 ms long)
underrun!!! (at least 0.011 ms long)
underrun!!! (at least 2.232 ms long)
underrun!!! (at least 1.717 ms long)
underrun!!! (at least 1.796 ms long)
underrun!!! (at least 0.231 ms long)
underrun!!! (at least 0.688 ms long)
underrun!!! (at least 0.585 ms long)
underrun!!! (at least 1.232 ms long)
underrun!!! (at least 0.058 ms long)
underrun!!! (at least 0.079 ms long)
underrun!!! (at least 1.761 ms long)
underrun!!! (at least 0.302 ms long)
underrun!!! (at least 1.308 ms long)
underrun!!! (at least 1.931 ms long)
underrun!!! (at least 0.234 ms long)
underrun!!! (at least 0.661 ms long)
underrun!!! (at least 3.307 ms long)
underrun!!! (at least 1.833 ms long)
underrun!!! (at least 0.659 ms long)
underrun!!! (at least 0.189 ms long)
underrun!!! (at least 0.456 ms long)
underrun!!! (at least 0.333 ms long)
underrun!!! (at least 2.146 ms long)
underrun!!! (at least 1.013 ms long)
underrun!!! (at least 1.494 ms long)
underrun!!! (at least 0.589 ms long)
underrun!!! (at least 0.127 ms long)
underrun!!! (at least 0.877 ms long)
underrun!!! (at least 1.251 ms long)
underrun!!! (at least 1.119 ms long)
underrun!!! (at least 1.748 ms long)
underrun!!! (at least 0.888 ms long)
overrun!!! (at least 1.768 ms long)
overrun!!! (at least 3.749 ms long)
underrun!!! (at least 13.328 ms long)
underrun!!! (at least 0.116 ms long)
underrun!!! (at least 0.618 ms long)
underrun!!! (at least 1.174 ms long)
underrun!!! (at least 0.865 ms long)
underrun!!! (at least 0.253 ms long)
underrun!!! (at least 1.925 ms long)
underrun!!! (at least 0.909 ms long)
overrun!!! (at least 0.288 ms long)
underrun!!! (at least 6.305 ms long)
underrun!!! (at least 0.091 ms long)
underrun!!! (at least 0.538 ms long)
underrun!!! (at least 0.054 ms long)
underrun!!! (at least 0.058 ms long)
underrun!!! (at least 1.180 ms long)
underrun!!! (at least 1.231 ms long)
underrun!!! (at least 1.035 ms long)
underrun!!! (at least 0.672 ms long)
underrun!!! (at least 0.548 ms long)
underrun!!! (at least 0.706 ms long)
underrun!!! (at least 0.141 ms long)
underrun!!! (at least 1.734 ms long)
underrun!!! (at least 4.487 ms long)
underrun!!! (at least 1.081 ms long)
underrun!!! (at least 0.829 ms long)
underrun!!! (at least 0.325 ms long)
underrun!!! (at least 0.694 ms long)
underrun!!! (at least 3.576 ms long)
underrun!!! (at least 1.138 ms long)
underrun!!! (at least 1.917 ms long)
underrun!!! (at least 0.974 ms long)
arecord: pcm_read:2272: read error: Input/output error
underrun!!! (at least 465.280 ms long)
2026-08-10 22:03:04: mic → UAC2 bridge stopped (exit 1)
2026-08-10 22:03:05: Profile is usb-host — bridge not started
