
=== measure-latency-run buffer=256 periods=3 condition=A runs=2 seconds=60 2026-08-21T19:47:26-04:00 ===
SENTINEL harness-start
Applied buffer=256
jackd period=256 ok
jackd periods=3 ok
condition A units:
  sooperlooper=inactive session=inactive watchdog=inactive
jackd period=256 ok
jackd periods=3 ok
=== provenance after strict restart ===
=== provenance 2026-08-21T19:47:59-04:00 ===
e0d8574 Merge pull request #91 from MitchSchwartz/yolo/shutdown-timeout-fix
 M scripts/detect-jack-device.sh
?? native/mpe-xrun-probe/--help
?? tests/fixtures/sooperlooper-loops/loop00.wav
?? tests/fixtures/sooperlooper-loops/loop01.wav
?? tests/fixtures/sooperlooper-loops/loop02.wav
?? tests/fixtures/sooperlooper-loops/loop03.wav
?? tests/fixtures/sooperlooper-loops/loop04.wav
?? tests/fixtures/sooperlooper-loops/loop05.wav
?? tests/fixtures/sooperlooper-loops/loop06.wav
?? tests/fixtures/sooperlooper-loops/loop07.wav
?? tests/fixtures/sooperlooper-loops/loop08.wav
?? tests/fixtures/sooperlooper-loops/loop09.wav
?? tests/fixtures/sooperlooper-loops/loop10.wav
?? tests/fixtures/sooperlooper-loops/loop11.wav
?? tests/fixtures/sooperlooper-loops/loop12.wav
?? tests/fixtures/sooperlooper-loops/loop13.wav
?? tests/fixtures/sooperlooper-loops/loop14.wav
?? tests/fixtures/sooperlooper-loops/loop15.wav
6.18.34+rpt-rpi-v8
coherent_pool=1M 8250.nr_uarts=0 snd_bcm2835.enable_headphones=0 cgroup_disable=memory numa_policy=interleave nvme.max_host_mem_size_mb=32 snd_bcm2835.enable_headphones=1 snd_bcm2835.enable_hdmi=1 snd_bcm2835.enable_hdmi=0  numa=fake=2 system_heap.max_order=0 iommu_dma_numa_policy=interleave smsc95xx.macaddr=2C:CF:67:59:7C:41 vc_mem.mem_base=0x3ec00000 vc_mem.mem_size=0x40000000  console=ttyS0,115200 console=tty1 root=PARTUUID=ed7e095b-02 rootfstype=ext4 fsck.repair=yes rootwait cfg80211.ieee80211_regdom=CA irqaffinity=0,1 video=HDMI-A-1:d video=HDMI-A-2:d

governor cpufreq=performance
jackd -R -P70 -d alsa -P hw:6 -r 48000 -p 256 -n 3
=== run A-b256-p3-l0-run1 ===
RESULT tag=A-b256-p3-l0-run1 xruns=38 meter_live=1 meter_max_age_s=0 dsp_median=44.058167 dsp_p99=76.249489 dsp_max=83.743698
RESULT tag=A-b256-p3-l0-run1 jitter_n=12814 jitter_median_usec=-315 jitter_p99_usec=820 jitter_p99_9_usec=1011 jitter_max_usec=1565
RESULT tag=A-b256-p3-l0-run1 frames_late_p99_usec=312 frames_late_max_usec=562
RESULT tag=A-b256-p3-l0-run1 delay_events=0 delay_nonzero=0 (legacy, ignore)
RESULT tag=A-b256-p3-l0-run1 samples=60 temp=62.8'C throttled=0x0
RESULT tag=A-b256-p3-l0-run1 file=/tmp/latency-A-b256-p3-l0-run1-1787356079.out xrun_events=/tmp/latency-A-b256-p3-l0-run1-1787356079.xruns
SENTINEL run-complete tag=A-b256-p3-l0-run1 xruns=38
     t     dsp%    xruns   delta
     1 52.204998       21       2
     2 44.407196       21       0
     3 33.006889       21       0
     4 51.121376       21       0
     5 83.743698       23       2
     6 57.447746       23       0
     7 56.664486       25       2
     8 39.108765       25       0
     9 35.771183       25       0
    10 25.129112       25       0
    11 21.151361       25       0
    12 29.915150       25       0
    13 32.850113       25       0
    14 44.973190       27       2
    15 65.863617       27       0
    16 70.795486       31       4
    17 50.282162       31       0
    18 40.609631       31       0
    19 52.562382       31       0
    20 61.221741       33       2
    21 42.713985       33       0
    22 23.815144       33       0
    23 24.435432       33       0
    24 46.493614       33       0
    25 45.959854       33       0
    26 40.593075       33       0
    27 39.874607       33       0
    28 50.402130       33       0
    29 65.629967       36       3
    30 63.972275       40       4
    31 61.188969       40       0
    32 43.663631       40       0
    33 34.616592       40       0
    34 25.007353       40       0
    35 29.690264       40       0
    36 33.189392       40       0
    37 41.881321       40       0
    38 64.009918       40       0
    39 76.249489       51      11
    40 52.769424       51       0
    41 39.489441       51       0
    42 49.897446       51       0
    43 61.687263       53       2
    44 44.517498       53       0
    45 26.872515       53       0
    46 22.229839       53       0
    47 46.301189       53       0
    48 44.319935       53       0
    49 34.993961       53       0
    50 38.916073       53       0
    51 47.196342       53       0
    52 63.343502       55       2
    53 64.401810       55       0
    54 69.938225       57       2
    55 44.058167       57       0
    56 37.611225       57       0
    57 25.772549       57       0
    58 21.808037       57       0
    59 30.273193       57       0
    60 31.711006       57       0
--- xrun delays (probe) ---
PROBE_START client=mpe-xrun-probe buffer_frames=256 sample_rate=48000 expected_period_us=5333
JITTER_SUMMARY expected_period_us=5333 n=12814 median_usec=-315 p99_usec=820 p99_9_usec=1011 max_usec=1565
FRAMES_LATE_SUMMARY expected_period_us=5333 n=12814 median_usec=104 p99_usec=312 p99_9_usec=358 max_usec=562
XRUN_COUNT 58
PROBE_END
=== run A-b256-p3-l0-run2 ===
RESULT tag=A-b256-p3-l0-run2 xruns=42 meter_live=1 meter_max_age_s=0 dsp_median=44.174526 dsp_p99=82.801201 dsp_max=87.169159
RESULT tag=A-b256-p3-l0-run2 jitter_n=12870 jitter_median_usec=-313 jitter_p99_usec=814 jitter_p99_9_usec=1001 jitter_max_usec=1590
RESULT tag=A-b256-p3-l0-run2 frames_late_p99_usec=292 frames_late_max_usec=479
RESULT tag=A-b256-p3-l0-run2 delay_events=0 delay_nonzero=0 (legacy, ignore)
RESULT tag=A-b256-p3-l0-run2 samples=60 temp=63.7'C throttled=0x0
RESULT tag=A-b256-p3-l0-run2 file=/tmp/latency-A-b256-p3-l0-run2-1787356166.out xrun_events=/tmp/latency-A-b256-p3-l0-run2-1787356166.xruns
SENTINEL run-complete tag=A-b256-p3-l0-run2 xruns=42
     t     dsp%    xruns   delta
     1 49.487675       93       4
     2 49.560863       93       0
     3 37.961792       93       0
     4 53.017754       93       0
     5 82.801201       97       4
     6 58.434158       97       0
     7 56.250381       99       2
     8 38.402641       99       0
     9 35.118607       99       0
    10 23.695879       99       0
    11 24.668253       99       0
    12 30.208887       99       0
    13 32.281033       99       0
    14 47.522076       99       0
    15 66.377785      103       4
    16 73.695305      110       7
    17 55.147884      110       0
    18 39.230099      110       0
    19 52.710175      110       0
    20 78.373756      110       0
    21 40.802162      110       0
    22 23.808416      110       0
    23 28.128721      110       0
    24 46.851036      112       2
    25 47.858135      112       0
    26 37.686714      112       0
    27 40.450916      112       0
    28 52.643990      112       0
    29 81.855164      113       1
    30 58.850357      115       2
    31 60.673805      115       0
    32 37.710930      115       0
    33 23.320633      115       0
    34 24.552809      115       0
    35 29.694649      115       0
    36 31.805096      115       0
    37 42.332623      115       0
    38 64.218842      115       0
    39 75.792175      121       6
    40 53.839302      123       2
    41 39.451954      123       0
    42 53.623363      123       0
    43 80.095261      127       4
    44 44.174526      127       0
    45 32.156746      127       0
    46 21.082447      127       0
    47 46.481319      127       0
    48 44.763107      127       0
    49 36.692883      127       0
    50 38.772102      127       0
    51 45.794296      127       0
    52 62.710426      129       2
    53 67.800240      131       2
    54 87.169159      131       0
    55 44.772156      131       0
    56 35.305439      131       0
    57 24.802774      131       0
    58 22.500154      131       0
    59 30.436628      131       0
    60 31.424089      131       0
--- xrun delays (probe) ---
PROBE_START client=mpe-xrun-probe buffer_frames=256 sample_rate=48000 expected_period_us=5333
JITTER_SUMMARY expected_period_us=5333 n=12870 median_usec=-313 p99_usec=814 p99_9_usec=1001 max_usec=1590
FRAMES_LATE_SUMMARY expected_period_us=5333 n=12870 median_usec=104 p99_usec=292 p99_9_usec=375 max_usec=479
XRUN_COUNT 80
PROBE_END
=== restore buffer 256 periods 3 ===
skip restore (--no-restore-buffer)
done commit=e0d8574 log=/home/mitch/scarlett-256-A-streams-stream-02.log
SENTINEL harness-end

