=== measure-stream-sample 2026-08-21T19:43:56-04:00 ===
buffer=256 periods=default condition=A
streams=10 runs_per_stream=2 seconds=60
playing_loops=0
SENTINEL stream-sample-start
=== stream 1/10 -> /home/mitch/scarlett-256-A-streams-stream-01.log 2026-08-21T19:43:56-04:00 ===
stream=1 log=/home/mitch/scarlett-256-A-streams-stream-01.log
=== stream 2/10 -> /home/mitch/scarlett-256-A-streams-stream-02.log 2026-08-21T19:47:26-04:00 ===
stream=2 log=/home/mitch/scarlett-256-A-streams-stream-02.log
=== stream 3/10 -> /home/mitch/scarlett-256-A-streams-stream-03.log 2026-08-21T19:50:55-04:00 ===
stream=3 log=/home/mitch/scarlett-256-A-streams-stream-03.log
=== stream 4/10 -> /home/mitch/scarlett-256-A-streams-stream-04.log 2026-08-21T19:54:22-04:00 ===
stream=4 log=/home/mitch/scarlett-256-A-streams-stream-04.log
=== stream 5/10 -> /home/mitch/scarlett-256-A-streams-stream-05.log 2026-08-21T19:57:49-04:00 ===
stream=5 log=/home/mitch/scarlett-256-A-streams-stream-05.log
=== stream 6/10 -> /home/mitch/scarlett-256-A-streams-stream-06.log 2026-08-21T20:01:17-04:00 ===
stream=6 log=/home/mitch/scarlett-256-A-streams-stream-06.log
=== stream 7/10 -> /home/mitch/scarlett-256-A-streams-stream-07.log 2026-08-21T20:04:44-04:00 ===
stream=7 log=/home/mitch/scarlett-256-A-streams-stream-07.log
=== stream 8/10 -> /home/mitch/scarlett-256-A-streams-stream-08.log 2026-08-21T20:08:12-04:00 ===
stream=8 log=/home/mitch/scarlett-256-A-streams-stream-08.log
=== stream 9/10 -> /home/mitch/scarlett-256-A-streams-stream-09.log 2026-08-21T20:11:39-04:00 ===
stream=9 log=/home/mitch/scarlett-256-A-streams-stream-09.log
=== stream 10/10 -> /home/mitch/scarlett-256-A-streams-stream-10.log 2026-08-21T20:15:07-04:00 ===
stream=10 log=/home/mitch/scarlett-256-A-streams-stream-10.log
=== restore shipping buffer 1024×3 ===
SENTINEL stream-sample-complete 2026-08-21T20:18:36-04:00
