
=== measure-latency-run buffer=256 periods=3 condition=A runs=3 seconds=60 2026-08-21T21:23:33-04:00 ===
SENTINEL harness-start
Applied buffer=256
jackd period=256 ok
jackd periods=3 ok
condition A units:
  sooperlooper=inactive session=inactive watchdog=inactive
jackd period=256 ok
jackd periods=3 ok
=== provenance after strict restart ===
=== provenance 2026-08-21T21:24:04-04:00 ===
e0d8574 Merge pull request #91 from MitchSchwartz/yolo/shutdown-timeout-fix
 M scripts/detect-jack-device.sh
?? native/mpe-xrun-probe/--help
?? tests/fixtures/sooperlooper-loops/loop00.wav
?? tests/fixtures/sooperlooper-loops/loop01.wav
?? tests/fixtures/sooperlooper-loops/loop02.wav
?? tests/fixtures/sooperlooper-loops/loop03.wav
?? tests/fixtures/sooperlooper-loops/loop04.wav
?? tests/fixtures/sooperlooper-loops/loop05.wav
?? tests/fixtures/sooperlooper-loops/loop06.wav
?? tests/fixtures/sooperlooper-loops/loop07.wav
?? tests/fixtures/sooperlooper-loops/loop08.wav
?? tests/fixtures/sooperlooper-loops/loop09.wav
?? tests/fixtures/sooperlooper-loops/loop10.wav
?? tests/fixtures/sooperlooper-loops/loop11.wav
?? tests/fixtures/sooperlooper-loops/loop12.wav
?? tests/fixtures/sooperlooper-loops/loop13.wav
?? tests/fixtures/sooperlooper-loops/loop14.wav
?? tests/fixtures/sooperlooper-loops/loop15.wav
6.18.34+rpt-rpi-v8
coherent_pool=1M 8250.nr_uarts=0 snd_bcm2835.enable_headphones=0 cgroup_disable=memory numa_policy=interleave nvme.max_host_mem_size_mb=32 snd_bcm2835.enable_headphones=1 snd_bcm2835.enable_hdmi=1 snd_bcm2835.enable_hdmi=0  numa=fake=2 system_heap.max_order=0 iommu_dma_numa_policy=interleave smsc95xx.macaddr=2C:CF:67:59:7C:41 vc_mem.mem_base=0x3ec00000 vc_mem.mem_size=0x40000000  console=ttyS0,115200 console=tty1 root=PARTUUID=ed7e095b-02 rootfstype=ext4 fsck.repair=yes rootwait cfg80211.ieee80211_regdom=CA irqaffinity=0,1 video=HDMI-A-1:d video=HDMI-A-2:d threadirqs

governor cpufreq=performance
jackd -R -P70 -d alsa -P hw:2 -r 48000 -p 256 -n 3
=== run A-b256-p3-l0-run1 ===
RESULT tag=A-b256-p3-l0-run1 xruns=20 meter_live=1 meter_max_age_s=0 dsp_median=37.298332 dsp_p99=61.588898 dsp_max=87.924637
RESULT tag=A-b256-p3-l0-run1 jitter_n=12761 jitter_median_usec=-318 jitter_p99_usec=817 jitter_p99_9_usec=981 jitter_max_usec=1103
RESULT tag=A-b256-p3-l0-run1 frames_late_p99_usec=292 frames_late_max_usec=479
RESULT tag=A-b256-p3-l0-run1 delay_events=0 delay_nonzero=0 (legacy, ignore)
RESULT tag=A-b256-p3-l0-run1 samples=60 temp=59.9'C throttled=0x0
RESULT tag=A-b256-p3-l0-run1 file=/tmp/latency-A-b256-p3-l0-run1-1787361844.out xrun_events=/tmp/latency-A-b256-p3-l0-run1-1787361844.xruns
SENTINEL run-complete tag=A-b256-p3-l0-run1 xruns=20
     t     dsp%    xruns   delta
     1 45.715431        7       0
     2 38.918938        7       0
     3 28.110085        7       0
     4 42.477222        7       0
     5 61.588898        7       0
     6 50.893181        7       0
     7 54.079594        7       0
     8 35.767292        7       0
     9 29.858000        7       0
    10 21.488352        7       0
    11 18.932524        7       0
    12 25.523176        7       0
    13 27.752951        7       0
    14 36.864822        7       0
    15 57.109917        7       0
    16 87.924637       13       6
    17 46.492950       13       0
    18 33.630363       13       0
    19 43.414387       13       0
    20 55.507362       13       0
    21 38.103615       13       0
    22 20.688423       13       0
    23 18.378677       13       0
    24 39.610130       13       0
    25 40.728546       13       0
    26 30.163326       13       0
    27 37.876667       13       0
    28 42.928455       13       0
    29 60.605656       15       2
    30 52.441780       17       2
    31 56.161354       17       0
    32 39.256779       17       0
    33 30.679134       17       0
    34 21.838409       17       0
    35 18.891701       17       0
    36 26.243876       17       0
    37 28.767986       17       0
    38 35.813099       19       2
    39 59.135017       23       4
    40 49.297497       25       2
    41 34.907661       25       0
    42 41.028919       25       0
    43 52.833202       25       0
    44 38.725033       25       0
    45 24.917147       25       0
    46 18.107725       25       0
    47 37.298332       25       0
    48 40.899857       25       0
    49 30.616323       25       0
    50 32.970646       25       0
    51 36.486454       25       0
    52 57.689686       27       2
    53 56.142937       27       0
    54 56.443401       27       0
    55 38.914581       27       0
    56 27.979185       27       0
    57 30.229565       27       0
    58 18.524481       27       0
    59 24.531195       27       0
    60 25.240906       27       0
--- xrun delays (probe) ---
PROBE_START client=mpe-xrun-probe buffer_frames=256 sample_rate=48000 expected_period_us=5333
JITTER_SUMMARY expected_period_us=5333 n=12761 median_usec=-318 p99_usec=817 p99_9_usec=981 max_usec=1103
FRAMES_LATE_SUMMARY expected_period_us=5333 n=12761 median_usec=83 p99_usec=292 p99_9_usec=354 max_usec=479
XRUN_COUNT 28
PROBE_END
=== run A-b256-p3-l0-run2 ===
