2026-08-01 03:32:18: === Surge Watchdog Started ===
2026-08-01 04:22:57: === Surge Watchdog Started ===
2026-08-01 04:23:38: === Surge Watchdog Started ===
2026-08-03 21:47:51: === Surge Watchdog Started ===
2026-08-03 21:48:29: === Surge Watchdog Started ===
2026-08-03 21:50:41: === Surge Watchdog Started ===
2026-08-03 21:51:50: === Surge Watchdog Started ===
2026-08-03 21:52:15: === Surge Watchdog Started ===
2026-08-03 21:52:40: === Surge Watchdog Started ===
2026-08-03 21:53:35: === Surge Watchdog Started ===
2026-08-03 21:54:28: === Surge Watchdog Started ===
2026-08-04 19:18:09: === Surge Watchdog Started ===
2026-08-04 19:28:14: === Surge Watchdog Started ===
2026-08-04 19:53:40: === Surge Watchdog Started ===
2026-08-04 19:54:01: === Surge Watchdog Started ===
2026-08-04 19:55:16: === Surge Watchdog Started ===
2026-08-04 20:00:15: === Surge Watchdog Started ===
2026-08-04 20:08:33: === Surge Watchdog Started ===
2026-08-04 20:25:36: === Surge Watchdog Started ===
2026-08-04 20:27:05: === Surge Watchdog Started ===
2026-08-04 20:28:45: === Surge Watchdog Started ===
2026-08-04 21:57:57: === Surge Watchdog Started ===
2026-08-04 21:58:02: === Surge Watchdog Started ===
2026-08-04 22:00:22: === Surge Watchdog Started ===
2026-08-04 22:00:27: === Surge Watchdog Started ===
2026-08-04 22:13:13: === Surge Watchdog Started ===
2026-08-04 22:13:17: === Surge Watchdog Started ===
2026-08-04 22:48:06: === Surge Watchdog Started ===
2026-08-05 03:44:58: === Surge Watchdog Started ===
2026-08-05 03:46:13: === Surge Watchdog Started ===
2026-08-05 03:46:50: === Surge Watchdog Started ===
2026-08-05 04:38:14: === Surge Watchdog Started ===
2026-08-05 04:47:22: === Surge Watchdog Started ===
2026-08-05 05:07:08: === Surge Watchdog Started ===
2026-08-05 16:27:33: === Surge Watchdog Started ===
2026-08-05 16:27:42: === Surge Watchdog Started ===
2026-08-05 16:31:45: === Surge Watchdog Started ===
2026-08-05 16:31:53: === Surge Watchdog Started ===
2026-08-05 16:31:57: === Surge Watchdog Started ===
2026-08-05 16:32:17: === Surge Watchdog Started ===
2026-08-05 16:32:21: === Surge Watchdog Started ===
2026-08-05 16:40:15: === Surge Watchdog Started ===
2026-08-05 16:40:23: === Surge Watchdog Started ===
2026-08-05 16:41:20: === Surge Watchdog Started ===
2026-08-05 16:41:36: === Surge Watchdog Started ===
2026-08-05 16:42:28: === Surge Watchdog Started ===
2026-08-05 16:42:32: === Surge Watchdog Started ===
2026-08-05 16:44:12: === Surge Watchdog Started ===
2026-08-12 05:23:28: === Surge Watchdog Started ===
2026-08-12 05:23:49: === Surge Watchdog Started ===
2026-08-12 19:50:35: === Surge Watchdog Started (engine=jack) ===
2026-08-12 19:54:48: === Surge Watchdog Started (engine=jack) ===
2026-08-12 20:01:20: === Surge Watchdog Started (engine=jack) ===
2026-08-12 20:13:26: RECONCILE jackd settling — not restarting Surge (promote-to-jack)
2026-08-12 20:13:31: RECONCILE jackd settling — not restarting Surge (promote-to-jack)
2026-08-12 20:13:37: RECONCILE jackd settling — not restarting Surge (promote-to-jack)
2026-08-12 20:13:42: RECONCILE restarting Surge (promote-to-jack)
2026-08-12 20:14:02: === Surge Watchdog Started (engine=jack) ===
2026-08-12 20:37:53: RECONCILE jackd settling — not restarting Surge (promote-to-jack)
2026-08-12 20:37:59: RECONCILE jackd settling — not restarting Surge (promote-to-jack)
2026-08-12 20:38:04: RECONCILE jackd settling — not restarting Surge (promote-to-jack)
2026-08-12 20:38:10: RECONCILE jackd settling — not restarting Surge (promote-to-jack)
2026-08-12 20:38:22: RECONCILE jackd settling — not restarting Surge (promote-to-jack)
2026-08-12 20:38:27: RECONCILE jackd settling — not restarting Surge (promote-to-jack)
2026-08-12 20:38:33: RECONCILE jackd settling — not restarting Surge (promote-to-jack)
2026-08-12 20:38:38: RECONCILE restarting Surge (promote-to-jack)
2026-08-12 20:38:43: === Surge Watchdog Started (engine=jack) ===
2026-08-12 21:08:09: RECONCILE restarting Surge (jackd-down)
2026-08-12 21:08:25: === Surge Watchdog Started (engine=jack) ===
2026-08-12 21:34:29: === Surge Watchdog Started (engine=jack) ===
2026-08-12 22:00:15: === Surge Watchdog Started (engine=jack) ===
2026-08-12 22:01:20: RECONCILE jackd settling — not restarting Surge (promote-to-jack)
2026-08-12 22:01:26: RECONCILE jackd settling — not restarting Surge (promote-to-jack)
2026-08-12 22:01:31: RECONCILE jackd settling — not restarting Surge (promote-to-jack)
2026-08-12 22:01:37: RECONCILE restarting Surge (promote-to-jack)
2026-08-12 22:01:41: === Surge Watchdog Started (engine=jack) ===
2026-08-12 22:02:34: RECONCILE jackd settling — not restarting Surge (promote-to-jack)
2026-08-12 22:02:39: RECONCILE jackd settling — not restarting Surge (promote-to-jack)
2026-08-12 22:02:45: RECONCILE jackd settling — not restarting Surge (promote-to-jack)
2026-08-12 22:02:50: RECONCILE restarting Surge (promote-to-jack)
2026-08-12 22:02:55: === Surge Watchdog Started (engine=jack) ===
2026-08-12 22:03:46: RECONCILE jackd settling — not restarting Surge (promote-to-jack)
2026-08-12 22:03:52: RECONCILE jackd settling — not restarting Surge (promote-to-jack)
2026-08-12 22:03:57: RECONCILE jackd settling — not restarting Surge (promote-to-jack)
2026-08-12 22:04:03: RECONCILE restarting Surge (promote-to-jack)
2026-08-12 22:04:07: === Surge Watchdog Started (engine=jack) ===
2026-08-12 22:04:59: RECONCILE jackd settling — not restarting Surge (promote-to-jack)
2026-08-12 22:05:04: RECONCILE jackd settling — not restarting Surge (promote-to-jack)
2026-08-12 22:05:10: RECONCILE jackd settling — not restarting Surge (promote-to-jack)
2026-08-12 22:05:15: RECONCILE restarting Surge (promote-to-jack)
2026-08-12 22:07:45: === Surge Watchdog Started (engine=jack) ===
2026-08-12 22:08:48: RECONCILE restarting Surge (jackd-down)
2026-08-12 22:09:19: === Surge Watchdog Started (engine=jack) ===
2026-08-12 22:21:12: === Surge Watchdog Started (engine=jack) ===
2026-08-12 22:29:56: === Surge Watchdog Started (engine=jack) ===
2026-08-12 22:33:06: === Surge Watchdog Started (engine=jack) ===
2026-08-12 22:34:56: RECONCILE restarting Surge (release-alsa-for-jackd)
2026-08-12 22:35:17: === Surge Watchdog Started (engine=jack) ===
2026-08-13 00:58:18: RECONCILE jackd settling — not restarting Surge (promote-to-jack)
2026-08-13 00:58:24: RECONCILE jackd settling — not restarting Surge (promote-to-jack)
2026-08-13 00:58:29: RECONCILE jackd settling — not restarting Surge (promote-to-jack)
2026-08-13 00:58:35: RECONCILE restarting Surge (promote-to-jack)
2026-08-13 00:58:55: === Surge Watchdog Started (engine=jack) ===
2026-08-13 00:59:58: RECONCILE jackd settling — not restarting Surge (promote-to-jack)
2026-08-13 01:00:03: RECONCILE jackd settling — not restarting Surge (promote-to-jack)
2026-08-13 01:00:09: RECONCILE jackd settling — not restarting Surge (promote-to-jack)
2026-08-13 01:00:14: RECONCILE restarting Surge (promote-to-jack)
2026-08-13 01:00:34: === Surge Watchdog Started (engine=jack) ===
2026-08-13 01:01:35: RECONCILE jackd settling — not restarting Surge (promote-to-jack)
2026-08-13 01:01:41: RECONCILE jackd settling — not restarting Surge (promote-to-jack)
2026-08-13 01:01:46: RECONCILE jackd settling — not restarting Surge (promote-to-jack)
2026-08-13 01:01:52: RECONCILE restarting Surge (promote-to-jack)
2026-08-13 01:02:12: === Surge Watchdog Started (engine=jack) ===
2026-08-13 01:03:15: RECONCILE jackd settling — not restarting Surge (promote-to-jack)
2026-08-13 01:03:20: RECONCILE jackd settling — not restarting Surge (promote-to-jack)
2026-08-13 01:03:26: RECONCILE jackd settling — not restarting Surge (promote-to-jack)
2026-08-13 01:03:31: RECONCILE restarting Surge (promote-to-jack)
2026-08-13 01:03:51: === Surge Watchdog Started (engine=jack) ===
2026-08-13 01:04:53: RECONCILE jackd settling — not restarting Surge (promote-to-jack)
2026-08-13 01:04:59: RECONCILE jackd settling — not restarting Surge (promote-to-jack)
2026-08-13 01:05:04: RECONCILE jackd settling — not restarting Surge (promote-to-jack)
2026-08-13 01:05:10: RECONCILE restarting Surge (promote-to-jack)
2026-08-13 01:05:30: === Surge Watchdog Started (engine=jack) ===
2026-08-13 01:07:35: RECONCILE jackd settling — not restarting Surge (promote-to-jack)
2026-08-13 01:07:41: RECONCILE jackd settling — not restarting Surge (promote-to-jack)
2026-08-13 01:07:46: RECONCILE restarting Surge (promote-to-jack)
2026-08-13 01:07:50: === Surge Watchdog Started (engine=jack) ===
2026-08-13 01:08:12: RECONCILE jackd settling — not restarting Surge (promote-to-jack)
2026-08-13 01:08:18: RECONCILE jackd settling — not restarting Surge (promote-to-jack)
2026-08-13 01:08:23: RECONCILE restarting Surge (promote-to-jack)
2026-08-13 01:08:27: === Surge Watchdog Started (engine=jack) ===
2026-08-13 01:18:54: === Surge Watchdog Started (engine=jack) ===
2026-08-13 01:20:19: RECONCILE jackd settling — not restarting Surge (promote-to-jack)
2026-08-13 01:20:24: RECONCILE jackd settling — not restarting Surge (promote-to-jack)
2026-08-13 01:20:30: RECONCILE jackd settling — not restarting Surge (promote-to-jack)
2026-08-13 01:20:35: RECONCILE restarting Surge (promote-to-jack)
2026-08-13 01:20:40: === Surge Watchdog Started (engine=jack) ===
2026-08-13 01:21:14: RECONCILE jackd settling — not restarting Surge (promote-to-jack)
2026-08-13 01:21:19: RECONCILE jackd settling — not restarting Surge (promote-to-jack)
2026-08-13 01:21:25: RECONCILE jackd settling — not restarting Surge (promote-to-jack)
2026-08-13 01:21:30: RECONCILE restarting Surge (promote-to-jack)
2026-08-13 01:21:35: === Surge Watchdog Started (engine=jack) ===
2026-08-13 01:22:13: RECONCILE jackd settling — not restarting Surge (promote-to-jack)
2026-08-13 01:22:18: RECONCILE jackd settling — not restarting Surge (promote-to-jack)
2026-08-13 01:22:24: RECONCILE jackd settling — not restarting Surge (promote-to-jack)
2026-08-13 01:22:29: RECONCILE restarting Surge (promote-to-jack)
2026-08-13 01:22:33: === Surge Watchdog Started (engine=jack) ===
2026-08-13 01:24:56: RECONCILE jackd settling — not restarting Surge (promote-to-jack)
2026-08-13 01:25:01: RECONCILE jackd settling — not restarting Surge (promote-to-jack)
2026-08-13 01:25:07: RECONCILE jackd settling — not restarting Surge (promote-to-jack)
2026-08-13 01:25:12: RECONCILE restarting Surge (promote-to-jack)
2026-08-13 01:25:16: === Surge Watchdog Started (engine=jack) ===
2026-08-13 01:27:40: === Surge Watchdog Started (engine=jack) ===
2026-08-13 19:51:57: === Surge Watchdog Started (engine=jack) ===
2026-08-13 19:52:47: RECONCILE jackd settling — not restarting Surge (promote-to-jack)
2026-08-13 19:52:53: RECONCILE restarting Surge (promote-to-jack)
2026-08-13 19:52:57: === Surge Watchdog Started (engine=jack) ===
2026-08-13 19:53:18: RECONCILE jackd settling — not restarting Surge (promote-to-jack)
2026-08-13 19:53:24: RECONCILE restarting Surge (promote-to-jack)
2026-08-13 19:53:28: === Surge Watchdog Started (engine=jack) ===
2026-08-13 19:53:55: RECONCILE jackd settling — not restarting Surge (promote-to-jack)
2026-08-13 19:54:00: RECONCILE restarting Surge (promote-to-jack)
2026-08-13 19:54:04: === Surge Watchdog Started (engine=jack) ===
2026-08-13 19:54:18: RECONCILE jackd settling — not restarting Surge (promote-to-jack)
2026-08-13 19:54:24: RECONCILE restarting Surge (promote-to-jack)
2026-08-13 19:54:28: === Surge Watchdog Started (engine=jack) ===
2026-08-13 19:54:43: RECONCILE jackd settling — not restarting Surge (promote-to-jack)
2026-08-13 19:54:48: RECONCILE restarting Surge (promote-to-jack)
2026-08-13 19:54:53: === Surge Watchdog Started (engine=jack) ===
2026-08-13 19:55:07: RECONCILE jackd settling — not restarting Surge (promote-to-jack)
2026-08-13 19:55:13: RECONCILE restarting Surge (promote-to-jack)
2026-08-13 19:55:17: === Surge Watchdog Started (engine=jack) ===
2026-08-13 19:55:31: RECONCILE jackd settling — not restarting Surge (promote-to-jack)
2026-08-13 19:55:36: RECONCILE restarting Surge (promote-to-jack)
2026-08-13 19:55:41: === Surge Watchdog Started (engine=jack) ===
2026-08-13 20:01:34: === Surge Watchdog Started (engine=jack) ===
2026-08-13 20:07:23: === Surge Watchdog Started (engine=jack) ===
2026-08-13 20:12:46: === Surge Watchdog Started (engine=jack) ===
2026-08-13 20:17:48: RECONCILE jackd settling — not restarting Surge (promote-to-jack)
2026-08-13 20:17:53: RECONCILE restarting Surge (promote-to-jack)
2026-08-13 20:17:58: === Surge Watchdog Started (engine=jack) ===
2026-08-13 21:06:25: RECONCILE restarting Surge (jackd-down)
2026-08-13 21:06:59: RECONCILE cooldown — not restarting Surge (jackd-down)
2026-08-13 21:07:20: RECONCILE cooldown — not restarting Surge (jackd-down)
2026-08-13 21:07:30: RECONCILE jackd settling — not restarting Surge (promote-to-jack)
2026-08-13 21:07:35: RECONCILE cooldown — not restarting Surge (promote-to-jack)
2026-08-13 21:09:38: RECONCILE jackd settling — not restarting Surge (promote-to-jack)
2026-08-13 21:09:43: RECONCILE restarting Surge (promote-to-jack)
2026-08-13 21:19:20: === Surge Watchdog Started (engine=jack) ===
2026-08-13 21:22:38: RECONCILE restarting Surge (jackd-down)
2026-08-13 21:23:27: RECONCILE cooldown — not restarting Surge (jackd-down)
2026-08-13 21:23:48: RECONCILE cooldown — not restarting Surge (jackd-down)
2026-08-13 21:26:25: === Surge Watchdog Started (engine=jack) ===
2026-08-13 21:26:41: RECONCILE restarting Surge (jackd-down)
2026-08-13 21:27:30: RECONCILE cooldown — not restarting Surge (jackd-down)
2026-08-13 21:27:51: RECONCILE cooldown — not restarting Surge (jackd-down)
2026-08-13 21:28:12: RECONCILE jackd settling — not restarting Surge (promote-to-jack)
2026-08-13 21:31:59: RECONCILE jackd settling — not restarting Surge (promote-to-jack)
2026-08-13 21:32:04: RECONCILE restarting Surge (promote-to-jack)
2026-08-13 21:32:10: RECONCILE cooldown — not restarting Surge (promote-to-jack)
2026-08-13 21:32:15: RECONCILE cooldown — not restarting Surge (promote-to-jack)
2026-08-13 21:32:20: RECONCILE cooldown — not restarting Surge (promote-to-jack)
2026-08-13 22:02:37: RECONCILE restarting Surge (promote-to-jack)
2026-08-13 22:34:26: === Surge Watchdog Started (engine=jack) ===
2026-08-13 22:41:15: === Surge Watchdog Started (engine=jack) ===
2026-08-13 22:55:16: RECONCILE jackd settling — not restarting Surge (promote-to-jack)
2026-08-13 22:55:21: RECONCILE restarting Surge (promote-to-jack)
2026-08-13 22:58:06: RECONCILE jackd settling — not restarting Surge (promote-to-jack)
2026-08-13 22:58:11: RECONCILE restarting Surge (promote-to-jack)
2026-08-13 23:04:06: RECONCILE jackd settling — not restarting Surge (promote-to-jack)
2026-08-13 23:04:11: RECONCILE restarting Surge (promote-to-jack)
2026-08-13 23:04:27: RECONCILE jackd settling — not restarting Surge (promote-to-jack)
2026-08-13 23:04:32: RECONCILE restarting Surge (promote-to-jack)
2026-08-13 23:36:29: RECONCILE jackd settling — not restarting Surge (promote-to-jack)
2026-08-13 23:36:34: RECONCILE restarting Surge (promote-to-jack)
2026-08-13 23:38:49: RECONCILE jackd settling — not restarting Surge (promote-to-jack)
2026-08-13 23:38:54: RECONCILE restarting Surge (promote-to-jack)
2026-08-13 23:40:08: RECONCILE jackd settling — not restarting Surge (promote-to-jack)
2026-08-13 23:40:14: RECONCILE restarting Surge (promote-to-jack)
2026-08-13 23:40:40: RECONCILE jackd settling — not restarting Surge (promote-to-jack)
2026-08-13 23:40:46: RECONCILE restarting Surge (promote-to-jack)
2026-08-13 23:41:12: RECONCILE jackd settling — not restarting Surge (promote-to-jack)
2026-08-13 23:41:18: RECONCILE restarting Surge (promote-to-jack)
2026-08-14 00:00:53: === Surge Watchdog Started (engine=jack) ===
2026-08-14 00:03:12: RECONCILE restarting Surge (promote-to-jack)
2026-08-14 00:03:58: RECONCILE restarting Surge (promote-to-jack)
2026-08-14 00:08:25: === Surge Watchdog Started (engine=jack) ===
2026-08-14 00:10:49: RECONCILE restarting Surge (promote-to-jack)
2026-08-14 00:11:51: RECONCILE restarting Surge (promote-to-jack)
2026-08-14 00:14:21: RECONCILE restarting Surge (promote-to-jack)
2026-08-14 00:16:20: RECONCILE restarting Surge (promote-to-jack)
2026-08-14 00:17:21: RECONCILE restarting Surge (promote-to-jack)
2026-08-14 00:18:50: RECONCILE jackd settling — not restarting Surge (promote-to-jack)
2026-08-14 00:18:56: RECONCILE restarting Surge (promote-to-jack)
2026-08-14 00:22:29: RECONCILE jackd settling — not restarting Surge (promote-to-jack)
2026-08-14 00:29:10: RECONCILE jackd settling — not restarting Surge (promote-to-jack)
2026-08-14 00:29:15: RECONCILE restarting Surge (promote-to-jack)
2026-08-14 00:41:18: === Surge Watchdog Started (engine=jack) ===
2026-08-15 00:39:21: RECONCILE jackd settling — not restarting Surge (promote-to-jack)
2026-08-15 00:39:27: RECONCILE restarting Surge (promote-to-jack)
2026-08-15 20:44:50: RECONCILE restarting Surge (promote-to-jack)
2026-08-16 14:17:57: RECONCILE jackd settling — not restarting Surge (promote-to-jack)
2026-08-16 14:18:02: RECONCILE jackd settling — not restarting Surge (promote-to-jack)
2026-08-16 14:18:08: RECONCILE restarting Surge (promote-to-jack)
2026-08-17 02:09:03: RECONCILE restarting Surge (promote-to-jack)
2026-08-17 02:20:13: RECONCILE restarting Surge (promote-to-jack)
2026-08-17 02:34:48: RECONCILE jackd settling — not restarting Surge (promote-to-jack)
2026-08-17 03:05:35: RECONCILE restarting Surge (promote-to-jack)
2026-08-17 03:06:06: RECONCILE jackd settling — not restarting Surge (promote-to-jack)
2026-08-17 03:06:17: RECONCILE restarting Surge (promote-to-jack)
2026-08-17 03:19:43: RECONCILE restarting Surge (promote-to-jack)
2026-08-17 15:52:37: RECONCILE restarting Surge (promote-to-jack)
2026-08-17 15:53:18: RECONCILE restarting Surge (promote-to-jack)
2026-08-17 22:46:30: RECONCILE restarting Surge (promote-to-jack)
2026-08-17 22:49:27: RECONCILE jackd settling — not restarting Surge (promote-to-jack)
2026-08-17 22:49:32: RECONCILE restarting Surge (promote-to-jack)
2026-08-18 04:37:22: === Surge Watchdog Started (engine=jack) ===
2026-08-18 04:53:35: === Surge Watchdog Started (engine=jack) ===
2026-08-18 05:05:37: === Surge Watchdog Started (engine=jack) ===
2026-08-18 05:17:54: === Surge Watchdog Started (engine=jack) ===
2026-08-18 05:24:02: === Surge Watchdog Started (engine=jack) ===
2026-08-18 06:00:04: RECONCILE jackd settling — not restarting Surge (promote-to-jack)
2026-08-18 06:00:15: RECONCILE restarting Surge (promote-to-jack)
2026-08-18 06:00:20: RECONCILE cooldown — not restarting Surge (promote-to-jack)
2026-08-18 06:00:26: RECONCILE cooldown — not restarting Surge (promote-to-jack)
2026-08-18 06:00:31: RECONCILE cooldown — not restarting Surge (promote-to-jack)
2026-08-18 15:51:34: RECONCILE jackd settling — not restarting Surge (promote-to-jack)
2026-08-18 15:51:44: RECONCILE restarting Surge (promote-to-jack)
2026-08-18 16:35:35: RECONCILE restarting Surge (promote-to-jack)
2026-08-18 17:48:45: === Surge Watchdog Started (engine=jack) ===
2026-08-18 17:50:29: RECONCILE jackd settling — not restarting Surge (promote-to-jack)
2026-08-18 17:50:39: RECONCILE restarting Surge (promote-to-jack)
2026-08-18 19:15:23: === Surge Watchdog Started (engine=jack) ===
2026-08-18 19:21:53: RECONCILE jackd settling — not restarting Surge (promote-to-jack)
2026-08-18 19:22:03: RECONCILE restarting Surge (promote-to-jack)
2026-08-18 19:45:30: === Surge Watchdog Started (engine=jack) ===
2026-08-18 20:31:44: === Surge Watchdog Started (engine=jack) ===
2026-08-18 20:41:56: RECONCILE restarting Surge (promote-to-jack)
2026-08-18 23:05:05: === Surge Watchdog Started (engine=jack) ===
2026-08-18 23:09:41: === Surge Watchdog Started (engine=jack) ===
2026-08-18 23:17:02: === Surge Watchdog Started (engine=jack) ===
2026-08-18 23:29:46: === Surge Watchdog Started (engine=jack) ===
2026-08-18 23:30:19: === Surge Watchdog Started (engine=jack) ===
2026-08-18 23:34:06: === Surge Watchdog Started (engine=jack) ===
2026-08-18 23:37:06: RECONCILE restarting Surge (promote-to-jack)
2026-08-18 23:41:07: === Surge Watchdog Started (engine=jack) ===
2026-08-18 23:46:35: === Surge Watchdog Started (engine=jack) ===
2026-08-18 23:47:27: RECONCILE jackd settling — not restarting Surge (promote-to-jack)
2026-08-18 23:47:37: RECONCILE restarting Surge (promote-to-jack)
2026-08-19 00:52:12: === Surge Watchdog Started (engine=jack) ===
2026-08-19 00:52:43: RECONCILE restarting Surge (promote-to-jack)
2026-08-19 00:52:01: === Surge Watchdog Started (engine=jack) ===
2026-08-19 15:37:58: === Surge Watchdog Started (engine=jack) ===
2026-08-19 18:27:01: RECONCILE jackd settling — not restarting Surge (promote-to-jack)
2026-08-19 18:27:11: RECONCILE restarting Surge (promote-to-jack)
2026-08-19 18:27:17: RECONCILE jackd settling — not restarting Surge (promote-to-jack)
2026-08-19 18:27:22: RECONCILE restarting Surge (promote-to-jack)
2026-08-19 23:27:31: RECONCILE jackd settling — not restarting Surge (promote-to-jack)
2026-08-19 23:30:07: RECONCILE jackd settling — not restarting Surge (promote-to-jack)
2026-08-19 23:31:41: RECONCILE restarting Surge (promote-to-jack)
2026-08-20 00:01:47: RECONCILE restarting Surge (promote-to-jack)
2026-08-20 00:06:16: RECONCILE restarting Surge (promote-to-jack)
2026-08-20 00:11:50: RECONCILE restarting Surge (promote-to-jack)
2026-08-20 02:34:08: RECONCILE restarting Surge (promote-to-jack)
2026-08-20 02:36:28: RECONCILE restarting Surge (promote-to-jack)
2026-08-20 02:45:15: RECONCILE jackd settling — not restarting Surge (promote-to-jack)
2026-08-20 02:53:06: RECONCILE restarting Surge (promote-to-jack)
2026-08-20 02:56:23: RECONCILE jackd settling — not restarting Surge (promote-to-jack)
2026-08-20 03:04:20: RECONCILE restarting Surge (promote-to-jack)
2026-08-20 03:19:40: RECONCILE jackd settling — not restarting Surge (promote-to-jack)
2026-08-20 03:27:42: RECONCILE restarting Surge (promote-to-jack)
2026-08-20 06:28:26: RECONCILE restarting Surge (promote-to-jack)
2026-08-20 06:31:18: RECONCILE jackd settling — not restarting Surge (promote-to-jack)
2026-08-20 06:39:30: RECONCILE restarting Surge (promote-to-jack)
2026-08-20 06:47:38: RECONCILE restarting Surge (promote-to-jack)
2026-08-20 06:55:50: RECONCILE jackd settling — not restarting Surge (promote-to-jack)
2026-08-20 13:43:38: === Surge Watchdog Started (engine=jack) ===
2026-08-20 14:02:08: === Surge Watchdog Started (engine=jack) ===
2026-08-20 14:04:59: RECONCILE jackd settling — not restarting Surge (promote-to-jack)
2026-08-20 14:05:04: RECONCILE restarting Surge (promote-to-jack)
2026-08-20 14:27:36: RECONCILE restarting Surge (promote-to-jack)
2026-08-20 15:58:29: RECONCILE jackd settling — not restarting Surge (promote-to-jack)
2026-08-20 15:58:35: RECONCILE restarting Surge (promote-to-jack)
2026-08-20 16:21:13: RECONCILE jackd settling — not restarting Surge (promote-to-jack)
2026-08-20 16:21:18: RECONCILE restarting Surge (promote-to-jack)
2026-08-20 16:44:12: RECONCILE jackd settling — not restarting Surge (promote-to-jack)
2026-08-20 16:44:18: RECONCILE restarting Surge (promote-to-jack)
2026-08-20 17:07:15: RECONCILE jackd settling — not restarting Surge (promote-to-jack)
2026-08-20 17:07:21: RECONCILE restarting Surge (promote-to-jack)
2026-08-20 17:53:15: RECONCILE jackd settling — not restarting Surge (promote-to-jack)
2026-08-20 17:53:20: RECONCILE restarting Surge (promote-to-jack)
2026-08-20 17:54:33: RECONCILE jackd settling — not restarting Surge (promote-to-jack)
2026-08-20 17:54:38: RECONCILE restarting Surge (promote-to-jack)
2026-08-20 18:00:10: RECONCILE restarting Surge (promote-to-jack)
2026-08-20 18:15:15: RECONCILE jackd settling — not restarting Surge (promote-to-jack)
2026-08-20 18:15:20: RECONCILE restarting Surge (promote-to-jack)
2026-08-20 18:43:55: === Surge Watchdog Started (engine=jack) ===
2026-08-20 18:45:18: RECONCILE jackd settling — not restarting Surge (promote-to-jack)
2026-08-20 18:45:24: RECONCILE restarting Surge (promote-to-jack)
2026-08-20 19:34:37: === Surge Watchdog Started (engine=jack) ===
2026-08-20 19:35:50: RECONCILE restarting Surge (promote-to-jack)
2026-08-20 20:07:42: === Surge Watchdog Started (engine=jack) ===
2026-08-20 20:40:50: === Surge Watchdog Started (engine=jack) ===
2026-08-20 20:41:42: RECONCILE jackd settling — not restarting Surge (promote-to-jack)
2026-08-20 20:41:52: RECONCILE restarting Surge (promote-to-jack)
2026-08-20 20:45:15: RECONCILE jackd settling — not restarting Surge (promote-to-jack)
2026-08-20 20:45:20: RECONCILE restarting Surge (promote-to-jack)
2026-08-20 21:07:32: RECONCILE restarting Surge (promote-to-jack)
2026-08-20 21:30:08: RECONCILE jackd settling — not restarting Surge (promote-to-jack)
2026-08-20 22:01:52: RECONCILE jackd settling — not restarting Surge (promote-to-jack)
2026-08-20 22:06:33: === Surge Watchdog Started (engine=jack) ===
2026-08-20 22:23:19: RECONCILE restarting Surge (promote-to-jack)
2026-08-20 23:04:10: RECONCILE jackd settling — not restarting Surge (promote-to-jack)
2026-08-20 23:04:15: RECONCILE restarting Surge (promote-to-jack)
2026-08-20 23:05:43: RECONCILE restarting Surge (promote-to-jack)
2026-08-20 23:07:37: RECONCILE restarting Surge (promote-to-jack)
2026-08-20 23:09:20: RECONCILE restarting Surge (promote-to-jack)
2026-08-20 23:11:03: RECONCILE restarting Surge (promote-to-jack)
2026-08-20 23:22:15: RECONCILE jackd settling — not restarting Surge (promote-to-jack)
2026-08-20 23:22:21: RECONCILE restarting Surge (promote-to-jack)
2026-08-20 23:45:24: RECONCILE restarting Surge (promote-to-jack)
2026-08-21 00:08:37: RECONCILE jackd settling — not restarting Surge (promote-to-jack)
2026-08-21 00:08:43: RECONCILE restarting Surge (promote-to-jack)
2026-08-21 00:31:49: RECONCILE jackd settling — not restarting Surge (promote-to-jack)
2026-08-21 00:31:54: RECONCILE restarting Surge (promote-to-jack)
2026-08-21 00:55:13: RECONCILE restarting Surge (promote-to-jack)
2026-08-21 01:18:23: RECONCILE restarting Surge (promote-to-jack)
2026-08-21 01:47:57: RECONCILE jackd settling — not restarting Surge (promote-to-jack)
2026-08-21 01:48:02: RECONCILE restarting Surge (promote-to-jack)
2026-08-21 02:12:40: RECONCILE jackd settling — not restarting Surge (promote-to-jack)
2026-08-21 02:12:46: RECONCILE restarting Surge (promote-to-jack)
2026-08-21 02:35:38: RECONCILE jackd settling — not restarting Surge (promote-to-jack)
2026-08-21 02:35:44: RECONCILE restarting Surge (promote-to-jack)
2026-08-21 04:11:44: RECONCILE restarting Surge (promote-to-jack)
2026-08-21 04:11:50: RECONCILE cooldown — not restarting Surge (promote-to-jack)
2026-08-21 04:11:56: RECONCILE cooldown — not restarting Surge (promote-to-jack)
2026-08-21 04:12:02: RECONCILE cooldown — not restarting Surge (promote-to-jack)
2026-08-21 04:12:22: RECONCILE restarting Surge (promote-to-jack)
2026-08-21 04:12:29: RECONCILE cooldown — not restarting Surge (promote-to-jack)
2026-08-21 04:12:34: RECONCILE cooldown — not restarting Surge (promote-to-jack)
2026-08-21 04:12:40: RECONCILE cooldown — not restarting Surge (promote-to-jack)
2026-08-21 04:13:35: RECONCILE jackd settling — not restarting Surge (promote-to-jack)
2026-08-21 04:13:46: RECONCILE restarting Surge (promote-to-jack)
2026-08-21 14:27:23: === Surge Watchdog Started (engine=jack) ===
2026-08-21 14:28:25: RECONCILE restarting Surge (promote-to-jack)
2026-08-21 10:08:30: RECONCILE restarting Surge (promote-to-jack)
2026-08-21 10:31:07: RECONCILE jackd settling — not restarting Surge (promote-to-jack)
2026-08-21 10:31:12: RECONCILE restarting Surge (promote-to-jack)
2026-08-21 10:53:43: RECONCILE jackd settling — not restarting Surge (promote-to-jack)
2026-08-21 10:53:48: RECONCILE restarting Surge (promote-to-jack)
2026-08-21 11:45:25: RECONCILE restarting Surge (promote-to-jack)
2026-08-21 12:07:56: RECONCILE jackd settling — not restarting Surge (promote-to-jack)
2026-08-21 12:08:01: RECONCILE restarting Surge (promote-to-jack)
2026-08-21 12:30:28: RECONCILE jackd settling — not restarting Surge (promote-to-jack)
2026-08-21 12:30:33: RECONCILE restarting Surge (promote-to-jack)
2026-08-21 12:43:30: RECONCILE jackd settling — not restarting Surge (promote-to-jack)
2026-08-21 12:43:40: RECONCILE restarting Surge (promote-to-jack)
2026-08-21 12:53:40: RECONCILE jackd settling — not restarting Surge (promote-to-jack)
2026-08-21 13:15:54: RECONCILE jackd settling — not restarting Surge (promote-to-jack)
2026-08-21 13:38:08: RECONCILE jackd settling — not restarting Surge (promote-to-jack)
2026-08-21 14:00:38: RECONCILE jackd settling — not restarting Surge (promote-to-jack)
2026-08-21 14:09:27: RECONCILE jackd settling — not restarting Surge (promote-to-jack)
2026-08-21 14:09:37: RECONCILE restarting Surge (promote-to-jack)
2026-08-21 14:12:14: === Surge Watchdog Started (engine=jack) ===
2026-08-21 14:13:22: RECONCILE jackd settling — not restarting Surge (promote-to-jack)
2026-08-21 14:13:27: RECONCILE restarting Surge (promote-to-jack)
2026-08-21 14:36:44: RECONCILE jackd settling — not restarting Surge (promote-to-jack)
2026-08-21 14:36:50: RECONCILE restarting Surge (promote-to-jack)
2026-08-21 14:59:58: RECONCILE jackd settling — not restarting Surge (promote-to-jack)
2026-08-21 15:00:04: RECONCILE restarting Surge (promote-to-jack)
2026-08-21 15:02:23: RECONCILE jackd settling — not restarting Surge (promote-to-jack)
2026-08-21 15:02:28: RECONCILE restarting Surge (promote-to-jack)
2026-08-21 15:51:02: === Surge Watchdog Started (engine=jack) ===
2026-08-21 16:21:20: RECONCILE jackd settling — not restarting Surge (promote-to-jack)
2026-08-21 16:21:26: RECONCILE restarting Surge (promote-to-jack)
2026-08-21 16:26:36: RECONCILE restarting Surge (promote-to-jack)
2026-08-21 16:31:47: RECONCILE restarting Surge (promote-to-jack)
2026-08-21 16:36:57: RECONCILE jackd settling — not restarting Surge (promote-to-jack)
2026-08-21 16:37:03: RECONCILE restarting Surge (promote-to-jack)
2026-08-21 16:42:13: RECONCILE restarting Surge (promote-to-jack)
2026-08-21 16:47:24: RECONCILE restarting Surge (promote-to-jack)
2026-08-21 16:52:35: RECONCILE restarting Surge (promote-to-jack)
2026-08-21 16:57:46: RECONCILE restarting Surge (promote-to-jack)
2026-08-21 17:02:57: RECONCILE jackd settling — not restarting Surge (promote-to-jack)
2026-08-21 17:03:02: RECONCILE restarting Surge (promote-to-jack)
2026-08-21 17:08:12: RECONCILE restarting Surge (promote-to-jack)
2026-08-21 17:13:33: RECONCILE jackd settling — not restarting Surge (promote-to-jack)
2026-08-21 17:13:39: RECONCILE restarting Surge (promote-to-jack)
2026-08-21 17:17:21: RECONCILE jackd settling — not restarting Surge (promote-to-jack)
2026-08-21 17:17:27: RECONCILE restarting Surge (promote-to-jack)
2026-08-21 17:22:32: RECONCILE jackd settling — not restarting Surge (promote-to-jack)
2026-08-21 17:22:38: RECONCILE restarting Surge (promote-to-jack)
2026-08-21 17:27:49: RECONCILE restarting Surge (promote-to-jack)
2026-08-21 17:33:00: RECONCILE restarting Surge (promote-to-jack)
2026-08-21 17:38:11: RECONCILE jackd settling — not restarting Surge (promote-to-jack)
2026-08-21 17:38:16: RECONCILE restarting Surge (promote-to-jack)
2026-08-21 17:43:23: RECONCILE jackd settling — not restarting Surge (promote-to-jack)
2026-08-21 17:43:28: RECONCILE restarting Surge (promote-to-jack)
2026-08-21 17:48:39: RECONCILE restarting Surge (promote-to-jack)
2026-08-21 17:53:50: RECONCILE restarting Surge (promote-to-jack)
2026-08-21 17:59:01: RECONCILE restarting Surge (promote-to-jack)
2026-08-21 18:04:12: RECONCILE restarting Surge (promote-to-jack)
2026-08-21 18:39:35: === Surge Watchdog Started (engine=jack) ===
2026-08-21 19:11:11: === Surge Watchdog Started (engine=jack) ===
2026-08-21 19:11:32: RECONCILE jackd settling — not restarting Surge (promote-to-jack)
2026-08-21 19:11:42: RECONCILE restarting Surge (promote-to-jack)
2026-08-21 19:11:49: RECONCILE cooldown — not restarting Surge (promote-to-jack)
2026-08-21 19:11:54: RECONCILE cooldown — not restarting Surge (promote-to-jack)
2026-08-21 19:11:59: RECONCILE cooldown — not restarting Surge (promote-to-jack)
2026-08-21 19:16:39: RECONCILE jackd settling — not restarting Surge (promote-to-jack)
2026-08-21 19:16:49: RECONCILE restarting Surge (promote-to-jack)
2026-08-21 19:20:12: RECONCILE jackd settling — not restarting Surge (jackd-down)
2026-08-21 19:20:33: RECONCILE jackd settling — not restarting Surge (jackd-down)
2026-08-21 19:20:53: RECONCILE jackd settling — not restarting Surge (jackd-down)
2026-08-21 19:21:15: RECONCILE jackd settling — not restarting Surge (jackd-down)
2026-08-21 19:21:35: RECONCILE jackd settling — not restarting Surge (jackd-down)
2026-08-21 19:21:57: RECONCILE jackd settling — not restarting Surge (jackd-down)
2026-08-21 19:22:17: RECONCILE jackd settling — not restarting Surge (jackd-down)
2026-08-21 19:22:39: RECONCILE jackd settling — not restarting Surge (jackd-down)
2026-08-21 19:22:59: RECONCILE jackd settling — not restarting Surge (jackd-down)
2026-08-21 19:23:21: RECONCILE jackd settling — not restarting Surge (jackd-down)
2026-08-21 19:23:41: RECONCILE jackd settling — not restarting Surge (jackd-down)
2026-08-21 19:24:03: RECONCILE jackd settling — not restarting Surge (jackd-down)
2026-08-21 19:24:08: RECONCILE jackd settling — not restarting Surge (promote-to-jack)
2026-08-21 19:24:13: RECONCILE restarting Surge (promote-to-jack)
2026-08-21 19:24:24: RECONCILE cooldown — not restarting Surge (promote-to-jack)
2026-08-21 19:44:18: RECONCILE restarting Surge (promote-to-jack)
2026-08-21 19:47:47: RECONCILE restarting Surge (promote-to-jack)
2026-08-21 19:51:16: RECONCILE restarting Surge (promote-to-jack)
2026-08-21 19:54:43: RECONCILE restarting Surge (promote-to-jack)
2026-08-21 19:58:11: RECONCILE restarting Surge (promote-to-jack)
2026-08-21 20:01:38: RECONCILE restarting Surge (promote-to-jack)
2026-08-21 20:05:06: RECONCILE restarting Surge (promote-to-jack)
2026-08-21 20:08:33: RECONCILE restarting Surge (promote-to-jack)
2026-08-21 20:12:01: RECONCILE restarting Surge (promote-to-jack)
2026-08-21 20:15:28: RECONCILE restarting Surge (promote-to-jack)
2026-08-21 20:46:17: RECONCILE jackd settling — not restarting Surge (promote-to-jack)
2026-08-21 20:46:22: RECONCILE restarting Surge (promote-to-jack)
2026-08-21 20:59:00: RECONCILE restarting Surge (promote-to-jack)
2026-08-21 21:04:22: === Surge Watchdog Started (engine=jack) ===
2026-08-21 21:09:04: RECONCILE jackd settling — not restarting Surge (promote-to-jack)
2026-08-21 21:13:55: RECONCILE jackd settling — not restarting Surge (promote-to-jack)
2026-08-21 21:14:01: RECONCILE restarting Surge (promote-to-jack)
2026-08-21 21:18:57: RECONCILE restarting Surge (promote-to-jack)
2026-08-21 21:23:53: RECONCILE jackd settling — not restarting Surge (promote-to-jack)
2026-08-21 21:31:34: RECONCILE jackd settling — not restarting Surge (promote-to-jack)
2026-08-21 21:38:23: RECONCILE restarting Surge (promote-to-jack)
2026-08-21 21:41:14: RECONCILE jackd settling — not restarting Surge (promote-to-jack)
2026-08-21 21:43:08: RECONCILE restarting Surge (promote-to-jack)
2026-08-21 21:45:03: RECONCILE jackd settling — not restarting Surge (promote-to-jack)
2026-08-21 21:46:57: RECONCILE jackd settling — not restarting Surge (promote-to-jack)
2026-08-21 21:48:51: RECONCILE jackd settling — not restarting Surge (promote-to-jack)
2026-08-21 22:08:52: RECONCILE jackd settling — not restarting Surge (promote-to-jack)
2026-08-21 22:10:15: RECONCILE jackd settling — not restarting Surge (promote-to-jack)
2026-08-21 22:12:19: RECONCILE restarting Surge (promote-to-jack)
2026-08-21 22:14:19: RECONCILE jackd settling — not restarting Surge (promote-to-jack)
2026-08-21 22:16:18: RECONCILE jackd settling — not restarting Surge (promote-to-jack)
2026-08-21 22:18:17: RECONCILE jackd settling — not restarting Surge (promote-to-jack)
2026-08-21 22:31:59: RECONCILE jackd settling — not restarting Surge (promote-to-jack)
2026-08-21 22:32:04: RECONCILE restarting Surge (promote-to-jack)
2026-08-21 22:33:48: RECONCILE restarting Surge (promote-to-jack)
2026-08-21 22:35:21: RECONCILE jackd settling — not restarting Surge (promote-to-jack)
2026-08-21 22:36:44: RECONCILE restarting Surge (promote-to-jack)
2026-08-21 22:38:23: RECONCILE restarting Surge (promote-to-jack)
2026-08-21 22:43:14: RECONCILE restarting Surge (promote-to-jack)
2026-08-21 22:48:05: RECONCILE restarting Surge (promote-to-jack)
2026-08-21 22:59:59: RECONCILE jackd settling — not restarting Surge (promote-to-jack)
2026-08-21 23:45:06: RECONCILE restarting Surge (promote-to-jack)
2026-08-21 23:45:12: RECONCILE cooldown — not restarting Surge (promote-to-jack)
2026-08-21 23:45:17: RECONCILE cooldown — not restarting Surge (promote-to-jack)
2026-08-21 23:45:22: RECONCILE cooldown — not restarting Surge (promote-to-jack)
2026-08-21 23:53:40: RECONCILE restarting Surge (promote-to-jack)
2026-08-21 23:57:38: RECONCILE jackd settling — not restarting Surge (promote-to-jack)
2026-08-21 23:57:44: RECONCILE restarting Surge (promote-to-jack)
2026-08-22 00:01:42: RECONCILE restarting Surge (promote-to-jack)
2026-08-22 00:05:30: RECONCILE restarting Surge (promote-to-jack)
2026-08-22 00:09:28: RECONCILE jackd settling — not restarting Surge (promote-to-jack)
2026-08-22 00:09:34: RECONCILE restarting Surge (promote-to-jack)
2026-08-22 03:04:01: RECONCILE jackd settling — not restarting Surge (promote-to-jack)
2026-08-22 03:04:07: RECONCILE restarting Surge (promote-to-jack)
2026-08-22 03:05:35: RECONCILE restarting Surge (promote-to-jack)
2026-08-22 03:08:21: RECONCILE restarting Surge (promote-to-jack)
2026-08-22 03:11:38: RECONCILE restarting Surge (promote-to-jack)
2026-08-22 03:13:43: RECONCILE jackd settling — not restarting Surge (promote-to-jack)
2026-08-22 03:13:48: RECONCILE restarting Surge (promote-to-jack)
2026-08-22 03:16:24: RECONCILE jackd settling — not restarting Surge (promote-to-jack)
2026-08-22 03:16:29: RECONCILE restarting Surge (promote-to-jack)
2026-08-22 03:20:28: RECONCILE jackd settling — not restarting Surge (promote-to-jack)
2026-08-22 03:20:33: RECONCILE restarting Surge (promote-to-jack)
2026-08-22 03:31:20: RECONCILE jackd settling — not restarting Surge (promote-to-jack)
2026-08-22 03:31:26: RECONCILE restarting Surge (promote-to-jack)
2026-08-22 03:33:46: RECONCILE restarting Surge (promote-to-jack)
2026-08-22 03:36:06: RECONCILE jackd settling — not restarting Surge (promote-to-jack)
2026-08-22 03:36:11: RECONCILE restarting Surge (promote-to-jack)
2026-08-22 03:38:31: RECONCILE restarting Surge (promote-to-jack)
2026-08-22 03:40:35: RECONCILE restarting Surge (promote-to-jack)
2026-08-22 03:44:02: RECONCILE restarting Surge (promote-to-jack)
2026-08-22 03:46:32: RECONCILE restarting Surge (promote-to-jack)
2026-08-22 03:49:02: RECONCILE restarting Surge (promote-to-jack)
2026-08-22 03:51:27: RECONCILE jackd settling — not restarting Surge (promote-to-jack)
2026-08-22 03:51:32: RECONCILE restarting Surge (promote-to-jack)
2026-08-22 03:54:02: RECONCILE restarting Surge (promote-to-jack)
2026-08-22 03:55:36: RECONCILE restarting Surge (promote-to-jack)
2026-08-22 03:59:39: RECONCILE jackd settling — not restarting Surge (promote-to-jack)
2026-08-22 03:59:45: RECONCILE restarting Surge (promote-to-jack)
2026-08-22 04:03:58: RECONCILE restarting Surge (promote-to-jack)
2026-08-22 04:06:23: RECONCILE jackd settling — not restarting Surge (promote-to-jack)
2026-08-22 04:06:29: RECONCILE restarting Surge (promote-to-jack)
2026-08-22 04:10:27: RECONCILE jackd settling — not restarting Surge (promote-to-jack)
2026-08-22 04:10:32: RECONCILE restarting Surge (promote-to-jack)
2026-08-22 11:00:26: RECONCILE restarting Surge (promote-to-jack)
2026-08-22 11:03:49: RECONCILE jackd settling — not restarting Surge (promote-to-jack)
2026-08-22 11:03:54: RECONCILE restarting Surge (promote-to-jack)
2026-08-22 11:04:41: RECONCILE restarting Surge (promote-to-jack)
2026-08-22 11:06:03: RECONCILE restarting Surge (promote-to-jack)
2026-08-22 11:21:36: RECONCILE restarting Surge (promote-to-jack)
2026-08-22 11:23:45: RECONCILE restarting Surge (promote-to-jack)
2026-08-22 12:11:24: RECONCILE jackd settling — not restarting Surge (promote-to-jack)
2026-08-22 12:11:29: RECONCILE restarting Surge (promote-to-jack)
2026-08-22 12:13:38: RECONCILE restarting Surge (promote-to-jack)
2026-08-22 12:15:48: RECONCILE restarting Surge (promote-to-jack)
2026-08-22 12:17:57: RECONCILE restarting Surge (promote-to-jack)
2026-08-22 14:41:55: RECONCILE jackd settling — not restarting Surge (promote-to-jack)
2026-08-22 14:42:01: RECONCILE restarting Surge (promote-to-jack)
2026-08-22 14:43:23: RECONCILE restarting Surge (promote-to-jack)
2026-08-22 14:47:27: RECONCILE restarting Surge (promote-to-jack)
2026-08-22 14:51:31: RECONCILE restarting Surge (promote-to-jack)
2026-08-22 14:55:29: RECONCILE jackd settling — not restarting Surge (promote-to-jack)
2026-08-22 14:55:35: RECONCILE restarting Surge (promote-to-jack)
2026-08-22 14:59:39: RECONCILE restarting Surge (promote-to-jack)
2026-08-22 15:03:43: RECONCILE restarting Surge (promote-to-jack)
