
2026-07-30 22:19:40: calibration loopback start
22:19:40.764 - MPE Status          : Enabled
22:19:40.764 - MPE Bend Range      : 48
22:19:40.866 - Binding to all MIDI inputs... Found 1 device!
22:19:40.866 - Opened MIDI Input   : [Midi Through Port-0] 
22:19:40.866 - Audio driver type   : [ALSA]
22:19:40.979 - Output device       : [Loopback, Loopback PCM; Direct hardware device without any conversions (1)]
22:19:40.985 - Audio Starting      : Sample Rate 8000 Hz, Buffer Size 512 samples
22:19:40.986 - Starting OSC input on 53280
22:19:40.986 - Running CLI with message loop
22:19:40.986 - Daemon mode without stdin. Send SIGINT or SIGTERM to cleanly stop execution.

22:20:31.737 - SIGINT (Ctrl-C) detected. Shutting down CLI...

2026-07-30 22:21:20: calibration loopback start
22:21:20.554 - MPE Status          : Enabled
22:21:20.555 - MPE Bend Range      : 48
22:21:20.656 - Binding to all MIDI inputs... Found 1 device!
22:21:20.657 - Opened MIDI Input   : [Midi Through Port-0] 
22:21:20.657 - Audio driver type   : [ALSA]
22:21:20.699 - Output device       : [Loopback, Loopback PCM; Direct hardware device without any conversions (1)]
22:21:20.705 - Audio Starting      : Sample Rate 8000 Hz, Buffer Size 512 samples
22:21:20.706 - Starting OSC input on 53280
22:21:20.706 - Running CLI with message loop
22:21:20.706 - Daemon mode without stdin. Send SIGINT or SIGTERM to cleanly stop execution.

22:21:27.007 - SIGINT (Ctrl-C) detected. Shutting down CLI...

2026-07-30 22:21:51: calibration loopback start
22:21:52.052 - MPE Status          : Enabled
22:21:52.052 - MPE Bend Range      : 48
22:21:52.153 - Binding to all MIDI inputs... Found 1 device!
22:21:52.154 - Opened MIDI Input   : [Midi Through Port-0] 
22:21:52.154 - Audio driver type   : [ALSA]
22:21:52.197 - Output device       : [Loopback, Loopback PCM; Direct hardware device without any conversions (1)]
22:21:52.203 - Audio Starting      : Sample Rate 8000 Hz, Buffer Size 512 samples
22:21:52.203 - Starting OSC input on 53280
22:21:52.204 - Running CLI with message loop
22:21:52.204 - Daemon mode without stdin. Send SIGINT or SIGTERM to cleanly stop execution.

22:21:58.490 - SIGINT (Ctrl-C) detected. Shutting down CLI...

2026-07-30 22:22:23: calibration loopback start
22:22:23.656 - MPE Status          : Enabled
22:22:23.656 - MPE Bend Range      : 48
22:22:23.758 - Binding to all MIDI inputs... Found 1 device!
22:22:23.758 - Opened MIDI Input   : [Midi Through Port-0] 
22:22:23.758 - Audio driver type   : [ALSA]
22:22:23.801 - Output device       : [Loopback, Loopback PCM; Direct hardware device without any conversions (1)]
22:22:23.807 - Audio Starting      : Sample Rate 8000 Hz, Buffer Size 512 samples
22:22:23.807 - Starting OSC input on 53280
22:22:23.808 - Running CLI with message loop
22:22:23.808 - Daemon mode without stdin. Send SIGINT or SIGTERM to cleanly stop execution.

22:22:30.081 - SIGINT (Ctrl-C) detected. Shutting down CLI...

2026-07-30 22:23:50: calibration loopback start
22:23:50.993 - MPE Status          : Enabled
22:23:50.993 - MPE Bend Range      : 48
22:23:51.095 - Binding to all MIDI inputs... Found 1 device!
22:23:51.095 - Opened MIDI Input   : [Midi Through Port-0] 
22:23:51.095 - Audio driver type   : [ALSA]
22:23:51.138 - Output device       : [Loopback, Loopback PCM; Direct hardware device without any conversions (1)]
22:23:51.144 - Audio Starting      : Sample Rate 8000 Hz, Buffer Size 512 samples
22:23:51.144 - Starting OSC input on 53280
22:23:51.145 - Running CLI with message loop
22:23:51.145 - Daemon mode without stdin. Send SIGINT or SIGTERM to cleanly stop execution.

22:24:42.001 - SIGINT (Ctrl-C) detected. Shutting down CLI...

2026-07-30 22:47:56: calibration loopback start
22:47:56.592 - MPE Status          : Enabled
22:47:56.592 - MPE Bend Range      : 48
22:47:56.694 - Binding to all MIDI inputs... Found 1 device!
22:47:56.694 - Opened MIDI Input   : [Midi Through Port-0] 
22:47:56.694 - Audio driver type   : [ALSA]
22:47:56.736 - Output device       : [Loopback, Loopback PCM; Direct hardware device without any conversions (1)]
22:47:56.742 - Audio Starting      : Sample Rate 8000 Hz, Buffer Size 512 samples
22:47:56.743 - Starting OSC input on 53280
22:47:56.743 - Running CLI with message loop
22:47:56.743 - Daemon mode without stdin. Send SIGINT or SIGTERM to cleanly stop execution.

22:48:47.511 - SIGINT (Ctrl-C) detected. Shutting down CLI...

2026-07-30 22:54:56: calibration loopback start
22:54:56.610 - MPE Status          : Enabled
22:54:56.610 - MPE Bend Range      : 48
22:54:56.712 - Binding to all MIDI inputs... Found 1 device!
22:54:56.712 - Opened MIDI Input   : [Midi Through Port-0] 
22:54:56.712 - Audio driver type   : [ALSA]
22:54:56.757 - Output device       : [Loopback, Loopback PCM; Direct hardware device without any conversions (1)]
22:54:56.763 - Audio Starting      : Sample Rate 8000 Hz, Buffer Size 512 samples
22:54:56.763 - Starting OSC input on 53280
22:54:56.764 - Running CLI with message loop
22:54:56.764 - Daemon mode without stdin. Send SIGINT or SIGTERM to cleanly stop execution.

22:55:48.391 - SIGINT (Ctrl-C) detected. Shutting down CLI...

2026-07-30 22:58:08: calibration loopback start
22:58:09.170 - MPE Status          : Enabled
22:58:09.170 - MPE Bend Range      : 48
22:58:09.272 - Binding to all MIDI inputs... Found 1 device!
22:58:09.272 - Opened MIDI Input   : [Midi Through Port-0] 
22:58:09.272 - Audio driver type   : [ALSA]
22:58:09.317 - Output device       : [Loopback, Loopback PCM; Direct hardware device without any conversions (1)]
22:58:09.323 - Audio Starting      : Sample Rate 8000 Hz, Buffer Size 512 samples
22:58:09.323 - Starting OSC input on 53280
22:58:09.324 - Running CLI with message loop
22:58:09.324 - Daemon mode without stdin. Send SIGINT or SIGTERM to cleanly stop execution.

22:59:00.918 - SIGINT (Ctrl-C) detected. Shutting down CLI...

2026-07-30 22:59:48: calibration loopback start
22:59:49.139 - MPE Status          : Enabled
22:59:49.139 - MPE Bend Range      : 48
22:59:49.240 - Binding to all MIDI inputs... Found 1 device!
22:59:49.241 - Opened MIDI Input   : [Midi Through Port-0] 
22:59:49.241 - Audio driver type   : [ALSA]
22:59:49.284 - Output device       : [Loopback, Loopback PCM; Direct hardware device without any conversions (1)]
22:59:49.290 - Audio Starting      : Sample Rate 8000 Hz, Buffer Size 512 samples
22:59:49.290 - Starting OSC input on 53280
22:59:49.290 - Running CLI with message loop
22:59:49.290 - Daemon mode without stdin. Send SIGINT or SIGTERM to cleanly stop execution.

23:00:40.042 - SIGINT (Ctrl-C) detected. Shutting down CLI...

2026-07-30 23:04:25: calibration loopback start
23:04:25.841 - MPE Status          : Enabled
23:04:25.841 - MPE Bend Range      : 48
23:04:25.943 - Binding to all MIDI inputs... Found 1 device!
23:04:25.943 - Opened MIDI Input   : [Midi Through Port-0] 
23:04:25.943 - Audio driver type   : [ALSA]
23:04:25.986 - Output device       : [Loopback, Loopback PCM; Direct hardware device without any conversions (1)]
23:04:25.992 - Audio Starting      : Sample Rate 8000 Hz, Buffer Size 512 samples
23:04:25.992 - Starting OSC input on 53280
23:04:25.992 - Running CLI with message loop
23:04:25.992 - Daemon mode without stdin. Send SIGINT or SIGTERM to cleanly stop execution.

23:04:39.680 - SIGINT (Ctrl-C) detected. Shutting down CLI...

2026-07-30 23:15:09: calibration loopback start
23:15:09.282 - MPE Status          : Enabled
23:15:09.283 - MPE Bend Range      : 48
23:15:09.384 - Binding to all MIDI inputs... Found 1 device!
23:15:09.385 - Opened MIDI Input   : [Midi Through Port-0] 
23:15:09.385 - Audio driver type   : [ALSA]
23:15:09.448 - Output device       : [Loopback, Loopback PCM; Direct hardware device without any conversions (1)]
23:15:09.455 - Audio Starting      : Sample Rate 8000 Hz, Buffer Size 512 samples
23:15:09.456 - Starting OSC input on 53280
23:15:09.456 - Running CLI with message loop
23:15:09.456 - Daemon mode without stdin. Send SIGINT or SIGTERM to cleanly stop execution.

23:16:14.605 - SIGINT (Ctrl-C) detected. Shutting down CLI...

2026-07-30 23:16:52: calibration loopback start
23:16:52.307 - MPE Status          : Enabled
23:16:52.307 - MPE Bend Range      : 48
23:16:52.409 - Binding to all MIDI inputs... Found 1 device!
23:16:52.409 - Opened MIDI Input   : [Midi Through Port-0] 
23:16:52.409 - Audio driver type   : [ALSA]
23:16:52.494 - Output device       : [Loopback, Loopback PCM; Direct hardware device without any conversions (1)]
23:16:52.503 - Audio Starting      : Sample Rate 8000 Hz, Buffer Size 512 samples
23:16:52.504 - Starting OSC input on 53280
23:16:52.504 - Running CLI with message loop
23:16:52.504 - Daemon mode without stdin. Send SIGINT or SIGTERM to cleanly stop execution.

23:17:57.637 - SIGINT (Ctrl-C) detected. Shutting down CLI...

2026-07-30 23:19:01: calibration loopback start
23:19:01.504 - MPE Status          : Enabled
23:19:01.504 - MPE Bend Range      : 48
23:19:01.606 - Binding to all MIDI inputs... Found 1 device!
23:19:01.606 - Opened MIDI Input   : [Midi Through Port-0] 
23:19:01.606 - Audio driver type   : [ALSA]
23:19:01.648 - Output device       : [Loopback, Loopback PCM; Direct hardware device without any conversions (1)]
23:19:01.655 - Audio Starting      : Sample Rate 8000 Hz, Buffer Size 512 samples
23:19:01.655 - Starting OSC input on 53280
23:19:01.655 - Running CLI with message loop
23:19:01.655 - Daemon mode without stdin. Send SIGINT or SIGTERM to cleanly stop execution.

23:19:15.314 - SIGINT (Ctrl-C) detected. Shutting down CLI...

2026-07-31 03:30:07: calibration loopback start
03:30:07.562 - MPE Status          : Enabled
03:30:07.562 - MPE Bend Range      : 48
03:30:07.664 - Binding to all MIDI inputs... Found 2 devices!
03:30:07.664 - Opened MIDI Input   : [Midi Through Port-0] 
03:30:07.664 - Opened MIDI Input   : [LUMI Keys BLOCK MIDI 1] 
03:30:07.664 - Audio driver type   : [ALSA]
03:30:07.715 - Output device       : [Loopback, Loopback PCM; Direct hardware device without any conversions (1)]
03:30:07.721 - Audio Starting      : Sample Rate 8000 Hz, Buffer Size 512 samples
03:30:07.722 - Starting OSC input on 53280
03:30:07.723 - Running CLI with message loop
03:30:07.723 - Daemon mode without stdin. Send SIGINT or SIGTERM to cleanly stop execution.

03:31:12.882 - SIGINT (Ctrl-C) detected. Shutting down CLI...

2026-07-31 03:35:10: calibration loopback start
03:35:10.242 - MPE Status          : Enabled
03:35:10.242 - MPE Bend Range      : 48
03:35:10.344 - Binding to all MIDI inputs... Found 1 device!
03:35:10.345 - Opened MIDI Input   : [Midi Through Port-0] 
03:35:10.345 - Audio driver type   : [ALSA]
03:35:10.389 - Output device       : [Loopback, Loopback PCM; Direct hardware device without any conversions (1)]
03:35:10.395 - Audio Starting      : Sample Rate 8000 Hz, Buffer Size 512 samples
03:35:10.396 - Starting OSC input on 53280
03:35:10.396 - Running CLI with message loop
03:35:10.396 - Daemon mode without stdin. Send SIGINT or SIGTERM to cleanly stop execution.

03:37:53.975 - SIGINT (Ctrl-C) detected. Shutting down CLI...

2026-07-31 03:39:29: calibration loopback start
03:39:29.891 - MPE Status          : Enabled
03:39:29.891 - MPE Bend Range      : 48
03:39:29.993 - Binding to all MIDI inputs... Found 1 device!
03:39:29.993 - Opened MIDI Input   : [Midi Through Port-0] 
03:39:29.993 - Audio driver type   : [ALSA]
03:39:30.038 - Output device       : [Loopback, Loopback PCM; Direct hardware device without any conversions (1)]
03:39:30.044 - Audio Starting      : Sample Rate 8000 Hz, Buffer Size 512 samples
03:39:30.044 - Starting OSC input on 53280
03:39:30.044 - Running CLI with message loop
03:39:30.044 - Daemon mode without stdin. Send SIGINT or SIGTERM to cleanly stop execution.

03:42:13.456 - SIGINT (Ctrl-C) detected. Shutting down CLI...

2026-07-31 03:46:02: calibration loopback start
03:46:02.843 - MPE Status          : Enabled
03:46:02.843 - MPE Bend Range      : 48
03:46:02.944 - Binding to all MIDI inputs... Found 2 devices!
03:46:02.945 - Opened MIDI Input   : [Midi Through Port-0] 
03:46:02.945 - Opened MIDI Input   : [LUMI Keys BLOCK MIDI 1] 
03:46:02.945 - Audio driver type   : [ALSA]
03:46:02.993 - Output device       : [Loopback, Loopback PCM; Direct hardware device without any conversions (1)]
03:46:03.000 - Audio Starting      : Sample Rate 8000 Hz, Buffer Size 512 samples
03:46:03.000 - Starting OSC input on 53280
03:46:03.000 - Running CLI with message loop
03:46:03.000 - Daemon mode without stdin. Send SIGINT or SIGTERM to cleanly stop execution.

03:49:02.870 - SIGINT (Ctrl-C) detected. Shutting down CLI...

2026-07-31 03:49:03: calibration loopback start
03:49:03.585 - MPE Status          : Enabled
03:49:03.585 - MPE Bend Range      : 48
03:49:03.687 - Binding to all MIDI inputs... Found 1 device!
03:49:03.687 - Opened MIDI Input   : [Midi Through Port-0] 
03:49:03.687 - Audio driver type   : [ALSA]
03:49:03.732 - Output device       : [Loopback, Loopback PCM; Direct hardware device without any conversions (1)]
03:49:03.738 - Audio Starting      : Sample Rate 8000 Hz, Buffer Size 512 samples
03:49:03.739 - Starting OSC input on 53280
03:49:03.739 - Running CLI with message loop
03:49:03.739 - Daemon mode without stdin. Send SIGINT or SIGTERM to cleanly stop execution.

03:57:50.432 - SIGINT (Ctrl-C) detected. Shutting down CLI...

2026-07-31 04:14:24: calibration loopback start
04:14:24.726 - MPE Status          : Enabled
04:14:24.727 - MPE Bend Range      : 48
04:14:24.828 - Binding to all MIDI inputs... Found 1 device!
04:14:24.829 - Opened MIDI Input   : [Midi Through Port-0] 
04:14:24.829 - Audio driver type   : [ALSA]
04:14:24.885 - Output device       : [Loopback, Loopback PCM; Direct hardware device without any conversions (1)]
04:14:24.891 - Audio Starting      : Sample Rate 8000 Hz, Buffer Size 512 samples
04:14:24.892 - Starting OSC input on 53280
04:14:24.892 - Running CLI with message loop
04:14:24.892 - Daemon mode without stdin. Send SIGINT or SIGTERM to cleanly stop execution.

04:16:48.892 - SIGINT (Ctrl-C) detected. Shutting down CLI...

2026-07-31 04:25:42: calibration loopback start
04:25:43.117 - MPE Status          : Enabled
04:25:43.118 - MPE Bend Range      : 48
04:25:43.219 - Binding to all MIDI inputs... Found 1 device!
04:25:43.220 - Opened MIDI Input   : [Midi Through Port-0] 
04:25:43.220 - Audio driver type   : [ALSA]
04:25:43.265 - Output device       : [Loopback, Loopback PCM; Direct hardware device without any conversions (1)]
04:25:43.271 - Audio Starting      : Sample Rate 8000 Hz, Buffer Size 512 samples
04:25:43.271 - Starting OSC input on 53280
04:25:43.272 - Running CLI with message loop
04:25:43.272 - Daemon mode without stdin. Send SIGINT or SIGTERM to cleanly stop execution.

04:31:47.215 - SIGINT (Ctrl-C) detected. Shutting down CLI...

2026-07-31 04:36:35: calibration loopback start
04:36:35.227 - MPE Status          : Enabled
04:36:35.227 - MPE Bend Range      : 48
04:36:35.329 - Binding to all MIDI inputs... Found 1 device!
04:36:35.329 - Opened MIDI Input   : [Midi Through Port-0] 
04:36:35.329 - Audio driver type   : [ALSA]
04:36:35.379 - Output device       : [Loopback, Loopback PCM; Direct hardware device without any conversions (1)]
04:36:35.385 - Audio Starting      : Sample Rate 8000 Hz, Buffer Size 512 samples
04:36:35.386 - Starting OSC input on 53280
04:36:35.386 - Running CLI with message loop
04:36:35.386 - Daemon mode without stdin. Send SIGINT or SIGTERM to cleanly stop execution.

04:42:02.731 - SIGINT (Ctrl-C) detected. Shutting down CLI...

2026-07-31 04:44:46: calibration loopback start
04:44:46.395 - MPE Status          : Enabled
04:44:46.395 - MPE Bend Range      : 48
04:44:46.497 - Binding to all MIDI inputs... Found 1 device!
04:44:46.497 - Opened MIDI Input   : [Midi Through Port-0] 
04:44:46.497 - Audio driver type   : [ALSA]
04:44:46.543 - Output device       : [Loopback, Loopback PCM; Direct hardware device without any conversions (1)]
04:44:46.549 - Audio Starting      : Sample Rate 8000 Hz, Buffer Size 512 samples
04:44:46.549 - Starting OSC input on 53280
04:44:46.549 - Running CLI with message loop
04:44:46.549 - Daemon mode without stdin. Send SIGINT or SIGTERM to cleanly stop execution.

04:50:14.692 - SIGINT (Ctrl-C) detected. Shutting down CLI...

2026-07-31 04:51:09: calibration loopback start
04:51:09.510 - MPE Status          : Enabled
04:51:09.510 - MPE Bend Range      : 48
04:51:09.612 - Binding to all MIDI inputs... Found 1 device!
04:51:09.612 - Opened MIDI Input   : [Midi Through Port-0] 
04:51:09.612 - Audio driver type   : [ALSA]
04:51:09.657 - Output device       : [Loopback, Loopback PCM; Direct hardware device without any conversions (1)]
04:51:09.664 - Audio Starting      : Sample Rate 8000 Hz, Buffer Size 512 samples
04:51:09.665 - Starting OSC input on 53280
04:51:09.665 - Running CLI with message loop
04:51:09.665 - Daemon mode without stdin. Send SIGINT or SIGTERM to cleanly stop execution.

04:57:47.407 - SIGINT (Ctrl-C) detected. Shutting down CLI...

2026-07-31 04:58:55: calibration loopback start
04:58:55.741 - MPE Status          : Enabled
04:58:55.741 - MPE Bend Range      : 48
04:58:55.842 - Binding to all MIDI inputs... Found 1 device!
04:58:55.843 - Opened MIDI Input   : [Midi Through Port-0] 
04:58:55.843 - Audio driver type   : [ALSA]
04:58:55.885 - Output device       : [Loopback, Loopback PCM; Direct hardware device without any conversions (1)]
04:58:55.891 - Audio Starting      : Sample Rate 8000 Hz, Buffer Size 512 samples
04:58:55.892 - Starting OSC input on 53280
04:58:55.892 - Running CLI with message loop
04:58:55.892 - Daemon mode without stdin. Send SIGINT or SIGTERM to cleanly stop execution.

05:07:31.657 - SIGINT (Ctrl-C) detected. Shutting down CLI...

2026-07-31 05:07:32: calibration loopback start
05:07:32.373 - MPE Status          : Enabled
05:07:32.373 - MPE Bend Range      : 48
05:07:32.475 - Binding to all MIDI inputs... Found 1 device!
05:07:32.475 - Opened MIDI Input   : [Midi Through Port-0] 
05:07:32.475 - Audio driver type   : [ALSA]
05:07:32.521 - Output device       : [Loopback, Loopback PCM; Direct hardware device without any conversions (1)]
05:07:32.527 - Audio Starting      : Sample Rate 8000 Hz, Buffer Size 512 samples
05:07:32.528 - Starting OSC input on 53280
05:07:32.528 - Running CLI with message loop
05:07:32.528 - Daemon mode without stdin. Send SIGINT or SIGTERM to cleanly stop execution.

05:15:05.378 - SIGINT (Ctrl-C) detected. Shutting down CLI...

2026-07-31 14:23:34: calibration loopback start
14:23:34.282 - MPE Status          : Enabled
14:23:34.282 - MPE Bend Range      : 48
14:23:34.383 - Binding to all MIDI inputs... Found 1 device!
14:23:34.384 - Opened MIDI Input   : [Midi Through Port-0] 
14:23:34.384 - Audio driver type   : [ALSA]
14:23:34.429 - Output device       : [Loopback, Loopback PCM; Direct hardware device without any conversions (1)]
14:23:34.435 - Audio Starting      : Sample Rate 8000 Hz, Buffer Size 512 samples
14:23:34.436 - Starting OSC input on 53280
14:23:34.436 - Running CLI with message loop
14:23:34.436 - Daemon mode without stdin. Send SIGINT or SIGTERM to cleanly stop execution.

17:36:19.378 - SIGINT (Ctrl-C) detected. Shutting down CLI...

2026-07-31 18:45:49: calibration loopback start
18:45:49.892 - MPE Status          : Enabled
18:45:49.892 - MPE Bend Range      : 48
18:45:49.994 - Binding to all MIDI inputs... Found 2 devices!
18:45:49.994 - Opened MIDI Input   : [Midi Through Port-0] 
18:45:49.994 - Opened MIDI Input   : [LUMI Keys BLOCK MIDI 1] 
18:45:49.995 - Audio driver type   : [ALSA]
18:45:50.045 - Output device       : [Loopback, Loopback PCM; Direct hardware device without any conversions (1)]
18:45:50.052 - Audio Starting      : Sample Rate 8000 Hz, Buffer Size 512 samples
18:45:50.052 - Starting OSC input on 53280
18:45:50.052 - Running CLI with message loop
18:45:50.052 - Daemon mode without stdin. Send SIGINT or SIGTERM to cleanly stop execution.

18:46:07.858 - SIGINT (Ctrl-C) detected. Shutting down CLI...

2026-07-31 19:58:17: calibration loopback start
19:58:17.667 - MPE Status          : Enabled
19:58:17.667 - MPE Bend Range      : 48
19:58:17.769 - Binding to all MIDI inputs... Found 1 device!
19:58:17.769 - Opened MIDI Input   : [Midi Through Port-0] 
19:58:17.769 - Audio driver type   : [ALSA]
19:58:17.815 - Output device       : [Loopback, Loopback PCM; Direct hardware device without any conversions (1)]
19:58:17.822 - Audio Starting      : Sample Rate 8000 Hz, Buffer Size 512 samples
19:58:17.822 - Starting OSC input on 53280
19:58:17.822 - Running CLI with message loop
19:58:17.822 - Daemon mode without stdin. Send SIGINT or SIGTERM to cleanly stop execution.

19:58:58.044 - SIGINT (Ctrl-C) detected. Shutting down CLI...

2026-08-01 05:15:22: calibration loopback start
05:15:22.700 - MPE Status          : Enabled
05:15:22.700 - MPE Bend Range      : 48
05:15:22.801 - Binding to all MIDI inputs... Found 2 devices!
05:15:22.802 - Opened MIDI Input   : [Midi Through Port-0] 
05:15:22.802 - Opened MIDI Input   : [LUMI Keys BLOCK MIDI 1] 
05:15:22.802 - Audio driver type   : [ALSA]
05:15:22.855 - Output device       : [Loopback, Loopback PCM; Direct hardware device without any conversions (1)]
05:15:22.861 - Audio Starting      : Sample Rate 8000 Hz, Buffer Size 512 samples
05:15:22.862 - Starting OSC input on 53280
05:15:22.862 - Running CLI with message loop
05:15:22.862 - Daemon mode without stdin. Send SIGINT or SIGTERM to cleanly stop execution.

14:09:27.104 - SIGINT (Ctrl-C) detected. Shutting down CLI...

2026-08-01 14:17:59: calibration loopback start
14:17:59.577 - MPE Status          : Enabled
14:17:59.578 - MPE Bend Range      : 48
14:17:59.679 - Binding to all MIDI inputs... Found 2 devices!
14:17:59.680 - Opened MIDI Input   : [Midi Through Port-0] 
14:17:59.680 - Opened MIDI Input   : [LUMI Keys BLOCK MIDI 1] 
14:17:59.680 - Audio driver type   : [ALSA]
14:17:59.729 - Output device       : [Loopback, Loopback PCM; Direct hardware device without any conversions (1)]
14:17:59.735 - Audio Starting      : Sample Rate 8000 Hz, Buffer Size 512 samples
14:17:59.735 - Starting OSC input on 53280
14:17:59.736 - Running CLI with message loop
14:17:59.736 - Daemon mode without stdin. Send SIGINT or SIGTERM to cleanly stop execution.

14:18:27.155 - SIGINT (Ctrl-C) detected. Shutting down CLI...

2026-08-01 14:22:11: calibration loopback start
14:22:12.073 - MPE Status          : Enabled
14:22:12.073 - MPE Bend Range      : 48
14:22:12.175 - Binding to all MIDI inputs... Found 2 devices!
14:22:12.175 - Opened MIDI Input   : [Midi Through Port-0] 
14:22:12.176 - Opened MIDI Input   : [LUMI Keys BLOCK MIDI 1] 
14:22:12.176 - Audio driver type   : [ALSA]
14:22:12.225 - Output device       : [Loopback, Loopback PCM; Direct hardware device without any conversions (1)]
14:22:12.231 - Audio Starting      : Sample Rate 8000 Hz, Buffer Size 512 samples
14:22:12.231 - Starting OSC input on 53280
14:22:12.232 - Running CLI with message loop
14:22:12.232 - Daemon mode without stdin. Send SIGINT or SIGTERM to cleanly stop execution.

14:22:29.169 - SIGINT (Ctrl-C) detected. Shutting down CLI...

2026-08-01 14:29:42: calibration loopback start (interface=0.19, buffer=1024)
14:29:42.729 - MPE Status          : Enabled
14:29:42.729 - MPE Bend Range      : 48
14:29:42.732 - Binding to all MIDI inputs... Found 2 devices!
14:29:42.733 - Opened MIDI Input   : [Midi Through Port-0] 
14:29:42.734 - Opened MIDI Input   : [LUMI Keys BLOCK MIDI 1] 
14:29:42.734 - Audio driver type   : [ALSA]
14:29:42.784 - Output device       : [Loopback, Loopback PCM; Direct hardware device without any conversions (1)]
14:29:42.791 - Audio Starting      : Sample Rate 8000 Hz, Buffer Size 1024 samples
14:29:42.791 - Starting OSC input on 53280
14:29:42.791 - Running CLI with message loop
14:29:42.791 - Daemon mode without stdin. Send SIGINT or SIGTERM to cleanly stop execution.

14:30:20.154 - SIGINT (Ctrl-C) detected. Shutting down CLI...

2026-08-01 14:44:11: calibration standalone start (interface=0.4, buffer=1024)
14:44:11.584 - MPE Status          : Enabled
14:44:11.584 - MPE Bend Range      : 48
14:44:11.686 - Binding to all MIDI inputs... Found 2 devices!
14:44:11.686 - Opened MIDI Input   : [Midi Through Port-0] 
14:44:11.686 - Opened MIDI Input   : [LUMI Keys BLOCK MIDI 1] 
14:44:11.686 - Audio driver type   : [ALSA]
14:44:11.726 - Output device       : [Sound Blaster Play! 3, USB Audio; Front output / input]
14:44:11.735 - Audio Starting      : Sample Rate 44100 Hz, Buffer Size 1024 samples
14:44:11.736 - Starting OSC input on 53280
14:44:11.736 - Running CLI with message loop
14:44:11.736 - Daemon mode without stdin. Send SIGINT or SIGTERM to cleanly stop execution.

14:44:40.135 - SIGINT (Ctrl-C) detected. Shutting down CLI...

2026-08-01 14:45:31: calibration standalone start (interface=0.4, buffer=1024)
14:45:31.201 - MPE Status          : Enabled
14:45:31.202 - MPE Bend Range      : 48
14:45:31.303 - Binding to all MIDI inputs... Found 2 devices!
14:45:31.304 - Opened MIDI Input   : [Midi Through Port-0] 
14:45:31.304 - Opened MIDI Input   : [LUMI Keys BLOCK MIDI 1] 
14:45:31.304 - Audio driver type   : [ALSA]
14:45:31.344 - Output device       : [Sound Blaster Play! 3, USB Audio; Front output / input]
14:45:31.353 - Audio Starting      : Sample Rate 44100 Hz, Buffer Size 1024 samples
14:45:31.353 - Starting OSC input on 53280
14:45:31.354 - Running CLI with message loop
14:45:31.354 - Daemon mode without stdin. Send SIGINT or SIGTERM to cleanly stop execution.

14:45:38.483 - SIGINT (Ctrl-C) detected. Shutting down CLI...

2026-08-01 14:46:18: calibration standalone start (interface=0.4, buffer=1024)
14:46:18.397 - MPE Status          : Enabled
14:46:18.397 - MPE Bend Range      : 48
14:46:18.498 - Binding to all MIDI inputs... Found 2 devices!
14:46:18.499 - Opened MIDI Input   : [Midi Through Port-0] 
14:46:18.499 - Opened MIDI Input   : [LUMI Keys BLOCK MIDI 1] 
14:46:18.499 - Audio driver type   : [ALSA]
14:46:18.539 - Output device       : [Sound Blaster Play! 3, USB Audio; Front output / input]
14:46:18.549 - Audio Starting      : Sample Rate 44100 Hz, Buffer Size 1024 samples
14:46:18.549 - Starting OSC input on 53280
14:46:18.549 - Running CLI with message loop
14:46:18.549 - Daemon mode without stdin. Send SIGINT or SIGTERM to cleanly stop execution.

14:46:25.664 - SIGINT (Ctrl-C) detected. Shutting down CLI...

2026-08-01 14:47:16: calibration standalone start (interface=0.3, buffer=1024)
14:47:16.976 - MPE Status          : Enabled
14:47:16.977 - MPE Bend Range      : 48
14:47:17.078 - Binding to all MIDI inputs... Found 2 devices!
14:47:17.078 - Opened MIDI Input   : [Midi Through Port-0] 
14:47:17.079 - Opened MIDI Input   : [LUMI Keys BLOCK MIDI 1] 
14:47:17.079 - Audio driver type   : [ALSA]
14:47:17.119 - Output device       : [Sound Blaster Play! 3, USB Audio; Direct hardware device without any conversions]
14:47:17.128 - Audio Starting      : Sample Rate 44100 Hz, Buffer Size 1024 samples
14:47:17.129 - Starting OSC input on 53280
14:47:17.129 - Running CLI with message loop
14:47:17.129 - Daemon mode without stdin. Send SIGINT or SIGTERM to cleanly stop execution.

14:47:24.305 - SIGINT (Ctrl-C) detected. Shutting down CLI...

2026-08-01 14:49:10: calibration standalone start (interface=0.3, buffer=1024)
14:49:10.628 - MPE Status          : Enabled
14:49:10.628 - MPE Bend Range      : 48
14:49:10.730 - Binding to all MIDI inputs... Found 2 devices!
14:49:10.730 - Opened MIDI Input   : [Midi Through Port-0] 
14:49:10.730 - Opened MIDI Input   : [LUMI Keys BLOCK MIDI 1] 
14:49:10.730 - Audio driver type   : [ALSA]
14:49:10.772 - Output device       : [Sound Blaster Play! 3, USB Audio; Direct hardware device without any conversions]
14:49:10.781 - Audio Starting      : Sample Rate 44100 Hz, Buffer Size 1024 samples
14:49:10.782 - Starting OSC input on 53280
14:49:10.782 - Running CLI with message loop
14:49:10.782 - Daemon mode without stdin. Send SIGINT or SIGTERM to cleanly stop execution.

14:49:39.025 - SIGINT (Ctrl-C) detected. Shutting down CLI...

2026-08-01 15:12:36: calibration standalone start (interface=0.3, buffer=1024)
15:12:36.710 - MPE Status          : Enabled
15:12:36.711 - MPE Bend Range      : 48
15:12:36.812 - Binding to all MIDI inputs... Found 2 devices!
15:12:36.813 - Opened MIDI Input   : [Midi Through Port-0] 
15:12:36.813 - Opened MIDI Input   : [LUMI Keys BLOCK MIDI 1] 
15:12:36.813 - Audio driver type   : [ALSA]
15:12:36.854 - Output device       : [Sound Blaster Play! 3, USB Audio; Direct hardware device without any conversions]
15:12:36.864 - Audio Starting      : Sample Rate 44100 Hz, Buffer Size 1024 samples
15:12:36.864 - Starting OSC input on 53280
15:12:36.864 - Running CLI with message loop
15:12:36.864 - Daemon mode without stdin. Send SIGINT or SIGTERM to cleanly stop execution.

15:13:04.573 - SIGINT (Ctrl-C) detected. Shutting down CLI...

2026-08-01 15:13:44: calibration loopback start (interface=0.19, buffer=1024)
15:13:44.209 - MPE Status          : Enabled
15:13:44.210 - MPE Bend Range      : 48
15:13:44.311 - Binding to all MIDI inputs... Found 2 devices!
15:13:44.311 - Opened MIDI Input   : [Midi Through Port-0] 
15:13:44.312 - Opened MIDI Input   : [LUMI Keys BLOCK MIDI 1] 
15:13:44.312 - Audio driver type   : [ALSA]
15:13:44.361 - Output device       : [Loopback, Loopback PCM; Direct hardware device without any conversions (1)]
15:13:44.367 - Audio Starting      : Sample Rate 8000 Hz, Buffer Size 1024 samples
15:13:44.367 - Starting OSC input on 53280
15:13:44.368 - Running CLI with message loop
15:13:44.368 - Daemon mode without stdin. Send SIGINT or SIGTERM to cleanly stop execution.

15:13:51.250 - SIGINT (Ctrl-C) detected. Shutting down CLI...

2026-08-01 15:14:34: calibration standalone start (interface=0.3, buffer=1024)
15:14:34.459 - MPE Status          : Enabled
15:14:34.459 - MPE Bend Range      : 48
15:14:34.562 - Binding to all MIDI inputs... Found 2 devices!
15:14:34.562 - Opened MIDI Input   : [Midi Through Port-0] 
15:14:34.562 - Opened MIDI Input   : [LUMI Keys BLOCK MIDI 1] 
15:14:34.562 - Audio driver type   : [ALSA]
15:14:34.602 - Output device       : [Sound Blaster Play! 3, USB Audio; Direct hardware device without any conversions]
15:14:34.611 - Audio Starting      : Sample Rate 44100 Hz, Buffer Size 1024 samples
15:14:34.612 - Starting OSC input on 53280
15:14:34.612 - Running CLI with message loop
15:14:34.612 - Daemon mode without stdin. Send SIGINT or SIGTERM to cleanly stop execution.

15:14:48.723 - SIGINT (Ctrl-C) detected. Shutting down CLI...

2026-08-01 15:15:24: calibration loopback start (interface=0.19, buffer=1024)
15:15:24.462 - MPE Status          : Enabled
15:15:24.462 - MPE Bend Range      : 48
15:15:24.563 - Binding to all MIDI inputs... Found 2 devices!
15:15:24.564 - Opened MIDI Input   : [Midi Through Port-0] 
15:15:24.564 - Opened MIDI Input   : [LUMI Keys BLOCK MIDI 1] 
15:15:24.564 - Audio driver type   : [ALSA]
15:15:24.613 - Output device       : [Loopback, Loopback PCM; Direct hardware device without any conversions (1)]
15:15:24.619 - Audio Starting      : Sample Rate 8000 Hz, Buffer Size 1024 samples
15:15:24.619 - Starting OSC input on 53280
15:15:24.619 - Running CLI with message loop
15:15:24.619 - Daemon mode without stdin. Send SIGINT or SIGTERM to cleanly stop execution.

15:15:31.468 - SIGINT (Ctrl-C) detected. Shutting down CLI...

2026-08-01 15:25:13: calibration loopback start (interface=0.19, buffer=1024)
15:25:13.371 - MPE Status          : Enabled
15:25:13.371 - MPE Bend Range      : 48
15:25:13.473 - Binding to all MIDI inputs... Found 2 devices!
15:25:13.473 - Opened MIDI Input   : [Midi Through Port-0] 
15:25:13.474 - Opened MIDI Input   : [LUMI Keys BLOCK MIDI 1] 
15:25:13.474 - Audio driver type   : [ALSA]
15:25:13.522 - Output device       : [Loopback, Loopback PCM; Direct hardware device without any conversions (1)]
15:25:13.528 - Audio Starting      : Sample Rate 8000 Hz, Buffer Size 1024 samples
15:25:13.529 - Starting OSC input on 53280
15:25:13.529 - Running CLI with message loop
15:25:13.529 - Daemon mode without stdin. Send SIGINT or SIGTERM to cleanly stop execution.

15:25:41.078 - SIGINT (Ctrl-C) detected. Shutting down CLI...

2026-08-01 15:26:16: calibration loopback start (interface=0.19, buffer=1024)
15:26:16.991 - MPE Status          : Enabled
15:26:16.991 - MPE Bend Range      : 48
15:26:17.093 - Binding to all MIDI inputs... Found 2 devices!
15:26:17.093 - Opened MIDI Input   : [Midi Through Port-0] 
15:26:17.093 - Opened MIDI Input   : [LUMI Keys BLOCK MIDI 1] 
15:26:17.093 - Audio driver type   : [ALSA]
15:26:17.143 - Output device       : [Loopback, Loopback PCM; Direct hardware device without any conversions (1)]
15:26:17.149 - Audio Starting      : Sample Rate 8000 Hz, Buffer Size 1024 samples
15:26:17.149 - Starting OSC input on 53280
15:26:17.149 - Running CLI with message loop
15:26:17.149 - Daemon mode without stdin. Send SIGINT or SIGTERM to cleanly stop execution.

15:26:44.601 - SIGINT (Ctrl-C) detected. Shutting down CLI...

2026-08-01 15:37:17: calibration loopback start (interface=0.19, buffer=1024)
15:37:17.683 - MPE Status          : Enabled
15:37:17.683 - MPE Bend Range      : 48
15:37:17.785 - Binding to all MIDI inputs... Found 2 devices!
15:37:17.785 - Opened MIDI Input   : [Midi Through Port-0] 
15:37:17.785 - Opened MIDI Input   : [LUMI Keys BLOCK MIDI 1] 
15:37:17.785 - Audio driver type   : [ALSA]
15:37:17.834 - Output device       : [Loopback, Loopback PCM; Direct hardware device without any conversions (1)]
15:37:17.841 - Audio Starting      : Sample Rate 8000 Hz, Buffer Size 1024 samples
15:37:17.841 - Starting OSC input on 53280
15:37:17.841 - Running CLI with message loop
15:37:17.841 - Daemon mode without stdin. Send SIGINT or SIGTERM to cleanly stop execution.

15:38:03.640 - SIGINT (Ctrl-C) detected. Shutting down CLI...

2026-08-01 17:34:24: calibration loopback start (interface=0.19, buffer=1024)
17:34:24.944 - MPE Status          : Enabled
17:34:24.945 - MPE Bend Range      : 48
17:34:25.046 - Binding to all MIDI inputs... Found 2 devices!
17:34:25.047 - Opened MIDI Input   : [Midi Through Port-0] 
17:34:25.048 - Opened MIDI Input   : [LUMI Keys BLOCK MIDI 1] 
17:34:25.048 - Audio driver type   : [ALSA]
17:34:25.099 - Output device       : [Loopback, Loopback PCM; Direct hardware device without any conversions (1)]
17:34:25.105 - Audio Starting      : Sample Rate 8000 Hz, Buffer Size 1024 samples
17:34:25.106 - Starting OSC input on 53280
17:34:25.106 - Running CLI with message loop
17:34:25.106 - Daemon mode without stdin. Send SIGINT or SIGTERM to cleanly stop execution.

17:34:37.648 - SIGINT (Ctrl-C) detected. Shutting down CLI...

2026-08-01 18:45:39: calibration loopback start (interface=0.19, buffer=1024)
18:45:39.845 - MPE Status          : Enabled
18:45:39.845 - MPE Bend Range      : 48
18:45:39.947 - Binding to all MIDI inputs... Found 2 devices!
18:45:39.947 - Opened MIDI Input   : [Midi Through Port-0] 
18:45:39.947 - Opened MIDI Input   : [LUMI Keys BLOCK MIDI 1] 
18:45:39.948 - Audio driver type   : [ALSA]
18:45:39.999 - Output device       : [Loopback, Loopback PCM; Direct hardware device without any conversions (1)]
18:45:40.005 - Audio Starting      : Sample Rate 8000 Hz, Buffer Size 1024 samples
18:45:40.006 - Starting OSC input on 53280
18:45:40.006 - Running CLI with message loop
18:45:40.006 - Daemon mode without stdin. Send SIGINT or SIGTERM to cleanly stop execution.

18:50:58.063 - SIGINT (Ctrl-C) detected. Shutting down CLI...

2026-08-01 19:01:29: calibration loopback start (interface=0.19, buffer=1024, rate=44100)
19:01:30.174 - MPE Status          : Enabled
19:01:30.174 - MPE Bend Range      : 48
19:01:30.276 - Binding to all MIDI inputs... Found 1 device!
19:01:30.276 - Opened MIDI Input   : [Midi Through Port-0] 
19:01:30.276 - Audio driver type   : [ALSA]
19:01:30.323 - Output device       : [Loopback, Loopback PCM; Direct hardware device without any conversions (1)]
19:01:30.329 - Audio Starting      : Sample Rate 44100 Hz, Buffer Size 1024 samples
19:01:30.329 - Starting OSC input on 53280
19:01:30.329 - Running CLI with message loop
19:01:30.329 - Daemon mode without stdin. Send SIGINT or SIGTERM to cleanly stop execution.

19:13:42.281 - SIGINT (Ctrl-C) detected. Shutting down CLI...

2026-08-02 03:37:34: calibration loopback start (interface=0.19, buffer=1024, rate=44100)
03:37:34.331 - MPE Status          : Enabled
03:37:34.331 - MPE Bend Range      : 48
03:37:34.433 - Binding to all MIDI inputs... Found 1 device!
03:37:34.433 - Opened MIDI Input   : [Midi Through Port-0] 
03:37:34.433 - Audio driver type   : [ALSA]
03:37:34.478 - Output device       : [Loopback, Loopback PCM; Direct hardware device without any conversions (1)]
03:37:34.484 - Audio Starting      : Sample Rate 44100 Hz, Buffer Size 1024 samples
03:37:34.484 - Starting OSC input on 53280
03:37:34.484 - Running CLI with message loop
03:37:34.484 - Daemon mode without stdin. Send SIGINT or SIGTERM to cleanly stop execution.

10:42:52.026 - SIGINT (Ctrl-C) detected. Shutting down CLI...

2026-08-02 15:33:30: calibration loopback start (interface=0.19, buffer=1024, rate=44100)
15:33:31.186 - MPE Status          : Enabled
15:33:31.187 - MPE Bend Range      : 48
15:33:31.288 - Binding to all MIDI inputs... Found 1 device!
15:33:31.289 - Opened MIDI Input   : [Midi Through Port-0] 
15:33:31.289 - Audio driver type   : [ALSA]
15:33:31.333 - Output device       : [Loopback, Loopback PCM; Direct hardware device without any conversions (1)]
15:33:31.340 - Audio Starting      : Sample Rate 44100 Hz, Buffer Size 1024 samples
15:33:31.340 - Starting OSC input on 53280
15:33:31.341 - Running CLI with message loop
15:33:31.341 - Daemon mode without stdin. Send SIGINT or SIGTERM to cleanly stop execution.

15:34:44.544 - SIGINT (Ctrl-C) detected. Shutting down CLI...

2026-08-02 15:36:42: calibration loopback start (interface=0.19, buffer=1024, rate=44100)
15:36:42.461 - MPE Status          : Enabled
15:36:42.461 - MPE Bend Range      : 48
15:36:42.563 - Binding to all MIDI inputs... Found 1 device!
15:36:42.563 - Opened MIDI Input   : [Midi Through Port-0] 
15:36:42.563 - Audio driver type   : [ALSA]
15:36:42.608 - Output device       : [Loopback, Loopback PCM; Direct hardware device without any conversions (1)]
15:36:42.614 - Audio Starting      : Sample Rate 44100 Hz, Buffer Size 1024 samples
15:36:42.614 - Starting OSC input on 53280
15:36:42.614 - Running CLI with message loop
15:36:42.614 - Daemon mode without stdin. Send SIGINT or SIGTERM to cleanly stop execution.

15:51:42.730 - SIGINT (Ctrl-C) detected. Shutting down CLI...

2026-08-02 18:55:04: calibration loopback start (interface=0.19, buffer=512, rate=44100)
18:55:05.032 - MPE Status          : Enabled
18:55:05.033 - MPE Bend Range      : 48
18:55:05.134 - Binding to all MIDI inputs... Found 2 devices!
18:55:05.135 - Opened MIDI Input   : [Midi Through Port-0] 
18:55:05.135 - Opened MIDI Input   : [LUMI Keys BLOCK MIDI 1] 
18:55:05.135 - Audio driver type   : [ALSA]
18:55:05.187 - Output device       : [Loopback, Loopback PCM; Direct hardware device without any conversions (1)]
18:55:05.194 - Audio Starting      : Sample Rate 44100 Hz, Buffer Size 512 samples
18:55:05.194 - Starting OSC input on 53280
18:55:05.194 - Running CLI with message loop
18:55:05.194 - Daemon mode without stdin. Send SIGINT or SIGTERM to cleanly stop execution.

18:55:37.236 - SIGINT (Ctrl-C) detected. Shutting down CLI...

2026-08-03 00:22:56: calibration loopback start (interface=0.21, buffer=1024, rate=44100)
00:22:56.785 - MPE Status          : Enabled
00:22:56.785 - MPE Bend Range      : 48
00:22:56.887 - Binding to all MIDI inputs... Found 3 devices!
00:22:56.887 - Opened MIDI Input   : [Midi Through Port-0] 
00:22:56.887 - Opened MIDI Input   : [LUMI Keys BLOCK MIDI 1] 
00:22:56.887 - Opened MIDI Input   : [RtMidi output] 
00:22:56.887 - Audio driver type   : [ALSA]
00:22:56.947 - Output device       : [Loopback, Loopback PCM; Direct hardware device without any conversions (1)]
00:22:56.953 - Audio Starting      : Sample Rate 44100 Hz, Buffer Size 1024 samples
00:22:56.953 - Starting OSC input on 53280
00:22:56.953 - Running CLI with message loop
00:22:56.953 - Daemon mode without stdin. Send SIGINT or SIGTERM to cleanly stop execution.

00:23:41.387 - SIGINT (Ctrl-C) detected. Shutting down CLI...

2026-08-03 00:24:23: calibration loopback start (interface=0.21, buffer=1024, rate=44100)
00:24:23.226 - MPE Status          : Enabled
00:24:23.227 - MPE Bend Range      : 48
00:24:23.328 - Binding to all MIDI inputs... Found 3 devices!
00:24:23.329 - Opened MIDI Input   : [Midi Through Port-0] 
00:24:23.329 - Opened MIDI Input   : [LUMI Keys BLOCK MIDI 1] 
00:24:23.329 - Opened MIDI Input   : [RtMidi output] 
00:24:23.329 - Audio driver type   : [ALSA]
00:24:23.388 - Output device       : [Loopback, Loopback PCM; Direct hardware device without any conversions (1)]
00:24:23.394 - Audio Starting      : Sample Rate 44100 Hz, Buffer Size 1024 samples
00:24:23.395 - Starting OSC input on 53280
00:24:23.395 - Running CLI with message loop
00:24:23.395 - Daemon mode without stdin. Send SIGINT or SIGTERM to cleanly stop execution.

00:26:01.950 - SIGINT (Ctrl-C) detected. Shutting down CLI...

2026-08-03 00:31:25: calibration loopback start (interface=0.21, buffer=1024, rate=44100)
00:31:25.843 - MPE Status          : Enabled
00:31:25.843 - MPE Bend Range      : 48
00:31:25.945 - Binding to all MIDI inputs... Found 2 devices!
00:31:25.945 - Opened MIDI Input   : [Midi Through Port-0] 
00:31:25.946 - Opened MIDI Input   : [LUMI Keys BLOCK MIDI 1] 
00:31:25.946 - Audio driver type   : [ALSA]
00:31:26.004 - Output device       : [Loopback, Loopback PCM; Direct hardware device without any conversions (1)]
00:31:26.010 - Audio Starting      : Sample Rate 44100 Hz, Buffer Size 1024 samples
00:31:26.011 - Starting OSC input on 53280
00:31:26.011 - Running CLI with message loop
00:31:26.011 - Daemon mode without stdin. Send SIGINT or SIGTERM to cleanly stop execution.

00:33:13.561 - SIGINT (Ctrl-C) detected. Shutting down CLI...

2026-08-03 00:43:12: calibration loopback start (interface=0.21, buffer=1024, rate=44100)
00:43:12.467 - MPE Status          : Enabled
00:43:12.467 - MPE Bend Range      : 48
00:43:12.569 - Binding to all MIDI inputs... Found 2 devices!
00:43:12.569 - Opened MIDI Input   : [Midi Through Port-0] 
00:43:12.570 - Opened MIDI Input   : [LUMI Keys BLOCK MIDI 1] 
00:43:12.570 - Audio driver type   : [ALSA]
00:43:12.626 - Output device       : [Loopback, Loopback PCM; Direct hardware device without any conversions (1)]
00:43:12.632 - Audio Starting      : Sample Rate 44100 Hz, Buffer Size 1024 samples
00:43:12.632 - Starting OSC input on 53280
00:43:12.633 - Running CLI with message loop
00:43:12.633 - Daemon mode without stdin. Send SIGINT or SIGTERM to cleanly stop execution.

00:45:54.763 - SIGINT (Ctrl-C) detected. Shutting down CLI...

2026-08-03 01:11:36: calibration loopback start (interface=0.21, buffer=1024, rate=44100)
01:11:36.295 - MPE Status          : Enabled
01:11:36.295 - MPE Bend Range      : 48
01:11:36.397 - Binding to all MIDI inputs... Found 2 devices!
01:11:36.397 - Opened MIDI Input   : [Midi Through Port-0] 
01:11:36.398 - Opened MIDI Input   : [LUMI Keys BLOCK MIDI 1] 
01:11:36.398 - Audio driver type   : [ALSA]
01:11:36.456 - Output device       : [Loopback, Loopback PCM; Direct hardware device without any conversions (1)]
01:11:36.462 - Audio Starting      : Sample Rate 44100 Hz, Buffer Size 1024 samples
01:11:36.463 - Starting OSC input on 53280
01:11:36.463 - Running CLI with message loop
01:11:36.463 - Daemon mode without stdin. Send SIGINT or SIGTERM to cleanly stop execution.

01:15:44.333 - SIGINT (Ctrl-C) detected. Shutting down CLI...

2026-08-03 01:39:41: calibration loopback start (interface=0.21, buffer=1024, rate=44100)
01:39:41.604 - MPE Status          : Enabled
01:39:41.604 - MPE Bend Range      : 48
01:39:41.706 - Binding to all MIDI inputs... Found 2 devices!
01:39:41.706 - Opened MIDI Input   : [Midi Through Port-0] 
01:39:41.706 - Opened MIDI Input   : [LUMI Keys BLOCK MIDI 1] 
01:39:41.706 - Audio driver type   : [ALSA]
01:39:41.763 - Output device       : [Loopback, Loopback PCM; Direct hardware device without any conversions (1)]
01:39:41.771 - Audio Starting      : Sample Rate 44100 Hz, Buffer Size 1024 samples
01:39:41.771 - Starting OSC input on 53280
01:39:41.771 - Running CLI with message loop
01:39:41.771 - Daemon mode without stdin. Send SIGINT or SIGTERM to cleanly stop execution.

01:44:02.474 - SIGINT (Ctrl-C) detected. Shutting down CLI...

2026-08-03 04:37:54: calibration loopback start (interface=0.21, buffer=1024, rate=44100)
04:37:54.255 - MPE Status          : Enabled
04:37:54.255 - MPE Bend Range      : 48
04:37:54.357 - Binding to all MIDI inputs... Found 2 devices!
04:37:54.357 - Opened MIDI Input   : [Midi Through Port-0] 
04:37:54.358 - Opened MIDI Input   : [LUMI Keys BLOCK MIDI 1] 
04:37:54.358 - Audio driver type   : [ALSA]
04:37:54.419 - Output device       : [Loopback, Loopback PCM; Direct hardware device without any conversions (1)]
04:37:54.425 - Audio Starting      : Sample Rate 44100 Hz, Buffer Size 1024 samples
04:37:54.425 - Starting OSC input on 53280
04:37:54.425 - Running CLI with message loop
04:37:54.425 - Daemon mode without stdin. Send SIGINT or SIGTERM to cleanly stop execution.
OSC Error: No parameter with OSC address of /param/global/fx_bypass
OSC Error: No parameter with OSC address of /param/global/fx_bypass
OSC Error: No parameter with OSC address of /param/global/fx_bypass
OSC Error: No parameter with OSC address of /param/global/fx_bypass
OSC Error: No parameter with OSC address of /param/global/fx_bypass
OSC Error: No parameter with OSC address of /param/global/fx_bypass
OSC Error: No parameter with OSC address of /param/global/fx_bypass

04:39:47.828 - SIGINT (Ctrl-C) detected. Shutting down CLI...

2026-08-03 04:40:59: calibration loopback start (interface=0.21, buffer=1024, rate=44100)
04:40:59.216 - MPE Status          : Enabled
04:40:59.217 - MPE Bend Range      : 48
04:40:59.318 - Binding to all MIDI inputs... Found 2 devices!
04:40:59.319 - Opened MIDI Input   : [Midi Through Port-0] 
04:40:59.319 - Opened MIDI Input   : [LUMI Keys BLOCK MIDI 1] 
04:40:59.319 - Audio driver type   : [ALSA]
04:40:59.379 - Output device       : [Loopback, Loopback PCM; Direct hardware device without any conversions (1)]
04:40:59.385 - Audio Starting      : Sample Rate 44100 Hz, Buffer Size 1024 samples
04:40:59.385 - Starting OSC input on 53280
04:40:59.386 - Running CLI with message loop
04:40:59.386 - Daemon mode without stdin. Send SIGINT or SIGTERM to cleanly stop execution.

04:42:03.062 - SIGINT (Ctrl-C) detected. Shutting down CLI...

2026-08-03 04:45:51: calibration loopback start (interface=0.19, buffer=1024, rate=44100)
04:45:51.865 - MPE Status          : Enabled
04:45:51.865 - MPE Bend Range      : 48
04:45:51.967 - Binding to all MIDI inputs... Found 1 device!
04:45:51.969 - Opened MIDI Input   : [Midi Through Port-0] 
04:45:51.969 - Audio driver type   : [ALSA]
04:45:52.020 - Output device       : [Loopback, Loopback PCM; Direct hardware device without any conversions (1)]
04:45:52.026 - Audio Starting      : Sample Rate 44100 Hz, Buffer Size 1024 samples
04:45:52.027 - Starting OSC input on 53280
04:45:52.027 - Running CLI with message loop
04:45:52.027 - Daemon mode without stdin. Send SIGINT or SIGTERM to cleanly stop execution.

17:52:44.408 - SIGINT (Ctrl-C) detected. Shutting down CLI...

2026-08-13 01:26:51: calibration loopback start (interface=0.21, buffer=512, rate=48000)
01:26:52.040 - MPE Status          : Enabled
01:26:52.040 - MPE Bend Range      : 48
01:26:52.141 - Binding to all MIDI inputs... Found 3 devices!
01:26:52.142 - Opened MIDI Input   : [Midi Through Port-0] 
01:26:52.142 - Opened MIDI Input   : [APC MINI MIDI 1] 
01:26:52.142 - Opened MIDI Input   : [LUMI Keys BLOCK MIDI 1] 
01:26:52.142 - Audio driver type   : [ALSA]
01:26:52.203 - Output device       : [Loopback, Loopback PCM; Direct hardware device without any conversions (1)]
01:26:52.209 - Audio Starting      : Sample Rate 48000 Hz, Buffer Size 512 samples
01:26:52.210 - Starting OSC input on 53280
01:26:52.210 - Running CLI with message loop
01:26:52.210 - Daemon mode without stdin. Send SIGINT or SIGTERM to cleanly stop execution.

01:27:10.067 - SIGINT (Ctrl-C) detected. Shutting down CLI...

2026-08-17 02:20:11: calibration loopback start (interface=0.21, buffer=512, rate=48000)
02:20:11.298 - MPE Status          : Enabled
02:20:11.298 - MPE Bend Range      : 48
02:20:11.400 - Binding to all MIDI inputs... Found 5 devices!
02:20:11.400 - Opened MIDI Input   : [Midi Through Port-0] 
02:20:11.401 - Opened MIDI Input   : [APC MINI MIDI 1] 
02:20:11.402 - Opened MIDI Input   : [LUMI Keys BLOCK MIDI 1] 
02:20:11.403 - Opened MIDI Input   : [sooperlooper] 
02:20:11.404 - Opened MIDI Input   : [RtMidi output] 
02:20:11.404 - Audio driver type   : [ALSA]
02:20:11.479 - Output device       : [Loopback, Loopback PCM; Direct hardware device without any conversions (1)]
02:20:11.485 - Audio Starting      : Sample Rate 48000 Hz, Buffer Size 512 samples
02:20:11.485 - Starting OSC input on 53280
02:20:11.486 - Running CLI with message loop
02:20:11.486 - Daemon mode without stdin. Send SIGINT or SIGTERM to cleanly stop execution.

02:34:46.290 - SIGINT (Ctrl-C) detected. Shutting down CLI...

2026-08-17 03:05:32: calibration loopback start (interface=0.21, buffer=512, rate=48000)
03:05:33.194 - MPE Status          : Enabled
03:05:33.194 - MPE Bend Range      : 48
03:05:33.296 - Binding to all MIDI inputs... Found 5 devices!
03:05:33.297 - Opened MIDI Input   : [Midi Through Port-0] 
03:05:33.297 - Opened MIDI Input   : [APC MINI MIDI 1] 
03:05:33.298 - Opened MIDI Input   : [LUMI Keys BLOCK MIDI 1] 
03:05:33.299 - Opened MIDI Input   : [sooperlooper] 
03:05:33.300 - Opened MIDI Input   : [RtMidi output] 
03:05:33.300 - Audio driver type   : [ALSA]
03:05:33.373 - Output device       : [Loopback, Loopback PCM; Direct hardware device without any conversions (1)]
03:05:33.379 - Audio Starting      : Sample Rate 48000 Hz, Buffer Size 512 samples
03:05:33.380 - Starting OSC input on 53280
03:05:33.380 - Running CLI with message loop
03:05:33.380 - Daemon mode without stdin. Send SIGINT or SIGTERM to cleanly stop execution.

03:06:03.934 - SIGINT (Ctrl-C) detected. Shutting down CLI...

2026-08-17 03:06:18: calibration loopback start (interface=0.21, buffer=512, rate=48000)
03:06:18.634 - MPE Status          : Enabled
03:06:18.634 - MPE Bend Range      : 48
03:06:18.648 - Binding to all MIDI inputs... Found 5 devices!
03:06:18.649 - Opened MIDI Input   : [Midi Through Port-0] 
03:06:18.649 - Opened MIDI Input   : [APC MINI MIDI 1] 
03:06:18.649 - Opened MIDI Input   : [LUMI Keys BLOCK MIDI 1] 
03:06:18.650 - Opened MIDI Input   : [sooperlooper] 
03:06:18.650 - Opened MIDI Input   : [RtMidi output] 
03:06:18.650 - Audio driver type   : [ALSA]
03:06:18.714 - Error: Audio device index must be in range 0 ... 20!
03:06:18.714 - Output device       : []

2026-08-17 03:19:42: calibration loopback start (interface=0.21, buffer=512, rate=48000)
03:19:42.764 - MPE Status          : Enabled
03:19:42.764 - MPE Bend Range      : 48
03:19:42.867 - Binding to all MIDI inputs... Found 5 devices!
03:19:42.867 - Opened MIDI Input   : [Midi Through Port-0] 
03:19:42.867 - Opened MIDI Input   : [APC MINI MIDI 1] 
03:19:42.868 - Opened MIDI Input   : [LUMI Keys BLOCK MIDI 1] 
03:19:42.868 - Opened MIDI Input   : [sooperlooper] 
03:19:42.868 - Opened MIDI Input   : [RtMidi output] 
03:19:42.869 - Audio driver type   : [ALSA]
03:19:42.942 - Output device       : [Loopback, Loopback PCM; Direct hardware device without any conversions (1)]
03:19:42.949 - Audio Starting      : Sample Rate 48000 Hz, Buffer Size 512 samples
03:19:42.949 - Starting OSC input on 53280
03:19:42.950 - Running CLI with message loop
03:19:42.950 - Daemon mode without stdin. Send SIGINT or SIGTERM to cleanly stop execution.

04:14:10.692 - SIGINT (Ctrl-C) detected. Shutting down CLI...
