
=== measure-soak buffer=1024 loops=16 hours=8 2026-08-21T04:16:48+01:00 ===
SENTINEL soak-start
expected_finish=2026-08-21T12:16:48+01:00
verified: looper_playback=1 (16 loops playing)
SOAK minute=1 xruns_minute=0 xruns_total=0 meter_live=1 meter_age_s=0 temp=58.9'C throttled=0x0
SOAK minute=2 xruns_minute=0 xruns_total=0 meter_live=1 meter_age_s=0 temp=58.4'C throttled=0x0
SOAK minute=3 xruns_minute=1 xruns_total=1 meter_live=1 meter_age_s=0 temp=59.4'C throttled=0x0
SOAK minute=4 xruns_minute=0 xruns_total=1 meter_live=1 meter_age_s=0 temp=58.4'C throttled=0x0
SOAK minute=5 xruns_minute=2 xruns_total=3 meter_live=1 meter_age_s=0 temp=57.4'C throttled=0x0
SOAK minute=6 xruns_minute=0 xruns_total=3 meter_live=1 meter_age_s=0 temp=57.9'C throttled=0x0
SOAK minute=7 xruns_minute=0 xruns_total=3 meter_live=1 meter_age_s=0 temp=59.4'C throttled=0x0
SOAK minute=8 xruns_minute=0 xruns_total=3 meter_live=1 meter_age_s=0 temp=58.4'C throttled=0x0
SOAK minute=9 xruns_minute=1 xruns_total=4 meter_live=1 meter_age_s=0 temp=58.4'C throttled=0x0
SOAK minute=10 xruns_minute=1 xruns_total=5 meter_live=1 meter_age_s=0 temp=58.9'C throttled=0x0
SOAK minute=11 xruns_minute=1 xruns_total=6 meter_live=1 meter_age_s=0 temp=58.9'C throttled=0x0
SOAK minute=12 xruns_minute=1 xruns_total=7 meter_live=1 meter_age_s=0 temp=58.9'C throttled=0x0
SOAK minute=13 xruns_minute=0 xruns_total=7 meter_live=1 meter_age_s=0 temp=57.9'C throttled=0x0
SOAK minute=14 xruns_minute=0 xruns_total=7 meter_live=1 meter_age_s=0 temp=58.4'C throttled=0x0
SOAK minute=15 xruns_minute=0 xruns_total=7 meter_live=1 meter_age_s=0 temp=59.4'C throttled=0x0
SOAK minute=16 xruns_minute=0 xruns_total=7 meter_live=1 meter_age_s=0 temp=58.4'C throttled=0x0
SOAK minute=17 xruns_minute=0 xruns_total=7 meter_live=1 meter_age_s=0 temp=57.9'C throttled=0x0
SOAK minute=18 xruns_minute=4 xruns_total=11 meter_live=1 meter_age_s=0 temp=58.9'C throttled=0x0
SOAK minute=19 xruns_minute=1 xruns_total=12 meter_live=1 meter_age_s=0 temp=59.4'C throttled=0x0
SOAK minute=20 xruns_minute=2 xruns_total=14 meter_live=1 meter_age_s=0 temp=57.9'C throttled=0x0
SOAK minute=21 xruns_minute=1 xruns_total=15 meter_live=1 meter_age_s=0 temp=58.9'C throttled=0x0
SOAK minute=22 xruns_minute=0 xruns_total=15 meter_live=1 meter_age_s=0 temp=59.4'C throttled=0x0
SOAK minute=23 xruns_minute=1 xruns_total=16 meter_live=1 meter_age_s=0 temp=58.4'C throttled=0x0
SOAK minute=24 xruns_minute=0 xruns_total=16 meter_live=1 meter_age_s=0 temp=58.4'C throttled=0x0
SOAK minute=25 xruns_minute=0 xruns_total=16 meter_live=1 meter_age_s=0 temp=58.4'C throttled=0x0
SOAK minute=26 xruns_minute=2 xruns_total=18 meter_live=1 meter_age_s=0 temp=58.9'C throttled=0x0
SOAK minute=27 xruns_minute=0 xruns_total=18 meter_live=1 meter_age_s=0 temp=59.4'C throttled=0x0
SOAK minute=28 xruns_minute=1 xruns_total=19 meter_live=1 meter_age_s=0 temp=59.4'C throttled=0x0
SOAK minute=29 xruns_minute=1 xruns_total=20 meter_live=1 meter_age_s=0 temp=58.9'C throttled=0x0
SOAK minute=30 xruns_minute=1 xruns_total=21 meter_live=1 meter_age_s=1 temp=58.4'C throttled=0x0
SOAK minute=31 xruns_minute=1 xruns_total=22 meter_live=1 meter_age_s=1 temp=58.4'C throttled=0x0
SOAK minute=32 xruns_minute=1 xruns_total=23 meter_live=1 meter_age_s=1 temp=59.4'C throttled=0x0
SOAK minute=33 xruns_minute=0 xruns_total=23 meter_live=1 meter_age_s=1 temp=58.4'C throttled=0x0
SOAK minute=34 xruns_minute=0 xruns_total=23 meter_live=1 meter_age_s=0 temp=59.4'C throttled=0x0
SOAK minute=35 xruns_minute=1 xruns_total=24 meter_live=1 meter_age_s=0 temp=58.4'C throttled=0x0
SOAK minute=36 xruns_minute=0 xruns_total=24 meter_live=1 meter_age_s=1 temp=58.9'C throttled=0x0
SOAK minute=37 xruns_minute=1 xruns_total=25 meter_live=1 meter_age_s=0 temp=58.4'C throttled=0x0
SOAK minute=38 xruns_minute=1 xruns_total=26 meter_live=1 meter_age_s=0 temp=58.9'C throttled=0x0
SOAK minute=39 xruns_minute=0 xruns_total=26 meter_live=1 meter_age_s=0 temp=58.9'C throttled=0x0
SOAK minute=40 xruns_minute=0 xruns_total=26 meter_live=1 meter_age_s=0 temp=58.9'C throttled=0x0
SOAK minute=41 xruns_minute=0 xruns_total=26 meter_live=1 meter_age_s=0 temp=59.4'C throttled=0x0
SOAK minute=42 xruns_minute=1 xruns_total=27 meter_live=1 meter_age_s=0 temp=57.4'C throttled=0x0
SOAK minute=43 xruns_minute=1 xruns_total=28 meter_live=1 meter_age_s=0 temp=57.9'C throttled=0x0
SOAK minute=44 xruns_minute=0 xruns_total=28 meter_live=1 meter_age_s=0 temp=58.4'C throttled=0x0
SOAK minute=45 xruns_minute=0 xruns_total=28 meter_live=1 meter_age_s=0 temp=58.9'C throttled=0x0
SOAK minute=46 xruns_minute=1 xruns_total=29 meter_live=1 meter_age_s=0 temp=59.4'C throttled=0x0
SOAK minute=47 xruns_minute=0 xruns_total=29 meter_live=1 meter_age_s=0 temp=57.9'C throttled=0x0
SOAK minute=48 xruns_minute=2 xruns_total=31 meter_live=1 meter_age_s=0 temp=59.4'C throttled=0x0
SOAK minute=49 xruns_minute=0 xruns_total=31 meter_live=1 meter_age_s=0 temp=58.4'C throttled=0x0
SOAK minute=50 xruns_minute=1 xruns_total=32 meter_live=1 meter_age_s=0 temp=58.4'C throttled=0x0
SOAK minute=51 xruns_minute=1 xruns_total=33 meter_live=1 meter_age_s=0 temp=58.4'C throttled=0x0
SOAK minute=52 xruns_minute=2 xruns_total=35 meter_live=1 meter_age_s=0 temp=58.9'C throttled=0x0
SOAK minute=53 xruns_minute=2 xruns_total=37 meter_live=1 meter_age_s=0 temp=58.4'C throttled=0x0
SOAK minute=54 xruns_minute=0 xruns_total=37 meter_live=1 meter_age_s=0 temp=57.9'C throttled=0x0
SOAK minute=55 xruns_minute=1 xruns_total=38 meter_live=1 meter_age_s=0 temp=57.4'C throttled=0x0
SOAK minute=56 xruns_minute=1 xruns_total=39 meter_live=1 meter_age_s=0 temp=58.9'C throttled=0x0
SOAK minute=57 xruns_minute=1 xruns_total=40 meter_live=1 meter_age_s=0 temp=58.4'C throttled=0x0
SOAK minute=58 xruns_minute=0 xruns_total=40 meter_live=1 meter_age_s=0 temp=58.4'C throttled=0x0
SOAK minute=59 xruns_minute=3 xruns_total=43 meter_live=1 meter_age_s=0 temp=59.4'C throttled=0x0
SOAK minute=60 xruns_minute=1 xruns_total=44 meter_live=1 meter_age_s=0 temp=57.9'C throttled=0x0
SOAK hour=1 minute=60 xruns_hour=44 xruns_total=44 meter_live=1 invalid_windows=0 temp=57.9'C throttled=0x0
SOAK minute=61 xruns_minute=1 xruns_total=45 meter_live=1 meter_age_s=0 temp=58.4'C throttled=0x0
SOAK minute=62 xruns_minute=2 xruns_total=47 meter_live=1 meter_age_s=0 temp=58.4'C throttled=0x0
SOAK minute=63 xruns_minute=2 xruns_total=49 meter_live=1 meter_age_s=0 temp=57.9'C throttled=0x0
SOAK minute=64 xruns_minute=0 xruns_total=49 meter_live=1 meter_age_s=0 temp=58.4'C throttled=0x0
SOAK minute=65 xruns_minute=3 xruns_total=52 meter_live=1 meter_age_s=0 temp=57.4'C throttled=0x0
SOAK minute=66 xruns_minute=0 xruns_total=52 meter_live=1 meter_age_s=0 temp=57.9'C throttled=0x0
SOAK minute=67 xruns_minute=0 xruns_total=52 meter_live=1 meter_age_s=0 temp=57.9'C throttled=0x0
SOAK minute=68 xruns_minute=2 xruns_total=54 meter_live=1 meter_age_s=0 temp=58.4'C throttled=0x0
SOAK minute=69 xruns_minute=0 xruns_total=54 meter_live=1 meter_age_s=0 temp=58.4'C throttled=0x0
SOAK minute=70 xruns_minute=1 xruns_total=55 meter_live=1 meter_age_s=1 temp=57.9'C throttled=0x0
SOAK minute=71 xruns_minute=0 xruns_total=55 meter_live=1 meter_age_s=1 temp=58.4'C throttled=0x0
SOAK minute=72 xruns_minute=5 xruns_total=60 meter_live=1 meter_age_s=1 temp=57.9'C throttled=0x0
SOAK minute=73 xruns_minute=1 xruns_total=61 meter_live=1 meter_age_s=0 temp=57.9'C throttled=0x0
SOAK minute=74 xruns_minute=3 xruns_total=64 meter_live=1 meter_age_s=0 temp=58.4'C throttled=0x0
SOAK minute=75 xruns_minute=0 xruns_total=64 meter_live=1 meter_age_s=0 temp=57.9'C throttled=0x0
SOAK minute=76 xruns_minute=1 xruns_total=65 meter_live=1 meter_age_s=0 temp=58.9'C throttled=0x0
SOAK minute=77 xruns_minute=2 xruns_total=67 meter_live=1 meter_age_s=0 temp=57.9'C throttled=0x0
SOAK minute=78 xruns_minute=0 xruns_total=67 meter_live=1 meter_age_s=0 temp=57.4'C throttled=0x0
SOAK minute=79 xruns_minute=0 xruns_total=67 meter_live=1 meter_age_s=0 temp=57.9'C throttled=0x0
SOAK minute=80 xruns_minute=0 xruns_total=67 meter_live=1 meter_age_s=0 temp=57.9'C throttled=0x0
SOAK minute=81 xruns_minute=1 xruns_total=68 meter_live=1 meter_age_s=0 temp=58.4'C throttled=0x0
SOAK minute=82 xruns_minute=0 xruns_total=68 meter_live=1 meter_age_s=0 temp=57.9'C throttled=0x0
SOAK minute=83 xruns_minute=0 xruns_total=68 meter_live=1 meter_age_s=0 temp=57.9'C throttled=0x0
SOAK minute=84 xruns_minute=0 xruns_total=68 meter_live=1 meter_age_s=0 temp=58.4'C throttled=0x0
SOAK minute=85 xruns_minute=1 xruns_total=69 meter_live=1 meter_age_s=0 temp=57.4'C throttled=0x0
SOAK minute=86 xruns_minute=0 xruns_total=69 meter_live=1 meter_age_s=0 temp=58.9'C throttled=0x0
SOAK minute=87 xruns_minute=3 xruns_total=72 meter_live=1 meter_age_s=0 temp=58.9'C throttled=0x0
SOAK minute=88 xruns_minute=0 xruns_total=72 meter_live=1 meter_age_s=0 temp=58.4'C throttled=0x0
SOAK minute=89 xruns_minute=2 xruns_total=74 meter_live=1 meter_age_s=0 temp=58.4'C throttled=0x0
SOAK minute=90 xruns_minute=0 xruns_total=74 meter_live=1 meter_age_s=0 temp=57.4'C throttled=0x0
SOAK minute=91 xruns_minute=0 xruns_total=74 meter_live=1 meter_age_s=0 temp=57.9'C throttled=0x0
SOAK minute=92 xruns_minute=0 xruns_total=74 meter_live=1 meter_age_s=0 temp=58.4'C throttled=0x0
SOAK minute=93 xruns_minute=0 xruns_total=74 meter_live=1 meter_age_s=0 temp=58.9'C throttled=0x0
SOAK minute=94 xruns_minute=1 xruns_total=75 meter_live=1 meter_age_s=0 temp=58.4'C throttled=0x0
SOAK minute=95 xruns_minute=1 xruns_total=76 meter_live=1 meter_age_s=0 temp=57.9'C throttled=0x0
SOAK minute=96 xruns_minute=0 xruns_total=76 meter_live=1 meter_age_s=0 temp=58.4'C throttled=0x0
SOAK minute=97 xruns_minute=0 xruns_total=76 meter_live=1 meter_age_s=0 temp=57.4'C throttled=0x0
SOAK minute=98 xruns_minute=0 xruns_total=76 meter_live=1 meter_age_s=0 temp=57.9'C throttled=0x0
SOAK minute=99 xruns_minute=0 xruns_total=76 meter_live=1 meter_age_s=0 temp=57.9'C throttled=0x0
SOAK minute=100 xruns_minute=1 xruns_total=77 meter_live=1 meter_age_s=0 temp=57.9'C throttled=0x0
SOAK minute=101 xruns_minute=0 xruns_total=77 meter_live=1 meter_age_s=0 temp=58.9'C throttled=0x0
SOAK minute=102 xruns_minute=0 xruns_total=77 meter_live=1 meter_age_s=0 temp=57.9'C throttled=0x0
SOAK minute=103 xruns_minute=0 xruns_total=77 meter_live=1 meter_age_s=0 temp=57.9'C throttled=0x0
SOAK minute=104 xruns_minute=1 xruns_total=78 meter_live=1 meter_age_s=0 temp=57.4'C throttled=0x0
SOAK minute=105 xruns_minute=3 xruns_total=81 meter_live=1 meter_age_s=0 temp=58.9'C throttled=0x0
SOAK minute=106 xruns_minute=1 xruns_total=82 meter_live=1 meter_age_s=0 temp=57.4'C throttled=0x0
SOAK minute=107 xruns_minute=0 xruns_total=82 meter_live=1 meter_age_s=1 temp=57.9'C throttled=0x0
SOAK minute=108 xruns_minute=0 xruns_total=82 meter_live=1 meter_age_s=1 temp=57.4'C throttled=0x0
SOAK minute=109 xruns_minute=0 xruns_total=82 meter_live=1 meter_age_s=1 temp=58.4'C throttled=0x0
SOAK minute=110 xruns_minute=3 xruns_total=85 meter_live=1 meter_age_s=0 temp=58.9'C throttled=0x0
SOAK minute=111 xruns_minute=1 xruns_total=86 meter_live=1 meter_age_s=1 temp=58.4'C throttled=0x0
SOAK minute=112 xruns_minute=3 xruns_total=89 meter_live=1 meter_age_s=0 temp=58.9'C throttled=0x0
SOAK minute=113 xruns_minute=0 xruns_total=89 meter_live=1 meter_age_s=0 temp=58.4'C throttled=0x0
SOAK minute=114 xruns_minute=1 xruns_total=90 meter_live=1 meter_age_s=0 temp=58.9'C throttled=0x0
SOAK minute=115 xruns_minute=0 xruns_total=90 meter_live=1 meter_age_s=0 temp=58.4'C throttled=0x0
SOAK minute=116 xruns_minute=2 xruns_total=92 meter_live=1 meter_age_s=0 temp=57.9'C throttled=0x0
SOAK minute=117 xruns_minute=0 xruns_total=92 meter_live=1 meter_age_s=0 temp=56.9'C throttled=0x0
SOAK minute=118 xruns_minute=0 xruns_total=92 meter_live=1 meter_age_s=0 temp=57.9'C throttled=0x0
SOAK minute=119 xruns_minute=2 xruns_total=94 meter_live=1 meter_age_s=0 temp=57.9'C throttled=0x0
SOAK minute=120 xruns_minute=1 xruns_total=95 meter_live=1 meter_age_s=0 temp=57.4'C throttled=0x0
SOAK hour=2 minute=120 xruns_hour=51 xruns_total=95 meter_live=1 invalid_windows=0 temp=57.4'C throttled=0x0
SOAK minute=121 xruns_minute=0 xruns_total=95 meter_live=1 meter_age_s=0 temp=58.4'C throttled=0x0
SOAK minute=122 xruns_minute=0 xruns_total=95 meter_live=1 meter_age_s=0 temp=57.9'C throttled=0x0
SOAK minute=123 xruns_minute=1 xruns_total=96 meter_live=1 meter_age_s=0 temp=58.9'C throttled=0x0
SOAK minute=124 xruns_minute=1 xruns_total=97 meter_live=1 meter_age_s=0 temp=57.4'C throttled=0x0
SOAK minute=125 xruns_minute=2 xruns_total=99 meter_live=1 meter_age_s=0 temp=57.9'C throttled=0x0
SOAK minute=126 xruns_minute=3 xruns_total=102 meter_live=1 meter_age_s=0 temp=57.4'C throttled=0x0
SOAK minute=127 xruns_minute=0 xruns_total=102 meter_live=1 meter_age_s=0 temp=57.4'C throttled=0x0
SOAK minute=128 xruns_minute=2 xruns_total=104 meter_live=1 meter_age_s=0 temp=57.9'C throttled=0x0
SOAK minute=129 xruns_minute=0 xruns_total=104 meter_live=1 meter_age_s=0 temp=57.9'C throttled=0x0
SOAK minute=130 xruns_minute=2 xruns_total=106 meter_live=1 meter_age_s=0 temp=58.9'C throttled=0x0
SOAK minute=131 xruns_minute=0 xruns_total=106 meter_live=1 meter_age_s=0 temp=57.4'C throttled=0x0
SOAK minute=132 xruns_minute=3 xruns_total=109 meter_live=1 meter_age_s=0 temp=57.9'C throttled=0x0
SOAK minute=133 xruns_minute=1 xruns_total=110 meter_live=1 meter_age_s=0 temp=58.9'C throttled=0x0
SOAK minute=134 xruns_minute=2 xruns_total=112 meter_live=1 meter_age_s=0 temp=57.4'C throttled=0x0
SOAK minute=135 xruns_minute=1 xruns_total=113 meter_live=1 meter_age_s=0 temp=56.9'C throttled=0x0
SOAK minute=136 xruns_minute=0 xruns_total=113 meter_live=1 meter_age_s=0 temp=56.9'C throttled=0x0
SOAK minute=137 xruns_minute=1 xruns_total=114 meter_live=1 meter_age_s=0 temp=56.9'C throttled=0x0
SOAK minute=138 xruns_minute=1 xruns_total=115 meter_live=1 meter_age_s=0 temp=57.9'C throttled=0x0
SOAK minute=139 xruns_minute=3 xruns_total=118 meter_live=1 meter_age_s=0 temp=58.4'C throttled=0x0
SOAK minute=140 xruns_minute=1 xruns_total=119 meter_live=1 meter_age_s=0 temp=57.4'C throttled=0x0
SOAK minute=141 xruns_minute=2 xruns_total=121 meter_live=1 meter_age_s=0 temp=57.9'C throttled=0x0
SOAK minute=142 xruns_minute=1 xruns_total=122 meter_live=1 meter_age_s=0 temp=57.9'C throttled=0x0
SOAK minute=143 xruns_minute=1 xruns_total=123 meter_live=1 meter_age_s=0 temp=58.9'C throttled=0x0
SOAK minute=144 xruns_minute=0 xruns_total=123 meter_live=1 meter_age_s=0 temp=58.9'C throttled=0x0
SOAK minute=145 xruns_minute=0 xruns_total=123 meter_live=1 meter_age_s=0 temp=57.9'C throttled=0x0
SOAK minute=146 xruns_minute=1 xruns_total=124 meter_live=1 meter_age_s=1 temp=58.9'C throttled=0x0
SOAK minute=147 xruns_minute=2 xruns_total=126 meter_live=1 meter_age_s=1 temp=56.9'C throttled=0x0
SOAK minute=148 xruns_minute=2 xruns_total=128 meter_live=1 meter_age_s=1 temp=57.4'C throttled=0x0
SOAK minute=149 xruns_minute=3 xruns_total=131 meter_live=1 meter_age_s=0 temp=56.9'C throttled=0x0
SOAK minute=150 xruns_minute=0 xruns_total=131 meter_live=1 meter_age_s=0 temp=56.9'C throttled=0x0
SOAK minute=151 xruns_minute=0 xruns_total=131 meter_live=1 meter_age_s=0 temp=58.4'C throttled=0x0
SOAK minute=152 xruns_minute=1 xruns_total=132 meter_live=1 meter_age_s=0 temp=57.4'C throttled=0x0
SOAK minute=153 xruns_minute=0 xruns_total=132 meter_live=1 meter_age_s=0 temp=57.4'C throttled=0x0
SOAK minute=154 xruns_minute=0 xruns_total=132 meter_live=1 meter_age_s=0 temp=57.4'C throttled=0x0
SOAK minute=155 xruns_minute=2 xruns_total=134 meter_live=1 meter_age_s=0 temp=58.4'C throttled=0x0
SOAK minute=156 xruns_minute=1 xruns_total=135 meter_live=1 meter_age_s=0 temp=59.4'C throttled=0x0
SOAK minute=157 xruns_minute=2 xruns_total=137 meter_live=1 meter_age_s=0 temp=57.4'C throttled=0x0
SOAK minute=158 xruns_minute=1 xruns_total=138 meter_live=1 meter_age_s=0 temp=57.4'C throttled=0x0
SOAK minute=159 xruns_minute=0 xruns_total=138 meter_live=1 meter_age_s=0 temp=57.4'C throttled=0x0
SOAK minute=160 xruns_minute=0 xruns_total=138 meter_live=1 meter_age_s=0 temp=57.4'C throttled=0x0
SOAK minute=161 xruns_minute=1 xruns_total=139 meter_live=1 meter_age_s=0 temp=57.9'C throttled=0x0
SOAK minute=162 xruns_minute=1 xruns_total=140 meter_live=1 meter_age_s=0 temp=58.4'C throttled=0x0
SOAK minute=163 xruns_minute=0 xruns_total=140 meter_live=1 meter_age_s=0 temp=57.4'C throttled=0x0
SOAK minute=164 xruns_minute=4 xruns_total=144 meter_live=1 meter_age_s=0 temp=58.4'C throttled=0x0
SOAK minute=165 xruns_minute=0 xruns_total=144 meter_live=1 meter_age_s=0 temp=58.4'C throttled=0x0
SOAK minute=166 xruns_minute=2 xruns_total=146 meter_live=1 meter_age_s=0 temp=57.9'C throttled=0x0
SOAK minute=167 xruns_minute=2 xruns_total=148 meter_live=1 meter_age_s=0 temp=57.4'C throttled=0x0
SOAK minute=168 xruns_minute=1 xruns_total=149 meter_live=1 meter_age_s=0 temp=57.9'C throttled=0x0
SOAK minute=169 xruns_minute=1 xruns_total=150 meter_live=1 meter_age_s=0 temp=58.4'C throttled=0x0
SOAK minute=170 xruns_minute=1 xruns_total=151 meter_live=1 meter_age_s=0 temp=58.9'C throttled=0x0
SOAK minute=171 xruns_minute=0 xruns_total=151 meter_live=1 meter_age_s=0 temp=57.9'C throttled=0x0
SOAK minute=172 xruns_minute=0 xruns_total=151 meter_live=1 meter_age_s=0 temp=58.4'C throttled=0x0
SOAK minute=173 xruns_minute=1 xruns_total=152 meter_live=1 meter_age_s=0 temp=56.9'C throttled=0x0
SOAK minute=174 xruns_minute=1 xruns_total=153 meter_live=1 meter_age_s=0 temp=58.4'C throttled=0x0
SOAK minute=175 xruns_minute=1 xruns_total=154 meter_live=1 meter_age_s=0 temp=57.9'C throttled=0x0
SOAK minute=176 xruns_minute=0 xruns_total=154 meter_live=1 meter_age_s=0 temp=57.9'C throttled=0x0
SOAK minute=177 xruns_minute=1 xruns_total=155 meter_live=1 meter_age_s=0 temp=57.9'C throttled=0x0
SOAK minute=178 xruns_minute=1 xruns_total=156 meter_live=1 meter_age_s=0 temp=57.4'C throttled=0x0
SOAK minute=179 xruns_minute=1 xruns_total=157 meter_live=1 meter_age_s=0 temp=57.4'C throttled=0x0
SOAK minute=180 xruns_minute=2 xruns_total=159 meter_live=1 meter_age_s=0 temp=57.4'C throttled=0x0
SOAK hour=3 minute=180 xruns_hour=64 xruns_total=159 meter_live=1 invalid_windows=0 temp=57.4'C throttled=0x0
SOAK minute=181 xruns_minute=0 xruns_total=159 meter_live=1 meter_age_s=0 temp=57.9'C throttled=0x0
SOAK minute=182 xruns_minute=1 xruns_total=160 meter_live=1 meter_age_s=0 temp=57.4'C throttled=0x0
SOAK minute=183 xruns_minute=5 xruns_total=165 meter_live=1 meter_age_s=0 temp=56.9'C throttled=0x0
SOAK minute=184 xruns_minute=0 xruns_total=165 meter_live=1 meter_age_s=1 temp=58.4'C throttled=0x0
SOAK minute=185 xruns_minute=1 xruns_total=166 meter_live=1 meter_age_s=1 temp=58.4'C throttled=0x0
SOAK minute=186 xruns_minute=2 xruns_total=168 meter_live=1 meter_age_s=0 temp=56.9'C throttled=0x0
SOAK minute=187 xruns_minute=0 xruns_total=168 meter_live=1 meter_age_s=1 temp=57.9'C throttled=0x0
SOAK minute=188 xruns_minute=1 xruns_total=169 meter_live=1 meter_age_s=0 temp=57.9'C throttled=0x0
SOAK minute=189 xruns_minute=2 xruns_total=171 meter_live=1 meter_age_s=0 temp=57.4'C throttled=0x0
SOAK minute=190 xruns_minute=2 xruns_total=173 meter_live=1 meter_age_s=0 temp=57.4'C throttled=0x0
SOAK minute=191 xruns_minute=2 xruns_total=175 meter_live=1 meter_age_s=0 temp=56.9'C throttled=0x0
SOAK minute=192 xruns_minute=1 xruns_total=176 meter_live=1 meter_age_s=0 temp=57.9'C throttled=0x0
SOAK minute=193 xruns_minute=3 xruns_total=179 meter_live=1 meter_age_s=0 temp=57.4'C throttled=0x0
SOAK minute=194 xruns_minute=1 xruns_total=180 meter_live=1 meter_age_s=0 temp=56.9'C throttled=0x0
SOAK minute=195 xruns_minute=1 xruns_total=181 meter_live=1 meter_age_s=0 temp=57.4'C throttled=0x0
SOAK minute=196 xruns_minute=1 xruns_total=182 meter_live=1 meter_age_s=0 temp=57.4'C throttled=0x0
SOAK minute=197 xruns_minute=1 xruns_total=183 meter_live=1 meter_age_s=0 temp=56.9'C throttled=0x0
SOAK minute=198 xruns_minute=2 xruns_total=185 meter_live=1 meter_age_s=0 temp=56.4'C throttled=0x0
SOAK minute=199 xruns_minute=1 xruns_total=186 meter_live=1 meter_age_s=0 temp=56.9'C throttled=0x0
SOAK minute=200 xruns_minute=0 xruns_total=186 meter_live=1 meter_age_s=0 temp=59.4'C throttled=0x0
SOAK minute=201 xruns_minute=2 xruns_total=188 meter_live=1 meter_age_s=0 temp=57.9'C throttled=0x0
SOAK minute=202 xruns_minute=3 xruns_total=191 meter_live=1 meter_age_s=0 temp=57.9'C throttled=0x0
SOAK minute=203 xruns_minute=0 xruns_total=191 meter_live=1 meter_age_s=0 temp=57.4'C throttled=0x0
SOAK minute=204 xruns_minute=2 xruns_total=193 meter_live=1 meter_age_s=0 temp=56.9'C throttled=0x0
SOAK minute=205 xruns_minute=2 xruns_total=195 meter_live=1 meter_age_s=0 temp=57.9'C throttled=0x0
SOAK minute=206 xruns_minute=1 xruns_total=196 meter_live=1 meter_age_s=0 temp=58.4'C throttled=0x0
SOAK minute=207 xruns_minute=0 xruns_total=196 meter_live=1 meter_age_s=0 temp=57.4'C throttled=0x0
SOAK minute=208 xruns_minute=1 xruns_total=197 meter_live=1 meter_age_s=0 temp=56.4'C throttled=0x0
SOAK minute=209 xruns_minute=0 xruns_total=197 meter_live=1 meter_age_s=0 temp=56.9'C throttled=0x0
SOAK minute=210 xruns_minute=1 xruns_total=198 meter_live=1 meter_age_s=0 temp=56.4'C throttled=0x0
SOAK minute=211 xruns_minute=2 xruns_total=200 meter_live=1 meter_age_s=0 temp=56.9'C throttled=0x0
SOAK minute=212 xruns_minute=3 xruns_total=203 meter_live=1 meter_age_s=0 temp=56.9'C throttled=0x0
SOAK minute=213 xruns_minute=1 xruns_total=204 meter_live=1 meter_age_s=0 temp=57.4'C throttled=0x0
SOAK minute=214 xruns_minute=0 xruns_total=204 meter_live=1 meter_age_s=0 temp=57.9'C throttled=0x0
SOAK minute=215 xruns_minute=2 xruns_total=206 meter_live=1 meter_age_s=0 temp=57.9'C throttled=0x0
SOAK minute=216 xruns_minute=1 xruns_total=207 meter_live=1 meter_age_s=0 temp=56.9'C throttled=0x0
SOAK minute=217 xruns_minute=2 xruns_total=209 meter_live=1 meter_age_s=0 temp=56.9'C throttled=0x0
SOAK minute=218 xruns_minute=1 xruns_total=210 meter_live=1 meter_age_s=0 temp=56.4'C throttled=0x0
SOAK minute=219 xruns_minute=2 xruns_total=212 meter_live=1 meter_age_s=0 temp=56.9'C throttled=0x0
SOAK minute=220 xruns_minute=1 xruns_total=213 meter_live=1 meter_age_s=0 temp=57.4'C throttled=0x0
SOAK minute=221 xruns_minute=0 xruns_total=213 meter_live=1 meter_age_s=0 temp=56.4'C throttled=0x0
SOAK minute=222 xruns_minute=0 xruns_total=213 meter_live=1 meter_age_s=1 temp=57.4'C throttled=0x0
SOAK minute=223 xruns_minute=2 xruns_total=215 meter_live=1 meter_age_s=1 temp=58.9'C throttled=0x0
SOAK minute=224 xruns_minute=1 xruns_total=216 meter_live=1 meter_age_s=0 temp=56.9'C throttled=0x0
SOAK minute=225 xruns_minute=0 xruns_total=216 meter_live=1 meter_age_s=0 temp=56.4'C throttled=0x0
SOAK minute=226 xruns_minute=0 xruns_total=216 meter_live=1 meter_age_s=1 temp=56.9'C throttled=0x0
SOAK minute=227 xruns_minute=3 xruns_total=219 meter_live=1 meter_age_s=0 temp=58.4'C throttled=0x0
SOAK minute=228 xruns_minute=1 xruns_total=220 meter_live=1 meter_age_s=1 temp=58.4'C throttled=0x0
SOAK minute=229 xruns_minute=0 xruns_total=220 meter_live=1 meter_age_s=0 temp=57.9'C throttled=0x0
SOAK minute=230 xruns_minute=2 xruns_total=222 meter_live=1 meter_age_s=0 temp=56.9'C throttled=0x0
SOAK minute=231 xruns_minute=1 xruns_total=223 meter_live=1 meter_age_s=0 temp=57.4'C throttled=0x0
SOAK minute=232 xruns_minute=2 xruns_total=225 meter_live=1 meter_age_s=0 temp=57.9'C throttled=0x0
SOAK minute=233 xruns_minute=1 xruns_total=226 meter_live=1 meter_age_s=0 temp=57.4'C throttled=0x0
SOAK minute=234 xruns_minute=1 xruns_total=227 meter_live=1 meter_age_s=0 temp=57.9'C throttled=0x0
SOAK minute=235 xruns_minute=2 xruns_total=229 meter_live=1 meter_age_s=0 temp=57.9'C throttled=0x0
SOAK minute=236 xruns_minute=0 xruns_total=229 meter_live=1 meter_age_s=0 temp=57.4'C throttled=0x0
SOAK minute=237 xruns_minute=1 xruns_total=230 meter_live=1 meter_age_s=0 temp=56.9'C throttled=0x0
SOAK minute=238 xruns_minute=1 xruns_total=231 meter_live=1 meter_age_s=0 temp=56.9'C throttled=0x0
SOAK minute=239 xruns_minute=0 xruns_total=231 meter_live=1 meter_age_s=0 temp=57.9'C throttled=0x0
SOAK minute=240 xruns_minute=0 xruns_total=231 meter_live=1 meter_age_s=0 temp=56.9'C throttled=0x0
SOAK hour=4 minute=240 xruns_hour=72 xruns_total=231 meter_live=1 invalid_windows=0 temp=56.9'C throttled=0x0
SOAK minute=241 xruns_minute=0 xruns_total=231 meter_live=1 meter_age_s=0 temp=57.9'C throttled=0x0
SOAK minute=242 xruns_minute=0 xruns_total=231 meter_live=1 meter_age_s=0 temp=56.9'C throttled=0x0
SOAK minute=243 xruns_minute=1 xruns_total=232 meter_live=1 meter_age_s=0 temp=56.9'C throttled=0x0
SOAK minute=244 xruns_minute=0 xruns_total=232 meter_live=1 meter_age_s=0 temp=56.9'C throttled=0x0
SOAK minute=245 xruns_minute=3 xruns_total=235 meter_live=1 meter_age_s=0 temp=58.4'C throttled=0x0
SOAK minute=246 xruns_minute=1 xruns_total=236 meter_live=1 meter_age_s=0 temp=56.9'C throttled=0x0
SOAK minute=247 xruns_minute=2 xruns_total=238 meter_live=1 meter_age_s=0 temp=57.4'C throttled=0x0
SOAK minute=248 xruns_minute=0 xruns_total=238 meter_live=1 meter_age_s=0 temp=56.9'C throttled=0x0
SOAK minute=249 xruns_minute=0 xruns_total=238 meter_live=1 meter_age_s=0 temp=56.4'C throttled=0x0
SOAK minute=250 xruns_minute=0 xruns_total=238 meter_live=1 meter_age_s=0 temp=56.4'C throttled=0x0
SOAK minute=251 xruns_minute=1 xruns_total=239 meter_live=1 meter_age_s=0 temp=58.4'C throttled=0x0
SOAK minute=252 xruns_minute=1 xruns_total=240 meter_live=1 meter_age_s=0 temp=57.9'C throttled=0x0
SOAK minute=253 xruns_minute=1 xruns_total=241 meter_live=1 meter_age_s=0 temp=56.9'C throttled=0x0
SOAK minute=254 xruns_minute=0 xruns_total=241 meter_live=1 meter_age_s=0 temp=56.0'C throttled=0x0
SOAK minute=255 xruns_minute=3 xruns_total=244 meter_live=1 meter_age_s=0 temp=56.9'C throttled=0x0
SOAK minute=256 xruns_minute=0 xruns_total=244 meter_live=1 meter_age_s=0 temp=56.0'C throttled=0x0
SOAK minute=257 xruns_minute=2 xruns_total=246 meter_live=1 meter_age_s=0 temp=56.4'C throttled=0x0
SOAK minute=258 xruns_minute=2 xruns_total=248 meter_live=1 meter_age_s=0 temp=56.9'C throttled=0x0
SOAK minute=259 xruns_minute=0 xruns_total=248 meter_live=1 meter_age_s=0 temp=57.4'C throttled=0x0
SOAK minute=260 xruns_minute=1 xruns_total=249 meter_live=1 meter_age_s=1 temp=56.4'C throttled=0x0
SOAK minute=261 xruns_minute=2 xruns_total=251 meter_live=1 meter_age_s=1 temp=56.9'C throttled=0x0
SOAK minute=262 xruns_minute=1 xruns_total=252 meter_live=1 meter_age_s=1 temp=56.9'C throttled=0x0
SOAK minute=263 xruns_minute=0 xruns_total=252 meter_live=1 meter_age_s=0 temp=56.9'C throttled=0x0
SOAK minute=264 xruns_minute=2 xruns_total=254 meter_live=1 meter_age_s=1 temp=56.4'C throttled=0x0
SOAK minute=265 xruns_minute=0 xruns_total=254 meter_live=1 meter_age_s=0 temp=56.4'C throttled=0x0
SOAK minute=266 xruns_minute=2 xruns_total=256 meter_live=1 meter_age_s=0 temp=57.4'C throttled=0x0
SOAK minute=267 xruns_minute=3 xruns_total=259 meter_live=1 meter_age_s=0 temp=57.4'C throttled=0x0
SOAK minute=268 xruns_minute=1 xruns_total=260 meter_live=1 meter_age_s=0 temp=57.4'C throttled=0x0
SOAK minute=269 xruns_minute=1 xruns_total=261 meter_live=1 meter_age_s=0 temp=57.4'C throttled=0x0
SOAK minute=270 xruns_minute=2 xruns_total=263 meter_live=1 meter_age_s=0 temp=57.4'C throttled=0x0
SOAK minute=271 xruns_minute=1 xruns_total=264 meter_live=1 meter_age_s=0 temp=56.4'C throttled=0x0
SOAK minute=272 xruns_minute=0 xruns_total=264 meter_live=1 meter_age_s=0 temp=57.4'C throttled=0x0
SOAK minute=273 xruns_minute=0 xruns_total=264 meter_live=1 meter_age_s=0 temp=57.9'C throttled=0x0
SOAK minute=274 xruns_minute=0 xruns_total=264 meter_live=1 meter_age_s=0 temp=56.9'C throttled=0x0
SOAK minute=275 xruns_minute=2 xruns_total=266 meter_live=1 meter_age_s=0 temp=57.4'C throttled=0x0
SOAK minute=276 xruns_minute=0 xruns_total=266 meter_live=1 meter_age_s=0 temp=57.4'C throttled=0x0
SOAK minute=277 xruns_minute=0 xruns_total=266 meter_live=1 meter_age_s=0 temp=56.9'C throttled=0x0
SOAK minute=278 xruns_minute=0 xruns_total=266 meter_live=1 meter_age_s=0 temp=56.9'C throttled=0x0
SOAK minute=279 xruns_minute=0 xruns_total=266 meter_live=1 meter_age_s=0 temp=57.4'C throttled=0x0
SOAK minute=280 xruns_minute=1 xruns_total=267 meter_live=1 meter_age_s=0 temp=57.9'C throttled=0x0
SOAK minute=281 xruns_minute=2 xruns_total=269 meter_live=1 meter_age_s=0 temp=56.0'C throttled=0x0
SOAK minute=282 xruns_minute=0 xruns_total=269 meter_live=1 meter_age_s=0 temp=56.9'C throttled=0x0
SOAK minute=283 xruns_minute=0 xruns_total=269 meter_live=1 meter_age_s=0 temp=57.4'C throttled=0x0
SOAK minute=284 xruns_minute=0 xruns_total=269 meter_live=1 meter_age_s=0 temp=57.4'C throttled=0x0
SOAK minute=285 xruns_minute=2 xruns_total=271 meter_live=1 meter_age_s=0 temp=56.9'C throttled=0x0
SOAK minute=286 xruns_minute=0 xruns_total=271 meter_live=1 meter_age_s=0 temp=56.9'C throttled=0x0
SOAK minute=287 xruns_minute=3 xruns_total=274 meter_live=1 meter_age_s=0 temp=57.4'C throttled=0x0
SOAK minute=288 xruns_minute=1 xruns_total=275 meter_live=1 meter_age_s=0 temp=56.9'C throttled=0x0
SOAK minute=289 xruns_minute=0 xruns_total=275 meter_live=1 meter_age_s=0 temp=56.9'C throttled=0x0
SOAK minute=290 xruns_minute=0 xruns_total=275 meter_live=1 meter_age_s=0 temp=56.4'C throttled=0x0
SOAK minute=291 xruns_minute=1 xruns_total=276 meter_live=1 meter_age_s=0 temp=56.9'C throttled=0x0
SOAK minute=292 xruns_minute=0 xruns_total=276 meter_live=1 meter_age_s=0 temp=56.4'C throttled=0x0
SOAK minute=293 xruns_minute=1 xruns_total=277 meter_live=1 meter_age_s=0 temp=56.4'C throttled=0x0
SOAK minute=294 xruns_minute=1 xruns_total=278 meter_live=1 meter_age_s=0 temp=56.9'C throttled=0x0
SOAK minute=295 xruns_minute=1 xruns_total=279 meter_live=1 meter_age_s=0 temp=56.4'C throttled=0x0
SOAK minute=296 xruns_minute=1 xruns_total=280 meter_live=1 meter_age_s=0 temp=56.9'C throttled=0x0
SOAK minute=297 xruns_minute=0 xruns_total=280 meter_live=1 meter_age_s=0 temp=57.4'C throttled=0x0
SOAK minute=298 xruns_minute=1 xruns_total=281 meter_live=1 meter_age_s=1 temp=56.4'C throttled=0x0
SOAK minute=299 xruns_minute=2 xruns_total=283 meter_live=1 meter_age_s=1 temp=56.0'C throttled=0x0
SOAK minute=300 xruns_minute=0 xruns_total=283 meter_live=1 meter_age_s=1 temp=57.9'C throttled=0x0
SOAK hour=5 minute=300 xruns_hour=52 xruns_total=283 meter_live=1 invalid_windows=0 temp=57.9'C throttled=0x0
SOAK minute=301 xruns_minute=0 xruns_total=283 meter_live=1 meter_age_s=1 temp=56.9'C throttled=0x0
SOAK minute=302 xruns_minute=0 xruns_total=283 meter_live=1 meter_age_s=0 temp=56.4'C throttled=0x0
SOAK minute=303 xruns_minute=0 xruns_total=283 meter_live=1 meter_age_s=0 temp=56.9'C throttled=0x0
SOAK minute=304 xruns_minute=1 xruns_total=284 meter_live=1 meter_age_s=0 temp=56.9'C throttled=0x0
SOAK minute=305 xruns_minute=1 xruns_total=285 meter_live=1 meter_age_s=0 temp=57.9'C throttled=0x0
SOAK minute=306 xruns_minute=0 xruns_total=285 meter_live=1 meter_age_s=0 temp=56.9'C throttled=0x0
SOAK minute=307 xruns_minute=0 xruns_total=285 meter_live=1 meter_age_s=0 temp=57.4'C throttled=0x0
SOAK minute=308 xruns_minute=0 xruns_total=285 meter_live=1 meter_age_s=0 temp=56.4'C throttled=0x0
SOAK minute=309 xruns_minute=0 xruns_total=285 meter_live=1 meter_age_s=0 temp=56.4'C throttled=0x0
SOAK minute=310 xruns_minute=1 xruns_total=286 meter_live=1 meter_age_s=0 temp=56.9'C throttled=0x0
SOAK minute=311 xruns_minute=0 xruns_total=286 meter_live=1 meter_age_s=0 temp=56.4'C throttled=0x0
SOAK minute=312 xruns_minute=2 xruns_total=288 meter_live=1 meter_age_s=0 temp=56.9'C throttled=0x0
SOAK minute=313 xruns_minute=2 xruns_total=290 meter_live=1 meter_age_s=0 temp=58.4'C throttled=0x0
SOAK minute=314 xruns_minute=1 xruns_total=291 meter_live=1 meter_age_s=0 temp=57.4'C throttled=0x0
SOAK minute=315 xruns_minute=1 xruns_total=292 meter_live=1 meter_age_s=0 temp=56.0'C throttled=0x0
SOAK minute=316 xruns_minute=2 xruns_total=294 meter_live=1 meter_age_s=0 temp=56.4'C throttled=0x0
SOAK minute=317 xruns_minute=3 xruns_total=297 meter_live=1 meter_age_s=0 temp=57.9'C throttled=0x0
SOAK minute=318 xruns_minute=2 xruns_total=299 meter_live=1 meter_age_s=0 temp=56.9'C throttled=0x0
SOAK minute=319 xruns_minute=2 xruns_total=301 meter_live=1 meter_age_s=0 temp=57.4'C throttled=0x0
SOAK minute=320 xruns_minute=2 xruns_total=303 meter_live=1 meter_age_s=0 temp=57.4'C throttled=0x0
SOAK minute=321 xruns_minute=1 xruns_total=304 meter_live=1 meter_age_s=0 temp=56.9'C throttled=0x0
SOAK minute=322 xruns_minute=1 xruns_total=305 meter_live=1 meter_age_s=0 temp=56.4'C throttled=0x0
SOAK minute=323 xruns_minute=1 xruns_total=306 meter_live=1 meter_age_s=0 temp=57.4'C throttled=0x0
SOAK minute=324 xruns_minute=1 xruns_total=307 meter_live=1 meter_age_s=0 temp=56.9'C throttled=0x0
SOAK minute=325 xruns_minute=0 xruns_total=307 meter_live=1 meter_age_s=0 temp=56.9'C throttled=0x0
SOAK minute=326 xruns_minute=2 xruns_total=309 meter_live=1 meter_age_s=0 temp=56.9'C throttled=0x0
SOAK minute=327 xruns_minute=1 xruns_total=310 meter_live=1 meter_age_s=0 temp=56.9'C throttled=0x0
SOAK minute=328 xruns_minute=2 xruns_total=312 meter_live=1 meter_age_s=0 temp=57.9'C throttled=0x0
SOAK minute=329 xruns_minute=0 xruns_total=312 meter_live=1 meter_age_s=0 temp=56.0'C throttled=0x0
SOAK minute=330 xruns_minute=0 xruns_total=312 meter_live=1 meter_age_s=0 temp=56.4'C throttled=0x0
SOAK minute=331 xruns_minute=0 xruns_total=312 meter_live=1 meter_age_s=0 temp=56.9'C throttled=0x0
SOAK minute=332 xruns_minute=1 xruns_total=313 meter_live=1 meter_age_s=0 temp=57.4'C throttled=0x0
SOAK minute=333 xruns_minute=1 xruns_total=314 meter_live=1 meter_age_s=0 temp=56.9'C throttled=0x0
SOAK minute=334 xruns_minute=2 xruns_total=316 meter_live=1 meter_age_s=0 temp=56.0'C throttled=0x0
SOAK minute=335 xruns_minute=0 xruns_total=316 meter_live=1 meter_age_s=0 temp=56.4'C throttled=0x0
SOAK minute=336 xruns_minute=0 xruns_total=316 meter_live=1 meter_age_s=0 temp=56.4'C throttled=0x0
SOAK minute=337 xruns_minute=0 xruns_total=316 meter_live=1 meter_age_s=0 temp=56.9'C throttled=0x0
SOAK minute=338 xruns_minute=0 xruns_total=316 meter_live=1 meter_age_s=1 temp=56.9'C throttled=0x0
SOAK minute=339 xruns_minute=1 xruns_total=317 meter_live=1 meter_age_s=1 temp=56.9'C throttled=0x0
SOAK minute=340 xruns_minute=1 xruns_total=318 meter_live=1 meter_age_s=0 temp=56.9'C throttled=0x0
SOAK minute=341 xruns_minute=1 xruns_total=319 meter_live=1 meter_age_s=1 temp=57.9'C throttled=0x0
SOAK minute=342 xruns_minute=1 xruns_total=320 meter_live=1 meter_age_s=0 temp=58.4'C throttled=0x0
SOAK minute=343 xruns_minute=0 xruns_total=320 meter_live=1 meter_age_s=0 temp=57.4'C throttled=0x0
SOAK minute=344 xruns_minute=1 xruns_total=321 meter_live=1 meter_age_s=0 temp=56.0'C throttled=0x0
SOAK minute=345 xruns_minute=0 xruns_total=321 meter_live=1 meter_age_s=0 temp=57.4'C throttled=0x0
SOAK minute=346 xruns_minute=2 xruns_total=323 meter_live=1 meter_age_s=0 temp=56.9'C throttled=0x0
SOAK minute=347 xruns_minute=0 xruns_total=323 meter_live=1 meter_age_s=0 temp=57.4'C throttled=0x0
SOAK minute=348 xruns_minute=0 xruns_total=323 meter_live=1 meter_age_s=0 temp=56.9'C throttled=0x0
SOAK minute=349 xruns_minute=1 xruns_total=324 meter_live=1 meter_age_s=0 temp=55.5'C throttled=0x0
SOAK minute=350 xruns_minute=1 xruns_total=325 meter_live=1 meter_age_s=0 temp=57.4'C throttled=0x0
SOAK minute=351 xruns_minute=1 xruns_total=326 meter_live=1 meter_age_s=0 temp=56.4'C throttled=0x0
SOAK minute=352 xruns_minute=0 xruns_total=326 meter_live=1 meter_age_s=0 temp=57.4'C throttled=0x0
SOAK minute=353 xruns_minute=0 xruns_total=326 meter_live=1 meter_age_s=0 temp=55.5'C throttled=0x0
SOAK minute=354 xruns_minute=0 xruns_total=326 meter_live=1 meter_age_s=0 temp=57.9'C throttled=0x0
SOAK minute=355 xruns_minute=1 xruns_total=327 meter_live=1 meter_age_s=0 temp=56.9'C throttled=0x0
SOAK minute=356 xruns_minute=2 xruns_total=329 meter_live=1 meter_age_s=0 temp=57.4'C throttled=0x0
SOAK minute=357 xruns_minute=1 xruns_total=330 meter_live=1 meter_age_s=0 temp=57.4'C throttled=0x0
SOAK minute=358 xruns_minute=0 xruns_total=330 meter_live=1 meter_age_s=0 temp=56.9'C throttled=0x0
SOAK minute=359 xruns_minute=0 xruns_total=330 meter_live=1 meter_age_s=0 temp=57.4'C throttled=0x0
SOAK minute=360 xruns_minute=0 xruns_total=330 meter_live=1 meter_age_s=0 temp=56.0'C throttled=0x0
SOAK hour=6 minute=360 xruns_hour=47 xruns_total=330 meter_live=1 invalid_windows=0 temp=56.0'C throttled=0x0
SOAK minute=361 xruns_minute=0 xruns_total=330 meter_live=1 meter_age_s=0 temp=56.4'C throttled=0x0
SOAK minute=362 xruns_minute=0 xruns_total=330 meter_live=1 meter_age_s=0 temp=57.4'C throttled=0x0
SOAK minute=363 xruns_minute=0 xruns_total=330 meter_live=1 meter_age_s=0 temp=56.9'C throttled=0x0
SOAK minute=364 xruns_minute=1 xruns_total=331 meter_live=1 meter_age_s=0 temp=56.9'C throttled=0x0
SOAK minute=365 xruns_minute=2 xruns_total=333 meter_live=1 meter_age_s=0 temp=56.9'C throttled=0x0
SOAK minute=366 xruns_minute=1 xruns_total=334 meter_live=1 meter_age_s=0 temp=56.9'C throttled=0x0
SOAK minute=367 xruns_minute=1 xruns_total=335 meter_live=1 meter_age_s=0 temp=57.4'C throttled=0x0
SOAK minute=368 xruns_minute=2 xruns_total=337 meter_live=1 meter_age_s=0 temp=56.9'C throttled=0x0
SOAK minute=369 xruns_minute=2 xruns_total=339 meter_live=1 meter_age_s=0 temp=56.4'C throttled=0x0
SOAK minute=370 xruns_minute=2 xruns_total=341 meter_live=1 meter_age_s=0 temp=56.9'C throttled=0x0
SOAK minute=371 xruns_minute=0 xruns_total=341 meter_live=1 meter_age_s=0 temp=57.4'C throttled=0x0
SOAK minute=372 xruns_minute=0 xruns_total=341 meter_live=1 meter_age_s=0 temp=56.9'C throttled=0x0
SOAK minute=373 xruns_minute=0 xruns_total=341 meter_live=1 meter_age_s=0 temp=57.4'C throttled=0x0
SOAK minute=374 xruns_minute=1 xruns_total=342 meter_live=1 meter_age_s=0 temp=55.0'C throttled=0x0
SOAK minute=375 xruns_minute=1 xruns_total=343 meter_live=1 meter_age_s=0 temp=56.4'C throttled=0x0
SOAK minute=376 xruns_minute=0 xruns_total=343 meter_live=1 meter_age_s=1 temp=55.5'C throttled=0x0
SOAK minute=377 xruns_minute=1 xruns_total=344 meter_live=1 meter_age_s=1 temp=56.9'C throttled=0x0
SOAK minute=378 xruns_minute=0 xruns_total=344 meter_live=1 meter_age_s=0 temp=56.4'C throttled=0x0
SOAK minute=379 xruns_minute=0 xruns_total=344 meter_live=1 meter_age_s=1 temp=56.0'C throttled=0x0
SOAK minute=380 xruns_minute=0 xruns_total=344 meter_live=1 meter_age_s=0 temp=56.4'C throttled=0x0
SOAK minute=381 xruns_minute=3 xruns_total=347 meter_live=1 meter_age_s=0 temp=57.4'C throttled=0x0
SOAK minute=382 xruns_minute=4 xruns_total=351 meter_live=1 meter_age_s=0 temp=56.9'C throttled=0x0
SOAK minute=383 xruns_minute=1 xruns_total=352 meter_live=1 meter_age_s=0 temp=56.4'C throttled=0x0
SOAK minute=384 xruns_minute=0 xruns_total=352 meter_live=1 meter_age_s=0 temp=56.9'C throttled=0x0
SOAK minute=385 xruns_minute=1 xruns_total=353 meter_live=1 meter_age_s=0 temp=55.5'C throttled=0x0
SOAK minute=386 xruns_minute=3 xruns_total=356 meter_live=1 meter_age_s=0 temp=56.9'C throttled=0x0
SOAK minute=387 xruns_minute=0 xruns_total=356 meter_live=1 meter_age_s=0 temp=56.4'C throttled=0x0
SOAK minute=388 xruns_minute=1 xruns_total=357 meter_live=1 meter_age_s=0 temp=57.4'C throttled=0x0
SOAK minute=389 xruns_minute=3 xruns_total=360 meter_live=1 meter_age_s=0 temp=56.4'C throttled=0x0
SOAK minute=390 xruns_minute=1 xruns_total=361 meter_live=1 meter_age_s=0 temp=56.9'C throttled=0x0
SOAK minute=391 xruns_minute=3 xruns_total=364 meter_live=1 meter_age_s=0 temp=56.0'C throttled=0x0
SOAK minute=392 xruns_minute=0 xruns_total=364 meter_live=1 meter_age_s=0 temp=56.9'C throttled=0x0
SOAK minute=393 xruns_minute=3 xruns_total=367 meter_live=1 meter_age_s=0 temp=56.4'C throttled=0x0
SOAK minute=394 xruns_minute=0 xruns_total=367 meter_live=1 meter_age_s=0 temp=56.4'C throttled=0x0
SOAK minute=395 xruns_minute=1 xruns_total=368 meter_live=1 meter_age_s=0 temp=55.0'C throttled=0x0
SOAK minute=396 xruns_minute=2 xruns_total=370 meter_live=1 meter_age_s=0 temp=55.5'C throttled=0x0
SOAK minute=397 xruns_minute=0 xruns_total=370 meter_live=1 meter_age_s=0 temp=55.5'C throttled=0x0
SOAK minute=398 xruns_minute=0 xruns_total=370 meter_live=1 meter_age_s=0 temp=56.0'C throttled=0x0
SOAK minute=399 xruns_minute=1 xruns_total=371 meter_live=1 meter_age_s=0 temp=57.4'C throttled=0x0
SOAK minute=400 xruns_minute=2 xruns_total=373 meter_live=1 meter_age_s=0 temp=57.9'C throttled=0x0
SOAK minute=401 xruns_minute=1 xruns_total=374 meter_live=1 meter_age_s=0 temp=56.4'C throttled=0x0
SOAK minute=402 xruns_minute=0 xruns_total=374 meter_live=1 meter_age_s=0 temp=56.4'C throttled=0x0
SOAK minute=403 xruns_minute=0 xruns_total=374 meter_live=1 meter_age_s=0 temp=56.0'C throttled=0x0
SOAK minute=404 xruns_minute=1 xruns_total=375 meter_live=1 meter_age_s=0 temp=57.4'C throttled=0x0
SOAK minute=405 xruns_minute=1 xruns_total=376 meter_live=1 meter_age_s=0 temp=56.0'C throttled=0x0
SOAK minute=406 xruns_minute=0 xruns_total=376 meter_live=1 meter_age_s=0 temp=57.4'C throttled=0x0
SOAK minute=407 xruns_minute=2 xruns_total=378 meter_live=1 meter_age_s=0 temp=55.0'C throttled=0x0
SOAK minute=408 xruns_minute=2 xruns_total=380 meter_live=1 meter_age_s=0 temp=56.4'C throttled=0x0
SOAK minute=409 xruns_minute=2 xruns_total=382 meter_live=1 meter_age_s=0 temp=56.9'C throttled=0x0
SOAK minute=410 xruns_minute=0 xruns_total=382 meter_live=1 meter_age_s=0 temp=55.5'C throttled=0x0
SOAK minute=411 xruns_minute=0 xruns_total=382 meter_live=1 meter_age_s=0 temp=57.4'C throttled=0x0
SOAK minute=412 xruns_minute=1 xruns_total=383 meter_live=1 meter_age_s=0 temp=57.4'C throttled=0x0
SOAK minute=413 xruns_minute=0 xruns_total=383 meter_live=1 meter_age_s=0 temp=56.0'C throttled=0x0
SOAK minute=414 xruns_minute=0 xruns_total=383 meter_live=1 meter_age_s=1 temp=56.0'C throttled=0x0
SOAK minute=415 xruns_minute=0 xruns_total=383 meter_live=1 meter_age_s=1 temp=56.4'C throttled=0x0
SOAK minute=416 xruns_minute=1 xruns_total=384 meter_live=1 meter_age_s=1 temp=57.4'C throttled=0x0
SOAK minute=417 xruns_minute=1 xruns_total=385 meter_live=1 meter_age_s=1 temp=58.4'C throttled=0x0
SOAK minute=418 xruns_minute=3 xruns_total=388 meter_live=1 meter_age_s=0 temp=57.9'C throttled=0x0
SOAK minute=419 xruns_minute=0 xruns_total=388 meter_live=1 meter_age_s=1 temp=57.4'C throttled=0x0
SOAK minute=420 xruns_minute=0 xruns_total=388 meter_live=1 meter_age_s=0 temp=56.4'C throttled=0x0
SOAK hour=7 minute=420 xruns_hour=58 xruns_total=388 meter_live=1 invalid_windows=0 temp=56.4'C throttled=0x0
SOAK minute=421 xruns_minute=1 xruns_total=389 meter_live=1 meter_age_s=0 temp=56.9'C throttled=0x0
SOAK minute=422 xruns_minute=0 xruns_total=389 meter_live=1 meter_age_s=0 temp=56.0'C throttled=0x0
SOAK minute=423 xruns_minute=0 xruns_total=389 meter_live=1 meter_age_s=0 temp=56.9'C throttled=0x0
SOAK minute=424 xruns_minute=6 xruns_total=395 meter_live=1 meter_age_s=0 temp=57.9'C throttled=0x0
SOAK minute=425 xruns_minute=0 xruns_total=395 meter_live=1 meter_age_s=0 temp=56.9'C throttled=0x0
SOAK minute=426 xruns_minute=1 xruns_total=396 meter_live=1 meter_age_s=0 temp=56.4'C throttled=0x0
SOAK minute=427 xruns_minute=1 xruns_total=397 meter_live=1 meter_age_s=0 temp=56.0'C throttled=0x0
SOAK minute=428 xruns_minute=1 xruns_total=398 meter_live=1 meter_age_s=0 temp=56.9'C throttled=0x0
SOAK minute=429 xruns_minute=1 xruns_total=399 meter_live=1 meter_age_s=0 temp=57.4'C throttled=0x0
SOAK minute=430 xruns_minute=2 xruns_total=401 meter_live=1 meter_age_s=0 temp=57.4'C throttled=0x0
SOAK minute=431 xruns_minute=0 xruns_total=401 meter_live=1 meter_age_s=0 temp=57.9'C throttled=0x0
SOAK minute=432 xruns_minute=0 xruns_total=401 meter_live=1 meter_age_s=0 temp=57.4'C throttled=0x0
SOAK minute=433 xruns_minute=0 xruns_total=401 meter_live=1 meter_age_s=0 temp=56.0'C throttled=0x0
SOAK minute=434 xruns_minute=1 xruns_total=402 meter_live=1 meter_age_s=0 temp=58.4'C throttled=0x0
SOAK minute=435 xruns_minute=0 xruns_total=402 meter_live=1 meter_age_s=0 temp=57.4'C throttled=0x0
SOAK minute=436 xruns_minute=1 xruns_total=403 meter_live=1 meter_age_s=0 temp=57.4'C throttled=0x0
SOAK minute=437 xruns_minute=0 xruns_total=403 meter_live=1 meter_age_s=0 temp=57.9'C throttled=0x0
SOAK minute=438 xruns_minute=0 xruns_total=403 meter_live=1 meter_age_s=0 temp=57.4'C throttled=0x0
SOAK minute=439 xruns_minute=0 xruns_total=403 meter_live=1 meter_age_s=0 temp=56.4'C throttled=0x0
SOAK minute=440 xruns_minute=3 xruns_total=406 meter_live=1 meter_age_s=0 temp=56.9'C throttled=0x0
SOAK minute=441 xruns_minute=3 xruns_total=409 meter_live=1 meter_age_s=0 temp=57.4'C throttled=0x0
SOAK minute=442 xruns_minute=0 xruns_total=409 meter_live=1 meter_age_s=0 temp=56.4'C throttled=0x0
SOAK minute=443 xruns_minute=0 xruns_total=409 meter_live=1 meter_age_s=0 temp=56.0'C throttled=0x0
SOAK minute=444 xruns_minute=0 xruns_total=409 meter_live=1 meter_age_s=0 temp=56.9'C throttled=0x0
SOAK minute=445 xruns_minute=0 xruns_total=409 meter_live=1 meter_age_s=0 temp=56.4'C throttled=0x0
SOAK minute=446 xruns_minute=3 xruns_total=412 meter_live=1 meter_age_s=0 temp=57.4'C throttled=0x0
SOAK minute=447 xruns_minute=1 xruns_total=413 meter_live=1 meter_age_s=0 temp=57.4'C throttled=0x0
SOAK minute=448 xruns_minute=0 xruns_total=413 meter_live=1 meter_age_s=0 temp=57.9'C throttled=0x0
SOAK minute=449 xruns_minute=0 xruns_total=413 meter_live=1 meter_age_s=0 temp=57.4'C throttled=0x0
SOAK minute=450 xruns_minute=1 xruns_total=414 meter_live=1 meter_age_s=0 temp=57.4'C throttled=0x0
SOAK minute=451 xruns_minute=2 xruns_total=416 meter_live=1 meter_age_s=0 temp=57.9'C throttled=0x0
SOAK minute=452 xruns_minute=1 xruns_total=417 meter_live=1 meter_age_s=0 temp=56.9'C throttled=0x0
SOAK minute=453 xruns_minute=1 xruns_total=418 meter_live=1 meter_age_s=1 temp=57.9'C throttled=0x0
SOAK minute=454 xruns_minute=1 xruns_total=419 meter_live=1 meter_age_s=0 temp=56.0'C throttled=0x0
SOAK minute=455 xruns_minute=0 xruns_total=419 meter_live=1 meter_age_s=1 temp=57.4'C throttled=0x0
SOAK minute=456 xruns_minute=0 xruns_total=419 meter_live=1 meter_age_s=0 temp=56.9'C throttled=0x0
SOAK minute=457 xruns_minute=1 xruns_total=420 meter_live=1 meter_age_s=1 temp=56.4'C throttled=0x0
SOAK minute=458 xruns_minute=1 xruns_total=421 meter_live=1 meter_age_s=0 temp=57.9'C throttled=0x0
SOAK minute=459 xruns_minute=1 xruns_total=422 meter_live=1 meter_age_s=0 temp=57.9'C throttled=0x0
SOAK minute=460 xruns_minute=0 xruns_total=422 meter_live=1 meter_age_s=0 temp=57.4'C throttled=0x0
SOAK minute=461 xruns_minute=3 xruns_total=425 meter_live=1 meter_age_s=0 temp=56.9'C throttled=0x0
SOAK minute=462 xruns_minute=3 xruns_total=428 meter_live=1 meter_age_s=0 temp=56.0'C throttled=0x0
SOAK minute=463 xruns_minute=0 xruns_total=428 meter_live=1 meter_age_s=0 temp=57.9'C throttled=0x0
SOAK minute=464 xruns_minute=1 xruns_total=429 meter_live=1 meter_age_s=0 temp=56.9'C throttled=0x0
SOAK minute=465 xruns_minute=1 xruns_total=430 meter_live=1 meter_age_s=0 temp=57.9'C throttled=0x0
SOAK minute=466 xruns_minute=2 xruns_total=432 meter_live=1 meter_age_s=0 temp=56.4'C throttled=0x0
SOAK minute=467 xruns_minute=1 xruns_total=433 meter_live=1 meter_age_s=0 temp=56.0'C throttled=0x0
SOAK minute=468 xruns_minute=0 xruns_total=433 meter_live=1 meter_age_s=0 temp=58.4'C throttled=0x0
SOAK minute=469 xruns_minute=2 xruns_total=435 meter_live=1 meter_age_s=0 temp=56.9'C throttled=0x0
SOAK minute=470 xruns_minute=0 xruns_total=435 meter_live=1 meter_age_s=0 temp=57.9'C throttled=0x0
SOAK minute=471 xruns_minute=1 xruns_total=436 meter_live=1 meter_age_s=0 temp=56.9'C throttled=0x0
SOAK minute=472 xruns_minute=2 xruns_total=438 meter_live=1 meter_age_s=0 temp=56.9'C throttled=0x0
SOAK minute=473 xruns_minute=0 xruns_total=438 meter_live=1 meter_age_s=0 temp=57.4'C throttled=0x0
SOAK minute=474 xruns_minute=1 xruns_total=439 meter_live=1 meter_age_s=0 temp=56.9'C throttled=0x0
SOAK minute=475 xruns_minute=2 xruns_total=441 meter_live=1 meter_age_s=0 temp=57.9'C throttled=0x0
SOAK minute=476 xruns_minute=0 xruns_total=441 meter_live=1 meter_age_s=0 temp=57.4'C throttled=0x0
SOAK minute=477 xruns_minute=2 xruns_total=443 meter_live=1 meter_age_s=0 temp=57.9'C throttled=0x0
SOAK minute=478 xruns_minute=0 xruns_total=443 meter_live=1 meter_age_s=0 temp=56.9'C throttled=0x0
SOAK minute=479 xruns_minute=0 xruns_total=443 meter_live=1 meter_age_s=0 temp=56.9'C throttled=0x0
SOAK minute=480 xruns_minute=2 xruns_total=445 meter_live=1 meter_age_s=0 temp=56.9'C throttled=0x0
SOAK hour=8 minute=480 xruns_hour=57 xruns_total=445 meter_live=1 invalid_windows=0 temp=56.9'C throttled=0x0
RESULT soak_hours=8 buffer=1024 loops=16 xruns_total=445 invalid_windows=0
SENTINEL soak-complete
