     t     dsp%     peak    xrun
     1 48.206020    0.280      89 <<< XRUN x9
     2 60.959251    0.799      92 <<< XRUN x3
     3 41.102467    1.125      92
     4 36.647404    0.248      92
     5 34.813675    0.167      92
     6 35.390759    0.975      92
     7 35.236710    0.312      92
     8 37.772297    0.625      92
     9 37.490379    1.054      92
    10 37.306305    0.161      92
    11 39.542812    0.981      92
    12 39.854763    1.297      92
    13 39.703156    0.329      92
    14 39.488491    0.538      93 <<< XRUN x1
    15 38.703407    0.435      93
    16 39.306095    0.382      93
    17 39.448235    0.510      93
    18 38.923389    1.035      93
    19 38.044449    0.085      93
    20 39.619843    0.302      93
    21 69.639160    1.205     100 <<< XRUN x7
    22 49.415695    0.505     100
    23 42.397194    0.395     100
    24 40.335041    0.276     100
    25 40.645668    1.600     101 <<< XRUN x1
    26 41.238827    0.765     101
    27 42.241154    0.662     101
    28 41.009327    1.305     101
    29 39.999828    0.214     101
    30 40.078732    0.914     101
    31 40.898178    1.896     104 <<< XRUN x3
    32 53.741325    0.310     104
    33 37.749683    0.501     104
    34 35.438992    0.870     104
    35 35.508770    0.718     104
    36 37.281273    0.777     104
    37 36.771542    0.816     104
    38 37.898525    0.269     104
    39 37.350292    0.350     104
    40 37.720070    1.756     104
    41 39.527733    0.528     104
    42 38.725990    0.323     104
    43 37.936569    0.972     104
    44 37.471069    0.572     104
    45 37.462105    0.569     109 <<< XRUN x5
    46 39.536507    1.067     109
    47 40.541164    0.261     109
    48 37.998219    0.233     109
    49 37.132870    0.846     109
    50 36.781811    0.280     109
    51 37.412277    0.529     109
    52 36.942616    0.489     109
    53 37.718685    1.617     109
    54 37.714554    0.501     109
    55 38.700817    1.595     109
    56 39.064350    1.165     109
    57 37.724552    0.170     109
    58 37.350815    1.368     109
    59 38.648132    0.710     109
    60 39.023777    0.425     109
TOTAL 29 xruns in 60s
