FILL_POLL_START status=/proc/asound/card2/pcm0p/sub0/status duration=60s hz=10
1787363015.256400 RUNNING 1499136 1496122
1787363015.359890 RUNNING 1503232 1501067
1787363015.476227 RUNNING 1509376 1506683
1787363015.579892 RUNNING 1514496 1511628
1787363015.683394 RUNNING 1519616 1516621
1787363015.786941 RUNNING 1523712 1521565
1787363015.890198 RUNNING 1528832 1526510
1787363015.993383 RUNNING 1533952 1531503
1787363016.096627 RUNNING 1539072 1536447
1787363016.199778 RUNNING 1544192 1541392
1787363016.308055 RUNNING 1549312 1546577
1787363016.412476 RUNNING 1554432 1551618
1787363016.516011 RUNNING 1559552 1556562
1787363016.619490 RUNNING 1563648 1561555
1787363016.722977 RUNNING 1568768 1566500
1787363016.826086 RUNNING 1573888 1571444
1787363016.929202 RUNNING 1579008 1576389
1787363017.032369 RUNNING 1584128 1581334
1787363017.135495 RUNNING 1589248 1586326
1787363017.239009 RUNNING 1593344 1591271
1787363017.342518 RUNNING 1598464 1596264
1787363017.445987 RUNNING 1603584 1601208
1787363017.549264 RUNNING 1608704 1606153
1787363017.653563 RUNNING  1611146
1787363017.756825 RUNNING 1618944 1616138
1787363017.860085 RUNNING 1624064 1621083
1787363017.964996 RUNNING 1629184 1626124
1787363018.071822 RUNNING 1634304 1631260
1787363018.175383 RUNNING 1638400 1636205
1787363018.278533 RUNNING 1643520 1641150
1787363018.381590 RUNNING 1648640 1646094
1787363018.484742 RUNNING 1653760 
1787363018.587898 RUNNING 1658880 1656032
1787363018.691824 RUNNING 1664000 1661024
1787363018.795337 RUNNING 1668096 1665969
1787363018.898970 RUNNING 1673216 1670962
1787363019.002077 RUNNING 1678336 1675906
1787363019.105354 RUNNING 1683456 1680851
1787363019.208527 RUNNING 1688576 1685796
1787363019.311928 RUNNING 1693696 1690788
1787363019.416162 RUNNING 1698816 1695781
1787363019.523958 RUNNING 1703936 1700966
1787363019.629859 RUNNING 1709056 1706006
1787363019.734190 RUNNING 1713152 1711047
1787363019.843896 RUNNING 1719296 1716280
1787363019.947637 RUNNING 1723392 1721272
1787363020.050896 RUNNING 1728512 1726217
1787363020.154018 RUNNING  1731162
1787363020.257241 RUNNING 1738752 1736155
1787363020.360676 RUNNING 1743872 1741099
1787363020.464300 RUNNING 1748992 1746092
1787363020.567779 RUNNING 1753088 1751037
1787363020.671564 RUNNING 1758208 1756029
1787363020.774667 RUNNING 1763328 1760974
1787363020.877948 RUNNING 1768448 1765919
1787363020.981080 RUNNING 1773568 1770863
1787363021.085197 RUNNING 1778688 1775904
1787363021.190760 RUNNING 1783808 1780993
1787363021.295383 RUNNING 1788928 1785985
1787363021.417057 RUNNING 1794048 1791794
1787363021.520328 RUNNING 1799168 
1787363021.624628 RUNNING 1804288 1801779
1787363021.728494 RUNNING 1809408 1806772
1787363021.832100 RUNNING 1814528 1811717
1787363021.935871 RUNNING 1819648 1816709
1787363022.039898 RUNNING 1824768 1821702
1787363022.145869 RUNNING 1828864 1826791
1787363022.250363 RUNNING 1833984 1831783
1787363022.353811 RUNNING 1839104 1836776
1787363022.456991 RUNNING 1844224 1841721
1787363022.560167 RUNNING 1849344 1846665
1787363022.663264 RUNNING 1854464 1851610
1787363022.771753 RUNNING 1859584 1856843
1787363022.875423 RUNNING  1861788
1787363022.979454 RUNNING 1869824 1866780
1787363023.082991 RUNNING 1873920 1871773
1787363023.186064 RUNNING 1879040 1876718
1787363023.289401 RUNNING 1884160 1881662
1787363023.393197 RUNNING 1889280 1886655
1787363023.497438 RUNNING 1894400 1891648
1787363023.601822 RUNNING 1899520 1896688
1787363023.710091 RUNNING 1904640 1901873
1787363023.813324 RUNNING 1909760 1906818
1787363023.916805 RUNNING  
1787363024.020415 RUNNING 1918976 1916755
1787363024.123524 RUNNING 1924096 1921700
1787363024.226895 RUNNING 1929216 1926692
1787363024.330017 RUNNING 1934336 1931637
1787363024.433256 RUNNING 1939456 1936582
1787363024.536837 RUNNING  1941526
1787363024.640399 RUNNING 1948672 1946519
1787363024.743455 RUNNING 1953792 1951464
1787363024.848072 RUNNING 1958912 1956504
1787363024.951899 RUNNING 1964032 1961449
1787363025.058817 RUNNING 1969152 1966586
1787363025.161955 RUNNING 1974272 1971530
1787363025.265068 RUNNING 1979392 1976523
1787363025.368275 RUNNING 1984512 1981468
1787363025.471771 RUNNING 1988608 1986412
1787363025.574931 RUNNING 1993728 1991357
1787363025.678346 RUNNING 1998848 1996350
1787363025.781523 RUNNING 2003968 2001294
1787363025.884692 RUNNING 2009088 2006239
1787363025.987840 RUNNING 2014208 2011184
1787363026.091213 RUNNING 2018304 2016176
1787363026.194746 RUNNING 2023424 2021121
1787363026.297953 RUNNING 2028544 2026066
1787363026.401189 RUNNING 2033664 
1787363026.505107 RUNNING 2038784 2036003
1787363026.609531 RUNNING 2043904 2041044
1787363026.713799 RUNNING 2049024 2046036
1787363026.817327 RUNNING 2053120 
1787363026.920789 RUNNING 2058240 2055974
1787363027.024046 RUNNING 2063360 2060918
1787363027.127258 RUNNING 2068480 2065863
1787363027.230434 RUNNING 2073600 2070856
1787363027.333717 RUNNING 2078720 2075800
1787363027.437560 RUNNING 2083840 2080793
1787363027.565521 RUNNING 2089984 
1787363027.670159 RUNNING 2094080 2091931
1787363027.774869 RUNNING 2099200 2096971
1787363027.878570 RUNNING 2104320 2101964
1787363027.981753 RUNNING 2109440 2106909
1787363028.084914 RUNNING 2114560 2111853
1787363028.188069 RUNNING 2119680 2116798
1787363028.291565 RUNNING 2124800 
1787363028.395056 RUNNING 2128896 2126735
1787363028.498157 RUNNING 2134016 2131680
1787363028.601267 RUNNING 2139136 2136625
1787363028.704728 RUNNING 2144256 2141617
1787363028.807940 RUNNING 2149376 2146562
1787363028.912250 RUNNING 2154496 2151555
1787363029.019868 RUNNING 2159616 2156739
1787363029.123741 RUNNING 2164736 
1787363029.227678 RUNNING 2168832 2166677
1787363029.330745 RUNNING 2173952 2171621
1787363029.433888 RUNNING 2179072 2176614
1787363029.537129 RUNNING 2184192 2181559
1787363029.640384 RUNNING 2189312 2186503
1787363029.743825 RUNNING 2194432 2191448
1787363029.847162 RUNNING 2198528 2196441
1787363029.950762 RUNNING 2203648 2201385
1787363030.054278 RUNNING 2208768 2206378
1787363030.157931 RUNNING  2211323
1787363030.261176 RUNNING 2219008 2216315
1787363030.365158 RUNNING 2224128 2221308
1787363030.470140 RUNNING 2229248 2226349
1787363030.575849 RUNNING 2234368 2231390
1787363030.679363 RUNNING 2238464 2236382
1787363030.782809 RUNNING 2243584 2241327
1787363030.885941 RUNNING 2248704 2246272
1787363030.989466 RUNNING 2253824 2251264
1787363031.093075 RUNNING 2258944 2256209
1787363031.196523 RUNNING 2264064 2261202
1787363031.299965 RUNNING 2269184 2266146
1787363031.403913 RUNNING 2273280 2271139
1787363031.507617 RUNNING 2278400 2276132
1787363031.611203 RUNNING 2283520 2281124
1787363031.715715 RUNNING 2288640 2286117
1787363031.819328 RUNNING 2293760 2291110
1787363031.924377 RUNNING 2298880 2296150
1787363032.030706 RUNNING 2304000 2301239
1787363032.135217 RUNNING 2309120 2306232
1787363032.238739 RUNNING 2314240 2311224
1787363032.342303 RUNNING 2318336 2316169
1787363032.445413 RUNNING 2323456 2321162
1787363032.548550 RUNNING 2328576 2326106
1787363032.652047 RUNNING 2333696 2331051
1787363032.755395 RUNNING 2338816 2336044
1787363032.858717 RUNNING 2343936 2340988
1787363032.962271 RUNNING 2348032 2345933
1787363033.065776 RUNNING 2353152 2350926
1787363033.169420 RUNNING 2358272 2355870
1787363033.273152 RUNNING 2363392 2360863
1787363033.377844 RUNNING 2368512 2365904
1787363033.483761 RUNNING 2373632 2370992
1787363033.586945 RUNNING 2378752 2375937
1787363033.690715 RUNNING 2383872 2380930
1787363033.794379 RUNNING 2387968 2385874
1787363033.897853 RUNNING 2393088 2390867
1787363034.001337 RUNNING 2398208 2395812
1787363034.104506 RUNNING 2403328 2400756
1787363034.207653 RUNNING 2408448 2405701
1787363034.311045 RUNNING 2413568 2410694
1787363034.414597 RUNNING 2418688 2415638
1787363034.518125 RUNNING 2422784 2420631
1787363034.621268 RUNNING 2427904 2425576
1787363034.724719 RUNNING 2433024 2430520
1787363034.829294 RUNNING 2438144 2435561
1787363034.934045 RUNNING 2443264 2440602
1787363035.042096 RUNNING 2448384 2445787
1787363035.147887 RUNNING 2453504 2450875
1787363035.255835 RUNNING 2458624 
1787363035.359947 RUNNING 2463744 2461053
1787363035.464719 RUNNING 2468864 2466045
1787363035.569505 RUNNING 2473984 2471086
1787363035.675063 RUNNING 2479104 2476175
1787363035.778528 RUNNING 2483200 2481119
1787363035.882005 RUNNING  2486064
1787363035.985248 RUNNING 2493440 2491057
1787363036.088737 RUNNING 2498560 2496001
1787363036.191991 RUNNING 2503680 2500946
1787363036.295075 RUNNING  2505891
1787363036.398708 RUNNING 2513920 2510883
1787363036.502538 RUNNING 2518016 2515876
1787363036.608129 RUNNING  2520917
1787363036.712336 RUNNING 2528256 2525957
1787363036.816130 RUNNING  2530902
1787363036.920645 RUNNING 2538496 2535943
1787363037.023791 RUNNING 2543616 2540887
1787363037.126995 RUNNING 2548736 2545832
1787363037.230479 RUNNING 2553856 2550825
1787363037.334054 RUNNING 2557952 2555769
1787363037.437216 RUNNING 2563072 2560714
1787363037.540353 RUNNING 2568192 2565707
1787363037.643425 RUNNING 2573312 2570651
1787363037.746589 RUNNING 2578432 2575596
1787363037.849874 RUNNING 2583552 2580541
1787363037.953572 RUNNING 2587648 2585533
1787363038.056826 RUNNING 2592768 2590478
1787363038.160807 RUNNING 2597888 2595471
1787363038.267244 RUNNING 2603008 2600560
1787363038.370724 RUNNING 2608128 2605552
1787363038.473915 RUNNING 2613248 2610497
1787363038.577182 RUNNING 2618368 2615442
1787363038.681171 RUNNING 2623488 2620434
1787363038.785211 RUNNING 2627584 2625427
1787363038.888729 RUNNING 2632704 2630420
1787363038.992204 RUNNING 2637824 2635364
1787363039.095450 RUNNING 2642944 2640309
1787363039.198659 RUNNING 2648064 2645302
1787363039.302160 RUNNING 2653184 2650246
1787363039.405617 RUNNING 2657280 2655191
1787363039.509555 RUNNING 2662400 2660184
1787363039.613410 RUNNING 2667520 2665176
1787363039.718349 RUNNING 2672640 2670217
1787363039.821777 RUNNING 2677760 2675210
1787363039.925069 RUNNING 2682880 2680154
1787363040.028317 RUNNING 2688000 2685099
1787363040.131765 RUNNING 2693120 
1787363040.235861 RUNNING 2697216 2695084
1787363040.339005 RUNNING 2702336 2700029
1787363040.442173 RUNNING 2707456 2704974
1787363040.545317 RUNNING 2712576 2709918
1787363040.648540 RUNNING 2717696 2714863
1787363040.753051 RUNNING 2722816 2719904
1787363040.856937 RUNNING 2727936 2724896
1787363040.961888 RUNNING 2732032 2729937
1787363041.068878 RUNNING 2737152 
1787363041.173208 RUNNING 2742272 2740066
1787363041.277227 RUNNING 2747392 2745059
1787363041.380441 RUNNING 2752512 2750004
1787363041.483565 RUNNING 2757632 2754948
1787363041.586751 RUNNING 2762752 2759893
1787363041.690111 RUNNING 2767872 2764886
1787363041.793854 RUNNING 2771968 2769830
1787363041.897331 RUNNING 2777088 2774823
1787363042.000494 RUNNING 2782208 2779768
1787363042.103627 RUNNING 2787328 2784712
1787363042.206762 RUNNING 2792448 2789657
1787363042.310088 RUNNING 2797568 2794602
1787363042.413965 RUNNING 2801664 2799594
1787363042.519828 RUNNING 2806784 2804683
1787363042.624147 RUNNING 2811904 2809676
1787363042.727393 RUNNING 2817024 2814668
1787363042.830541 RUNNING 2822144 2819613
1787363042.934605 RUNNING 2827264 2824606
1787363043.038034 RUNNING 2832384 2829550
1787363043.142434 RUNNING 2837504 2834591
1787363043.259986 RUNNING 2842624 2840208
1787363043.363244 RUNNING  2845153
1787363043.467655 RUNNING 2852864 2850193
1787363043.572765 RUNNING 2857984 2855234
1787363043.680171 RUNNING 2863104 2860371
1787363043.783940 RUNNING 2868224 2865363
1787363043.894623 RUNNING 2873344 2870692
1787363043.998177 RUNNING 2878464 2875637
1787363044.102229 RUNNING 2883584 2880629
1787363044.206980 RUNNING 2888704 2885670
1787363044.310537 RUNNING 2892800 
1787363044.414057 RUNNING 2897920 2895607
1787363044.523824 RUNNING 2903040 2900888
1787363044.628221 RUNNING 2908160 2905881
1787363044.732114 RUNNING 2913280 2910874
1787363044.837512 RUNNING 2918400 2915914
1787363044.940706 RUNNING 2923520 
1787363045.043873 RUNNING 2928640 2925852
1787363045.147858 RUNNING 2933760 2930844
1787363045.251253 RUNNING 2937856 2935789
1787363045.354843 RUNNING 2942976 2940782
1787363045.458020 RUNNING 2948096 2945726
1787363045.561167 RUNNING 2953216 2950671
1787363045.667870 RUNNING 2958336 2955808
1787363045.771347 RUNNING 2963456 2960752
1787363045.874844 RUNNING 2968576 
1787363045.978483 RUNNING 2973696 2970690
1787363046.082676 RUNNING  2975682
1787363046.188124 RUNNING 2982912 2980771
1787363046.293470 RUNNING 2988032 2985812
1787363046.397037 RUNNING 2993152 2990804
1787363046.500689 RUNNING 2998272 2995749
1787363046.604042 RUNNING 3003392 3000742
1787363046.707245 RUNNING 3008512 3005686
1787363046.810775 RUNNING 3013632 3010631
1787363046.914214 RUNNING 3017728 3015624
1787363047.017482 RUNNING 3022848 3020568
1787363047.120664 RUNNING 3027968 3025513
1787363047.223758 RUNNING 3033088 3030458
1787363047.326822 RUNNING 3038208 3035402
1787363047.430090 RUNNING 3043328 3040347
1787363047.533550 RUNNING 3047424 3045340
1787363047.637522 RUNNING 3052544 3050332
1787363047.740980 RUNNING 3057664 3055277
1787363047.844450 RUNNING 3062784 3060270
1787363047.948708 RUNNING 3067904 3065262
1787363048.054262 RUNNING 3073024 3070351
1787363048.158056 RUNNING 3078144 3075296
1787363048.261530 RUNNING 3083264 3080288
1787363048.366154 RUNNING 3087360 3085281
1787363048.471697 RUNNING 3092480 3090370
1787363048.574918 RUNNING 3097600 3095314
1787363048.678056 RUNNING 3102720 3100259
1787363048.782044 RUNNING 3107840 3105252
1787363048.885320 RUNNING 3112960 3110196
1787363048.988649 RUNNING 3118080 3115189
1787363049.106281 RUNNING 3123200 3120806
1787363049.211013 RUNNING 3128320 3125847
1787363049.314306 RUNNING 3133440 3130791
1787363049.417855 RUNNING 3138560 3135784
1787363049.521065 RUNNING 3143680 3140729
1787363049.624345 RUNNING 3147776 3145673
1787363049.734251 RUNNING 3153920 3150954
1787363049.837585 RUNNING 3158016 3155947
1787363049.941421 RUNNING  3160891
1787363050.045142 RUNNING 3168256 3165884
1787363050.148546 RUNNING 3173376 3170829
1787363050.251981 RUNNING 3178496 3175821
1787363050.356750 RUNNING 3183616 3180862
1787363050.461839 RUNNING 3188736 3185903
1787363050.566035 RUNNING 3193856 3190895
1787363050.669590 RUNNING 3197952 3195840
1787363050.772994 RUNNING 3203072 3200833
1787363050.876152 RUNNING 3208192 3205777
1787363050.979761 RUNNING 3213312 3210770
1787363051.083746 RUNNING  3215715
1787363051.187095 RUNNING 3223552 3220707
1787363051.290491 RUNNING 3228672 3225652
1787363051.394533 RUNNING 3232768 3230645
1787363051.497869 RUNNING  3235589
1787363051.600959 RUNNING 3243008 3240582
1787363051.706319 RUNNING 3248128 3245623
1787363051.809765 RUNNING 3253248 3250567
1787363051.913289 RUNNING 3258368 3255560
1787363052.017468 RUNNING 3263488 3260553
1787363052.124172 RUNNING 3268608 3265690
1787363052.227942 RUNNING 3272704 3270634
1787363052.331593 RUNNING 3277824 3275627
1787363052.434657 RUNNING 3282944 3280572
1787363052.537770 RUNNING 3288064 3285516
1787363052.640927 RUNNING 3293184 3290461
1787363052.744245 RUNNING 3298304 3295454
1787363052.847611 RUNNING 3303424 3300398
1787363052.951646 RUNNING 3307520 3305391
1787363053.055204 RUNNING 3312640 3310384
1787363053.158361 RUNNING 3317760 3315328
1787363053.261524 RUNNING 3322880 3320273
1787363053.364916 RUNNING 3328000 3325218
1787363053.469834 RUNNING 3333120 3330258
1787363053.576173 RUNNING  3335347
1787363053.680068 RUNNING 3343360 3340340
1787363053.784012 RUNNING 3347456 3345332
1787363053.887260 RUNNING 3352576 3350277
1787363053.990390 RUNNING 3357696 3355270
1787363054.093639 RUNNING 3362816 3360214
1787363054.197176 RUNNING 3367936 3365159
1787363054.300678 RUNNING 3373056 3370152
1787363054.404025 RUNNING 3377152 3375096
1787363054.508605 RUNNING 3382272 3380137
1787363054.611833 RUNNING 3387392 3385082
1787363054.715146 RUNNING 3392512 3390026
1787363054.818340 RUNNING 3397632 3394971
1787363054.922013 RUNNING 3402752 3399964
1787363055.027816 RUNNING 3407872 3405052
1787363055.133870 RUNNING 3412992 3410141
1787363055.238625 RUNNING 3418112 3415182
1787363055.342613 RUNNING 3423232 3420174
1787363055.446678 RUNNING 3427328 3425167
1787363055.551169 RUNNING 3432448 3430160
1787363055.654569 RUNNING  3435104
1787363055.758028 RUNNING 3442688 3440097
1787363055.861224 RUNNING 3447808 3445042
1787363055.964627 RUNNING 3452928 3449986
1787363056.068135 RUNNING 3458048 3454979
1787363056.172671 RUNNING 3462144 3459972
1787363056.275966 RUNNING 3467264 3464965
1787363056.379768 RUNNING 3472384 
1787363056.484419 RUNNING  3474950
1787363056.594252 RUNNING 3482624 3480231
1787363056.697436 RUNNING 3487744 3485175
1787363056.800554 RUNNING 3492864 3490120
1787363056.903712 RUNNING 3497984 3495065
1787363057.007153 RUNNING 3503104 3500057
1787363057.110765 RUNNING 3507200 3505002
1787363057.213917 RUNNING 3512320 3509995
1787363057.317484 RUNNING 3517440 3514939
1787363057.420851 RUNNING 3522560 3519884
1787363057.524353 RUNNING 3527680 3524877
1787363057.628198 RUNNING 3532800 3529869
1787363057.734202 RUNNING 3537920 3534958
1787363057.841037 RUNNING 3543040 3540095
1787363057.946062 RUNNING 3548160 3545135
1787363058.050127 RUNNING 3552256 3550128
1787363058.153658 RUNNING 3557376 3555073
1787363058.256783 RUNNING 3562496 3560017
1787363058.359925 RUNNING 3567616 3564962
1787363058.463083 RUNNING  3569907
1787363058.566637 RUNNING 3577856 3574899
1787363058.670243 RUNNING 3581952 3579892
1787363058.773692 RUNNING 3587072 3584837
1787363058.876921 RUNNING 3592192 3589781
1787363058.980340 RUNNING 3597312 3594774
1787363059.083619 RUNNING 3602432 3599719
1787363059.187109 RUNNING 3607552 3604711
1787363059.291719 RUNNING 3612672 3609704
1787363059.396704 RUNNING 3617792 3614745
1787363059.501705 RUNNING 3621888 3619785
1787363059.605084 RUNNING 3627008 3624730
1787363059.708491 RUNNING 3632128 3629723
1787363059.811896 RUNNING 3637248 3634667
1787363059.915038 RUNNING 3642368 3639612
1787363060.018210 RUNNING 3647488 3644557
1787363060.121942 RUNNING 3652608 3649549
1787363060.225503 RUNNING 3656704 3654542
1787363060.328655 RUNNING 3661824 3659487
1787363060.431741 RUNNING 3666944 3664431
1787363060.534868 RUNNING 3672064 3669376
1787363060.638041 RUNNING 3677184 3674321
1787363060.741520 RUNNING 3682304 
1787363060.845057 RUNNING 3686400 3684258
1787363060.949329 RUNNING 3691520 3689251
1787363061.053900 RUNNING 3696640 3694292
1787363061.158030 RUNNING 3701760 3699284
1787363061.261994 RUNNING 3706880 3704277
1787363061.365362 RUNNING 3712000 3709222
1787363061.469286 RUNNING 3717120 3714214
1787363061.572460 RUNNING 3721216 3719159
1787363061.675984 RUNNING 3726336 3724152
1787363061.779311 RUNNING 3731456 3729096
1787363061.882471 RUNNING 3736576 3734041
1787363061.985604 RUNNING 3741696 3738986
1787363062.088820 RUNNING 3746816 3743978
1787363062.192312 RUNNING 3751936 3748923
1787363062.295741 RUNNING 3756032 3753868
1787363062.398765 RUNNING 3761152 3758812
1787363062.501836 RUNNING 3766272 3763757
1787363062.605306 RUNNING 3771392 3768750
1787363062.710002 RUNNING 3776512 3773790
1787363062.815977 RUNNING 3781632 3778927
1787363062.920880 RUNNING 3786752 
1787363063.024828 RUNNING 3791872 3788864
1787363063.128689 RUNNING 3795968 3793857
1787363063.231913 RUNNING 3801088 3798802
1787363063.334976 RUNNING 3806208 3803746
1787363063.438006 RUNNING 3811328 3808739
1787363063.541691 RUNNING 3816448 3813684
1787363063.645382 RUNNING 3821568 3818676
1787363063.750159 RUNNING 3826688 3823717
1787363063.854691 RUNNING 3830784 3828710
1787363063.958179 RUNNING 3835904 3833702
1787363064.061462 RUNNING 3841024 3838647
1787363064.165079 RUNNING 3846144 3843592
1787363064.270679 RUNNING 3851264 3848728
1787363064.375010 RUNNING 3856384 3853673
1787363064.478707 RUNNING 3861504 3858666
1787363064.582259 RUNNING 3866624 3863658
1787363064.686418 RUNNING 3870720 3868651
1787363064.790025 RUNNING 3875840 3873596
1787363064.893142 RUNNING 3880960 3878540
1787363064.996304 RUNNING 3886080 
1787363065.099372 RUNNING 3891200 3888478
1787363065.202570 RUNNING 3896320 3893422
1787363065.306022 RUNNING 3900416 3898367
1787363065.409561 RUNNING 3905536 3903360
1787363065.512750 RUNNING 3910656 3908305
1787363065.616380 RUNNING 3915776 3913297
1787363065.720834 RUNNING 3920896 3918290
1787363065.826679 RUNNING 3926016 3923379
1787363065.930328 RUNNING 3931136 3928323
1787363066.033736 RUNNING 3936256 3933316
1787363066.137298 RUNNING 3940352 3938261
1787363066.240775 RUNNING 3945472 3943253
1787363066.344205 RUNNING 3950592 3948198
1787363066.448922 RUNNING 3955712 3953239
1787363066.552861 RUNNING 3960832 3958231
1787363066.657008 RUNNING 3965952 3963224
1787363066.764149 RUNNING 3971072 3968361
1787363066.879813 RUNNING 3976192 3973929
1787363066.983642 RUNNING  3978874
1787363067.086853 RUNNING 3986432 3983867
1787363067.190354 RUNNING 3991552 3988811
1787363067.293568 RUNNING 3996672 3993756
1787363067.397020 RUNNING 4001792 3998749
1787363067.500628 RUNNING 4005888 4003693
1787363067.603717 RUNNING 4011008 4008638
1787363067.706834 RUNNING 4016128 4013631
1787363067.810094 RUNNING 4021248 4018575
1787363067.913459 RUNNING 4026368 4023520
1787363068.016970 RUNNING 4031488 4028513
1787363068.120314 RUNNING 4035584 4033457
1787363068.223509 RUNNING 4040704 4038402
1787363068.326646 RUNNING 4045824 4043347
1787363068.429800 RUNNING 4050944 4048291
1787363068.533372 RUNNING 4056064 4053284
1787363068.636840 RUNNING 4061184 4058229
1787363068.744841 RUNNING 4066304 4063462
1787363068.849137 RUNNING 4071424 4068454
1787363068.954777 RUNNING 4076544 4073495
1787363069.058231 RUNNING 4080640 4078488
1787363069.161733 RUNNING 4085760 4083432
1787363069.264935 RUNNING 4090880 4088377
1787363069.368053 RUNNING  4093322
1787363069.471805 RUNNING 4101120 4098314
1787363069.578020 RUNNING 4106240 4103403
1787363069.681591 RUNNING 4111360 4108396
1787363069.785252 RUNNING 4115456 4113388
1787363069.890665 RUNNING 4120576 4118429
1787363069.993776 RUNNING 4125696 4123374
1787363070.100138 RUNNING 4130816 4128462
1787363070.203760 RUNNING 4135936 4133503
1787363070.308074 RUNNING 4141056 4138448
1787363070.411840 RUNNING 4146176 4143440
1787363070.515299 RUNNING 4151296 4148433
1787363070.619030 RUNNING 4156416 4153378
1787363070.722539 RUNNING 4160512 4158370
1787363070.825782 RUNNING 4165632 4163315
1787363070.929067 RUNNING 4170752 4168260
1787363071.032470 RUNNING 4175872 4173252
1787363071.136019 RUNNING 4180992 4178197
1787363071.239475 RUNNING 4186112 4183190
1787363071.343138 RUNNING 4190208 4188134
1787363071.446651 RUNNING 4195328 4193127
1787363071.550162 RUNNING 4200448 4198072
1787363071.654821 RUNNING 4205568 4203112
1787363071.759253 RUNNING 4210688 4208105
1787363071.865160 RUNNING 4215808 4213194
1787363071.982735 RUNNING 4220928 4218859
1787363072.086161 RUNNING 4226048 4223803
1787363072.189352 RUNNING 4231168 4228748
1787363072.292433 RUNNING 4236288 4233693
1787363072.395461 RUNNING 4241408 4238637
1787363072.498632 RUNNING 4246528 4243630
1787363072.602518 RUNNING 4250624 4248575
1787363072.708063 RUNNING 4255744 4253663
1787363072.812044 RUNNING 4260864 4258656
1787363072.916805 RUNNING 4265984 4263697
1787363073.020725 RUNNING 4271104 
1787363073.125054 RUNNING 4276224 4273682
1787363073.228191 RUNNING 4281344 4278627
1787363073.331336 RUNNING 4286464 4283571
1787363073.434557 RUNNING 4291584 4288516
1787363073.538262 RUNNING 4295680 4293509
1787363073.641417 RUNNING 4300800 4298453
1787363073.744604 RUNNING 4305920 4303398
1787363073.847962 RUNNING 4311040 4308391
1787363073.951144 RUNNING 4316160 4313335
1787363074.054276 RUNNING 4321280 4318280
1787363074.157851 RUNNING 4325376 4323225
1787363074.260913 RUNNING 4330496 4328169
1787363074.364248 RUNNING 4335616 4333162
1787363074.468477 RUNNING 4340736 4338155
1787363074.573023 RUNNING 4345856 4343195
1787363074.676825 RUNNING 4350976 4348140
1787363074.779942 RUNNING 4356096 4353085
1787363074.883398 RUNNING 4360192 4358077
1787363074.986651 RUNNING 4365312 4363022
FILL_POLL_END
