FILL_POLL_START status=/proc/asound/card2/pcm0p/sub0/status duration=60s hz=10
1787363244.157795 RUNNING 1407488 1406158
1787363244.261082 RUNNING 1412608 1411103
1787363244.371950 RUNNING 1417728 1416432
1787363244.479796 RUNNING 1422848 1421616
1787363244.583038 RUNNING 1427968 1426561
1787363244.686435 RUNNING 1432576 1431506
1787363244.789954 RUNNING 1437696 1436498
1787363244.893231 RUNNING 1442816 1441443
1787363244.999373 RUNNING 1447936 1446532
1787363245.107667 RUNNING 1453056 1451717
1787363245.211297 RUNNING 1458176 1456709
1787363245.314831 RUNNING 1462784 1461702
1787363245.417914 RUNNING 1467904 1466647
1787363245.521492 RUNNING 1473024 1471591
1787363245.624802 RUNNING  1476536
1787363245.728600 RUNNING 1482752 1481529
1787363245.831993 RUNNING 1487872 1486521
1787363245.935062 RUNNING 1492992 1491466
1787363246.038681 RUNNING 1497600 1496411
1787363246.141852 RUNNING 1502720 1501355
1787363246.245051 RUNNING 1507840 1506348
1787363246.349206 RUNNING 1512448 1511341
1787363246.458063 RUNNING 1518080 1516573
1787363246.563602 RUNNING 1522688 1521614
1787363246.667081 RUNNING 1527808 1526607
1787363246.770510 RUNNING 1532928 1531551
1787363246.873668 RUNNING 1537536 1536496
1787363246.977250 RUNNING 1542656 1541489
1787363247.080401 RUNNING 1547776 1546433
1787363247.183553 RUNNING 1552896 1551378
1787363247.287267 RUNNING 1557504 1556371
1787363247.390453 RUNNING 1562624 1561315
1787363247.493696 RUNNING 1567744 1566260
1787363247.597179 RUNNING 1572352 1571253
1787363247.700472 RUNNING 1577472 1576197
1787363247.807867 RUNNING 1582592 1581334
1787363247.912139 RUNNING 1587712 
1787363248.017789 RUNNING 1592832 1591415
1787363248.121314 RUNNING 1597440 1596408
1787363248.224692 RUNNING 1602560 1601353
1787363248.327997 RUNNING 1607680 1606297
1787363248.431795 RUNNING 1612800 1611290
1787363248.535509 RUNNING 1617408 1616283
1787363248.639122 RUNNING 1622528 1621227
1787363248.742536 RUNNING 1627648 1626220
1787363248.846064 RUNNING 1632256 1631165
1787363248.949362 RUNNING 1637376 1636157
1787363249.052595 RUNNING 1642496 1641102
1787363249.156056 RUNNING 1647104 1646047
1787363249.259441 RUNNING 1652224 1651039
1787363249.362629 RUNNING 1657344 1655984
1787363249.466428 RUNNING 1662464 1660977
1787363249.572621 RUNNING 1667584 1666066
1787363249.676591 RUNNING 1672192 1671058
1787363249.781149 RUNNING 1677312 1676051
1787363249.884432 RUNNING 1682432 1681044
1787363249.988172 RUNNING 1687040 1685988
1787363250.091606 RUNNING 1692160 1690981
1787363250.194762 RUNNING 1697280 1695926
1787363250.298515 RUNNING 1702400 
1787363250.401910 RUNNING 1707008 1705863
1787363250.506921 RUNNING 1712128 1710904
1787363250.610416 RUNNING 1717248 1715848
1787363250.714383 RUNNING 1722368 1720841
1787363250.817925 RUNNING 1726976 1725834
1787363250.921441 RUNNING 1732096 1730778
1787363251.024700 RUNNING 1737216 1735771
1787363251.128234 RUNNING 1741824 1740716
1787363251.232935 RUNNING 1746944 1745756
1787363251.337384 RUNNING 1752064 1750749
1787363251.441811 RUNNING 1757184 1755790
1787363251.545293 RUNNING 1761792 1760734
1787363251.648799 RUNNING 1766912 1765727
1787363251.752298 RUNNING 1772032 1770672
1787363251.855702 RUNNING 1777152 
1787363251.959612 RUNNING 1781760 1780609
1787363252.062814 RUNNING 1786880 1785602
1787363252.166121 RUNNING 1792000 1790546
1787363252.269716 RUNNING 1796608 1795491
1787363252.373116 RUNNING 1801728 1800484
1787363252.480276 RUNNING 1806848 1805620
1787363252.584729 RUNNING 1811968 1810613
1787363252.690658 RUNNING 1817088 1815702
1787363252.794368 RUNNING 1822208 1820694
1787363252.898425 RUNNING 1826816 1825687
1787363253.001645 RUNNING 1831936 1830632
1787363253.104813 RUNNING 1837056 1835576
1787363253.208309 RUNNING 1841664 1840569
1787363253.311657 RUNNING 1846784 1845514
1787363253.414833 RUNNING 1851904 1850458
1787363253.518847 RUNNING 1856512 1855451
1787363253.623766 RUNNING 1861632 1860492
1787363253.728077 RUNNING 1866752 1865533
1787363253.832109 RUNNING 1871872 1870525
1787363253.936654 RUNNING 1876992 1875566
1787363254.044104 RUNNING 1882112 1880703
1787363254.150402 RUNNING 1887232 1885791
1787363254.253675 RUNNING 1891840 1890736
1787363254.357005 RUNNING 1896960 1895681
1787363254.460191 RUNNING 1902080 1900673
1787363254.563792 RUNNING 1906688 1905618
1787363254.667331 RUNNING 1911808 1910611
1787363254.771069 RUNNING 1916928 1915555
1787363254.874275 RUNNING 1922048 1920548
1787363254.977804 RUNNING 1926656 1925493
1787363255.080910 RUNNING 1931776 1930437
1787363255.184112 RUNNING 1936896 1935382
1787363255.287397 RUNNING 1941504 1940375
1787363255.390570 RUNNING 1946624 1945319
1787363255.494522 RUNNING 1951744 1950312
1787363255.599428 RUNNING 1956864 1955353
1787363255.707491 RUNNING 1961984 1960537
1787363255.811264 RUNNING  1965482
1787363255.914843 RUNNING 1971712 1970475
1787363256.018096 RUNNING 1976832 1975419
1787363256.121321 RUNNING  1980364
1787363256.224727 RUNNING 1986560 1985357
1787363256.327875 RUNNING 1991680 1990301
1787363256.431012 RUNNING 1996288 1995246
1787363256.534543 RUNNING 2001408 2000239
1787363256.638043 RUNNING 2006528 2005183
1787363256.741401 RUNNING 2011648 2010176
1787363256.845533 RUNNING 2016256 2015169
1787363256.950622 RUNNING 2021376 2020209
1787363257.056143 RUNNING 2026496 2025250
1787363257.160253 RUNNING 2031616 2030243
1787363257.263337 RUNNING 2036224 2035187
1787363257.366881 RUNNING 2041344 2040180
1787363257.470284 RUNNING 2046464 2045125
1787363257.573634 RUNNING 2051584 2050118
1787363257.677191 RUNNING 2056192 2055062
1787363257.780415 RUNNING 2061312 2060007
1787363257.883526 RUNNING 2066432 2064952
1787363257.986989 RUNNING 2071040 2069944
1787363258.090327 RUNNING 2076160 2074889
1787363258.193501 RUNNING 2081280 2079834
1787363258.297626 RUNNING 2085888 2084826
1787363258.402570 RUNNING 2091008 2089867
1787363258.510360 RUNNING 2096128 2095052
1787363258.613917 RUNNING 2101248 2100044
1787363258.718040 RUNNING 2106368 2105037
1787363258.823856 RUNNING 2111488 2110126
1787363258.932097 RUNNING 2116608 2115310
1787363259.036095 RUNNING 2121728 2120303
1787363259.140184 RUNNING 2126336 2125296
1787363259.243566 RUNNING 2131456 2130240
1787363259.346825 RUNNING 2136576 2135233
1787363259.450642 RUNNING 2141696 2140178
1787363259.554055 RUNNING 2146304 2145170
1787363259.657283 RUNNING 2151424 2150115
1787363259.760628 RUNNING 2156544 2155060
1787363259.864055 RUNNING 2161152 2160052
1787363259.967352 RUNNING 2166272 2164997
1787363260.073005 RUNNING 2171392 2170086
1787363260.177468 RUNNING 2176512 2175078
1787363260.281750 RUNNING 2181120 2180071
1787363260.385581 RUNNING 2186240 2185064
1787363260.488817 RUNNING 2191360 2190008
1787363260.592439 RUNNING 2196480 2195001
1787363260.697651 RUNNING 2201088 2200042
1787363260.801463 RUNNING 2206208 2205034
1787363260.904917 RUNNING 2211328 2209979
1787363261.008255 RUNNING 2216448 2214972
1787363261.111768 RUNNING 2221056 2219916
1787363261.215024 RUNNING 2226176 2224861
1787363261.318206 RUNNING 2231296 2229854
1787363261.421687 RUNNING 2235904 2234799
1787363261.525065 RUNNING 2241024 2239743
1787363261.628274 RUNNING 2246144 2244736
1787363261.731622 RUNNING 2250752 2249681
1787363261.835063 RUNNING 2255872 2254625
1787363261.938281 RUNNING 2260992 2259618
1787363262.041915 RUNNING 2265600 2264563
1787363262.147190 RUNNING 2270720 2269651
1787363262.254477 RUNNING 2275840 2274788
1787363262.358314 RUNNING 2280960 2279781
1787363262.461614 RUNNING 2286080 2284725
1787363262.564791 RUNNING 2291200 2289670
1787363262.672145 RUNNING 2296320 2294807
1787363262.776013 RUNNING 2300928 2299799
1787363262.879078 RUNNING 2306048 2304744
1787363262.982234 RUNNING 2311168 2309689
1787363263.085968 RUNNING 2315776 2314681
1787363263.189684 RUNNING 2320896 2319674
1787363263.292833 RUNNING 2326016 2324619
1787363263.396302 RUNNING 2330624 2329563
1787363263.499771 RUNNING 2335744 2334556
1787363263.603141 RUNNING 2340864 2339501
1787363263.707960 RUNNING 2345984 2344589
1787363263.812447 RUNNING  
1787363263.922801 RUNNING 2356224 2354863
1787363264.026951 RUNNING 2361344 2359855
1787363264.131801 RUNNING 2365952 2364896
1787363264.235242 RUNNING 2371072 2369841
1787363264.338786 RUNNING 2376192 2374833
1787363264.442043 RUNNING 2381312 2379778
1787363264.545659 RUNNING 2385920 2384771
1787363264.650366 RUNNING 2391040 2389763
1787363264.756478 RUNNING 2396160 2394852
1787363264.859950 RUNNING 2401280 2399845
1787363264.963345 RUNNING 2405888 2404790
1787363265.066930 RUNNING 2411008 2409782
1787363265.171365 RUNNING 2416128 2414775
1787363265.279267 RUNNING 2421248 2419960
1787363265.382553 RUNNING 2426368 2424904
1787363265.485988 RUNNING 2430976 2429897
1787363265.589246 RUNNING 2436096 2434842
1787363265.692453 RUNNING 2441216 2439786
1787363265.795893 RUNNING 2445824 2444779
1787363265.899634 RUNNING 2450944 2449724
1787363266.002753 RUNNING  2454668
1787363266.106021 RUNNING 2461184 2459661
1787363266.209523 RUNNING 2465792 2464606
1787363266.312711 RUNNING 2470912 2469550
1787363266.415870 RUNNING 2476032 
1787363266.519866 RUNNING 2480640 
1787363266.624044 RUNNING 2485760 2484528
1787363266.727626 RUNNING 2490880 2489473
1787363266.831222 RUNNING 2496000 2494466
1787363266.935036 RUNNING 2500608 2499458
1787363267.040088 RUNNING 2505728 2504499
1787363267.144170 RUNNING 2510848 2509492
1787363267.247314 RUNNING 2515968 2514436
1787363267.350812 RUNNING 2520576 2519381
1787363267.453965 RUNNING  2524326
1787363267.557050 RUNNING 2530816 
1787363267.660626 RUNNING 2535424 2534263
1787363267.763874 RUNNING 2540544 2539208
1787363267.867293 RUNNING 2545664 2544200
1787363267.970954 RUNNING 2550272 2549145
1787363268.074052 RUNNING  2554090
1787363268.177218 RUNNING 2560512 2559082
1787363268.280856 RUNNING 2565120 2564027
1787363268.384731 RUNNING 2570240 2569020
1787363268.490136 RUNNING 2575360 2574108
1787363268.594084 RUNNING  2579053
1787363268.697781 RUNNING 2585088 2584046
1787363268.802870 RUNNING 2590208 2589134
1787363268.907253 RUNNING 2595328 2594127
1787363269.011106 RUNNING  2599072
1787363269.114614 RUNNING 2605568 2604064
1787363269.218257 RUNNING 2610176 2609057
1787363269.321516 RUNNING 2615296 2614002
1787363269.424792 RUNNING 2620416 2618946
1787363269.528208 RUNNING 2625024 2623891
1787363269.631332 RUNNING 2630144 2628884
1787363269.734528 RUNNING 2635264 2633829
1787363269.837982 RUNNING 2639872 2638773
1787363269.941654 RUNNING 2644992 2643766
1787363270.045174 RUNNING 2650112 2648711
1787363270.148714 RUNNING 2655232 2653703
1787363270.253056 RUNNING 2659840 2658696
1787363270.358449 RUNNING 2664960 2663785
1787363270.462799 RUNNING 2670080 2668777
1787363270.566052 RUNNING 2675200 2673722
1787363270.672200 RUNNING 2680320 2678811
1787363270.780135 RUNNING 2685440 2683995
1787363270.884191 RUNNING 2690048 2688988
1787363270.989395 RUNNING 2695168 2694029
1787363271.093528 RUNNING 2700288 2699069
1787363271.198593 RUNNING 2705408 2704110
1787363271.301732 RUNNING 2710528 2709055
1787363271.405227 RUNNING 2715136 2713999
1787363271.508405 RUNNING 2720256 2718944
1787363271.611521 RUNNING 2725376 
1787363271.714956 RUNNING 2729984 2728881
1787363271.818268 RUNNING 2735104 2733826
1787363271.921439 RUNNING 2740224 2738771
1787363272.025023 RUNNING 2744832 2743763
1787363272.129023 RUNNING 2749952 2748756
1787363272.234524 RUNNING  2753797
1787363272.340835 RUNNING 2760192 2758933
1787363272.444956 RUNNING 2765312 2763926
1787363272.548455 RUNNING 2769920 2768871
1787363272.651896 RUNNING 2775040 2773863
1787363272.755025 RUNNING 2780160 2778808
1787363272.858600 RUNNING 2785280 2783753
1787363272.962044 RUNNING 2789888 2788745
1787363273.065651 RUNNING 2795008 2793690
1787363273.169445 RUNNING 2800128 2798683
1787363273.273293 RUNNING 2804736 2803676
1787363273.377053 RUNNING 2809856 2808668
1787363273.480928 RUNNING 2814976 2813661
1787363273.585872 RUNNING 2820096 2818702
1787363273.692167 RUNNING 2825216 2823790
1787363273.796836 RUNNING 2829824 2828783
1787363273.900615 RUNNING 2834944 2833776
1787363274.003871 RUNNING  2838720
1787363274.107136 RUNNING 2845184 2843713
1787363274.210648 RUNNING 2849792 2848658
1787363274.313849 RUNNING 2854912 2853602
1787363274.417688 RUNNING 2860032 2858595
1787363274.521767 RUNNING 2864640 2863588
1787363274.625207 RUNNING 2869760 2868580
1787363274.728757 RUNNING 2874880 2873525
1787363274.833275 RUNNING 2880000 2878566
1787363274.936792 RUNNING 2884608 2883510
1787363275.040038 RUNNING  2888455
1787363275.143082 RUNNING 2894848 
1787363275.246591 RUNNING 2899456 2898392
1787363275.350056 RUNNING 2904576 2903337
1787363275.453200 RUNNING 2909696 2908330
1787363275.557297 RUNNING 2914816 2913322
1787363275.662484 RUNNING 2919424 2918363
1787363275.766383 RUNNING 2924544 2923356
1787363275.869716 RUNNING 2929664 2928300
1787363275.972906 RUNNING 2934272 2933245
1787363276.076469 RUNNING 2939392 2938238
1787363276.179681 RUNNING 2944512 2943182
1787363276.283033 RUNNING 2949632 2948127
1787363276.386535 RUNNING 2954240 2953120
1787363276.489797 RUNNING 2959360 2958064
1787363276.592985 RUNNING 2964480 2963009
1787363276.696340 RUNNING 2969088 2968002
1787363276.799982 RUNNING 2974208 2972946
1787363276.903085 RUNNING 2979328 2977891
1787363277.006330 RUNNING 2983936 
1787363277.109952 RUNNING 2989056 2987828
1787363277.213489 RUNNING 2994176 2992821
1787363277.318372 RUNNING 2999296 
1787363277.425898 RUNNING 3004416 3002998
1787363277.529291 RUNNING 3009024 3007943
1787363277.632708 RUNNING 3014144 3012936
1787363277.735930 RUNNING 3019264 3017881
1787363277.839265 RUNNING 3023872 3022825
1787363277.943199 RUNNING 3028992 3027818
1787363278.046331 RUNNING 3034112 3032763
1787363278.149615 RUNNING 3039232 3037755
1787363278.252885 RUNNING 3043840 3042700
1787363278.356014 RUNNING 3048960 3047645
1787363278.459176 RUNNING 3054080 3052589
1787363278.562621 RUNNING 3058688 3057582
1787363278.665980 RUNNING 3063808 3062527
1787363278.772167 RUNNING 3068928 3067615
1787363278.875639 RUNNING 3074048 3072608
1787363278.981948 RUNNING 3079168 3077697
1787363279.085584 RUNNING 3083776 3082641
1787363279.188690 RUNNING 3088896 3087634
1787363279.291908 RUNNING 3094016 3092579
1787363279.395488 RUNNING 3098624 3097523
1787363279.498999 RUNNING 3103744 3102516
1787363279.602301 RUNNING 3108864 3107461
1787363279.705596 RUNNING 3113472 3112405
1787363279.809326 RUNNING 3118592 3117398
1787363279.912643 RUNNING 3123712 3122343
1787363280.015753 RUNNING  3127287
1787363280.119258 RUNNING 3133440 3132280
1787363280.222754 RUNNING 3138560 3137273
1787363280.327687 RUNNING 3143680 3142265
1787363280.432752 RUNNING  3147306
1787363280.537371 RUNNING 3153408 3152347
1787363280.640992 RUNNING 3158528 3157339
1787363280.744374 RUNNING 3163648 3162284
1787363280.847798 RUNNING 3168256 3167229
1787363280.951333 RUNNING 3173376 3172221
1787363281.054516 RUNNING 3178496 3177166
1787363281.157712 RUNNING 3183616 3182111
1787363281.261219 RUNNING 3188224 3187103
1787363281.364424 RUNNING 3193344 3192048
1787363281.467682 RUNNING 3198464 3196993
1787363281.573652 RUNNING 3203584 3202081
1787363281.680204 RUNNING 3208704 3207218
1787363281.783944 RUNNING 3213312 3212163
1787363281.891336 RUNNING 3218432 3217348
1787363281.994747 RUNNING 3223552 3222292
1787363282.097972 RUNNING  3227237
1787363282.201561 RUNNING 3233280 3232230
1787363282.305038 RUNNING 3238400 3237174
1787363282.408269 RUNNING 3243520 3242167
1787363282.512013 RUNNING 3248640 3247112
1787363282.615455 RUNNING 3253248 3252104
1787363282.718678 RUNNING 3258368 3257049
1787363282.822286 RUNNING 3263488 3262042
1787363282.926062 RUNNING 3268096 3266986
1787363283.029670 RUNNING 3273216 3271979
1787363283.133046 RUNNING 3278336 3276924
1787363283.236600 RUNNING 3282944 3281916
1787363283.339982 RUNNING 3288064 3286861
1787363283.443076 RUNNING 3293184 3291806
1787363283.546528 RUNNING 3298304 3296798
1787363283.651127 RUNNING  3301791
1787363283.756361 RUNNING 3308032 3306928
1787363283.862081 RUNNING 3313152 3311920
1787363283.965537 RUNNING 3318272 3316913
1787363284.069007 RUNNING 3323392 3321858
1787363284.172413 RUNNING 3328000 3326850
1787363284.275561 RUNNING 3333120 3331795
1787363284.379021 RUNNING 3338240 3336740
1787363284.482507 RUNNING 3342848 3341732
1787363284.585745 RUNNING 3347968 3346677
1787363284.689434 RUNNING 3353088 3351670
1787363284.796341 RUNNING 3358208 3356758
1787363284.900704 RUNNING 3363328 3361799
1787363285.005344 RUNNING 3367936 3366840
1787363285.110278 RUNNING 3373056 3371832
1787363285.217027 RUNNING 3378176 3376969
1787363285.320176 RUNNING 3383296 3381914
1787363285.423369 RUNNING 3387904 3386858
1787363285.526850 RUNNING 3393024 3391851
1787363285.630059 RUNNING 3398144 3396796
1787363285.733404 RUNNING 3403264 3401740
1787363285.836976 RUNNING 3407872 3406733
1787363285.940147 RUNNING 3412992 3411678
1787363286.043248 RUNNING 3418112 3416622
1787363286.146976 RUNNING 3422720 3421615
1787363286.251011 RUNNING 3427840 3426608
1787363286.355102 RUNNING 3432960 3431601
1787363286.459941 RUNNING 3438080 3436641
1787363286.566805 RUNNING 3443200 3441778
1787363286.670271 RUNNING 3447808 3446723
1787363286.773535 RUNNING 3452928 3451667
1787363286.877113 RUNNING 3458048 3456660
1787363286.980673 RUNNING 3462656 3461605
1787363287.084163 RUNNING 3467776 3466597
1787363287.187313 RUNNING 3472896 3471542
1787363287.290722 RUNNING 3478016 3476487
1787363287.394204 RUNNING 3482624 3481479
1787363287.497458 RUNNING 3488256 3486904
1787363287.611964 RUNNING 3493376 3491945
1787363287.715334 RUNNING 3497984 3496889
1787363287.818657 RUNNING 3503104 3501834
1787363287.921927 RUNNING 3508224 3506827
1787363288.025507 RUNNING 3512832 3511771
1787363288.129016 RUNNING 3517952 3516764
1787363288.232186 RUNNING 3523072 3521709
1787363288.335747 RUNNING 3527680 3526653
1787363288.439508 RUNNING 3532800 3531646
1787363288.542680 RUNNING 3537920 3536591
1787363288.645932 RUNNING 3543040 3541535
1787363288.749618 RUNNING 3547648 3546528
1787363288.854714 RUNNING 3552768 3551569
1787363288.959174 RUNNING 3557888 3556609
1787363289.064160 RUNNING 3563008 3561650
1787363289.168147 RUNNING 3568128 3566643
1787363289.271615 RUNNING 3572736 3571587
1787363289.374758 RUNNING 3577856 3576532
1787363289.477920 RUNNING 3582976 3581477
1787363289.581445 RUNNING 3587584 3586469
1787363289.684690 RUNNING 3592704 3591414
1787363289.787840 RUNNING 3597824 3596359
1787363289.891294 RUNNING 3602432 3601351
1787363289.994607 RUNNING 3607552 3606296
1787363290.097748 RUNNING 3612672 3611241
1787363290.200911 RUNNING 3617280 3616185
1787363290.304631 RUNNING 3622400 3621178
1787363290.408017 RUNNING 3627520 3626123
1787363290.512349 RUNNING 3632640 3631164
1787363290.620159 RUNNING 3637760 3636300
1787363290.723440 RUNNING 3642368 3641293
1787363290.827040 RUNNING 3647488 3646238
1787363290.930676 RUNNING 3652608 3651230
1787363291.037555 RUNNING 3657728 3656367
1787363291.141174 RUNNING 3662848 3661312
1787363291.244923 RUNNING 3667456 3666304
1787363291.348170 RUNNING 3672576 3671249
1787363291.451393 RUNNING 3677696 3676242
1787363291.575823 RUNNING 3683328 3682194
1787363291.679384 RUNNING 3688448 3687187
1787363291.782637 RUNNING 3693568 3692132
1787363291.886227 RUNNING 3698176 3697076
1787363291.989512 RUNNING 3703296 3702069
1787363292.092725 RUNNING 3708416 3707014
1787363292.196126 RUNNING 3713024 3711958
1787363292.299586 RUNNING 3718144 3716951
1787363292.402777 RUNNING 3723264 3721896
1787363292.506205 RUNNING 3727872 3726840
1787363292.609936 RUNNING 3732992 3731833
1787363292.713696 RUNNING 3738112 3736826
1787363292.817421 RUNNING 3743232 3741770
1787363292.922189 RUNNING 3747840 3746811
1787363293.026069 RUNNING 3752960 3751804
1787363293.130817 RUNNING 3758080 3756845
1787363293.235394 RUNNING 3763200 3761837
1787363293.340323 RUNNING 3768320 3766878
1787363293.450937 RUNNING 3773440 3772207
1787363293.554152 RUNNING 3778560 3777151
1787363293.657472 RUNNING 3783168 3782096
1787363293.761816 RUNNING 3788288 3787137
1787363293.865560 RUNNING 3793408 3792081
1787363293.969083 RUNNING 3798528 3797074
1787363294.072516 RUNNING 3803136 3802019
1787363294.175974 RUNNING 3808256 3807011
1787363294.280125 RUNNING 3813376 3812004
1787363294.388097 RUNNING 3818496 3817189
1787363294.491452 RUNNING 3823616 3822133
1787363294.595041 RUNNING 3828224 3827126
1787363294.698317 RUNNING 3833344 3832071
1787363294.801593 RUNNING 3838464 3837015
1787363294.905043 RUNNING 3843072 3842008
1787363295.008511 RUNNING 3848192 3846953
1787363295.111679 RUNNING 3853312 3851897
1787363295.214834 RUNNING 3857920 3856842
1787363295.318404 RUNNING 3863040 3861835
1787363295.422397 RUNNING 3868160 3866827
1787363295.525881 RUNNING 3873280 3871772
1787363295.629389 RUNNING 3877888 3876765
1787363295.733709 RUNNING 3883008 3881757
1787363295.839202 RUNNING 3888128 3886846
1787363295.944181 RUNNING 3893248 3891887
1787363296.063368 RUNNING 3898880 3897600
1787363296.166631 RUNNING 3904000 3902544
1787363296.270122 RUNNING 3908608 3907537
1787363296.373559 RUNNING 3913728 3912482
1787363296.476811 RUNNING 3918848 3917426
1787363296.580581 RUNNING 3923456 3922419
1787363296.684606 RUNNING 3928576 3927412
1787363296.788891 RUNNING 3933696 3932404
1787363296.893745 RUNNING 3938816 3937445
1787363297.000164 RUNNING 3943936 3942582
1787363297.104300 RUNNING 3949056 3947574
1787363297.208389 RUNNING 3953664 3952567
1787363297.311608 RUNNING 3958784 3957512
1787363297.414841 RUNNING 3963904 3962456
1787363297.520818 RUNNING 3969024 3967545
1787363297.624289 RUNNING 3973632 3972538
1787363297.727445 RUNNING 3978752 3977482
1787363297.830743 RUNNING 3983872 3982427
1787363297.934247 RUNNING  3987372
1787363298.037794 RUNNING 3993600 3992364
1787363298.141053 RUNNING 3998720 3997309
1787363298.244524 RUNNING 4003328 4002302
1787363298.348296 RUNNING 4008448 4007294
1787363298.453143 RUNNING 4013568 4012335
1787363298.558113 RUNNING 4018688 4017328
1787363298.663040 RUNNING 4023808 4022368
1787363298.766894 RUNNING 4028416 4027361
1787363298.872089 RUNNING 4034048 4032594
1787363298.979214 RUNNING 4038656 4037539
1787363299.082990 RUNNING 4043776 4042531
1787363299.186292 RUNNING 4048896 4047476
1787363299.289795 RUNNING 4053504 4052469
1787363299.393373 RUNNING 4058624 4057413
1787363299.496565 RUNNING 4063744 4062406
1787363299.599845 RUNNING 4068864 4067351
1787363299.703435 RUNNING 4073472 4072295
1787363299.806626 RUNNING 4078592 4077288
1787363299.928252 RUNNING 4084224 4083097
1787363300.031373 RUNNING 4089344 4088041
1787363300.134533 RUNNING  4092986
1787363300.237914 RUNNING 4099072 4097979
1787363300.341243 RUNNING 4104192 4102923
1787363300.444426 RUNNING 4109312 4107868
1787363300.548131 RUNNING 4113920 4112861
1787363300.651622 RUNNING 4119040 4117805
1787363300.754775 RUNNING 4124160 4122798
1787363300.857920 RUNNING 4128768 4127743
1787363300.961841 RUNNING 4133888 4132735
1787363301.065353 RUNNING 4139008 4137680
1787363301.169097 RUNNING 4144128 4142673
1787363301.274804 RUNNING 4149248 4147761
1787363301.378692 RUNNING 4153856 4152706
1787363301.482003 RUNNING 4158976 4157699
1787363301.585193 RUNNING 4164096 4162643
1787363301.688743 RUNNING 4168704 
1787363301.792342 RUNNING 4173824 4172581
1787363301.895524 RUNNING 4178944 4177525
1787363301.998898 RUNNING 4183552 4182518
1787363302.102768 RUNNING 4188672 4187463
1787363302.205981 RUNNING 4193792 4192455
1787363302.309132 RUNNING 4198912 4197400
1787363302.412695 RUNNING 4203520 4202345
1787363302.515822 RUNNING 4208640 4207289
1787363302.618973 RUNNING 4213760 4212282
1787363302.722711 RUNNING 4218368 4217227
1787363302.827215 RUNNING 4223488 4222268
1787363302.931792 RUNNING 4228608 4227260
1787363303.038059 RUNNING 4233728 4232397
1787363303.141404 RUNNING 4238848 4237342
1787363303.244841 RUNNING 4243456 4242286
1787363303.348000 RUNNING  4247231
1787363303.451410 RUNNING 4253696 4252224
1787363303.554779 RUNNING 4258304 4257168
1787363303.657910 RUNNING 4263424 4262113
1787363303.761084 RUNNING 4268544 
1787363303.864436 RUNNING 4273152 4272050
1787363303.967781 RUNNING 4278272 4276995
FILL_POLL_END
