
=== measure-latency-run buffer=256 periods=3 condition=A runs=1 seconds=60 2026-08-21T21:48:32-04:00 ===
SENTINEL harness-start
Applied buffer=256 periods=3
jackd period=256 ok
jackd periods=3 ok
condition A units:
  sooperlooper=inactive session=inactive watchdog=inactive
jackd period=256 ok
jackd periods=3 ok
=== provenance after strict restart ===
=== provenance 2026-08-21T21:49:02-04:00 ===
b5eee1a W1 harness: fill poller, jackd journal magnitudes, measure-w1-window orchestrator
6.18.34+rpt-rpi-v8
coherent_pool=1M 8250.nr_uarts=0 snd_bcm2835.enable_headphones=0 cgroup_disable=memory numa_policy=interleave nvme.max_host_mem_size_mb=32 snd_bcm2835.enable_headphones=1 snd_bcm2835.enable_hdmi=1 snd_bcm2835.enable_hdmi=0  numa=fake=2 system_heap.max_order=0 iommu_dma_numa_policy=interleave smsc95xx.macaddr=2C:CF:67:59:7C:41 vc_mem.mem_base=0x3ec00000 vc_mem.mem_size=0x40000000  console=ttyS0,115200 console=tty1 root=PARTUUID=ed7e095b-02 rootfstype=ext4 fsck.repair=yes rootwait cfg80211.ieee80211_regdom=CA irqaffinity=0,1 video=HDMI-A-1:d video=HDMI-A-2:d threadirqs

governor cpufreq=performance
jackd -R -P70 -d alsa -P hw:2 -r 48000 -p 256 -n 3
=== fill telemetry card 2 status=/proc/asound/card2/pcm0p/sub0/status ===
=== run A-b256-p3-l0-run1 ===
RESULT tag=A-b256-p3-l0-run1 xruns=28 meter_live=1 meter_max_age_s=0 dsp_median=36.663929 dsp_p99=76.070709 dsp_max=80.460678
RESULT tag=A-b256-p3-l0-run1 jitter_n=12809 jitter_median_usec=-315 jitter_p99_usec=843 jitter_p99_9_usec=1030 jitter_max_usec=1110
RESULT tag=A-b256-p3-l0-run1 frames_late_p99_usec=250 frames_late_max_usec=375
RESULT tag=A-b256-p3-l0-run1 delay_events=0 delay_nonzero=0 (legacy, ignore)
RESULT tag=A-b256-p3-l0-run1 samples=60 temp=60.8'C throttled=0x0
RESULT tag=A-b256-p3-l0-run1 file=/tmp/latency-A-b256-p3-l0-run1-1787363343.out xrun_events=/tmp/latency-A-b256-p3-l0-run1-1787363343.xruns
RESULT tag=A-b256-p3-l0-run1 probe_xrun_count=32 jackd_alsa_xrun_count= jackd_alsa_msec_min= jackd_alsa_msec_median= jackd_alsa_msec_max= jackd_alsa_msec_mean= window_since=2026-08-21T21:49:18-04:00 window_until=2026-08-21T21:50:20-04:00
RESULT tag=A-b256-p3-l0-run1 fill_log=/root/w1-20260821-214044/W1-c-fill-A-b256-p3-l0-run1.log
SENTINEL run-complete tag=A-b256-p3-l0-run1 xruns=28
FILL_SUMMARY n=524 buf=768 min=513 p1=515 p50=635 p99=764 max=767 mean=634 sanity_over_buf=0
     t     dsp%    xruns   delta
     1 43.735878        5       0
     2 36.800182        5       0
     3 31.441940        5       0
     4 48.200691        5       0
     5 67.078964        9       4
     6 56.500889        9       0
     7 45.514423       13       4
     8 30.146400       13       0
     9 29.870445       13       0
    10 20.327148       13       0
    11 21.903725       13       0
    12 24.564074       13       0
    13 29.357595       13       0
    14 44.944401       13       0
    15 65.877228       13       0
    16 76.070709       17       4
    17 42.095165       17       0
    18 34.787510       17       0
    19 47.325676       17       0
    20 56.227993       17       0
    21 40.211781       17       0
    22 19.762709       17       0
    23 18.102467       17       0
    24 42.753376       17       0
    25 40.489361       17       0
    26 31.012180       17       0
    27 33.623161       17       0
    28 48.152164       17       0
    29 80.460678       19       2
    30 52.708355       19       0
    31 57.854671       19       0
    32 36.663929       19       0
    33 30.703955       19       0
    34 21.550501       19       0
    35 18.195751       19       0
    36 27.659847       19       0
    37 29.461050       19       0
    38 35.794323       19       0
    39 57.483452       21       2
    40 45.225998       23       2
    41 34.748531       23       0
    42 46.453140       23       0
    43 55.945690       23       0
    44 37.331581       23       0
    45 23.824797       23       0
    46 18.073370       23       0
    47 39.840042       23       0
    48 39.944004       23       0
    49 29.087524       23       0
    50 32.429638       23       0
    51 44.010448       25       2
    52 59.159092       29       4
    53 51.887997       29       0
    54 57.032917       33       4
    55 29.595375       33       0
    56 30.819696       33       0
    57 22.556669       33       0
    58 18.538431       33       0
    59 24.530825       33       0
    60 27.849657       33       0
--- xrun delays (probe) ---
PROBE_START client=mpe-xrun-probe buffer_frames=256 sample_rate=48000 expected_period_us=5333
JITTER_SUMMARY expected_period_us=5333 n=12809 median_usec=-315 p99_usec=843 p99_9_usec=1030 max_usec=1110
FRAMES_LATE_SUMMARY expected_period_us=5333 n=12809 median_usec=83 p99_usec=250 p99_9_usec=312 max_usec=375
XRUN_COUNT 32
PROBE_END
=== restore buffer 512 periods 3 ===
skip restore (--no-restore-buffer)
done commit=b5eee1a log=/root/w1-20260821-214044/W1-c.log
SENTINEL harness-end

