
=== measure-latency-run buffer=512 periods=2 condition=A runs=3 seconds=45 2026-08-22T14:59:17-04:00 ===
SENTINEL harness-start
Applied buffer=512 periods=2
jackd period=512 ok
jackd periods=2 ok
condition A units:
  sooperlooper=inactive session=inactive watchdog=inactive
jackd period=512 ok
jackd periods=2 ok
=== provenance after strict restart ===
=== provenance 2026-08-22T15:00:06-04:00 ===
1cae0fb V11: wait for jack before peak meter restart (fix blind race).
6.18.34+rpt-rpi-v8
coherent_pool=1M 8250.nr_uarts=0 snd_bcm2835.enable_headphones=0 cgroup_disable=memory numa_policy=interleave nvme.max_host_mem_size_mb=32 snd_bcm2835.enable_headphones=1 snd_bcm2835.enable_hdmi=1 snd_bcm2835.enable_hdmi=0  numa=fake=2 system_heap.max_order=0 iommu_dma_numa_policy=interleave smsc95xx.macaddr=2C:CF:67:59:7C:41 vc_mem.mem_base=0x3ec00000 vc_mem.mem_size=0x40000000  console=ttyS0,115200 console=tty1 root=PARTUUID=ed7e095b-02 rootfstype=ext4 fsck.repair=yes rootwait cfg80211.ieee80211_regdom=CA irqaffinity=0,1 video=HDMI-A-1:d video=HDMI-A-2:d threadirqs

governor cpufreq=performance
jackd -R -P70 -d alsa -P hw:2 -r 48000 -p 512 -n 2
PROVENANCE patch=Duduk hold_voices=3 buffer=512 periods=2 condition=A 2026-08-22T15:00:06-04:00
=== run A-b512-p2-l0-run1 ===
RESULT tag=A-b512-p2-l0-run1 xruns=0 meter_live=1 meter_max_age_s=0 dsp_median=39.366016 dsp_p99=41.079933 dsp_max=45.171013
RESULT tag=A-b512-p2-l0-run1 jitter_n=4922 jitter_median_usec=302 jitter_p99_usec=534 jitter_p99_9_usec=719 jitter_max_usec=787
RESULT tag=A-b512-p2-l0-run1 frames_late_p99_usec=271 frames_late_max_usec=354
RESULT tag=A-b512-p2-l0-run1 delay_events=0 delay_nonzero=0 (legacy, ignore)
RESULT tag=A-b512-p2-l0-run1 samples=45 temp=52.1'C throttled=0x0
RESULT tag=A-b512-p2-l0-run1 file=/tmp/latency-A-b512-p2-l0-run1-1787425206.out xrun_events=/tmp/latency-A-b512-p2-l0-run1-1787425206.xruns
RESULT tag=A-b512-p2-l0-run1 probe_xrun_count=0 jackd_alsa_xrun_count=0 jackd_alsa_msec_min=0 jackd_alsa_msec_median=0 jackd_alsa_msec_max=0 jackd_alsa_msec_mean=0 window_since=2026-08-22T15:00:14-04:00 window_until=2026-08-22T15:01:01-04:00
SENTINEL run-complete tag=A-b512-p2-l0-run1 xruns=0
     t     dsp%    xruns   delta
     1 40.129280        0       0
     2 41.004349        0       0
     3 39.817554        0       0
     4 39.323410        0       0
     5 39.028694        0       0
     6 39.323318        0       0
     7 39.484371        0       0
     8 39.465828        0       0
     9 39.213886        0       0
    10 39.535149        0       0
    11 39.896420        0       0
    12 39.633358        0       0
    13 39.156307        0       0
    14 39.177540        0       0
    15 39.096985        0       0
    16 39.300209        0       0
    17 45.171013        0       0
    18 39.986801        0       0
    19 39.414951        0       0
    20 39.635288        0       0
    21 39.290150        0       0
    22 41.079933        0       0
    23 39.577374        0       0
    24 39.408310        0       0
    25 39.384834        0       0
    26 39.298691        0       0
    27 40.423538        0       0
    28 39.647686        0       0
    29 39.316311        0       0
    30 39.358097        0       0
    31 39.285896        0       0
    32 39.366016        0       0
    33 39.840122        0       0
    34 39.369667        0       0
    35 39.162022        0       0
    36 39.637657        0       0
    37 39.326775        0       0
    38 39.352375        0       0
    39 39.340340        0       0
    40 39.456028        0       0
    41 39.275948        0       0
    42 39.214764        0       0
    43 38.768806        0       0
    44 39.044064        0       0
    45 26.958839        0       0
--- xrun delays (probe) ---
PROBE_START client=mpe-xrun-probe buffer_frames=512 sample_rate=48000 expected_period_us=10667
JITTER_SUMMARY expected_period_us=10667 n=4922 median_usec=302 p99_usec=534 p99_9_usec=719 max_usec=787
FRAMES_LATE_SUMMARY expected_period_us=10667 n=4922 median_usec=83 p99_usec=271 p99_9_usec=333 max_usec=354
XRUN_COUNT 0
PROBE_END
=== run A-b512-p2-l0-run2 ===
RESULT tag=A-b512-p2-l0-run2 xruns=0 meter_live=1 meter_max_age_s=0 dsp_median=39.525913 dsp_p99=42.131462 dsp_max=47.570251
RESULT tag=A-b512-p2-l0-run2 jitter_n=4940 jitter_median_usec=303 jitter_p99_usec=539 jitter_p99_9_usec=725 jitter_max_usec=775
RESULT tag=A-b512-p2-l0-run2 frames_late_p99_usec=284 frames_late_max_usec=375
RESULT tag=A-b512-p2-l0-run2 delay_events=0 delay_nonzero=0 (legacy, ignore)
RESULT tag=A-b512-p2-l0-run2 samples=45 temp=51.1'C throttled=0x0
RESULT tag=A-b512-p2-l0-run2 file=/tmp/latency-A-b512-p2-l0-run2-1787425271.out xrun_events=/tmp/latency-A-b512-p2-l0-run2-1787425271.xruns
RESULT tag=A-b512-p2-l0-run2 probe_xrun_count=1 jackd_alsa_xrun_count=0 jackd_alsa_msec_min=0 jackd_alsa_msec_median=0 jackd_alsa_msec_max=0 jackd_alsa_msec_mean=0 window_since=2026-08-22T15:01:20-04:00 window_until=2026-08-22T15:02:06-04:00
SENTINEL run-complete tag=A-b512-p2-l0-run2 xruns=0
     t     dsp%    xruns   delta
     1 47.570251        1       0
     2 40.669937        1       0
     3 39.569321        1       0
     4 39.354382        1       0
     5 39.212845        1       0
     6 39.172890        1       0
     7 39.297981        1       0
     8 40.913326        1       0
     9 39.615150        1       0
    10 39.169270        1       0
    11 39.241276        1       0
    12 39.208084        1       0
    13 42.131462        1       0
    14 40.743649        1       0
    15 39.685352        1       0
    16 39.453449        1       0
    17 39.848831        1       0
    18 39.630928        1       0
    19 40.346703        1       0
    20 39.430645        1       0
    21 39.525913        1       0
    22 39.708927        1       0
    23 39.432957        1       0
    24 39.964512        1       0
    25 39.509441        1       0
    26 40.033844        1       0
    27 39.882584        1       0
    28 39.500370        1       0
    29 40.426483        1       0
    30 39.908222        1       0
    31 39.524216        1       0
    32 39.041878        1       0
    33 39.484352        1       0
    34 40.147900        1       0
    35 39.639011        1       0
    36 39.226158        1       0
    37 39.284714        1       0
    38 39.338913        1       0
    39 39.646408        1       0
    40 39.397018        1       0
    41 38.836121        1       0
    42 38.594902        1       0
    43 40.228920        1       0
    44 41.734993        1       0
    45 26.661182        1       0
--- xrun delays (probe) ---
PROBE_START client=mpe-xrun-probe buffer_frames=512 sample_rate=48000 expected_period_us=10667
JITTER_SUMMARY expected_period_us=10667 n=4940 median_usec=303 p99_usec=539 p99_9_usec=725 max_usec=775
FRAMES_LATE_SUMMARY expected_period_us=10667 n=4940 median_usec=83 p99_usec=284 p99_9_usec=354 max_usec=375
XRUN_COUNT 1
PROBE_END
=== run A-b512-p2-l0-run3 ===
RESULT tag=A-b512-p2-l0-run3 xruns=0 meter_live=1 meter_max_age_s=0 dsp_median=39.681419 dsp_p99=45.851822 dsp_max=47.176506
RESULT tag=A-b512-p2-l0-run3 jitter_n=4934 jitter_median_usec=304 jitter_p99_usec=552 jitter_p99_9_usec=716 jitter_max_usec=745
RESULT tag=A-b512-p2-l0-run3 frames_late_p99_usec=271 frames_late_max_usec=438
RESULT tag=A-b512-p2-l0-run3 delay_events=0 delay_nonzero=0 (legacy, ignore)
RESULT tag=A-b512-p2-l0-run3 samples=45 temp=51.1'C throttled=0x0
RESULT tag=A-b512-p2-l0-run3 file=/tmp/latency-A-b512-p2-l0-run3-1787425337.out xrun_events=/tmp/latency-A-b512-p2-l0-run3-1787425337.xruns
RESULT tag=A-b512-p2-l0-run3 probe_xrun_count=0 jackd_alsa_xrun_count=0 jackd_alsa_msec_min=0 jackd_alsa_msec_median=0 jackd_alsa_msec_max=0 jackd_alsa_msec_mean=0 window_since=2026-08-22T15:02:26-04:00 window_until=2026-08-22T15:03:12-04:00
SENTINEL run-complete tag=A-b512-p2-l0-run3 xruns=0
     t     dsp%    xruns   delta
     1 47.176506        1       0
     2 40.831669        1       0
     3 39.948322        1       0
     4 39.364536        1       0
     5 40.100109        1       0
     6 39.517014        1       0
     7 39.637501        1       0
     8 39.340820        1       0
     9 39.470150        1       0
    10 44.621796        1       0
    11 40.325993        1       0
    12 39.346016        1       0
    13 39.304386        1       0
    14 39.136280        1       0
    15 40.939995        1       0
    16 39.299717        1       0
    17 40.035412        1       0
    18 39.489006        1       0
    19 39.781662        1       0
    20 39.744411        1       0
    21 39.876877        1       0
    22 39.670761        1       0
    23 40.027050        1       0
    24 39.490303        1       0
    25 39.924805        1       0
    26 39.799809        1       0
    27 39.774807        1       0
    28 39.380249        1       0
    29 39.742287        1       0
    30 39.970364        1       0
    31 39.792889        1       0
    32 39.303993        1       0
    33 39.573372        1       0
    34 39.071461        1       0
    35 39.681419        1       0
    36 40.267464        1       0
    37 39.788731        1       0
    38 39.118305        1       0
    39 39.315987        1       0
    40 45.851822        1       0
    41 39.685162        1       0
    42 38.929565        1       0
    43 38.518692        1       0
    44 38.584526        1       0
    45 26.613598        1       0
--- xrun delays (probe) ---
PROBE_START client=mpe-xrun-probe buffer_frames=512 sample_rate=48000 expected_period_us=10667
JITTER_SUMMARY expected_period_us=10667 n=4934 median_usec=304 p99_usec=552 p99_9_usec=716 max_usec=745
FRAMES_LATE_SUMMARY expected_period_us=10667 n=4934 median_usec=83 p99_usec=271 p99_9_usec=333 max_usec=438
XRUN_COUNT 0
PROBE_END
=== restore buffer 256 periods 3 ===
skip restore (--no-restore-buffer)
done commit=1cae0fb log=/home/mitch/plan-v11-20260822-144259/v11-512x2-Duduk-v3.log
SENTINEL harness-end

