
=== measure-latency-run buffer=256 periods=3 condition=A runs=3 seconds=45 2026-08-22T15:03:20-04:00 ===
SENTINEL harness-start
Applied buffer=256 periods=3
jackd period=256 ok
jackd periods=3 ok
condition A units:
  sooperlooper=inactive session=inactive watchdog=inactive
jackd period=256 ok
jackd periods=3 ok
=== provenance after strict restart ===
=== provenance 2026-08-22T15:04:10-04:00 ===
1cae0fb V11: wait for jack before peak meter restart (fix blind race).
6.18.34+rpt-rpi-v8
coherent_pool=1M 8250.nr_uarts=0 snd_bcm2835.enable_headphones=0 cgroup_disable=memory numa_policy=interleave nvme.max_host_mem_size_mb=32 snd_bcm2835.enable_headphones=1 snd_bcm2835.enable_hdmi=1 snd_bcm2835.enable_hdmi=0  numa=fake=2 system_heap.max_order=0 iommu_dma_numa_policy=interleave smsc95xx.macaddr=2C:CF:67:59:7C:41 vc_mem.mem_base=0x3ec00000 vc_mem.mem_size=0x40000000  console=ttyS0,115200 console=tty1 root=PARTUUID=ed7e095b-02 rootfstype=ext4 fsck.repair=yes rootwait cfg80211.ieee80211_regdom=CA irqaffinity=0,1 video=HDMI-A-1:d video=HDMI-A-2:d threadirqs

governor cpufreq=performance
jackd -R -P70 -d alsa -P hw:2 -r 48000 -p 256 -n 3
PROVENANCE patch=Duduk hold_voices=3 buffer=256 periods=3 condition=A 2026-08-22T15:04:10-04:00
=== run A-b256-p3-l0-run1 ===
RESULT tag=A-b256-p3-l0-run1 xruns=0 meter_live=1 meter_max_age_s=0 dsp_median=40.799717 dsp_p99=44.410809 dsp_max=45.207844
RESULT tag=A-b256-p3-l0-run1 jitter_n=9863 jitter_median_usec=-316 jitter_p99_usec=844 jitter_p99_9_usec=1047 jitter_max_usec=1228
RESULT tag=A-b256-p3-l0-run1 frames_late_p99_usec=229 frames_late_max_usec=333
RESULT tag=A-b256-p3-l0-run1 delay_events=0 delay_nonzero=0 (legacy, ignore)
RESULT tag=A-b256-p3-l0-run1 samples=45 temp=53.0'C throttled=0x0
RESULT tag=A-b256-p3-l0-run1 file=/tmp/latency-A-b256-p3-l0-run1-1787425450.out xrun_events=/tmp/latency-A-b256-p3-l0-run1-1787425450.xruns
RESULT tag=A-b256-p3-l0-run1 probe_xrun_count=2 jackd_alsa_xrun_count=0 jackd_alsa_msec_min=0 jackd_alsa_msec_median=0 jackd_alsa_msec_max=0 jackd_alsa_msec_mean=0 window_since=2026-08-22T15:04:18-04:00 window_until=2026-08-22T15:05:05-04:00
SENTINEL run-complete tag=A-b256-p3-l0-run1 xruns=0
     t     dsp%    xruns   delta
     1 42.975555        5       0
     2 44.230465        5       0
     3 40.574497        5       0
     4 40.535698        5       0
     5 40.503929        5       0
     6 43.269814        5       0
     7 40.918743        5       0
     8 40.589020        5       0
     9 40.708569        5       0
    10 40.521866        5       0
    11 42.305584        5       0
    12 40.525139        5       0
    13 40.714127        5       0
    14 40.590511        5       0
    15 40.745327        5       0
    16 40.629654        5       0
    17 41.412483        5       0
    18 40.628376        5       0
    19 41.240482        5       0
    20 40.768082        5       0
    21 40.648777        5       0
    22 45.207844        5       0
    23 41.517986        5       0
    24 40.703568        5       0
    25 40.947205        5       0
    26 41.107170        5       0
    27 42.261990        5       0
    28 41.234657        5       0
    29 41.184910        5       0
    30 41.357113        5       0
    31 41.391624        5       0
    32 44.410809        5       0
    33 41.056404        5       0
    34 41.405968        5       0
    35 41.818684        5       0
    36 41.353127        5       0
    37 43.018227        5       0
    38 40.799717        5       0
    39 40.658066        5       0
    40 40.467903        5       0
    41 39.835442        5       0
    42 40.064640        5       0
    43 39.865765        5       0
    44 40.077137        5       0
    45 16.380411        5       0
--- xrun delays (probe) ---
PROBE_START client=mpe-xrun-probe buffer_frames=256 sample_rate=48000 expected_period_us=5333
JITTER_SUMMARY expected_period_us=5333 n=9863 median_usec=-316 p99_usec=844 p99_9_usec=1047 max_usec=1228
FRAMES_LATE_SUMMARY expected_period_us=5333 n=9863 median_usec=62 p99_usec=229 p99_9_usec=312 max_usec=333
XRUN_COUNT 2
PROBE_END
=== run A-b256-p3-l0-run2 ===
RESULT tag=A-b256-p3-l0-run2 xruns=0 meter_live=1 meter_max_age_s=0 dsp_median=40.831039 dsp_p99=43.733372 dsp_max=43.917557
RESULT tag=A-b256-p3-l0-run2 jitter_n=9888 jitter_median_usec=-318 jitter_p99_usec=848 jitter_p99_9_usec=1002 jitter_max_usec=1145
RESULT tag=A-b256-p3-l0-run2 frames_late_p99_usec=229 frames_late_max_usec=333
RESULT tag=A-b256-p3-l0-run2 delay_events=0 delay_nonzero=0 (legacy, ignore)
RESULT tag=A-b256-p3-l0-run2 samples=45 temp=52.1'C throttled=0x0
RESULT tag=A-b256-p3-l0-run2 file=/tmp/latency-A-b256-p3-l0-run2-1787425515.out xrun_events=/tmp/latency-A-b256-p3-l0-run2-1787425515.xruns
RESULT tag=A-b256-p3-l0-run2 probe_xrun_count=0 jackd_alsa_xrun_count=0 jackd_alsa_msec_min=0 jackd_alsa_msec_median=0 jackd_alsa_msec_max=0 jackd_alsa_msec_mean=0 window_since=2026-08-22T15:05:24-04:00 window_until=2026-08-22T15:06:10-04:00
SENTINEL run-complete tag=A-b256-p3-l0-run2 xruns=0
     t     dsp%    xruns   delta
     1 43.733372        5       0
     2 41.916576        5       0
     3 40.851425        5       0
     4 40.272270        5       0
     5 40.058281        5       0
     6 40.831352        5       0
     7 40.690784        5       0
     8 41.415787        5       0
     9 40.375786        5       0
    10 40.624191        5       0
    11 40.549847        5       0
    12 40.719788        5       0
    13 43.641178        5       0
    14 40.811451        5       0
    15 41.132301        5       0
    16 40.323101        5       0
    17 40.519192        5       0
    18 43.917557        5       0
    19 41.482899        5       0
    20 40.527519        5       0
    21 40.845425        5       0
    22 40.769234        5       0
    23 40.831039        5       0
    24 41.597435        5       0
    25 40.889683        5       0
    26 40.797173        5       0
    27 40.578331        5       0
    28 40.881668        5       0
    29 41.612141        5       0
    30 40.805828        5       0
    31 41.539810        5       0
    32 41.618904        5       0
    33 41.163376        5       0
    34 41.680408        5       0
    35 41.163456        5       0
    36 40.883488        5       0
    37 40.289230        5       0
    38 43.564724        5       0
    39 40.114120        5       0
    40 40.344112        5       0
    41 39.726276        5       0
    42 39.713398        5       0
    43 41.193371        5       0
    44 40.167847        5       0
    45 15.498472        5       0
--- xrun delays (probe) ---
PROBE_START client=mpe-xrun-probe buffer_frames=256 sample_rate=48000 expected_period_us=5333
JITTER_SUMMARY expected_period_us=5333 n=9888 median_usec=-318 p99_usec=848 p99_9_usec=1002 max_usec=1145
FRAMES_LATE_SUMMARY expected_period_us=5333 n=9888 median_usec=62 p99_usec=229 p99_9_usec=315 max_usec=333
XRUN_COUNT 0
PROBE_END
=== run A-b256-p3-l0-run3 ===
RESULT tag=A-b256-p3-l0-run3 xruns=0 meter_live=1 meter_max_age_s=0 dsp_median=40.882839 dsp_p99=43.830574 dsp_max=49.713158
RESULT tag=A-b256-p3-l0-run3 jitter_n=9884 jitter_median_usec=-316 jitter_p99_usec=836 jitter_p99_9_usec=1006 jitter_max_usec=1118
RESULT tag=A-b256-p3-l0-run3 frames_late_p99_usec=229 frames_late_max_usec=333
RESULT tag=A-b256-p3-l0-run3 delay_events=0 delay_nonzero=0 (legacy, ignore)
RESULT tag=A-b256-p3-l0-run3 samples=45 temp=52.1'C throttled=0x0
RESULT tag=A-b256-p3-l0-run3 file=/tmp/latency-A-b256-p3-l0-run3-1787425581.out xrun_events=/tmp/latency-A-b256-p3-l0-run3-1787425581.xruns
RESULT tag=A-b256-p3-l0-run3 probe_xrun_count=4 jackd_alsa_xrun_count=0 jackd_alsa_msec_min=0 jackd_alsa_msec_median=0 jackd_alsa_msec_max=0 jackd_alsa_msec_mean=0 window_since=2026-08-22T15:06:30-04:00 window_until=2026-08-22T15:07:16-04:00
SENTINEL run-complete tag=A-b256-p3-l0-run3 xruns=0
     t     dsp%    xruns   delta
     1 43.830574        9       0
     2 41.402729        9       0
     3 41.119564        9       0
     4 40.717587        9       0
     5 40.494469        9       0
     6 40.516178        9       0
     7 40.791336        9       0
     8 40.873573        9       0
     9 40.184811        9       0
    10 40.953747        9       0
    11 40.209560        9       0
    12 41.223099        9       0
    13 40.450504        9       0
    14 40.989540        9       0
    15 49.713158        9       0
    16 41.208164        9       0
    17 40.692280        9       0
    18 40.675430        9       0
    19 40.690693        9       0
    20 40.882839        9       0
    21 41.038486        9       0
    22 40.725372        9       0
    23 41.016949        9       0
    24 41.388653        9       0
    25 40.711800        9       0
    26 41.430176        9       0
    27 40.841949        9       0
    28 41.335526        9       0
    29 40.647392        9       0
    30 41.535522        9       0
    31 41.536827        9       0
    32 41.961655        9       0
    33 40.766460        9       0
    34 41.428394        9       0
    35 40.908428        9       0
    36 41.406586        9       0
    37 41.576614        9       0
    38 40.418526        9       0
    39 40.966190        9       0
    40 41.130909        9       0
    41 40.198269        9       0
    42 39.857307        9       0
    43 39.874245        9       0
    44 39.813129        9       0
    45 19.015808        9       0
--- xrun delays (probe) ---
PROBE_START client=mpe-xrun-probe buffer_frames=256 sample_rate=48000 expected_period_us=5333
JITTER_SUMMARY expected_period_us=5333 n=9884 median_usec=-316 p99_usec=836 p99_9_usec=1006 max_usec=1118
FRAMES_LATE_SUMMARY expected_period_us=5333 n=9884 median_usec=62 p99_usec=229 p99_9_usec=312 max_usec=333
XRUN_COUNT 4
PROBE_END
=== restore buffer 512 periods 2 ===
skip restore (--no-restore-buffer)
done commit=1cae0fb log=/home/mitch/plan-v11-20260822-144259/v11-256x3-Duduk-v3.log
SENTINEL harness-end

