
=== measure-latency-run buffer=512 periods=2 condition=A runs=3 seconds=45 2026-08-22T14:51:08-04:00 ===
SENTINEL harness-start
Applied buffer=512 periods=2
jackd period=512 ok
jackd periods=2 ok
condition A units:
  sooperlooper=inactive session=inactive watchdog=inactive
jackd period=512 ok
jackd periods=2 ok
=== provenance after strict restart ===
=== provenance 2026-08-22T14:51:57-04:00 ===
1cae0fb V11: wait for jack before peak meter restart (fix blind race).
6.18.34+rpt-rpi-v8
coherent_pool=1M 8250.nr_uarts=0 snd_bcm2835.enable_headphones=0 cgroup_disable=memory numa_policy=interleave nvme.max_host_mem_size_mb=32 snd_bcm2835.enable_headphones=1 snd_bcm2835.enable_hdmi=1 snd_bcm2835.enable_hdmi=0  numa=fake=2 system_heap.max_order=0 iommu_dma_numa_policy=interleave smsc95xx.macaddr=2C:CF:67:59:7C:41 vc_mem.mem_base=0x3ec00000 vc_mem.mem_size=0x40000000  console=ttyS0,115200 console=tty1 root=PARTUUID=ed7e095b-02 rootfstype=ext4 fsck.repair=yes rootwait cfg80211.ieee80211_regdom=CA irqaffinity=0,1 video=HDMI-A-1:d video=HDMI-A-2:d threadirqs

governor cpufreq=performance
jackd -R -P70 -d alsa -P hw:2 -r 48000 -p 512 -n 2
PROVENANCE patch=Cloud Horn hold_voices=5 buffer=512 periods=2 condition=A 2026-08-22T14:51:57-04:00
=== run A-b512-p2-l0-run1 ===
RESULT tag=A-b512-p2-l0-run1 xruns=0 meter_live=1 meter_max_age_s=0 dsp_median=58.041023 dsp_p99=64.144463 dsp_max=81.765045
RESULT tag=A-b512-p2-l0-run1 jitter_n=4933 jitter_median_usec=298 jitter_p99_usec=588 jitter_p99_9_usec=797 jitter_max_usec=840
RESULT tag=A-b512-p2-l0-run1 frames_late_p99_usec=264 frames_late_max_usec=354
RESULT tag=A-b512-p2-l0-run1 delay_events=0 delay_nonzero=0 (legacy, ignore)
RESULT tag=A-b512-p2-l0-run1 samples=45 temp=52.5'C throttled=0x0
RESULT tag=A-b512-p2-l0-run1 file=/tmp/latency-A-b512-p2-l0-run1-1787424717.out xrun_events=/tmp/latency-A-b512-p2-l0-run1-1787424717.xruns
RESULT tag=A-b512-p2-l0-run1 probe_xrun_count=2 jackd_alsa_xrun_count=0 jackd_alsa_msec_min=0 jackd_alsa_msec_median=0 jackd_alsa_msec_max=0 jackd_alsa_msec_mean=0 window_since=2026-08-22T14:52:06-04:00 window_until=2026-08-22T14:52:52-04:00
SENTINEL run-complete tag=A-b512-p2-l0-run1 xruns=0
     t     dsp%    xruns   delta
     1 64.144463        4       0
     2 61.697975        4       0
     3 58.456436        4       0
     4 58.041023        4       0
     5 57.695778        4       0
     6 57.588169        4       0
     7 58.293121        4       0
     8 57.771828        4       0
     9 57.621113        4       0
    10 58.109730        4       0
    11 58.610283        4       0
    12 58.947094        4       0
    13 57.975456        4       0
    14 57.916115        4       0
    15 57.809082        4       0
    16 57.737103        4       0
    17 81.765045        4       0
    18 61.485165        4       0
    19 58.661877        4       0
    20 58.736729        4       0
    21 57.814384        4       0
    22 61.064926        4       0
    23 58.220261        4       0
    24 58.038124        4       0
    25 57.981377        4       0
    26 58.202808        4       0
    27 59.690739        4       0
    28 58.969639        4       0
    29 57.596218        4       0
    30 60.251278        4       0
    31 58.317085        4       0
    32 58.342045        4       0
    33 58.574867        4       0
    34 58.162148        4       0
    35 58.019142        4       0
    36 57.677811        4       0
    37 57.658581        4       0
    38 58.141365        4       0
    39 57.645039        4       0
    40 57.862514        4       0
    41 57.420330        4       0
    42 57.531471        4       0
    43 56.594913        4       0
    44 56.562225        4       0
    45 37.914700        4       0
--- xrun delays (probe) ---
PROBE_START client=mpe-xrun-probe buffer_frames=512 sample_rate=48000 expected_period_us=10667
JITTER_SUMMARY expected_period_us=10667 n=4933 median_usec=298 p99_usec=588 p99_9_usec=797 max_usec=840
FRAMES_LATE_SUMMARY expected_period_us=10667 n=4933 median_usec=83 p99_usec=264 p99_9_usec=333 max_usec=354
XRUN_COUNT 2
PROBE_END
=== run A-b512-p2-l0-run2 ===
RESULT tag=A-b512-p2-l0-run2 xruns=0 meter_live=1 meter_max_age_s=0 dsp_median=58.257454 dsp_p99=62.890476 dsp_max=64.753433
RESULT tag=A-b512-p2-l0-run2 jitter_n=4945 jitter_median_usec=300 jitter_p99_usec=570 jitter_p99_9_usec=808 jitter_max_usec=824
RESULT tag=A-b512-p2-l0-run2 frames_late_p99_usec=250 frames_late_max_usec=562
RESULT tag=A-b512-p2-l0-run2 delay_events=0 delay_nonzero=0 (legacy, ignore)
RESULT tag=A-b512-p2-l0-run2 samples=45 temp=51.1'C throttled=0x0
RESULT tag=A-b512-p2-l0-run2 file=/tmp/latency-A-b512-p2-l0-run2-1787424783.out xrun_events=/tmp/latency-A-b512-p2-l0-run2-1787424783.xruns
RESULT tag=A-b512-p2-l0-run2 probe_xrun_count=2 jackd_alsa_xrun_count=0 jackd_alsa_msec_min=0 jackd_alsa_msec_median=0 jackd_alsa_msec_max=0 jackd_alsa_msec_mean=0 window_since=2026-08-22T14:53:12-04:00 window_until=2026-08-22T14:53:58-04:00
SENTINEL run-complete tag=A-b512-p2-l0-run2 xruns=0
     t     dsp%    xruns   delta
     1 64.753433        6       0
     2 59.141899        6       0
     3 58.582264        6       0
     4 58.963963        6       0
     5 57.764317        6       0
     6 57.527592        6       0
     7 57.706608        6       0
     8 60.583851        6       0
     9 57.994881        6       0
    10 58.090820        6       0
    11 57.551994        6       0
    12 58.449158        6       0
    13 62.890476        6       0
    14 60.532181        6       0
    15 58.371651        6       0
    16 58.257454        6       0
    17 58.228813        6       0
    18 58.305225        6       0
    19 59.745731        6       0
    20 58.326084        6       0
    21 58.146282        6       0
    22 58.203499        6       0
    23 58.109867        6       0
    24 58.748592        6       0
    25 58.182690        6       0
    26 58.920593        6       0
    27 58.269821        6       0
    28 58.631470        6       0
    29 59.813461        6       0
    30 58.655663        6       0
    31 58.400772        6       0
    32 57.577881        6       0
    33 57.676559        6       0
    34 58.947567        6       0
    35 58.062241        6       0
    36 57.737106        6       0
    37 57.833584        6       0
    38 57.683914        6       0
    39 57.959221        6       0
    40 57.750011        6       0
    41 57.464859        6       0
    42 56.567837        6       0
    43 60.366497        6       0
    44 59.409210        6       0
    45 34.248047        6       0
--- xrun delays (probe) ---
PROBE_START client=mpe-xrun-probe buffer_frames=512 sample_rate=48000 expected_period_us=10667
JITTER_SUMMARY expected_period_us=10667 n=4945 median_usec=300 p99_usec=570 p99_9_usec=808 max_usec=824
FRAMES_LATE_SUMMARY expected_period_us=10667 n=4945 median_usec=83 p99_usec=250 p99_9_usec=354 max_usec=562
XRUN_COUNT 2
PROBE_END
=== run A-b512-p2-l0-run3 ===
RESULT tag=A-b512-p2-l0-run3 xruns=8 meter_live=1 meter_max_age_s=0 dsp_median=58.233200 dsp_p99=80.208618 dsp_max=81.830276
RESULT tag=A-b512-p2-l0-run3 jitter_n=4941 jitter_median_usec=298 jitter_p99_usec=588 jitter_p99_9_usec=806 jitter_max_usec=840
RESULT tag=A-b512-p2-l0-run3 frames_late_p99_usec=271 frames_late_max_usec=354
RESULT tag=A-b512-p2-l0-run3 delay_events=0 delay_nonzero=0 (legacy, ignore)
RESULT tag=A-b512-p2-l0-run3 samples=45 temp=51.6'C throttled=0x0
RESULT tag=A-b512-p2-l0-run3 file=/tmp/latency-A-b512-p2-l0-run3-1787424849.out xrun_events=/tmp/latency-A-b512-p2-l0-run3-1787424849.xruns
RESULT tag=A-b512-p2-l0-run3 probe_xrun_count=9 jackd_alsa_xrun_count=0 jackd_alsa_msec_min=0 jackd_alsa_msec_median=0 jackd_alsa_msec_max=0 jackd_alsa_msec_mean=0 window_since=2026-08-22T14:54:18-04:00 window_until=2026-08-22T14:55:04-04:00
SENTINEL run-complete tag=A-b512-p2-l0-run3 xruns=8
     t     dsp%    xruns   delta
     1 60.273018        9       2
     2 63.389183        9       0
     3 58.623302        9       0
     4 57.882748        9       0
     5 59.483139        9       0
     6 57.852604        9       0
     7 58.041393        9       0
     8 57.651295        9       0
     9 57.708004        9       0
    10 81.830276       11       2
    11 61.001095       11       0
    12 58.280254       11       0
    13 58.268291       11       0
    14 58.096870       11       0
    15 60.643181       11       0
    16 58.305832       11       0
    17 58.158867       11       0
    18 58.233200       11       0
    19 58.063187       11       0
    20 58.576340       11       0
    21 58.877216       11       0
    22 58.135483       11       0
    23 58.024014       11       0
    24 60.173496       11       0
    25 58.747543       11       0
    26 59.123631       11       0
    27 58.433487       11       0
    28 58.421051       11       0
    29 57.732735       11       0
    30 58.308849       11       0
    31 58.722160       11       0
    32 57.831318       11       0
    33 58.119595       11       0
    34 57.493477       11       0
    35 57.926186       11       0
    36 59.211990       11       0
    37 57.699783       11       0
    38 57.587494       11       0
    39 57.963718       11       0
    40 80.208618       13       2
    41 64.102112       15       2
    42 57.774860       15       0
    43 56.299534       15       0
    44 56.385838       15       0
    45 34.232872       15       0
--- xrun delays (probe) ---
PROBE_START client=mpe-xrun-probe buffer_frames=512 sample_rate=48000 expected_period_us=10667
JITTER_SUMMARY expected_period_us=10667 n=4941 median_usec=298 p99_usec=588 p99_9_usec=806 max_usec=840
FRAMES_LATE_SUMMARY expected_period_us=10667 n=4941 median_usec=83 p99_usec=271 p99_9_usec=335 max_usec=354
XRUN_COUNT 9
PROBE_END
=== restore buffer 256 periods 3 ===
skip restore (--no-restore-buffer)
done commit=1cae0fb log=/home/mitch/plan-v11-20260822-144259/v11-512x2-Cloud_Horn-v5.log
SENTINEL harness-end

