=== measure-confirm-at-voices tag=ceil-Closed_Hat-v3 patch=Closed Hat voices=3 sec=60 2026-08-22T03:35:44-04:00 ===
OSC client initialized: 127.0.0.1:53280
Loaded patch: Closed Hat.fxp
loaded Closed Hat.fxp

=== measure-latency-run buffer=1024 periods=3 condition=A runs=1 seconds=60 2026-08-22T03:35:46-04:00 ===
SENTINEL harness-start
Applied buffer=1024 periods=3
jackd period=1024 ok
jackd periods=3 ok
condition A units:
  sooperlooper=inactive session=inactive watchdog=inactive
jackd period=1024 ok
jackd periods=3 ok
=== provenance after strict restart ===
=== provenance 2026-08-22T03:36:38-04:00 ===
34c0251 Add V9-c follow-up harness: confirm, ceiling search, Crystals 512 ramp.
6.18.34+rpt-rpi-v8
coherent_pool=1M 8250.nr_uarts=0 snd_bcm2835.enable_headphones=0 cgroup_disable=memory numa_policy=interleave nvme.max_host_mem_size_mb=32 snd_bcm2835.enable_headphones=1 snd_bcm2835.enable_hdmi=1 snd_bcm2835.enable_hdmi=0  numa=fake=2 system_heap.max_order=0 iommu_dma_numa_policy=interleave smsc95xx.macaddr=2C:CF:67:59:7C:41 vc_mem.mem_base=0x3ec00000 vc_mem.mem_size=0x40000000  console=ttyS0,115200 console=tty1 root=PARTUUID=ed7e095b-02 rootfstype=ext4 fsck.repair=yes rootwait cfg80211.ieee80211_regdom=CA irqaffinity=0,1 video=HDMI-A-1:d video=HDMI-A-2:d threadirqs

governor cpufreq=performance
jackd -R -P70 -d alsa -P hw:2 -r 48000 -p 1024 -n 3
PROVENANCE patch=Closed Hat hold_voices=3 buffer=1024 periods=3 condition=A 2026-08-22T03:36:38-04:00
=== run A-b1024-p3-l0-run1 ===
RESULT tag=A-b1024-p3-l0-run1 xruns=0 meter_live=1 meter_max_age_s=0 dsp_median=38.203655 dsp_p99=40.013870 dsp_max=41.499706
RESULT tag=A-b1024-p3-l0-run1 jitter_n=3180 jitter_median_usec=-297 jitter_p99_usec=839 jitter_p99_9_usec=1047 jitter_max_usec=1127
RESULT tag=A-b1024-p3-l0-run1 frames_late_p99_usec=250 frames_late_max_usec=375
RESULT tag=A-b1024-p3-l0-run1 delay_events=0 delay_nonzero=0 (legacy, ignore)
RESULT tag=A-b1024-p3-l0-run1 samples=60 temp=57.9'C throttled=0x0
RESULT tag=A-b1024-p3-l0-run1 file=/tmp/latency-A-b1024-p3-l0-run1-1787384198.out xrun_events=/tmp/latency-A-b1024-p3-l0-run1-1787384198.xruns
RESULT tag=A-b1024-p3-l0-run1 probe_xrun_count=0 jackd_alsa_xrun_count=0 jackd_alsa_msec_min=0 jackd_alsa_msec_median=0 jackd_alsa_msec_max=0 jackd_alsa_msec_mean=0 window_since=2026-08-22T03:36:46-04:00 window_until=2026-08-22T03:37:48-04:00
SENTINEL run-complete tag=A-b1024-p3-l0-run1 xruns=0
     t     dsp%    xruns   delta
     1 39.368793        0       0
     2 39.681583        0       0
     3 38.706783        0       0
     4 38.324001        0       0
     5 38.047077        0       0
     6 37.834770        0       0
     7 38.136097        0       0
     8 37.998814        0       0
     9 37.911083        0       0
    10 38.099590        0       0
    11 38.366364        0       0
    12 39.030365        0       0
    13 38.204132        0       0
    14 38.534401        0       0
    15 38.023888        0       0
    16 38.045834        0       0
    17 40.013870        0       0
    18 39.461349        0       0
    19 38.886444        0       0
    20 38.581829        0       0
    21 38.247459        0       0
    22 38.732632        0       0
    23 38.090824        0       0
    24 38.265736        0       0
    25 38.199570        0       0
    26 38.267139        0       0
    27 38.214336        0       0
    28 38.308331        0       0
    29 38.246651        0       0
    30 38.044533        0       0
    31 38.002251        0       0
    32 38.086578        0       0
    33 38.330299        0       0
    34 38.135757        0       0
    35 37.985165        0       0
    36 37.974911        0       0
    37 38.090267        0       0
    38 38.369656        0       0
    39 37.993248        0       0
    40 37.875828        0       0
    41 37.892059        0       0
    42 38.118202        0       0
    43 38.297188        0       0
    44 38.079361        0       0
    45 38.246185        0       0
    46 38.220264        0       0
    47 41.499706        0       0
    48 39.802494        0       0
    49 38.534271        0       0
    50 38.270557        0       0
    51 38.002460        0       0
    52 38.060902        0       0
    53 38.357864        0       0
    54 38.315952        0       0
    55 38.203655        0       0
    56 38.051342        0       0
    57 38.019138        0       0
    58 37.572361        0       0
    59 37.273972        0       0
    60 32.267681        0       0
--- xrun delays (probe) ---
PROBE_START client=mpe-xrun-probe buffer_frames=1024 sample_rate=48000 expected_period_us=21333
JITTER_SUMMARY expected_period_us=21333 n=3180 median_usec=-297 p99_usec=839 p99_9_usec=1047 max_usec=1127
FRAMES_LATE_SUMMARY expected_period_us=21333 n=3180 median_usec=83 p99_usec=250 p99_9_usec=333 max_usec=375
XRUN_COUNT 0
PROBE_END
=== restore buffer 1024 periods 2 ===
Applied buffer=1024 periods=2
jackd period=1024 ok
jackd periods=2 ok
done commit=34c0251 log=/home/mitch/plan-v9c-20260822-033058/closed-hat-ceiling/confirm-v3.log
SENTINEL harness-end

