=== measure-confirm-at-voices tag=ceil-Closed_Hat-v4 patch=Closed Hat voices=4 sec=60 2026-08-22T03:48:38-04:00 ===
OSC client initialized: 127.0.0.1:53280
Loaded patch: Closed Hat.fxp
loaded Closed Hat.fxp

=== measure-latency-run buffer=1024 periods=3 condition=A runs=1 seconds=60 2026-08-22T03:48:40-04:00 ===
SENTINEL harness-start
Applied buffer=1024 periods=3
jackd period=1024 ok
jackd periods=3 ok
condition A units:
  sooperlooper=inactive session=inactive watchdog=inactive
jackd period=1024 ok
jackd periods=3 ok
=== provenance after strict restart ===
=== provenance 2026-08-22T03:49:29-04:00 ===
37819a9 Add V9-d multi-patch 1024×2 vs ×3 confirmation plan.
6.18.34+rpt-rpi-v8
coherent_pool=1M 8250.nr_uarts=0 snd_bcm2835.enable_headphones=0 cgroup_disable=memory numa_policy=interleave nvme.max_host_mem_size_mb=32 snd_bcm2835.enable_headphones=1 snd_bcm2835.enable_hdmi=1 snd_bcm2835.enable_hdmi=0  numa=fake=2 system_heap.max_order=0 iommu_dma_numa_policy=interleave smsc95xx.macaddr=2C:CF:67:59:7C:41 vc_mem.mem_base=0x3ec00000 vc_mem.mem_size=0x40000000  console=ttyS0,115200 console=tty1 root=PARTUUID=ed7e095b-02 rootfstype=ext4 fsck.repair=yes rootwait cfg80211.ieee80211_regdom=CA irqaffinity=0,1 video=HDMI-A-1:d video=HDMI-A-2:d threadirqs

governor cpufreq=performance
jackd -R -P70 -d alsa -P hw:2 -r 48000 -p 1024 -n 3
PROVENANCE patch=Closed Hat hold_voices=4 buffer=1024 periods=3 condition=A 2026-08-22T03:49:29-04:00
=== run A-b1024-p3-l0-run1 ===
RESULT tag=A-b1024-p3-l0-run1 xruns=0 meter_live=1 meter_max_age_s=0 dsp_median=47.458176 dsp_p99=49.458988 dsp_max=51.498486
RESULT tag=A-b1024-p3-l0-run1 jitter_n=3179 jitter_median_usec=-299 jitter_p99_usec=807 jitter_p99_9_usec=1044 jitter_max_usec=1118
RESULT tag=A-b1024-p3-l0-run1 frames_late_p99_usec=250 frames_late_max_usec=375
RESULT tag=A-b1024-p3-l0-run1 delay_events=0 delay_nonzero=0 (legacy, ignore)
RESULT tag=A-b1024-p3-l0-run1 samples=60 temp=58.9'C throttled=0x0
RESULT tag=A-b1024-p3-l0-run1 file=/tmp/latency-A-b1024-p3-l0-run1-1787384969.out xrun_events=/tmp/latency-A-b1024-p3-l0-run1-1787384969.xruns
RESULT tag=A-b1024-p3-l0-run1 probe_xrun_count=0 jackd_alsa_xrun_count=0 jackd_alsa_msec_min=0 jackd_alsa_msec_median=0 jackd_alsa_msec_max=0 jackd_alsa_msec_mean=0 window_since=2026-08-22T03:49:37-04:00 window_until=2026-08-22T03:50:39-04:00
SENTINEL run-complete tag=A-b1024-p3-l0-run1 xruns=0
     t     dsp%    xruns   delta
     1 47.766556        0       0
     2 47.951622        0       0
     3 47.865417        0       0
     4 47.534641        0       0
     5 47.237007        0       0
     6 47.150124        0       0
     7 47.561920        0       0
     8 47.507114        0       0
     9 47.215221        0       0
    10 47.307983        0       0
    11 47.558022        0       0
    12 48.189548        0       0
    13 47.384659        0       0
    14 47.233322        0       0
    15 47.241699        0       0
    16 47.152470        0       0
    17 49.334446        0       0
    18 48.849808        0       0
    19 48.097149        0       0
    20 47.499840        0       0
    21 47.349510        0       0
    22 48.375839        0       0
    23 47.569534        0       0
    24 47.458176        0       0
    25 47.096642        0       0
    26 47.361042        0       0
    27 47.296516        0       0
    28 47.343044        0       0
    29 47.479706        0       0
    30 47.439232        0       0
    31 47.352016        0       0
    32 47.493568        0       0
    33 47.597389        0       0
    34 47.552971        0       0
    35 47.230202        0       0
    36 47.451408        0       0
    37 47.278641        0       0
    38 47.616257        0       0
    39 47.172192        0       0
    40 47.253651        0       0
    41 47.028809        0       0
    42 47.118679        0       0
    43 47.728668        0       0
    44 47.667831        0       0
    45 47.397797        0       0
    46 47.568024        0       0
    47 51.498486        0       0
    48 49.458988        0       0
    49 47.730141        0       0
    50 47.612316        0       0
    51 47.463009        0       0
    52 47.302967        0       0
    53 47.848572        0       0
    54 47.540279        0       0
    55 47.412186        0       0
    56 47.500214        0       0
    57 47.158421        0       0
    58 46.935043        0       0
    59 46.647572        0       0
    60 39.343185        0       0
--- xrun delays (probe) ---
PROBE_START client=mpe-xrun-probe buffer_frames=1024 sample_rate=48000 expected_period_us=21333
JITTER_SUMMARY expected_period_us=21333 n=3179 median_usec=-299 p99_usec=807 p99_9_usec=1044 max_usec=1118
FRAMES_LATE_SUMMARY expected_period_us=21333 n=3179 median_usec=104 p99_usec=250 p99_9_usec=333 max_usec=375
XRUN_COUNT 0
PROBE_END
=== restore buffer 512 periods 3 ===
Applied buffer=512 periods=3
jackd period=512 ok
jackd periods=3 ok
done commit=37819a9 log=/home/mitch/plan-v9c-redo-20260822-034337/closed-hat-ceiling/confirm-v4.log
SENTINEL harness-end

