=== measure-confirm-at-voices tag=ceil-Closed_Hat-v6 patch=Closed Hat voices=6 sec=60 2026-08-22T03:43:38-04:00 ===
OSC client initialized: 127.0.0.1:53280
Loaded patch: Closed Hat.fxp
loaded Closed Hat.fxp

=== measure-latency-run buffer=1024 periods=3 condition=A runs=1 seconds=60 2026-08-22T03:43:39-04:00 ===
SENTINEL harness-start
Applied buffer=1024 periods=3
jackd period=1024 ok
jackd periods=3 ok
condition A units:
  sooperlooper=inactive session=inactive watchdog=inactive
jackd period=1024 ok
jackd periods=3 ok
=== provenance after strict restart ===
=== provenance 2026-08-22T03:44:28-04:00 ===
37819a9 Add V9-d multi-patch 1024×2 vs ×3 confirmation plan.
6.18.34+rpt-rpi-v8
coherent_pool=1M 8250.nr_uarts=0 snd_bcm2835.enable_headphones=0 cgroup_disable=memory numa_policy=interleave nvme.max_host_mem_size_mb=32 snd_bcm2835.enable_headphones=1 snd_bcm2835.enable_hdmi=1 snd_bcm2835.enable_hdmi=0  numa=fake=2 system_heap.max_order=0 iommu_dma_numa_policy=interleave smsc95xx.macaddr=2C:CF:67:59:7C:41 vc_mem.mem_base=0x3ec00000 vc_mem.mem_size=0x40000000  console=ttyS0,115200 console=tty1 root=PARTUUID=ed7e095b-02 rootfstype=ext4 fsck.repair=yes rootwait cfg80211.ieee80211_regdom=CA irqaffinity=0,1 video=HDMI-A-1:d video=HDMI-A-2:d threadirqs

governor cpufreq=performance
jackd -R -P70 -d alsa -P hw:2 -r 48000 -p 1024 -n 3
PROVENANCE patch=Closed Hat hold_voices=6 buffer=1024 periods=3 condition=A 2026-08-22T03:44:28-04:00
=== run A-b1024-p3-l0-run1 ===
RESULT tag=A-b1024-p3-l0-run1 xruns=4 meter_live=1 meter_max_age_s=0 dsp_median=66.206963 dsp_p99=74.477325 dsp_max=83.950233
RESULT tag=A-b1024-p3-l0-run1 jitter_n=3184 jitter_median_usec=-305 jitter_p99_usec=791 jitter_p99_9_usec=1023 jitter_max_usec=1065
RESULT tag=A-b1024-p3-l0-run1 frames_late_p99_usec=271 frames_late_max_usec=396
RESULT tag=A-b1024-p3-l0-run1 delay_events=0 delay_nonzero=0 (legacy, ignore)
RESULT tag=A-b1024-p3-l0-run1 samples=60 temp=59.4'C throttled=0x0
RESULT tag=A-b1024-p3-l0-run1 file=/tmp/latency-A-b1024-p3-l0-run1-1787384668.out xrun_events=/tmp/latency-A-b1024-p3-l0-run1-1787384668.xruns
RESULT tag=A-b1024-p3-l0-run1 probe_xrun_count=4 jackd_alsa_xrun_count=0 jackd_alsa_msec_min=0 jackd_alsa_msec_median=0 jackd_alsa_msec_max=0 jackd_alsa_msec_mean=0 window_since=2026-08-22T03:44:37-04:00 window_until=2026-08-22T03:45:39-04:00
SENTINEL run-complete tag=A-b1024-p3-l0-run1 xruns=4
     t     dsp%    xruns   delta
     1 66.803490        2       0
     2 67.152275        2       0
     3 67.097450        2       0
     4 66.139076        2       0
     5 65.670822        2       0
     6 65.946083        2       0
     7 66.072845        2       0
     8 66.404915        2       0
     9 65.592232        2       0
    10 66.366173        2       0
    11 66.288025        2       0
    12 67.698456        2       0
    13 66.084366        2       0
    14 66.394264        2       0
    15 65.621208        2       0
    16 66.291595        2       0
    17 69.113548        4       2
    18 74.477325        4       0
    19 69.950890        4       0
    20 67.317802        4       0
    21 66.364098        4       0
    22 67.805107        4       0
    23 66.206963        4       0
    24 66.034935        4       0
    25 65.689857        4       0
    26 65.726357        4       0
    27 65.612907        4       0
    28 66.136032        4       0
    29 65.808372        4       0
    30 66.168495        4       0
    31 65.824600        4       0
    32 65.966721        4       0
    33 66.498711        4       0
    34 66.313156        4       0
    35 65.712257        4       0
    36 66.346497        4       0
    37 66.015915        4       0
    38 66.889732        4       0
    39 65.881012        4       0
    40 66.074615        4       0
    41 65.910446        4       0
    42 66.377014        4       0
    43 66.460899        4       0
    44 65.767944        4       0
    45 66.243088        4       0
    46 66.131439        4       0
    47 71.294266        6       2
    48 83.950233        6       0
    49 70.549271        6       0
    50 68.432190        6       0
    51 66.723671        6       0
    52 66.177193        6       0
    53 67.049385        6       0
    54 66.633026        6       0
    55 66.369965        6       0
    56 66.194878        6       0
    57 65.141273        6       0
    58 65.575836        6       0
    59 64.792328        6       0
    60 52.368568        6       0
--- xrun delays (probe) ---
PROBE_START client=mpe-xrun-probe buffer_frames=1024 sample_rate=48000 expected_period_us=21333
JITTER_SUMMARY expected_period_us=21333 n=3184 median_usec=-305 p99_usec=791 p99_9_usec=1023 max_usec=1065
FRAMES_LATE_SUMMARY expected_period_us=21333 n=3184 median_usec=83 p99_usec=271 p99_9_usec=333 max_usec=396
XRUN_COUNT 4
PROBE_END
=== restore buffer 512 periods 3 ===
Applied buffer=512 periods=3
jackd period=512 ok
jackd periods=3 ok
done commit=37819a9 log=/home/mitch/plan-v9c-redo-20260822-034337/closed-hat-ceiling/confirm-v6.log
SENTINEL harness-end

