=== measure-confirm-at-voices tag=ceil-Closed_Hat-v3 patch=Closed Hat voices=3 sec=60 2026-08-22T03:46:07-04:00 ===
OSC client initialized: 127.0.0.1:53280
Loaded patch: Closed Hat.fxp
loaded Closed Hat.fxp

=== measure-latency-run buffer=1024 periods=3 condition=A runs=1 seconds=60 2026-08-22T03:46:09-04:00 ===
SENTINEL harness-start
Applied buffer=1024 periods=3
jackd period=1024 ok
jackd periods=3 ok
condition A units:
  sooperlooper=inactive session=inactive watchdog=inactive
jackd period=1024 ok
jackd periods=3 ok
=== provenance after strict restart ===
=== provenance 2026-08-22T03:46:59-04:00 ===
37819a9 Add V9-d multi-patch 1024×2 vs ×3 confirmation plan.
6.18.34+rpt-rpi-v8
coherent_pool=1M 8250.nr_uarts=0 snd_bcm2835.enable_headphones=0 cgroup_disable=memory numa_policy=interleave nvme.max_host_mem_size_mb=32 snd_bcm2835.enable_headphones=1 snd_bcm2835.enable_hdmi=1 snd_bcm2835.enable_hdmi=0  numa=fake=2 system_heap.max_order=0 iommu_dma_numa_policy=interleave smsc95xx.macaddr=2C:CF:67:59:7C:41 vc_mem.mem_base=0x3ec00000 vc_mem.mem_size=0x40000000  console=ttyS0,115200 console=tty1 root=PARTUUID=ed7e095b-02 rootfstype=ext4 fsck.repair=yes rootwait cfg80211.ieee80211_regdom=CA irqaffinity=0,1 video=HDMI-A-1:d video=HDMI-A-2:d threadirqs

governor cpufreq=performance
jackd -R -P70 -d alsa -P hw:2 -r 48000 -p 1024 -n 3
PROVENANCE patch=Closed Hat hold_voices=3 buffer=1024 periods=3 condition=A 2026-08-22T03:46:59-04:00
=== run A-b1024-p3-l0-run1 ===
RESULT tag=A-b1024-p3-l0-run1 xruns=0 meter_live=1 meter_max_age_s=0 dsp_median=38.260960 dsp_p99=40.344284 dsp_max=42.447342
RESULT tag=A-b1024-p3-l0-run1 jitter_n=3179 jitter_median_usec=-307 jitter_p99_usec=812 jitter_p99_9_usec=929 jitter_max_usec=962
RESULT tag=A-b1024-p3-l0-run1 frames_late_p99_usec=292 frames_late_max_usec=354
RESULT tag=A-b1024-p3-l0-run1 delay_events=0 delay_nonzero=0 (legacy, ignore)
RESULT tag=A-b1024-p3-l0-run1 samples=60 temp=58.4'C throttled=0x0
RESULT tag=A-b1024-p3-l0-run1 file=/tmp/latency-A-b1024-p3-l0-run1-1787384819.out xrun_events=/tmp/latency-A-b1024-p3-l0-run1-1787384819.xruns
RESULT tag=A-b1024-p3-l0-run1 probe_xrun_count=0 jackd_alsa_xrun_count=0 jackd_alsa_msec_min=0 jackd_alsa_msec_median=0 jackd_alsa_msec_max=0 jackd_alsa_msec_mean=0 window_since=2026-08-22T03:47:07-04:00 window_until=2026-08-22T03:48:09-04:00
SENTINEL run-complete tag=A-b1024-p3-l0-run1 xruns=0
     t     dsp%    xruns   delta
     1 38.404930        0       0
     2 38.911366        0       0
     3 38.786110        0       0
     4 38.206631        0       0
     5 38.095100        0       0
     6 38.135349        0       0
     7 38.269833        0       0
     8 38.290684        0       0
     9 37.909050        0       0
    10 38.117325        0       0
    11 38.425877        0       0
    12 38.392147        0       0
    13 37.993011        0       0
    14 38.011646        0       0
    15 37.821712        0       0
    16 38.214283        0       0
    17 38.623856        0       0
    18 38.427116        0       0
    19 38.350578        0       0
    20 38.209969        0       0
    21 38.199814        0       0
    22 42.447342        0       0
    23 40.344284        0       0
    24 38.755268        0       0
    25 38.535748        0       0
    26 38.355869        0       0
    27 38.174324        0       0
    28 38.380360        0       0
    29 38.193600        0       0
    30 38.260960        0       0
    31 38.436253        0       0
    32 38.172329        0       0
    33 38.753696        0       0
    34 38.052139        0       0
    35 38.342781        0       0
    36 38.057625        0       0
    37 38.249229        0       0
    38 38.413979        0       0
    39 38.069954        0       0
    40 38.050117        0       0
    41 38.167664        0       0
    42 38.040379        0       0
    43 38.759380        0       0
    44 38.294048        0       0
    45 38.274353        0       0
    46 38.106533        0       0
    47 38.504040        0       0
    48 38.307007        0       0
    49 38.200249        0       0
    50 38.466831        0       0
    51 38.264812        0       0
    52 39.788200        0       0
    53 39.501030        0       0
    54 38.737530        0       0
    55 38.132092        0       0
    56 38.186657        0       0
    57 37.922890        0       0
    58 37.929710        0       0
    59 37.572178        0       0
    60 32.235588        0       0
--- xrun delays (probe) ---
PROBE_START client=mpe-xrun-probe buffer_frames=1024 sample_rate=48000 expected_period_us=21333
JITTER_SUMMARY expected_period_us=21333 n=3179 median_usec=-307 p99_usec=812 p99_9_usec=929 max_usec=962
FRAMES_LATE_SUMMARY expected_period_us=21333 n=3179 median_usec=83 p99_usec=292 p99_9_usec=333 max_usec=354
XRUN_COUNT 0
PROBE_END
=== restore buffer 512 periods 3 ===
Applied buffer=512 periods=3
jackd period=512 ok
jackd periods=3 ok
done commit=37819a9 log=/home/mitch/plan-v9c-redo-20260822-034337/closed-hat-ceiling/confirm-v3.log
SENTINEL harness-end

