
=== measure-latency-run buffer=1024 periods=3 condition=A runs=1 seconds=60 2026-08-22T03:05:14-04:00 ===
SENTINEL harness-start
Applied buffer=1024 periods=3
jackd period=1024 ok
jackd periods=3 ok
condition A units:
  sooperlooper=inactive session=inactive watchdog=inactive
jackd period=1024 ok
jackd periods=3 ok
=== provenance after strict restart ===
=== provenance 2026-08-22T03:06:02-04:00 ===
091d63b Add measure-plan-v9a.sh for ramp vs 60s confirm duration test.
6.18.34+rpt-rpi-v8
coherent_pool=1M 8250.nr_uarts=0 snd_bcm2835.enable_headphones=0 cgroup_disable=memory numa_policy=interleave nvme.max_host_mem_size_mb=32 snd_bcm2835.enable_headphones=1 snd_bcm2835.enable_hdmi=1 snd_bcm2835.enable_hdmi=0  numa=fake=2 system_heap.max_order=0 iommu_dma_numa_policy=interleave smsc95xx.macaddr=2C:CF:67:59:7C:41 vc_mem.mem_base=0x3ec00000 vc_mem.mem_size=0x40000000  console=ttyS0,115200 console=tty1 root=PARTUUID=ed7e095b-02 rootfstype=ext4 fsck.repair=yes rootwait cfg80211.ieee80211_regdom=CA irqaffinity=0,1 video=HDMI-A-1:d video=HDMI-A-2:d threadirqs

governor cpufreq=performance
jackd -R -P70 -d alsa -P hw:2 -r 48000 -p 1024 -n 3
PROVENANCE patch=Crystals hold_voices=3 buffer=1024 periods=3 condition=A 2026-08-22T03:06:02-04:00
=== run A-b1024-p3-l0-run1 ===
RESULT tag=A-b1024-p3-l0-run1 xruns=0 meter_live=1 meter_max_age_s=0 dsp_median=38.440346 dsp_p99=40.298706 dsp_max=41.756184
RESULT tag=A-b1024-p3-l0-run1 jitter_n=3177 jitter_median_usec=-311 jitter_p99_usec=780 jitter_p99_9_usec=1014 jitter_max_usec=1095
RESULT tag=A-b1024-p3-l0-run1 frames_late_p99_usec=312 frames_late_max_usec=396
RESULT tag=A-b1024-p3-l0-run1 delay_events=0 delay_nonzero=0 (legacy, ignore)
RESULT tag=A-b1024-p3-l0-run1 samples=60 temp=57.4'C throttled=0x0
RESULT tag=A-b1024-p3-l0-run1 file=/tmp/latency-A-b1024-p3-l0-run1-1787382362.out xrun_events=/tmp/latency-A-b1024-p3-l0-run1-1787382362.xruns
RESULT tag=A-b1024-p3-l0-run1 probe_xrun_count=0 jackd_alsa_xrun_count=0 jackd_alsa_msec_min=0 jackd_alsa_msec_median=0 jackd_alsa_msec_max=0 jackd_alsa_msec_mean=0 window_since=2026-08-22T03:06:10-04:00 window_until=2026-08-22T03:07:12-04:00
SENTINEL run-complete tag=A-b1024-p3-l0-run1 xruns=0
     t     dsp%    xruns   delta
     1 38.776333        0       0
     2 38.794720        0       0
     3 38.854214        0       0
     4 38.507874        0       0
     5 38.515175        0       0
     6 38.202808        0       0
     7 38.553886        0       0
     8 38.606152        0       0
     9 38.171906        0       0
    10 38.227661        0       0
    11 38.332756        0       0
    12 38.908092        0       0
    13 38.543880        0       0
    14 38.343330        0       0
    15 38.264404        0       0
    16 38.487194        0       0
    17 38.957188        0       0
    18 38.307713        0       0
    19 38.396347        0       0
    20 38.019844        0       0
    21 38.393036        0       0
    22 41.756184        0       0
    23 40.298706        0       0
    24 38.668873        0       0
    25 38.680050        0       0
    26 38.211475        0       0
    27 38.392757        0       0
    28 38.552155        0       0
    29 38.347469        0       0
    30 38.236145        0       0
    31 38.489468        0       0
    32 38.440346        0       0
    33 39.166409        0       0
    34 38.497562        0       0
    35 38.438904        0       0
    36 38.401001        0       0
    37 38.365543        0       0
    38 38.469791        0       0
    39 38.464775        0       0
    40 38.165497        0       0
    41 38.606670        0       0
    42 38.456760        0       0
    43 38.749802        0       0
    44 38.497856        0       0
    45 38.264362        0       0
    46 38.222324        0       0
    47 38.641937        0       0
    48 38.601860        0       0
    49 38.381775        0       0
    50 38.318531        0       0
    51 38.158592        0       0
    52 39.350708        0       0
    53 39.467827        0       0
    54 38.880306        0       0
    55 38.424431        0       0
    56 38.407829        0       0
    57 37.633644        0       0
    58 37.693680        0       0
    59 37.508068        0       0
    60 31.525801        0       0
--- xrun delays (probe) ---
PROBE_START client=mpe-xrun-probe buffer_frames=1024 sample_rate=48000 expected_period_us=21333
JITTER_SUMMARY expected_period_us=21333 n=3177 median_usec=-311 p99_usec=780 p99_9_usec=1014 max_usec=1095
FRAMES_LATE_SUMMARY expected_period_us=21333 n=3177 median_usec=83 p99_usec=312 p99_9_usec=354 max_usec=396
XRUN_COUNT 0
PROBE_END
=== restore buffer 1024 periods 3 ===
skip restore (--no-restore-buffer)
done commit=091d63b log=/home/mitch/plan-v9a-20260822-030357/v9a-confirm-Crystals.log
SENTINEL harness-end

