CLOCK label=before-P7-baseline-Crystals-run1 measure_clock_arm=frequency(48)=1800404352 arm_mhz=1800 scaling_cur_khz=1800000 scaling_mhz=1800 throttled=0x0 temp=57.9'C
=== measure-confirm-at-voices tag=P7-baseline-Crystals-run1 patch=Crystals voices=3 sec=45 2026-08-22T11:21:12-04:00 ===
OSC client initialized: 127.0.0.1:53280
Loaded patch: Crystals.fxp
loaded Crystals.fxp

=== measure-latency-run buffer=1024 periods=2 condition=A runs=1 seconds=45 2026-08-22T11:21:14-04:00 ===
SENTINEL harness-start
Applied buffer=1024 periods=2
jackd period=1024 ok
jackd periods=2 ok
condition A units:
  sooperlooper=inactive session=inactive watchdog=inactive
jackd period=1024 ok
jackd periods=2 ok
=== provenance after strict restart ===
=== provenance 2026-08-22T11:22:03-04:00 ===
5f23472 Fix P7 idle check: exclude plan script from pgrep.
6.18.34+rpt-rpi-v8
coherent_pool=1M 8250.nr_uarts=0 snd_bcm2835.enable_headphones=0 cgroup_disable=memory numa_policy=interleave nvme.max_host_mem_size_mb=32 snd_bcm2835.enable_headphones=1 snd_bcm2835.enable_hdmi=1 snd_bcm2835.enable_hdmi=0  numa=fake=2 system_heap.max_order=0 iommu_dma_numa_policy=interleave smsc95xx.macaddr=2C:CF:67:59:7C:41 vc_mem.mem_base=0x3ec00000 vc_mem.mem_size=0x40000000  console=ttyS0,115200 console=tty1 root=PARTUUID=ed7e095b-02 rootfstype=ext4 fsck.repair=yes rootwait cfg80211.ieee80211_regdom=CA irqaffinity=0,1 video=HDMI-A-1:d video=HDMI-A-2:d threadirqs

governor cpufreq=performance
jackd -R -P70 -d alsa -P hw:2 -r 48000 -p 1024 -n 2
PROVENANCE patch=Crystals hold_voices=3 buffer=1024 periods=2 condition=A 2026-08-22T11:22:03-04:00
=== run A-b1024-p2-l0-run1 ===
RESULT tag=A-b1024-p2-l0-run1 xruns=0 meter_live=1 meter_max_age_s=0 dsp_median=38.177116 dsp_p99=39.417782 dsp_max=39.919289
RESULT tag=A-b1024-p2-l0-run1 jitter_n=2457 jitter_median_usec=-298 jitter_p99_usec=805 jitter_p99_9_usec=968 jitter_max_usec=1136
RESULT tag=A-b1024-p2-l0-run1 frames_late_p99_usec=250 frames_late_max_usec=375
RESULT tag=A-b1024-p2-l0-run1 delay_events=0 delay_nonzero=0 (legacy, ignore)
RESULT tag=A-b1024-p2-l0-run1 samples=45 temp=53.5'C throttled=0x0
RESULT tag=A-b1024-p2-l0-run1 file=/tmp/latency-A-b1024-p2-l0-run1-1787412123.out xrun_events=/tmp/latency-A-b1024-p2-l0-run1-1787412123.xruns
RESULT tag=A-b1024-p2-l0-run1 probe_xrun_count=0 jackd_alsa_xrun_count=0 jackd_alsa_msec_min=0 jackd_alsa_msec_median=0 jackd_alsa_msec_max=0 jackd_alsa_msec_mean=0 window_since=2026-08-22T11:22:11-04:00 window_until=2026-08-22T11:22:57-04:00
SENTINEL run-complete tag=A-b1024-p2-l0-run1 xruns=0
     t     dsp%    xruns   delta
     1 39.090569        0       0
     2 39.059650        0       0
     3 38.530205        0       0
     4 38.177116        0       0
     5 38.157623        0       0
     6 38.042389        0       0
     7 38.179794        0       0
     8 38.161289        0       0
     9 38.157959        0       0
    10 37.967556        0       0
    11 38.463436        0       0
    12 38.736710        0       0
    13 38.177589        0       0
    14 37.982056        0       0
    15 38.001820        0       0
    16 38.133240        0       0
    17 39.919289        0       0
    18 39.417782        0       0
    19 38.667782        0       0
    20 37.964653        0       0
    21 38.112312        0       0
    22 38.700020        0       0
    23 38.355778        0       0
    24 38.295643        0       0
    25 38.207493        0       0
    26 38.161304        0       0
    27 38.194233        0       0
    28 38.127522        0       0
    29 38.121090        0       0
    30 38.049469        0       0
    31 38.004719        0       0
    32 37.869843        0       0
    33 38.450729        0       0
    34 38.062378        0       0
    35 38.211746        0       0
    36 38.057732        0       0
    37 38.265667        0       0
    38 38.255787        0       0
    39 38.325726        0       0
    40 38.060814        0       0
    41 38.335575        0       0
    42 38.276680        0       0
    43 38.002819        0       0
    44 37.529041        0       0
    45 37.526451        0       0
--- xrun delays (probe) ---
PROBE_START client=mpe-xrun-probe buffer_frames=1024 sample_rate=48000 expected_period_us=21333
JITTER_SUMMARY expected_period_us=21333 n=2457 median_usec=-298 p99_usec=805 p99_9_usec=968 max_usec=1136
FRAMES_LATE_SUMMARY expected_period_us=21333 n=2457 median_usec=83 p99_usec=250 p99_9_usec=333 max_usec=375
XRUN_COUNT 0
PROBE_END
=== restore buffer 1024 periods 2 ===
Applied buffer=1024 periods=2
jackd period=1024 ok
jackd periods=2 ok
done commit=5f23472 log=/home/mitch/plan-p7-20260822-112112/p7-baseline-Crystals.log
SENTINEL harness-end

CLOCK label=after-P7-baseline-Crystals-run1 measure_clock_arm=frequency(48)=1800457088 arm_mhz=1800 scaling_cur_khz=1800000 scaling_mhz=1800 throttled=0x0 temp=53.5'C
CLOCK label=before-P7-baseline-Crystals-run2 measure_clock_arm=frequency(48)=1800457088 arm_mhz=1800 scaling_cur_khz=1800000 scaling_mhz=1800 throttled=0x0 temp=50.6'C
=== measure-confirm-at-voices tag=P7-baseline-Crystals-run2 patch=Crystals voices=3 sec=45 2026-08-22T11:23:22-04:00 ===
OSC client initialized: 127.0.0.1:53280
Loaded patch: Crystals.fxp
loaded Crystals.fxp

=== measure-latency-run buffer=1024 periods=2 condition=A runs=1 seconds=45 2026-08-22T11:23:24-04:00 ===
SENTINEL harness-start
Applied buffer=1024 periods=2
jackd period=1024 ok
jackd periods=2 ok
condition A units:
  sooperlooper=inactive session=inactive watchdog=inactive
jackd period=1024 ok
jackd periods=2 ok
=== provenance after strict restart ===
=== provenance 2026-08-22T11:24:12-04:00 ===
5f23472 Fix P7 idle check: exclude plan script from pgrep.
6.18.34+rpt-rpi-v8
coherent_pool=1M 8250.nr_uarts=0 snd_bcm2835.enable_headphones=0 cgroup_disable=memory numa_policy=interleave nvme.max_host_mem_size_mb=32 snd_bcm2835.enable_headphones=1 snd_bcm2835.enable_hdmi=1 snd_bcm2835.enable_hdmi=0  numa=fake=2 system_heap.max_order=0 iommu_dma_numa_policy=interleave smsc95xx.macaddr=2C:CF:67:59:7C:41 vc_mem.mem_base=0x3ec00000 vc_mem.mem_size=0x40000000  console=ttyS0,115200 console=tty1 root=PARTUUID=ed7e095b-02 rootfstype=ext4 fsck.repair=yes rootwait cfg80211.ieee80211_regdom=CA irqaffinity=0,1 video=HDMI-A-1:d video=HDMI-A-2:d threadirqs

governor cpufreq=performance
jackd -R -P70 -d alsa -P hw:2 -r 48000 -p 1024 -n 2
PROVENANCE patch=Crystals hold_voices=3 buffer=1024 periods=2 condition=A 2026-08-22T11:24:12-04:00
