     t     dsp%    xruns   delta
     1 99.996986     1811      17
     2 99.998489     1834      23
     3 99.999619     1857      23
     4 99.999908     1885      28
     5 99.999977     1909      24
     6 99.999985     1930      21
     7 100.000000     1960      30
     8 100.000000     1980      20
     9 100.000000     2000      20
    10 100.000000     2026      26
    11 100.000000     2048      22
    12 100.000000     2070      22
    13 100.000000     2093      23
    14 100.000000     2120      27
    15 100.000000     2141      21
    16 100.000000     2163      22
    17 100.000000     2179      16
    18 100.000000     2203      24
    19 100.000000     2225      22
    20 98.971077     2251      26
    21 99.485535     2277      26
    22 99.871384     2295      18
    23 99.935692     2315      20
    24 99.983925     2337      22
    25 99.991959     2359      22
    26 99.997986     2387      28
    27 99.998993     2405      18
    28 99.438408     2427      22
    29 99.719208     2449      22
    30 99.929802     2477      28
    31 99.889900     2501      24
    32 99.852646     2523      22
    33 99.926323     2543      20
    34 99.981583     2567      24
    35 99.990791     2587      20
    36 99.997696     2609      22
    37 99.998848     2623      14
    38 99.395012     2647      24
    39 99.697510     2673      26
    40 99.924377     2693      20
    41 99.962189     2723      30
    42 99.990547     2741      18
    43 99.995270     2765      24
    44 99.998817     2785      20
    45 99.999405     2803      18
    46 99.999702     2829      26
    47 99.458511     2843      14
    48 99.729256     2859      16
    49 99.932312     2877      18
    50 99.966156     2899      22
    51 99.991539     2921      22
    52 99.995773     2943      22
    53 99.641510     2969      26
    54 99.820755     2991      22
    55 99.955185     3025      34
    56 99.326019     3049      24
    57 99.831505     3067      18
    58 99.915756     3089      22
    59 99.957878     3107      18
    60 99.989471     3131      24
