     t     dsp%    xruns   delta
     1 38.644909        0       0
     2 38.970417        0       0
     3 38.362583        0       0
     4 38.543312        0       0
     5 38.209843        0       0
     6 38.237251        0       0
     7 38.007023        0       0
     8 38.088966        0       0
     9 38.212532        0       0
    10 38.250317        0       0
    11 37.988026        0       0
    12 38.161499        0       0
    13 39.257244        0       0
    14 40.858639        0       0
    15 38.975266        0       0
    16 38.605900        0       0
    17 38.179806        0       0
    18 38.223522        0       0
    19 38.405811        0       0
    20 38.097210        0       0
    21 38.192654        0       0
    22 37.986496        0       0
    23 38.207611        0       0
    24 38.376961        0       0
    25 38.243465        0       0
    26 38.237095        0       0
    27 38.213379        0       0
    28 38.140511        0       0
    29 38.650249        0       0
    30 38.154804        0       0
    31 38.235516        0       0
    32 38.163368        0       0
    33 38.232304        0       0
    34 38.210983        0       0
    35 38.308666        0       0
    36 38.075722        0       0
    37 37.997108        0       0
    38 37.762909        0       0
    39 38.440399        0       0
    40 37.999516        0       0
    41 37.998489        0       0
    42 37.305134        0       0
    43 37.283329        0       0
    44 39.248642        0       0
    45 33.893295        0       0
