     t     dsp%    xruns   delta
     1 38.795776        0       0
     2 38.333340        0       0
     3 38.128315        0       0
     4 38.037113        0       0
     5 38.709663        0       0
     6 38.262157        0       0
     7 37.954659        0       0
     8 37.868248        0       0
     9 37.960476        0       0
    10 38.553200        0       0
    11 39.511032        0       0
    12 38.698002        0       0
    13 37.915958        0       0
    14 37.881710        0       0
    15 38.164234        0       0
    16 38.216789        0       0
    17 38.121193        0       0
    18 38.091682        0       0
    19 37.915668        0       0
    20 37.592636        0       0
    21 38.132557        0       0
    22 37.873035        0       0
    23 37.886032        0       0
    24 37.908672        0       0
    25 37.896820        0       0
    26 38.129337        0       0
    27 38.182938        0       0
    28 37.791882        0       0
    29 38.014210        0       0
    30 37.943062        0       0
    31 38.216362        0       0
    32 38.177231        0       0
    33 38.256866        0       0
    34 37.932636        0       0
    35 38.050404        0       0
    36 38.577068        0       0
    37 38.134167        0       0
    38 38.021286        0       0
    39 37.936626        0       0
    40 37.678764        0       0
    41 40.052982        0       0
    42 37.826668        0       0
    43 37.562843        0       0
    44 37.070831        0       0
    45 31.855156        0       0
