     t     dsp%    xruns   delta
     1 57.340485        0       0
     2 56.919903        0       0
     3 57.384949        0       0
     4 56.543694        0       0
     5 56.491035        0       0
     6 56.358242        0       0
     7 56.508579        0       0
     8 56.452385        0       0
     9 56.310631        0       0
    10 56.470604        0       0
    11 58.391781        0       0
    12 58.549473        0       0
    13 56.580601        0       0
    14 56.837624        0       0
    15 56.197174        0       0
    16 56.751381        0       0
    17 59.719151        0       0
    18 58.377735        0       0
    19 57.248680        0       0
    20 56.783928        0       0
    21 56.374432        0       0
    22 57.843899        0       0
    23 59.138046        0       0
    24 57.044159        0       0
    25 56.581894        0       0
    26 56.727386        0       0
    27 56.184441        0       0
    28 57.138969        0       0
    29 56.315231        0       0
    30 56.821270        0       0
    31 56.381386        0       0
    32 56.597389        0       0
    33 56.888298        0       0
    34 56.789906        0       0
    35 57.664173        0       0
    36 57.386440        0       0
    37 56.492580        0       0
    38 57.046741        0       0
    39 56.462734        0       0
    40 56.373211        0       0
    41 56.273258        0       0
    42 56.035118        0       0
    43 55.915649        0       0
    44 55.337372        0       0
    45 46.341637        0       0
