     t     dsp%    xruns   delta
     1 38.662537        0       0
     2 38.714382        0       0
     3 38.705219        0       0
     4 38.140404        0       0
     5 37.739357        0       0
     6 37.915287        0       0
     7 37.870281        0       0
     8 37.882313        0       0
     9 37.760082        0       0
    10 37.787369        0       0
    11 37.659000        0       0
    12 38.632153        0       0
    13 38.192471        0       0
    14 38.111378        0       0
    15 38.017746        0       0
    16 38.162296        0       0
    17 39.685379        0       0
    18 39.195240        0       0
    19 38.638542        0       0
    20 37.981956        0       0
    21 38.034245        0       0
    22 38.579716        0       0
    23 38.220623        0       0
    24 37.985287        0       0
    25 37.890594        0       0
    26 38.076221        0       0
    27 38.018097        0       0
    28 37.963955        0       0
    29 37.699455        0       0
    30 37.939369        0       0
    31 37.823105        0       0
    32 37.938412        0       0
    33 38.167862        0       0
    34 37.970161        0       0
    35 37.852360        0       0
    36 37.981163        0       0
    37 37.892609        0       0
    38 38.411453        0       0
    39 38.057606        0       0
    40 38.118946        0       0
    41 37.939949        0       0
    42 37.891365        0       0
    43 37.579529        0       0
    44 37.436932        0       0
    45 32.585911        0       0
