     t     dsp%    xruns   delta
     1 77.226456        0       0
     2 68.133224        0       0
     3 60.026558        0       0
     4 58.162155        0       0
     5 56.841358        0       0
     6 56.958626        0       0
     7 56.877819        0       0
     8 57.108105        0       0
     9 56.584717        0       0
    10 56.708427        0       0
    11 57.326221        0       0
    12 58.056538        0       0
    13 56.728077        0       0
    14 56.824638        0       0
    15 56.650963        0       0
    16 56.757957        0       0
    17 59.715405        0       0
    18 58.926414        0       0
    19 57.600365        0       0
    20 57.119118        0       0
    21 56.900627        0       0
    22 58.312958        0       0
    23 57.387390        0       0
    24 57.116268        0       0
    25 56.653107        0       0
    26 57.012383        0       0
    27 56.669128        0       0
    28 57.432415        0       0
    29 56.808834        0       0
    30 57.063038        0       0
    31 56.776489        0       0
    32 57.031662        0       0
    33 57.219524        0       0
    34 57.229740        0       0
    35 56.714737        0       0
    36 57.017193        0       0
    37 56.836216        0       0
    38 57.572468        0       0
    39 56.683231        0       0
    40 56.919407        0       0
    41 56.514103        0       0
    42 56.748123        0       0
    43 57.225353        0       0
    44 56.746456        0       0
    45 56.904140        0       0
    46 56.774387        0       0
    47 61.993954        0       0
    48 59.663830        0       0
    49 57.425217        0       0
    50 57.255241        0       0
    51 56.954319        0       0
    52 56.900261        0       0
    53 57.559338        0       0
    54 57.326992        0       0
    55 57.054291        0       0
    56 57.240875        0       0
    57 56.619083        0       0
    58 56.338886        0       0
    59 55.847218        0       0
    60 45.981445        0       0
