     t     dsp%    xruns   delta
     1 44.676517      306       4
     2 42.821407      306       0
     3 28.987358      306       0
     4 46.789684      306       0
     5 61.399040      306       0
     6 50.991295      314       8
     7 55.848133      318       4
     8 40.976402      318       0
     9 30.163763      318       0
    10 28.387703      318       0
    11 18.339207      318       0
    12 25.561958      318       0
    13 29.084009      318       0
    14 35.673241      324       6
    15 56.898808      324       0
    16 77.781448      332       8
    17 44.367668      332       0
    18 34.048065      332       0
    19 54.042278      332       0
    20 56.721439      340       8
    21 41.202465      340       0
    22 27.375929      340       0
    23 18.133543      340       0
    24 48.691555      340       0
    25 60.611324      340       0
    26 29.446196      340       0
    27 31.845165      340       0
    28 48.008656      341       1
    29 73.692780      354      13
    30 56.808151      362       8
    31 78.716583      366       4
    32 37.393635      366       0
    33 28.726564      366       0
    34 35.331306      366       0
    35 18.374453      366       0
    36 29.572781      366       0
    37 35.847034      366       0
    38 58.963272      368       2
    39 78.505447      376       8
    40 46.906555      376       0
    41 31.830271      376       0
    42 55.135040      376       0
    43 57.257683      378       2
    44 48.360771      381       3
    45 38.876183      381       0
    46 17.924440      381       0
    47 36.712132      381       0
    48 49.808346      381       0
    49 31.753139      381       0
    50 30.321346      381       0
    51 47.784737      381       0
    52 56.534409      389       8
    53 73.678329      393       4
    54 81.917503      407      14
    55 34.681366      407       0
    56 27.930326      407       0
    57 37.774975      407       0
    58 18.801432      407       0
    59 27.349569      407       0
    60 28.058361      407       0
