     t     dsp%    xruns   delta
     1 21.116821        0       0
     2 21.297642        0       0
     3 20.916451        0       0
     4 20.724010        0       0
     5 20.693911        0       0
     6 20.591646        0       0
     7 20.681358        0       0
     8 20.674435        0       0
     9 20.614162        0       0
    10 20.593960        0       0
    11 20.691311        0       0
    12 20.848164        0       0
    13 20.620094        0       0
    14 20.528957        0       0
    15 20.521542        0       0
    16 20.458586        0       0
    17 21.104462        0       0
    18 21.016985        0       0
    19 20.947718        0       0
    20 20.486778        0       0
    21 20.516205        0       0
    22 20.750389        0       0
    23 20.556604        0       0
    24 20.610487        0       0
    25 20.491341        0       0
    26 20.466433        0       0
    27 20.627909        0       0
    28 20.543936        0       0
    29 20.685411        0       0
    30 20.391905        0       0
    31 20.614084        0       0
    32 20.511889        0       0
    33 20.838373        0       0
    34 20.750597        0       0
    35 20.523046        0       0
    36 20.396057        0       0
    37 20.652382        0       0
    38 20.484163        0       0
    39 20.768158        0       0
    40 20.542051        0       0
    41 20.623253        0       0
    42 20.610224        0       0
    43 20.721159        0       0
    44 20.483395        0       0
    45 20.708200        0       0
    46 20.551916        0       0
    47 20.619089        0       0
    48 21.725344        0       0
    49 20.645638        0       0
    50 20.644855        0       0
    51 20.586845        0       0
    52 20.568584        0       0
    53 20.654497        0       0
    54 20.611786        0       0
    55 20.599672        0       0
    56 20.507027        0       0
    57 20.305119        0       0
    58 20.144121        0       0
    59 20.190187        0       0
    60 18.408304        0       0
