     t     dsp%    xruns   delta
     1 76.255867        0       0
     2 67.751053        0       0
     3 60.568523        0       0
     4 57.862328        0       0
     5 56.883430        0       0
     6 57.099194        0       0
     7 57.392269        0       0
     8 57.093452        0       0
     9 56.937309        0       0
    10 57.100353        0       0
    11 56.930836        0       0
    12 58.472916        0       0
    13 57.721638        0       0
    14 57.295639        0       0
    15 56.928093        0       0
    16 57.030117        0       0
    17 57.552231        0       0
    18 57.299274        0       0
    19 57.260242        0       0
    20 56.984867        0       0
    21 57.201477        0       0
    22 63.435509        0       0
    23 60.321327        0       0
    24 58.041943        0       0
    25 57.619854        0       0
    26 57.127506        0       0
    27 57.111076        0       0
    28 57.469067        0       0
    29 57.305294        0       0
    30 57.226994        0       0
    31 57.193630        0       0
    32 57.214451        0       0
    33 57.709370        0       0
    34 57.509819        0       0
    35 57.156246        0       0
    36 57.205132        0       0
    37 57.220703        0       0
    38 57.689713        0       0
    39 57.037155        0       0
    40 57.075272        0       0
    41 56.756981        0       0
    42 57.230503        0       0
    43 56.641697        0       0
    44 56.138813        0       0
    45 48.057220        0       0
