     t     dsp%    xruns   delta
     1 29.486979        4       2
     2 37.096180        4       0
     3 31.899790        4       0
     4 29.881363        4       0
     5 46.669239        4       0
     6 51.213963        4       0
     7 76.001350        4       0
     8 61.026035        4       0
     9 34.767361        4       0
    10 32.433136        4       0
    11 19.468618        4       0
    12 21.003235        4       0
    13 22.973351        4       0
    14 27.867399        4       0
    15 46.011990        4       0
    16 53.620537        6       2
    17 50.602203        6       0
    18 39.738827        6       0
    19 36.285294        6       0
    20 45.220715        6       0
    21 44.834145        6       0
    22 35.123363        6       0
    23 24.925859        6       0
    24 28.407202        6       0
    25 32.700764        6       0
    26 31.480633        6       0
    27 29.976477        6       0
    28 32.202316        6       0
    29 40.792950        6       0
    30 49.054707        6       0
    31 73.217178        6       0
    32 60.475368        6       0
    33 37.610989        6       0
    34 31.813511        6       0
    35 20.755140        6       0
    36 19.523027        6       0
    37 21.460703        6       0
    38 24.336033        6       0
    39 40.370090        8       2
    40 48.242512        8       0
    41 51.083504        8       0
    42 42.278732        8       0
    43 35.693905        8       0
    44 40.640278        8       0
    45 37.665115        8       0
    46 26.845964        8       0
    47 24.869978        8       0
    48 31.208721        8       0
    49 33.262733        8       0
    50 29.147186        8       0
    51 30.291061        8       0
    52 37.622444        8       0
    53 48.980450        8       0
    54 49.894527        8       0
    55 44.984295        8       0
    56 36.285332        8       0
    57 28.391167        8       0
    58 21.613667        8       0
    59 20.625139        8       0
    60 20.876015        8       0
