     t     dsp%    xruns   delta
     1 43.871616       87       0
     2 38.667164       87       0
     3 28.497164       87       0
     4 33.722443       87       0
     5 60.051640       89       2
     6 49.911385       89       0
     7 55.381226       91       2
     8 39.082268       91       0
     9 29.208616       91       0
    10 21.690035       91       0
    11 17.743217       91       0
    12 25.911846       91       0
    13 28.776569       91       0
    14 35.530148       91       0
    15 56.931438       91       0
    16 68.986778       93       2
    17 44.419807       93       0
    18 36.519051       93       0
    19 43.200813       93       0
    20 55.283993       93       0
    21 35.629658       93       0
    22 21.582636       93       0
    23 18.289425       93       0
    24 40.207420       93       0
    25 39.312492       93       0
    26 29.738638       93       0
    27 32.174652       93       0
    28 43.361755       93       0
    29 60.100285       95       2
    30 52.872486       97       2
    31 65.038261       97       0
    32 38.347755       97       0
    33 28.270056       97       0
    34 23.240507       97       0
    35 17.714121       97       0
    36 27.052868       97       0
    37 27.369598       97       0
    38 67.587936      105       8
    39 74.714767      108       3
    40 45.770012      108       0
    41 31.480263      108       0
    42 41.781082      108       0
    43 57.254707      108       0
    44 39.089977      110       2
    45 28.275791      110       0
    46 17.417774      110       0
    47 38.183212      110       0
    48 40.985466      110       0
    49 30.419601      110       0
    50 29.362659      110       0
    51 41.418381      110       0
    52 55.340477      112       2
    53 54.396358      112       0
    54 57.304741      112       0
    55 38.667572      112       0
    56 26.264866      112       0
    57 25.956812      112       0
    58 17.700308      112       0
    59 26.414516      112       0
    60 25.779840      112       0
