     t     dsp%    xruns   delta
     1 40.129280        0       0
     2 41.004349        0       0
     3 39.817554        0       0
     4 39.323410        0       0
     5 39.028694        0       0
     6 39.323318        0       0
     7 39.484371        0       0
     8 39.465828        0       0
     9 39.213886        0       0
    10 39.535149        0       0
    11 39.896420        0       0
    12 39.633358        0       0
    13 39.156307        0       0
    14 39.177540        0       0
    15 39.096985        0       0
    16 39.300209        0       0
    17 45.171013        0       0
    18 39.986801        0       0
    19 39.414951        0       0
    20 39.635288        0       0
    21 39.290150        0       0
    22 41.079933        0       0
    23 39.577374        0       0
    24 39.408310        0       0
    25 39.384834        0       0
    26 39.298691        0       0
    27 40.423538        0       0
    28 39.647686        0       0
    29 39.316311        0       0
    30 39.358097        0       0
    31 39.285896        0       0
    32 39.366016        0       0
    33 39.840122        0       0
    34 39.369667        0       0
    35 39.162022        0       0
    36 39.637657        0       0
    37 39.326775        0       0
    38 39.352375        0       0
    39 39.340340        0       0
    40 39.456028        0       0
    41 39.275948        0       0
    42 39.214764        0       0
    43 38.768806        0       0
    44 39.044064        0       0
    45 26.958839        0       0
