     t     dsp%    xruns   delta
     1 38.407383        0       0
     2 38.708683        0       0
     3 38.301838        0       0
     4 38.044266        0       0
     5 38.603317        0       0
     6 38.544147        0       0
     7 38.127106        0       0
     8 38.329479        0       0
     9 37.907032        0       0
    10 38.575699        0       0
    11 39.361969        0       0
    12 38.710186        0       0
    13 38.083069        0       0
    14 38.201988        0       0
    15 38.456421        0       0
    16 38.583202        0       0
    17 38.191898        0       0
    18 38.177330        0       0
    19 37.813175        0       0
    20 37.879910        0       0
    21 38.241039        0       0
    22 37.976330        0       0
    23 37.921272        0       0
    24 38.121391        0       0
    25 37.836769        0       0
    26 38.670979        0       0
    27 38.069374        0       0
    28 38.139664        0       0
    29 37.796688        0       0
    30 37.898052        0       0
    31 38.116512        0       0
    32 38.347618        0       0
    33 37.721718        0       0
    34 38.122097        0       0
    35 37.795422        0       0
    36 38.681614        0       0
    37 38.364212        0       0
    38 38.375374        0       0
    39 37.904446        0       0
    40 38.372837        0       0
    41 40.190174        0       0
    42 37.917061        0       0
    43 37.739292        0       0
    44 37.186428        0       0
    45 32.669994        0       0
