     t     dsp%    xruns   delta
     1 66.803490        2       0
     2 67.152275        2       0
     3 67.097450        2       0
     4 66.139076        2       0
     5 65.670822        2       0
     6 65.946083        2       0
     7 66.072845        2       0
     8 66.404915        2       0
     9 65.592232        2       0
    10 66.366173        2       0
    11 66.288025        2       0
    12 67.698456        2       0
    13 66.084366        2       0
    14 66.394264        2       0
    15 65.621208        2       0
    16 66.291595        2       0
    17 69.113548        4       2
    18 74.477325        4       0
    19 69.950890        4       0
    20 67.317802        4       0
    21 66.364098        4       0
    22 67.805107        4       0
    23 66.206963        4       0
    24 66.034935        4       0
    25 65.689857        4       0
    26 65.726357        4       0
    27 65.612907        4       0
    28 66.136032        4       0
    29 65.808372        4       0
    30 66.168495        4       0
    31 65.824600        4       0
    32 65.966721        4       0
    33 66.498711        4       0
    34 66.313156        4       0
    35 65.712257        4       0
    36 66.346497        4       0
    37 66.015915        4       0
    38 66.889732        4       0
    39 65.881012        4       0
    40 66.074615        4       0
    41 65.910446        4       0
    42 66.377014        4       0
    43 66.460899        4       0
    44 65.767944        4       0
    45 66.243088        4       0
    46 66.131439        4       0
    47 71.294266        6       2
    48 83.950233        6       0
    49 70.549271        6       0
    50 68.432190        6       0
    51 66.723671        6       0
    52 66.177193        6       0
    53 67.049385        6       0
    54 66.633026        6       0
    55 66.369965        6       0
    56 66.194878        6       0
    57 65.141273        6       0
    58 65.575836        6       0
    59 64.792328        6       0
    60 52.368568        6       0
