     t     dsp%    xruns   delta
     1 44.756683      163       2
     2 43.519386      163       0
     3 33.246880      163       0
     4 46.776279      163       0
     5 60.526608      163       0
     6 52.199127      175      12
     7 69.782715      185      10
     8 36.629978      185       0
     9 29.426142      185       0
    10 28.164936      185       0
    11 17.902107      185       0
    12 28.867638      185       0
    13 29.250807      185       0
    14 35.107449      185       0
    15 58.352848      185       0
    16 77.480125      198      13
    17 45.477463      198       0
    18 36.818897      198       0
    19 75.428505      200       2
    20 55.759720      208       8
    21 37.581352      208       0
    22 26.291256      208       0
    23 18.043642      208       0
    24 40.125320      208       0
    25 48.254932      208       0
    26 30.430351      208       0
    27 32.981216      208       0
    28 49.167591      208       0
    29 60.108963      222      14
    30 53.695919      233      11
    31 88.441429      233       0
    32 37.325256      233       0
    33 31.905577      233       0
    34 30.240229      233       0
    35 18.542187      233       0
    36 28.686628      233       0
    37 35.750786      233       0
    38 57.309612      233       0
    39 89.209671      243      10
    40 46.773788      243       0
    41 33.358467      243       0
    42 52.411285      243       0
    43 55.151619      243       0
    44 43.274326      245       2
    45 36.633583      245       0
    46 17.680794      245       0
    47 38.753078      245       0
    48 56.219444      245       0
    49 30.814968      245       0
    50 32.055527      245       0
    51 42.524448      245       0
    52 56.154144      256      11
    53 69.899590      258       2
    54 76.827873      270      12
    55 39.110325      270       0
    56 28.108814      270       0
    57 37.008675      270       0
    58 18.903721      270       0
    59 27.432457      270       0
    60 28.447863      270       0
