     t     dsp%    xruns   delta
     1 44.068527       60       2
     2 39.419117       60       0
     3 28.454447       60       0
     4 44.271358       60       0
     5 60.710434       60       0
     6 50.202946       62       2
     7 52.774975       66       4
     8 35.908054       66       0
     9 28.546886       66       0
    10 20.593592       66       0
    11 17.548826       66       0
    12 25.778137       66       0
    13 27.313936       66       0
    14 36.709126       66       0
    15 56.556374       66       0
    16 77.611778       70       4
    17 53.590569       72       2
    18 34.229675       72       0
    19 42.330906       72       0
    20 55.047436       72       0
    21 35.197025       72       0
    22 22.124056       72       0
    23 17.928392       72       0
    24 38.589947       72       0
    25 38.826061       72       0
    26 29.336676       72       0
    27 31.510618       72       0
    28 42.709446       72       0
    29 59.029480       74       2
    30 52.920799       78       4
    31 65.032150       78       0
    32 37.680233       78       0
    33 28.550560       78       0
    34 22.560766       78       0
    35 18.210365       78       0
    36 25.624109       78       0
    37 26.940025       78       0
    38 56.987366       78       0
    39 72.828423       82       4
    40 46.375732       82       0
    41 31.932430       82       0
    42 41.662746       82       0
    43 53.354958       82       0
    44 38.659889       84       2
    45 26.056726       84       0
    46 17.281725       84       0
    47 45.846512       84       0
    48 41.293888       84       0
    49 29.901440       84       0
    50 30.813931       84       0
    51 36.853268       84       0
    52 55.082855       86       2
    53 56.132092       86       0
    54 65.522903       88       2
    55 37.960381       88       0
    56 27.155926       88       0
    57 23.826067       88       0
    58 18.575169       88       0
    59 25.059950       88       0
    60 25.648218       88       0
