     t     dsp%    xruns   delta
     1 99.909065      256      20
     2 99.954529      278      22
     3 99.988632      298      20
     4 99.997162      322      24
     5 99.999290      346      24
     6 99.999649      366      20
     7 99.999908      388      22
     8 99.999954      414      26
     9 99.999985      434      20
    10 99.999992      457      23
    11 98.605446      475      18
    12 99.302719      495      20
    13 99.825684      517      22
    14 99.912842      537      20
    15 99.978210      561      24
    16 99.902390      571      10
    17 99.951195      591      20
    18 99.987801      613      22
    19 99.993896      633      20
    20 99.998474      656      23
    21 99.999237      676      20
    22 99.999809      692      16
    23 99.999908      716      24
    24 99.999977      732      16
    25 99.999985      754      22
    26 100.000000      772      18
    27 100.000000      794      22
    28 100.000000      822      28
    29 100.000000      842      20
    30 100.000000      864      22
    31 100.000000      886      22
    32 100.000000      914      28
    33 100.000000      936      22
    34 100.000000      962      26
    35 100.000000      982      20
    36 100.000000      992      10
    37 99.170303     1020      28
    38 99.585152     1042      22
    39 99.948143     1062      20
    40 99.548752     1086      24
    41 99.774376     1098      12
    42 99.943596     1120      22
    43 99.971802     1138      18
    44 99.992950     1160      22
    45 99.996475     1182      22
    46 99.998238     1202      20
    47 99.981979     1216      14
    48 99.990990     1242      26
    49 99.997749     1271      29
    50 99.998871     1289      18
    51 99.113770     1311      22
    52 99.556885     1339      28
    53 99.889221     1357      18
    54 99.944611     1381      24
    55 99.986153     1403      22
    56 99.993073     1423      20
    57 99.998268     1441      18
    58 99.999130     1459      18
    59 99.999565     1481      22
    60 99.999893     1500      19
