     t     dsp%    xruns   delta
     1 38.817314        0       0
     2 38.306606        0       0
     3 38.470856        0       0
     4 38.079472        0       0
     5 38.019722        0       0
     6 37.967438        0       0
     7 38.095432        0       0
     8 37.760509        0       0
     9 37.656975        0       0
    10 37.599873        0       0
    11 37.866428        0       0
    12 38.391331        0       0
    13 38.017418        0       0
    14 38.007442        0       0
    15 37.599174        0       0
    16 37.648319        0       0
    17 39.505730        0       0
    18 39.135094        0       0
    19 38.423309        0       0
    20 37.958614        0       0
    21 38.060074        0       0
    22 38.512344        0       0
    23 38.578350        0       0
    24 37.812214        0       0
    25 38.022034        0       0
    26 37.918064        0       0
    27 38.058552        0       0
    28 38.139305        0       0
    29 38.070732        0       0
    30 37.802498        0       0
    31 38.146080        0       0
    32 37.921772        0       0
    33 38.541054        0       0
    34 38.133324        0       0
    35 38.254093        0       0
    36 37.903122        0       0
    37 38.156696        0       0
    38 38.084114        0       0
    39 38.094131        0       0
    40 37.921581        0       0
    41 37.873028        0       0
    42 37.806339        0       0
    43 37.421162        0       0
    44 37.130402        0       0
    45 37.022488        0       0
