     t     dsp%    xruns   delta
     1 47.570251        1       0
     2 40.669937        1       0
     3 39.569321        1       0
     4 39.354382        1       0
     5 39.212845        1       0
     6 39.172890        1       0
     7 39.297981        1       0
     8 40.913326        1       0
     9 39.615150        1       0
    10 39.169270        1       0
    11 39.241276        1       0
    12 39.208084        1       0
    13 42.131462        1       0
    14 40.743649        1       0
    15 39.685352        1       0
    16 39.453449        1       0
    17 39.848831        1       0
    18 39.630928        1       0
    19 40.346703        1       0
    20 39.430645        1       0
    21 39.525913        1       0
    22 39.708927        1       0
    23 39.432957        1       0
    24 39.964512        1       0
    25 39.509441        1       0
    26 40.033844        1       0
    27 39.882584        1       0
    28 39.500370        1       0
    29 40.426483        1       0
    30 39.908222        1       0
    31 39.524216        1       0
    32 39.041878        1       0
    33 39.484352        1       0
    34 40.147900        1       0
    35 39.639011        1       0
    36 39.226158        1       0
    37 39.284714        1       0
    38 39.338913        1       0
    39 39.646408        1       0
    40 39.397018        1       0
    41 38.836121        1       0
    42 38.594902        1       0
    43 40.228920        1       0
    44 41.734993        1       0
    45 26.661182        1       0
