     t     dsp%    xruns   delta
     1 58.516872        0       0
     2 58.621395        0       0
     3 57.375549        0       0
     4 57.045338        0       0
     5 58.363197        0       0
     6 57.590637        0       0
     7 57.007698        0       0
     8 56.786320        0       0
     9 56.758572        0       0
    10 58.703197        0       0
    11 59.308525        0       0
    12 58.210957        0       0
    13 57.104183        0       0
    14 57.240040        0       0
    15 58.210304        0       0
    16 57.692318        0       0
    17 57.018475        0       0
    18 57.012318        0       0
    19 56.687847        0       0
    20 57.067944        0       0
    21 57.212543        0       0
    22 57.110054        0       0
    23 56.950001        0       0
    24 57.025669        0       0
    25 56.619522        0       0
    26 57.592278        0       0
    27 57.106735        0       0
    28 57.041416        0       0
    29 56.826622        0       0
    30 57.106155        0       0
    31 57.550404        0       0
    32 57.681126        0       0
    33 56.975243        0       0
    34 56.845097        0       0
    35 57.048664        0       0
    36 58.386517        0       0
    37 57.057842        0       0
    38 56.940304        0       0
    39 56.890778        0       0
    40 61.065613        0       0
    41 60.521553        0       0
    42 57.115807        0       0
    43 56.514591        0       0
    44 56.098835        0       0
    45 45.829380        0       0
