     t     dsp%    xruns   delta
     1 62.756863       15       6
     2 63.222454       15       0
     3 59.283970       15       0
     4 58.896461       15       0
     5 59.085220       15       0
     6 62.113258       15       0
     7 59.435501       15       0
     8 59.957954       15       0
     9 59.307354       15       0
    10 59.159027       15       0
    11 61.594070       15       0
    12 59.308727       15       0
    13 59.353008       15       0
    14 58.967541       15       0
    15 59.035351       15       0
    16 60.591587       15       0
    17 60.044388       15       0
    18 59.205700       15       0
    19 59.438995       15       0
    20 59.216167       15       0
    21 58.808949       15       0
    22 74.427589       19       4
    23 59.805466       19       0
    24 58.718960       21       2
    25 59.459229       21       0
    26 59.747375       21       0
    27 61.924965       21       0
    28 59.969017       21       0
    29 59.278652       21       0
    30 59.441605       21       0
    31 59.932270       21       0
    32 62.588535       21       0
    33 60.141411       21       0
    34 60.137157       21       0
    35 60.435646       21       0
    36 59.926704       21       0
    37 63.660488       21       0
    38 58.930210       21       0
    39 59.526112       21       0
    40 59.389805       21       0
    41 57.791187       21       0
    42 58.458832       24       3
    43 58.425316       24       0
    44 58.436165       24       0
    45 17.995090       24       0
