     t     dsp%    xruns   delta
     1 73.141136        8       2
     2 74.830536        8       0
     3 68.720520        8       0
     4 66.967018        8       0
     5 66.352768        8       0
     6 65.839355        8       0
     7 66.019493        8       0
     8 66.000885        8       0
     9 65.497078        8       0
    10 65.570930        8       0
    11 67.075951        8       0
    12 66.601776        8       0
    13 66.049263        8       0
    14 65.654831        8       0
    15 65.880493        8       0
    16 65.762634        8       0
    17 73.639603       10       2
    18 69.599998       10       0
    19 67.866142       10       0
    20 66.126282       10       0
    21 66.377724       10       0
    22 67.578819       10       0
    23 66.459450       10       0
    24 65.728912       10       0
    25 65.759506       10       0
    26 65.551582       10       0
    27 65.645050       10       0
    28 66.229622       10       0
    29 65.920792       10       0
    30 65.800499       10       0
    31 65.563263       10       0
    32 65.395424       10       0
    33 66.102760       10       0
    34 66.070648       10       0
    35 65.564911       10       0
    36 65.822815       10       0
    37 65.879135       10       0
    38 66.551811       10       0
    39 65.873878       10       0
    40 66.206985       10       0
    41 65.785324       10       0
    42 65.700989       10       0
    43 66.098877       10       0
    44 65.743065       10       0
    45 65.665794       10       0
    46 65.931854       10       0
    47 82.626968       12       2
    48 74.410095       12       0
    49 67.757584       12       0
    50 66.816025       12       0
    51 65.868446       12       0
    52 65.869110       12       0
    53 66.306725       12       0
    54 66.029655       12       0
    55 65.603882       12       0
    56 65.905586       12       0
    57 65.441620       12       0
    58 65.029907       12       0
    59 64.533623       12       0
    60 44.011524       12       0
