     t     dsp%    xruns   delta
     1 74.539612       16       8
     2 72.159416       18       2
     3 74.650505       18       0
     4 75.001625       18       0
     5 75.301231       18       0
     6 86.546692       18       0
     7 83.216148       18       0
     8 79.821175       18       0
     9 76.256561       18       0
    10 76.231224       18       0
    11 74.903214       22       4
    12 75.085785       22       0
    13 86.498672       22       0
    14 81.190552       22       0
    15 76.978600       22       0
    16 76.517235       24       2
    17 75.295135       24       0
    18 74.091446       26       2
    19 74.846313       26       0
    20 86.812645       26       0
    21 81.078003       26       0
    22 93.850342       32       6
    23 84.409355       32       0
    24 78.216904       32       0
    25 76.634819       32       0
    26 86.317566       32       0
    27 80.537491       32       0
    28 94.713661       32       0
    29 84.845695       32       0
    30 78.324821       32       0
    31 76.789558       32       0
    32 76.535217       32       0
    33 81.667206       32       0
    34 78.959976       34       2
    35 75.731880       34       0
    36 76.032166       34       0
    37 75.618698       34       0
    38 87.507004       34       0
    39 78.306931       34       0
    40 77.373596       34       0
    41 75.816933       34       0
    42 84.410316       36       2
    43 91.476242       36       0
    44 79.122284       36       0
    45 76.173431       38       2
    46 76.018555       38       0
    47 86.131859       38       0
    48 81.164185       38       0
    49 77.005997       38       0
    50 87.406105       38       0
    51 78.664917       38       0
    52 88.132439       44       6
    53 84.213768       44       0
    54 78.534012       46       2
    55 76.718773       46       0
    56 76.572487       46       0
    57 75.021339       48       2
    58 86.380966       48       0
    59 80.402786       48       0
    60 67.243622       48       0
