     t     dsp%    xruns   delta
     1 42.975555        5       0
     2 44.230465        5       0
     3 40.574497        5       0
     4 40.535698        5       0
     5 40.503929        5       0
     6 43.269814        5       0
     7 40.918743        5       0
     8 40.589020        5       0
     9 40.708569        5       0
    10 40.521866        5       0
    11 42.305584        5       0
    12 40.525139        5       0
    13 40.714127        5       0
    14 40.590511        5       0
    15 40.745327        5       0
    16 40.629654        5       0
    17 41.412483        5       0
    18 40.628376        5       0
    19 41.240482        5       0
    20 40.768082        5       0
    21 40.648777        5       0
    22 45.207844        5       0
    23 41.517986        5       0
    24 40.703568        5       0
    25 40.947205        5       0
    26 41.107170        5       0
    27 42.261990        5       0
    28 41.234657        5       0
    29 41.184910        5       0
    30 41.357113        5       0
    31 41.391624        5       0
    32 44.410809        5       0
    33 41.056404        5       0
    34 41.405968        5       0
    35 41.818684        5       0
    36 41.353127        5       0
    37 43.018227        5       0
    38 40.799717        5       0
    39 40.658066        5       0
    40 40.467903        5       0
    41 39.835442        5       0
    42 40.064640        5       0
    43 39.865765        5       0
    44 40.077137        5       0
    45 16.380411        5       0
