     t     dsp%    xruns   delta
     1 40.546886        0       0
     2 48.569908        0       0
     3 41.600567        0       0
     4 39.291046        0       0
     5 39.527218        0       0
     6 39.198120        0       0
     7 39.658581        0       0
     8 39.477058        0       0
     9 39.508278        0       0
    10 39.110203        0       0
    11 39.894867        0       0
    12 39.649570        0       0
    13 39.246231        0       0
    14 39.228626        0       0
    15 39.910843        0       0
    16 39.405331        0       0
    17 45.168026        0       0
    18 40.004009        0       0
    19 39.800335        0       0
    20 39.173664        0       0
    21 39.710606        0       0
    22 41.076241        0       0
    23 39.989441        0       0
    24 39.189098        0       0
    25 39.355087        0       0
    26 39.515297        0       0
    27 40.045120        0       0
    28 39.334347        0       0
    29 39.454109        0       0
    30 39.421028        0       0
    31 39.343819        0       0
    32 39.144726        0       0
    33 39.585102        0       0
    34 39.090508        0       0
    35 39.567780        0       0
    36 39.204361        0       0
    37 39.497627        0       0
    38 39.445221        0       0
    39 39.240612        0       0
    40 39.193939        0       0
    41 39.587734        0       0
    42 38.847069        0       0
    43 38.454613        0       0
    44 38.731880        0       0
    45 28.164429        0       0
