     t     dsp%    xruns   delta
     1 64.144463        4       0
     2 61.697975        4       0
     3 58.456436        4       0
     4 58.041023        4       0
     5 57.695778        4       0
     6 57.588169        4       0
     7 58.293121        4       0
     8 57.771828        4       0
     9 57.621113        4       0
    10 58.109730        4       0
    11 58.610283        4       0
    12 58.947094        4       0
    13 57.975456        4       0
    14 57.916115        4       0
    15 57.809082        4       0
    16 57.737103        4       0
    17 81.765045        4       0
    18 61.485165        4       0
    19 58.661877        4       0
    20 58.736729        4       0
    21 57.814384        4       0
    22 61.064926        4       0
    23 58.220261        4       0
    24 58.038124        4       0
    25 57.981377        4       0
    26 58.202808        4       0
    27 59.690739        4       0
    28 58.969639        4       0
    29 57.596218        4       0
    30 60.251278        4       0
    31 58.317085        4       0
    32 58.342045        4       0
    33 58.574867        4       0
    34 58.162148        4       0
    35 58.019142        4       0
    36 57.677811        4       0
    37 57.658581        4       0
    38 58.141365        4       0
    39 57.645039        4       0
    40 57.862514        4       0
    41 57.420330        4       0
    42 57.531471        4       0
    43 56.594913        4       0
    44 56.562225        4       0
    45 37.914700        4       0
