     t     dsp%    xruns   delta
     1 39.368793        0       0
     2 39.681583        0       0
     3 38.706783        0       0
     4 38.324001        0       0
     5 38.047077        0       0
     6 37.834770        0       0
     7 38.136097        0       0
     8 37.998814        0       0
     9 37.911083        0       0
    10 38.099590        0       0
    11 38.366364        0       0
    12 39.030365        0       0
    13 38.204132        0       0
    14 38.534401        0       0
    15 38.023888        0       0
    16 38.045834        0       0
    17 40.013870        0       0
    18 39.461349        0       0
    19 38.886444        0       0
    20 38.581829        0       0
    21 38.247459        0       0
    22 38.732632        0       0
    23 38.090824        0       0
    24 38.265736        0       0
    25 38.199570        0       0
    26 38.267139        0       0
    27 38.214336        0       0
    28 38.308331        0       0
    29 38.246651        0       0
    30 38.044533        0       0
    31 38.002251        0       0
    32 38.086578        0       0
    33 38.330299        0       0
    34 38.135757        0       0
    35 37.985165        0       0
    36 37.974911        0       0
    37 38.090267        0       0
    38 38.369656        0       0
    39 37.993248        0       0
    40 37.875828        0       0
    41 37.892059        0       0
    42 38.118202        0       0
    43 38.297188        0       0
    44 38.079361        0       0
    45 38.246185        0       0
    46 38.220264        0       0
    47 41.499706        0       0
    48 39.802494        0       0
    49 38.534271        0       0
    50 38.270557        0       0
    51 38.002460        0       0
    52 38.060902        0       0
    53 38.357864        0       0
    54 38.315952        0       0
    55 38.203655        0       0
    56 38.051342        0       0
    57 38.019138        0       0
    58 37.572361        0       0
    59 37.273972        0       0
    60 32.267681        0       0
