     t     dsp%    xruns   delta
     1 38.082516        0       0
     2 38.822819        0       0
     3 38.366699        0       0
     4 38.313606        0       0
     5 37.985096        0       0
     6 37.906906        0       0
     7 37.971313        0       0
     8 37.998455        0       0
     9 38.214516        0       0
    10 37.958332        0       0
    11 38.018154        0       0
    12 38.096874        0       0
    13 38.100838        0       0
    14 37.910870        0       0
    15 37.626595        0       0
    16 37.856564        0       0
    17 37.840298        0       0
    18 38.024975        0       0
    19 41.508152        0       0
    20 38.768497        0       0
    21 38.359547        0       0
    22 38.091507        0       0
    23 37.856987        0       0
    24 38.372513        0       0
    25 38.147488        0       0
    26 37.996300        0       0
    27 37.807037        0       0
    28 37.898296        0       0
    29 38.205700        0       0
    30 38.062416        0       0
    31 37.908066        0       0
    32 37.772297        0       0
    33 37.791172        0       0
    34 37.875572        0       0
    35 37.964653        0       0
    36 37.908405        0       0
    37 37.811138        0       0
    38 37.930084        0       0
    39 38.451725        0       0
    40 38.180065        0       0
    41 37.931786        0       0
    42 37.356438        0       0
    43 37.351170        0       0
    44 37.192524        0       0
    45 32.033192        0       0
