     t     dsp%    xruns   delta
     1 43.621445       53       4
     2 44.999100       53       0
     3 33.491028       53       0
     4 43.492191       53       0
     5 61.248489       53       0
     6 49.736130       55       2
     7 56.862762       57       2
     8 35.650223       57       0
     9 28.960732       57       0
    10 21.354500       57       0
    11 18.227556       57       0
    12 26.187206       57       0
    13 27.814600       57       0
    14 35.132767       57       0
    15 56.839378       57       0
    16 63.692017       59       2
    17 46.185219       59       0
    18 32.515133       59       0
    19 43.318729       59       0
    20 55.424419       59       0
    21 36.446358       59       0
    22 23.123325       59       0
    23 17.133638       59       0
    24 38.980019       59       0
    25 39.689434       59       0
    26 29.611216       59       0
    27 33.107880       59       0
    28 42.128799       59       0
    29 60.053772       61       2
    30 51.827557       66       5
    31 65.047798       66       0
    32 37.441990       66       0
    33 30.133949       66       0
    34 23.893110       66       0
    35 17.940540       66       0
    36 24.683506       66       0
    37 35.543243       66       0
    38 55.508896       66       0
    39 63.499466       68       2
    40 47.592358       69       1
    41 30.860649       69       0
    42 43.846920       69       0
    43 55.585903       69       0
    44 38.172344       73       4
    45 30.772352       73       0
    46 17.494284       73       0
    47 38.796459       73       0
    48 41.646061       73       0
    49 30.168581       73       0
    50 29.946762       73       0
    51 39.465378       73       0
    52 57.110027       75       2
    53 57.325462       75       0
    54 77.548157       78       3
    55 39.750328       78       0
    56 27.600813       78       0
    57 27.725351       78       0
    58 18.034405       78       0
    59 26.414408       78       0
    60 27.148380       78       0
