     t     dsp%    xruns   delta
     1 39.748074        0       0
     2 39.892567        0       0
     3 39.522713        0       0
     4 39.570099        0       0
     5 39.449589        0       0
     6 39.113415        0       0
     7 39.380783        0       0
     8 41.372532        0       0
     9 39.467461        0       0
    10 39.400433        0       0
    11 39.358067        0       0
    12 39.358631        0       0
    13 42.160828        0       0
    14 41.037964        0       0
    15 39.651825        0       0
    16 39.601612        0       0
    17 39.763988        0       0
    18 39.726967        0       0
    19 40.409103        0       0
    20 39.954102        0       0
    21 39.539780        0       0
    22 39.736443        0       0
    23 39.212555        0       0
    24 39.809219        0       0
    25 39.351738        0       0
    26 39.197281        0       0
    27 39.411190        0       0
    28 39.318394        0       0
    29 40.304123        0       0
    30 39.692528        0       0
    31 39.130424        0       0
    32 39.551674        0       0
    33 39.144924        0       0
    34 40.403145        0       0
    35 39.199795        0       0
    36 39.470104        0       0
    37 39.145279        0       0
    38 39.244133        0       0
    39 39.780724        0       0
    40 39.220432        0       0
    41 38.976952        0       0
    42 38.245689        0       0
    43 39.602810        0       0
    44 40.066612        0       0
    45 27.279451        0       0
