     t     dsp%    xruns   delta
     1 38.404930        0       0
     2 38.911366        0       0
     3 38.786110        0       0
     4 38.206631        0       0
     5 38.095100        0       0
     6 38.135349        0       0
     7 38.269833        0       0
     8 38.290684        0       0
     9 37.909050        0       0
    10 38.117325        0       0
    11 38.425877        0       0
    12 38.392147        0       0
    13 37.993011        0       0
    14 38.011646        0       0
    15 37.821712        0       0
    16 38.214283        0       0
    17 38.623856        0       0
    18 38.427116        0       0
    19 38.350578        0       0
    20 38.209969        0       0
    21 38.199814        0       0
    22 42.447342        0       0
    23 40.344284        0       0
    24 38.755268        0       0
    25 38.535748        0       0
    26 38.355869        0       0
    27 38.174324        0       0
    28 38.380360        0       0
    29 38.193600        0       0
    30 38.260960        0       0
    31 38.436253        0       0
    32 38.172329        0       0
    33 38.753696        0       0
    34 38.052139        0       0
    35 38.342781        0       0
    36 38.057625        0       0
    37 38.249229        0       0
    38 38.413979        0       0
    39 38.069954        0       0
    40 38.050117        0       0
    41 38.167664        0       0
    42 38.040379        0       0
    43 38.759380        0       0
    44 38.294048        0       0
    45 38.274353        0       0
    46 38.106533        0       0
    47 38.504040        0       0
    48 38.307007        0       0
    49 38.200249        0       0
    50 38.466831        0       0
    51 38.264812        0       0
    52 39.788200        0       0
    53 39.501030        0       0
    54 38.737530        0       0
    55 38.132092        0       0
    56 38.186657        0       0
    57 37.922890        0       0
    58 37.929710        0       0
    59 37.572178        0       0
    60 32.235588        0       0
