     t     dsp%    xruns   delta
     1 42.793865       10       2
     2 42.666298       10       0
     3 40.893021       10       0
     4 40.801914       10       0
     5 41.815689       10       0
     6 41.346344       10       0
     7 42.074406       10       0
     8 41.566902       10       0
     9 41.541325       10       0
    10 41.074562       10       0
    11 41.809696       10       0
    12 41.205910       10       0
    13 41.827862       10       0
    14 41.582973       10       0
    15 53.030254       10       0
    16 41.825722       10       0
    17 41.605209       10       0
    18 41.009338       10       0
    19 41.687088       10       0
    20 41.376270       10       0
    21 41.984928       10       0
    22 41.483177       10       0
    23 42.293064       10       0
    24 41.361271       10       0
    25 41.718956       10       0
    26 42.011669       10       0
    27 41.530766       10       0
    28 41.631657       10       0
    29 42.585144       10       0
    30 41.607990       10       0
    31 42.251053       10       0
    32 41.722603       10       0
    33 41.397335       10       0
    34 41.293808       10       0
    35 41.611252       10       0
    36 42.082649       10       0
    37 40.827797       10       0
    38 40.892307       10       0
    39 41.320198       10       0
    40 41.263302       10       0
    41 40.779861       10       0
    42 40.424244       10       0
    43 40.240257       10       0
    44 40.587502       10       0
    45 18.018860       10       0
