     t     dsp%    xruns   delta
     1 27.262169        2       0
     2 31.704023        2       0
     3 28.564220        2       0
     4 28.431549        2       0
     5 48.220070        2       0
     6 72.659233        2       0
     7 56.674397        2       0
     8 47.160149        2       0
     9 31.040728        2       0
    10 28.521347        2       0
    11 18.521141        2       0
    12 20.543560        2       0
    13 22.430693        2       0
    14 27.603102        2       0
    15 47.342812        2       0
    16 52.645294        4       2
    17 44.461422        4       0
    18 36.668438        4       0
    19 35.024323        4       0
    20 46.949257        4       0
    21 45.051529        4       0
    22 30.971783        4       0
    23 22.718817        4       0
    24 29.589844        4       0
    25 33.828812        4       0
    26 30.444265        4       0
    27 29.587200        4       0
    28 34.806213        4       0
    29 43.887894        4       0
    30 48.773739        4       0
    31 52.291992        4       0
    32 47.978371        4       0
    33 31.259346        4       0
    34 29.915052        4       0
    35 19.197699        4       0
    36 20.401363        4       0
    37 21.849043        4       0
    38 25.673971        4       0
    39 42.865547        4       0
    40 50.153534        4       0
    41 50.412804        4       0
    42 40.084759        4       0
    43 37.495056        4       0
    44 42.576805        4       0
    45 38.132130        4       0
    46 25.181322        4       0
    47 27.104641        4       0
    48 32.766682        4       0
    49 31.611958        4       0
    50 29.500725        4       0
    51 32.840424        4       0
    52 40.833096        4       0
    53 59.503967        4       0
    54 55.027378        4       0
    55 43.815907        4       0
    56 35.581604        4       0
    57 27.308189        4       0
    58 21.039366        4       0
    59 20.910475        4       0
    60 21.529629        4       0
