     t     dsp%    xruns   delta
     1 43.511299        6       2
     2 42.228947        6       0
     3 41.733097        6       0
     4 41.400883        6       0
     5 40.818050        6       0
     6 41.413086        6       0
     7 41.439373        6       0
     8 42.597672        6       0
     9 41.379658        6       0
    10 41.441719        6       0
    11 41.298309        6       0
    12 41.424690        6       0
    13 42.602425        6       0
    14 40.948456        6       0
    15 41.340408        6       0
    16 40.604397        6       0
    17 40.969807        6       0
    18 43.780739        6       0
    19 42.628689        6       0
    20 40.563881        6       0
    21 41.901627        6       0
    22 41.305786        6       0
    23 41.064724        6       0
    24 42.071175        6       0
    25 41.453758        6       0
    26 41.084908        6       0
    27 41.607403        6       0
    28 41.475815        6       0
    29 42.984692        6       0
    30 41.314217        6       0
    31 42.032677        6       0
    32 41.736183        6       0
    33 41.480167        6       0
    34 43.092873        6       0
    35 41.820427        6       0
    36 41.926533        6       0
    37 41.416050        6       0
    38 44.416241        6       0
    39 41.240189        6       0
    40 40.955299        6       0
    41 40.561760        6       0
    42 39.903126        6       0
    43 41.991497        6       0
    44 40.294334        6       0
    45 16.314632        6       0
