     t     dsp%    xruns   delta
     1 39.371929        0       0
     2 38.846420        0       0
     3 38.658665        0       0
     4 38.313942        0       0
     5 38.699146        0       0
     6 38.610809        0       0
     7 38.246899        0       0
     8 38.239372        0       0
     9 38.127087        0       0
    10 38.512287        0       0
    11 38.142582        0       0
    12 38.379406        0       0
    13 38.453896        0       0
    14 38.288963        0       0
    15 42.155563        0       0
    16 40.317924        0       0
    17 39.317074        0       0
    18 38.377762        0       0
    19 38.335274        0       0
    20 38.256531        0       0
    21 38.731697        0       0
    22 38.408375        0       0
    23 38.118546        0       0
    24 38.211723        0       0
    25 38.090534        0       0
    26 38.777779        0       0
    27 38.338406        0       0
    28 38.342861        0       0
    29 38.102196        0       0
    30 38.304905        0       0
    31 38.676197        0       0
    32 38.730591        0       0
    33 38.188953        0       0
    34 38.297119        0       0
    35 38.095821        0       0
    36 38.845875        0       0
    37 38.094727        0       0
    38 38.336727        0       0
    39 38.117439        0       0
    40 38.547306        0       0
    41 38.945118        0       0
    42 37.722263        0       0
    43 37.834087        0       0
    44 37.681400        0       0
    45 32.100002        0       0
