     t     dsp%    xruns   delta
     1 39.609852        0       0
     2 39.720081        0       0
     3 39.161728        0       0
     4 38.546783        0       0
     5 37.926682        0       0
     6 38.191765        0       0
     7 38.081200        0       0
     8 38.226837        0       0
     9 38.092312        0       0
    10 38.157394        0       0
    11 38.122997        0       0
    12 38.671959        0       0
    13 38.290310        0       0
    14 38.284515        0       0
    15 38.095013        0       0
    16 38.404839        0       0
    17 38.653503        0       0
    18 38.426327        0       0
    19 38.284554        0       0
    20 38.246197        0       0
    21 38.328083        0       0
    22 42.288395        0       0
    23 40.053871        0       0
    24 38.554932        0       0
    25 38.365265        0       0
    26 38.148010        0       0
    27 38.293056        0       0
    28 38.369026        0       0
    29 38.237156        0       0
    30 38.181610        0       0
    31 38.417671        0       0
    32 38.195850        0       0
    33 38.663479        0       0
    34 38.255470        0       0
    35 38.162750        0       0
    36 38.059013        0       0
    37 38.165203        0       0
    38 38.390717        0       0
    39 38.282112        0       0
    40 37.931194        0       0
    41 38.304344        0       0
    42 38.125126        0       0
    43 38.154774        0       0
    44 37.565178        0       0
    45 32.406239        0       0
