     t     dsp%    xruns   delta
     1 60.273018        9       2
     2 63.389183        9       0
     3 58.623302        9       0
     4 57.882748        9       0
     5 59.483139        9       0
     6 57.852604        9       0
     7 58.041393        9       0
     8 57.651295        9       0
     9 57.708004        9       0
    10 81.830276       11       2
    11 61.001095       11       0
    12 58.280254       11       0
    13 58.268291       11       0
    14 58.096870       11       0
    15 60.643181       11       0
    16 58.305832       11       0
    17 58.158867       11       0
    18 58.233200       11       0
    19 58.063187       11       0
    20 58.576340       11       0
    21 58.877216       11       0
    22 58.135483       11       0
    23 58.024014       11       0
    24 60.173496       11       0
    25 58.747543       11       0
    26 59.123631       11       0
    27 58.433487       11       0
    28 58.421051       11       0
    29 57.732735       11       0
    30 58.308849       11       0
    31 58.722160       11       0
    32 57.831318       11       0
    33 58.119595       11       0
    34 57.493477       11       0
    35 57.926186       11       0
    36 59.211990       11       0
    37 57.699783       11       0
    38 57.587494       11       0
    39 57.963718       11       0
    40 80.208618       13       2
    41 64.102112       15       2
    42 57.774860       15       0
    43 56.299534       15       0
    44 56.385838       15       0
    45 34.232872       15       0
