     t     dsp%    xruns   delta
     1 43.787693      116       4
     2 38.959721      116       0
     3 28.510406      116       0
     4 33.150154      116       0
     5 60.683670      116       0
     6 50.875816      118       2
     7 58.441605      120       2
     8 36.092400      120       0
     9 29.990101      120       0
    10 21.587505      120       0
    11 17.770035      120       0
    12 25.430597      120       0
    13 27.768791      120       0
    14 35.505024      120       0
    15 55.782242      120       0
    16 67.772552      123       3
    17 44.476791      123       0
    18 35.783081      123       0
    19 43.605354      123       0
    20 55.256035      123       0
    21 35.304005      123       0
    22 21.412596      123       0
    23 20.099771      123       0
    24 40.940796      123       0
    25 38.995220      123       0
    26 29.911814      123       0
    27 31.820795      123       0
    28 44.058224      123       0
    29 62.073593      125       2
    30 52.362759      127       2
    31 64.668404      127       0
    32 37.942341      127       0
    33 27.836250      127       0
    34 23.918734      127       0
    35 18.215467      127       0
    36 25.945303      127       0
    37 26.942699      127       0
    38 56.571522      129       2
    39 73.389145      131       2
    40 45.504360      136       5
    41 30.600960      136       0
    42 41.944599      136       0
    43 57.455029      136       0
    44 40.627392      140       4
    45 29.430450      140       0
    46 17.186190      140       0
    47 37.198673      140       0
    48 57.216213      140       0
    49 30.099833      140       0
    50 29.243399      140       0
    51 38.124969      140       0
    52 55.425301      142       2
    53 57.151470      142       0
    54 53.926872      152      10
    55 31.080629      152       0
    56 27.143063      152       0
    57 27.515743      152       0
    58 18.039457      152       0
    59 26.408695      152       0
    60 26.746313      152       0
