     t     dsp%    xruns   delta
     1 38.629276        0       0
     2 38.519623        0       0
     3 38.126835        0       0
     4 38.322311        0       0
     5 38.109558        0       0
     6 37.873043        0       0
     7 38.042534        0       0
     8 37.794998        0       0
     9 38.235138        0       0
    10 38.174900        0       0
    11 37.753544        0       0
    12 37.823944        0       0
    13 38.632614        0       0
    14 40.886177        0       0
    15 38.665741        0       0
    16 38.523796        0       0
    17 38.047348        0       0
    18 38.086113        0       0
    19 38.473045        0       0
    20 38.247616        0       0
    21 37.988945        0       0
    22 38.096119        0       0
    23 37.931950        0       0
    24 38.302189        0       0
    25 38.056080        0       0
    26 38.316814        0       0
    27 38.164173        0       0
    28 37.975864        0       0
    29 38.385109        0       0
    30 38.288914        0       0
    31 38.180695        0       0
    32 38.032833        0       0
    33 37.952400        0       0
    34 37.876495        0       0
    35 38.097305        0       0
    36 38.094261        0       0
    37 37.813068        0       0
    38 38.048241        0       0
    39 38.388683        0       0
    40 38.196373        0       0
    41 37.946918        0       0
    42 37.472713        0       0
    43 37.449150        0       0
    44 39.259628        0       0
    45 33.315186        0       0
