     t     dsp%    xruns   delta
     1 99.544357     3499      16
     2 98.279190     3519      20
     3 99.569794     3539      20
     4 98.854149     3559      20
     5 99.713539     3581      22
     6 99.856766     3599      18
     7 99.964188     3623      24
     8 99.982094     3647      24
     9 99.784584     3669      22
    10 99.892288     3691      22
    11 99.973068     3717      26
    12 99.986534     3737      20
    13 99.996635     3753      16
    14 98.952988     3785      32
    15 99.738251     3813      28
    16 99.869125     3837      24
    17 99.934563     3859      22
    18 99.983643     3883      24
    19 99.991821     3905      22
    20 99.997955     3935      30
    21 99.998978     3957      22
    22 99.816925     3992      35
    23 99.908463     4010      18
    24 99.189606     4026      16
    25 99.594803     4052      26
    26 99.632675     4073      21
    27 99.816338     4103      30
    28 99.627121     4125      22
    29 98.388542     4153      28
    30 99.597137     4176      23
    31 99.798569     4198      22
    32 99.899284     4220      22
    33 99.974823     4234      14
    34 99.987411     4262      28
    35 99.998428     4290      28
    36 99.999603     4308      18
    37 99.999802     4326      18
    38 99.999954     4348      22
    39 99.999977     4368      20
    40 99.999992     4400      32
    41 100.000000     4422      22
    42 100.000000     4452      30
    43 98.949982     4470      18
    44 99.737495     4491      21
    45 99.868744     4521      30
    46 99.885155     4543      22
    47 99.971291     4568      25
    48 99.985641     4584      16
    49 99.978836     4609      25
    50 99.989418     4629      20
    51 99.997353     4655      26
    52 99.998672     4675      20
    53 99.999664     4691      16
    54 99.999832     4723      32
    55 99.999954     4745      22
    56 99.999977     4774      29
    57 99.999992     4793      19
    58 100.000000     4812      19
    59 99.594528     4836      24
    60 99.755661     4862      26
