     t     dsp%    xruns   delta
     1 47.766556        0       0
     2 47.951622        0       0
     3 47.865417        0       0
     4 47.534641        0       0
     5 47.237007        0       0
     6 47.150124        0       0
     7 47.561920        0       0
     8 47.507114        0       0
     9 47.215221        0       0
    10 47.307983        0       0
    11 47.558022        0       0
    12 48.189548        0       0
    13 47.384659        0       0
    14 47.233322        0       0
    15 47.241699        0       0
    16 47.152470        0       0
    17 49.334446        0       0
    18 48.849808        0       0
    19 48.097149        0       0
    20 47.499840        0       0
    21 47.349510        0       0
    22 48.375839        0       0
    23 47.569534        0       0
    24 47.458176        0       0
    25 47.096642        0       0
    26 47.361042        0       0
    27 47.296516        0       0
    28 47.343044        0       0
    29 47.479706        0       0
    30 47.439232        0       0
    31 47.352016        0       0
    32 47.493568        0       0
    33 47.597389        0       0
    34 47.552971        0       0
    35 47.230202        0       0
    36 47.451408        0       0
    37 47.278641        0       0
    38 47.616257        0       0
    39 47.172192        0       0
    40 47.253651        0       0
    41 47.028809        0       0
    42 47.118679        0       0
    43 47.728668        0       0
    44 47.667831        0       0
    45 47.397797        0       0
    46 47.568024        0       0
    47 51.498486        0       0
    48 49.458988        0       0
    49 47.730141        0       0
    50 47.612316        0       0
    51 47.463009        0       0
    52 47.302967        0       0
    53 47.848572        0       0
    54 47.540279        0       0
    55 47.412186        0       0
    56 47.500214        0       0
    57 47.158421        0       0
    58 46.935043        0       0
    59 46.647572        0       0
    60 39.343185        0       0
