     t     dsp%    xruns   delta
     1 74.524719       10       8
     2 86.784225       10       0
     3 78.535225       10       0
     4 76.580696       10       0
     5 78.035767       10       0
     6 76.863007       10       0
     7 75.662338       10       0
     8 85.330353       10       0
     9 82.819489       10       0
    10 79.039238       10       0
    11 74.002060       12       2
    12 85.927574       12       0
    13 88.661850       12       0
    14 81.906509       12       0
    15 77.089622       12       0
    16 76.031334       12       0
    17 76.210014       12       0
    18 80.879250       12       0
    19 77.684738       12       0
    20 92.212166       12       0
    21 83.245728       12       0
    22 90.132439       16       4
    23 82.262115       16       0
    24 77.233597       16       0
    25 75.995506       16       0
    26 85.789764       16       0
    27 80.182182       16       0
    28 82.015266       16       0
    29 78.205872       16       0
    30 76.289856       16       0
    31 75.275192       16       0
    32 75.531937       18       2
    33 80.450745       18       0
    34 77.957993       18       0
    35 80.947098       18       0
    36 78.117104       18       0
    37 75.928986       18       0
    38 86.530098       18       0
    39 77.397064       18       0
    40 77.987221       18       0
    41 76.916077       18       0
    42 74.359566       20       2
    43 74.192863       20       0
    44 73.785400       20       0
    45 59.247738       20       0
