     t     dsp%    xruns   delta
     1 44.686581        2       0
     2 43.790764        2       0
     3 41.812981        2       0
     4 41.438141        2       0
     5 40.733669        2       0
     6 43.991226        2       0
     7 41.226810        2       0
     8 41.508835        2       0
     9 41.022678        2       0
    10 41.428879        2       0
    11 41.284046        2       0
    12 41.794510        2       0
    13 41.040722        2       0
    14 41.586788        2       0
    15 41.255749        2       0
    16 41.110287        2       0
    17 41.522243        2       0
    18 41.620975        2       0
    19 41.074631        2       0
    20 41.961758        2       0
    21 41.755291        2       0
    22 49.510658        2       0
    23 41.332386        2       0
    24 41.386333        2       0
    25 41.497849        2       0
    26 41.918564        2       0
    27 43.934734        2       0
    28 42.078815        2       0
    29 41.254650        2       0
    30 42.566654        2       0
    31 42.121624        2       0
    32 42.952003        2       0
    33 42.148716        2       0
    34 41.689068        2       0
    35 41.854748        2       0
    36 42.711395        2       0
    37 41.699619        2       0
    38 41.346241        2       0
    39 40.658398        2       0
    40 41.284897        2       0
    41 40.490955        2       0
    42 40.710079        2       0
    43 40.821911        2       0
    44 40.231243        2       0
    45 17.444313        2       0
