     t     dsp%    xruns   delta
     1 88.126678       28       4
     2 93.196136       28       0
     3 90.978218       30       2
     4 94.816444       30       0
     5 82.805504       30       0
     6 78.833023       30       0
     7 80.862335       30       0
     8 78.273949       30       0
     9 80.903038       32       2
    10 78.439613       32       0
    11 85.777344       32       0
    12 80.780670       32       0
    13 86.795036       34       2
    14 81.071548       34       0
    15 87.475967       34       0
    16 81.674515       34       0
    17 76.656616       34       0
    18 76.014053       35       1
    19 87.317955       38       3
    20 87.905525       38       0
    21 81.061935       38       0
    22 81.822693       38       0
    23 78.069740       38       0
    24 88.225540       38       0
    25 81.311012       38       0
    26 77.335678       38       0
    27 75.800453       38       0
    28 87.801193       38       0
    29 82.230881       38       0
    30 95.090134       38       0
    31 84.804245       38       0
    32 80.130058       38       0
    33 76.202530       40       2
    34 75.498726       42       2
    35 74.150543       42       0
    36 74.575859       42       0
    37 79.501564       42       0
    38 85.598640       44       2
    39 91.219612       44       0
    40 79.047577       44       0
    41 87.519852       44       0
    42 83.255531       46       2
    43 78.551781       48       2
    44 74.161453       48       0
    45 58.406841       48       0
