     t     dsp%    xruns   delta
     1 43.513821       41       0
     2 38.845570       41       0
     3 39.091293       41       0
     4 43.651348       41       0
     5 60.262436       41       0
     6 49.796608       41       0
     7 56.185146       41       0
     8 35.031685       41       0
     9 28.174948       41       0
    10 20.804884       41       0
    11 17.390692       41       0
    12 25.676636       41       0
    13 27.320555       41       0
    14 35.864548       43       2
    15 56.681767       43       0
    16 70.679520       47       4
    17 44.550247       49       2
    18 32.238499       49       0
    19 42.447170       49       0
    20 54.731655       49       0
    21 36.542175       49       0
    22 21.174114       49       0
    23 17.404669       49       0
    24 38.844921       49       0
    25 39.180454       49       0
    26 30.184551       49       0
    27 44.022697       49       0
    28 44.022697       49       0
    29 44.022697       49       0
    30 44.022697       49       0
