     t     dsp%    xruns   delta
     1 38.877705        0       0
     2 38.882908        0       0
     3 38.742664        0       0
     4 38.318504        0       0
     5 38.138382        0       0
     6 38.311680        0       0
     7 38.456886        0       0
     8 38.295147        0       0
     9 38.389469        0       0
    10 38.249718        0       0
    11 38.375771        0       0
    12 39.210857        0       0
    13 38.423862        0       0
    14 38.278633        0       0
    15 38.140415        0       0
    16 38.211914        0       0
    17 40.681980        0       0
    18 39.419415        0       0
    19 38.853756        0       0
    20 38.408421        0       0
    21 38.292007        0       0
    22 39.006275        0       0
    23 38.822971        0       0
    24 38.405411        0       0
    25 38.412380        0       0
    26 38.275810        0       0
    27 38.085075        0       0
    28 38.339298        0       0
    29 38.280888        0       0
    30 38.228874        0       0
    31 38.260830        0       0
    32 38.173683        0       0
    33 38.673176        0       0
    34 38.361103        0       0
    35 38.233692        0       0
    36 38.284332        0       0
    37 38.437157        0       0
    38 38.510284        0       0
    39 38.488956        0       0
    40 38.250244        0       0
    41 38.544651        0       0
    42 38.496063        0       0
    43 38.442043        0       0
    44 37.863503        0       0
    45 37.884289        0       0
