     t     dsp%    xruns   delta
     1 55.004158      244      28
     2 76.114555      268      24
     3 62.432056      296      28
     4 81.216026      322      26
     5 94.990044      344      22
     6 97.495026      371      27
     7 97.503418      395      24
     8 97.071213      421      26
     9 80.884315      443      22
    10 89.792931      473      30
    11 96.529465      502      29
    12 97.102219      526      24
    13 82.663963      550      24
    14 90.078056      574      24
    15 97.074196      598      24
    16 65.991280      626      28
    17 56.596493      654      28
    18 78.171684      684      30
    19 88.265518      708      24
    20 79.629784      732      24
    21 89.814896      756      24
    22 82.495682      782      26
    23 61.828629      808      26
    24 56.573032      832      24
    25 76.425552      856      24
    26 93.678650      884      28
    27 96.358849      910      26
    28 79.692535      934      24
    29 89.846268      960      26
    30 80.363647      984      24
    31 90.181824     1008      24
    32 95.090912     1034      26
    33 66.105034     1058      24
    34 49.686371     1086      28
    35 86.322357     1112      26
    36 91.773659     1136      24
    37 65.091728     1160      24
    38 81.784134     1186      26
    39 81.805779     1210      24
    40 92.563896     1235      25
    41 66.051788     1259      24
    42 60.040581     1287      28
    43 80.020294     1315      28
    44 76.366112     1339      24
    45 88.183060     1365      26
    46 62.342598     1389      24
    47 56.061672     1419      30
    48 45.217823     1445      26
    49 52.755493     1469      24
    50 73.968330     1493      24
    51 77.963326     1521      28
    52 88.981659     1547      26
    53 95.656326     1573      26
    54 96.841431     1597      24
    55 97.906044     1621      24
    56 64.204041     1643      22
    57 75.400375     1667      24
    58 54.104351     1689      22
    59 87.501854     1717      28
    60 61.542614     1739      22
