     t     dsp%    xruns   delta
     1 72.137611       64       4
     2 86.068802       64       0
     3 76.678223       66       2
     4 75.227074       66       0
     5 91.973930       68       2
     6 83.471146       68       0
     7 82.661720       68       0
     8 78.946289       68       0
     9 75.885498       68       0
    10 74.805824       70       2
    11 84.898193       70       0
    12 80.113747       70       0
    13 76.398849       70       0
    14 74.326553       72       2
    15 87.328415       78       6
    16 81.310104       78       0
    17 77.972824       78       0
    18 74.844070       80       2
    19 74.875748       80       0
    20 75.120987       80       0
    21 86.601883       80       0
    22 78.080650       80       0
    23 76.517471       80       0
    24 75.444702       80       0
    25 75.232307       82       2
    26 81.028580       82       0
    27 77.827370       82       0
    28 75.878815       82       0
    29 75.299370       82       0
    30 74.983147       84       2
    31 74.471840       84       0
    32 74.795105       84       0
    33 75.038719       84       0
    34 87.519363       84       0
    35 78.147125       84       0
    36 87.175095       84       0
    37 77.860664       86       2
    38 75.004112       86       0
    39 75.101082       86       0
    40 87.764633       86       0
    41 81.237587       86       0
    42 80.913857       88       2
    43 77.233284       88       0
    44 74.224411       88       0
    45 58.316441       88       0
