     t     dsp%    xruns   delta
     1 38.902260        0       0
     2 38.803776        0       0
     3 38.874058        0       0
     4 38.700607        0       0
     5 38.543571        0       0
     6 38.786152        0       0
     7 38.315346        0       0
     8 38.674385        0       0
     9 38.661240        0       0
    10 38.781704        0       0
    11 38.659943        0       0
    12 39.038872        0       0
    13 39.522293        0       0
    14 41.893524        0       0
    15 39.163673        0       0
    16 39.028233        0       0
    17 38.638367        0       0
    18 38.699955        0       0
    19 38.885437        0       0
    20 38.769077        0       0
    21 38.512180        0       0
    22 38.573811        0       0
    23 38.515331        0       0
    24 38.698818        0       0
    25 38.479393        0       0
    26 38.763660        0       0
    27 38.509472        0       0
    28 38.637589        0       0
    29 39.149574        0       0
    30 38.651123        0       0
    31 38.462582        0       0
    32 38.694096        0       0
    33 38.236080        0       0
    34 38.475372        0       0
    35 38.571640        0       0
    36 38.755657        0       0
    37 38.599522        0       0
    38 38.919598        0       0
    39 39.152626        0       0
    40 39.064899        0       0
    41 39.065483        0       0
    42 38.057049        0       0
    43 37.961632        0       0
    44 39.547131        0       0
    45 33.543312        0       0
