     t     dsp%    xruns   delta
     1 36.821716        2       0
     2 35.283146        2       0
     3 29.365038        2       0
     4 38.583626        2       0
     5 55.771057        2       0
     6 49.473259        2       0
     7 52.271019        2       0
     8 36.182999        2       0
     9 28.237247        2       0
    10 22.755468        2       0
    11 18.752459        2       0
    12 22.574228        2       0
    13 25.228260        2       0
    14 36.016132        2       0
    15 55.522781        2       0
    16 64.792397        2       0
    17 50.306480        2       0
    18 33.577126        2       0
    19 38.430920        2       0
    20 53.122116        2       0
    21 37.430859        2       0
    22 23.955061        2       0
    23 17.607405        2       0
    24 36.112423        2       0
    25 38.310699        2       0
    26 29.562651        2       0
    27 30.309103        2       0
    28 40.620628        2       0
    29 53.679447        2       0
    30 51.808846        2       0
    31 53.728977        2       0
    32 39.711151        2       0
    33 27.352795        2       0
    34 22.378878        2       0
    35 16.499781        2       0
    36 22.701654        2       0
    37 23.916368        2       0
    38 31.946045        2       0
    39 51.684517        2       0
    40 62.401169        2       0
    41 54.838634        2       0
    42 39.655224        2       0
    43 49.018639        2       0
    44 39.080555        2       0
    45 28.703749        2       0
    46 17.688848        2       0
    47 32.230560        2       0
    48 38.358700        2       0
    49 30.776930        2       0
    50 29.389729        2       0
    51 36.456627        2       0
    52 52.601097        2       0
    53 52.883503        2       0
    54 53.177799        2       0
    55 39.586002        2       0
    56 28.265331        2       0
    57 21.427645        2       0
    58 16.699644        2       0
    59 22.171349        2       0
    60 22.924242        2       0
