     t     dsp%    xruns   delta
     1 45.715431        7       0
     2 38.918938        7       0
     3 28.110085        7       0
     4 42.477222        7       0
     5 61.588898        7       0
     6 50.893181        7       0
     7 54.079594        7       0
     8 35.767292        7       0
     9 29.858000        7       0
    10 21.488352        7       0
    11 18.932524        7       0
    12 25.523176        7       0
    13 27.752951        7       0
    14 36.864822        7       0
    15 57.109917        7       0
    16 87.924637       13       6
    17 46.492950       13       0
    18 33.630363       13       0
    19 43.414387       13       0
    20 55.507362       13       0
    21 38.103615       13       0
    22 20.688423       13       0
    23 18.378677       13       0
    24 39.610130       13       0
    25 40.728546       13       0
    26 30.163326       13       0
    27 37.876667       13       0
    28 42.928455       13       0
    29 60.605656       15       2
    30 52.441780       17       2
    31 56.161354       17       0
    32 39.256779       17       0
    33 30.679134       17       0
    34 21.838409       17       0
    35 18.891701       17       0
    36 26.243876       17       0
    37 28.767986       17       0
    38 35.813099       19       2
    39 59.135017       23       4
    40 49.297497       25       2
    41 34.907661       25       0
    42 41.028919       25       0
    43 52.833202       25       0
    44 38.725033       25       0
    45 24.917147       25       0
    46 18.107725       25       0
    47 37.298332       25       0
    48 40.899857       25       0
    49 30.616323       25       0
    50 32.970646       25       0
    51 36.486454       25       0
    52 57.689686       27       2
    53 56.142937       27       0
    54 56.443401       27       0
    55 38.914581       27       0
    56 27.979185       27       0
    57 30.229565       27       0
    58 18.524481       27       0
    59 24.531195       27       0
    60 25.240906       27       0
