     t     dsp%    xruns   delta
     1 39.372192        0       0
     2 39.029369        0       0
     3 38.348022        0       0
     4 38.103859        0       0
     5 38.703766        0       0
     6 38.259209        0       0
     7 37.921104        0       0
     8 37.938190        0       0
     9 37.976791        0       0
    10 38.146507        0       0
    11 38.136684        0       0
    12 37.792850        0       0
    13 37.943970        0       0
    14 37.888687        0       0
    15 41.014851        0       0
    16 39.967884        0       0
    17 38.785797        0       0
    18 38.140648        0       0
    19 37.968273        0       0
    20 37.655010        0       0
    21 38.067650        0       0
    22 38.012669        0       0
    23 37.758972        0       0
    24 37.978863        0       0
    25 37.861599        0       0
    26 38.320930        0       0
    27 38.074821        0       0
    28 38.049622        0       0
    29 37.653225        0       0
    30 37.856327        0       0
    31 38.203465        0       0
    32 38.273907        0       0
    33 37.975174        0       0
    34 37.848038        0       0
    35 37.982376        0       0
    36 38.618057        0       0
    37 38.151447        0       0
    38 37.905704        0       0
    39 37.981560        0       0
    40 37.855919        0       0
    41 38.555759        0       0
    42 37.521797        0       0
    43 37.457283        0       0
    44 37.345619        0       0
    45 32.512871        0       0
