     t     dsp%    xruns   delta
     1 30.479610        2       0
     2 34.198696        2       0
     3 28.945307        2       0
     4 28.420528        2       0
     5 47.866539        2       0
     6 50.382904        2       0
     7 51.755714        2       0
     8 44.623463        2       0
     9 30.499136        2       0
    10 28.913843        2       0
    11 18.261837        2       0
    12 20.355314        2       0
    13 22.552383        2       0
    14 27.049875        2       0
    15 46.766220        2       0
    16 52.045277        4       2
    17 54.598087        4       0
    18 36.469799        4       0
    19 34.704689        4       0
    20 46.300976        4       0
    21 43.391430        4       0
    22 32.285301        4       0
    23 23.298229        4       0
    24 29.031559        4       0
    25 33.671547        4       0
    26 30.239714        4       0
    27 29.126326        4       0
    28 34.114422        4       0
    29 43.122463        4       0
    30 49.618332        6       2
    31 74.068527        6       0
    32 58.939293        6       0
    33 34.124969        6       0
    34 31.068953        6       0
    35 19.841255        6       0
    36 20.282507        6       0
    37 21.568541        6       0
    38 25.287621        6       0
    39 41.909962        6       0
    40 48.810883        6       0
    41 58.927277        6       0
    42 44.803722        6       0
    43 38.037285        6       0
    44 42.730732        6       0
    45 38.621792        6       0
    46 25.458429        6       0
    47 25.772335        6       0
    48 32.086468        6       0
    49 31.648157        6       0
    50 28.965691        6       0
    51 31.046091        6       0
    52 38.721848        6       0
    53 49.657261        6       0
    54 49.616520        6       0
    55 36.621307        6       0
    56 30.999914        6       0
    57 26.992468        6       0
    58 21.022135        6       0
    59 18.857292        6       0
    60 20.949732        6       0
