     t     dsp%    xruns   delta
     1 39.102291        0       0
     2 38.920200        0       0
     3 38.617218        0       0
     4 38.042496        0       0
     5 37.774578        0       0
     6 37.930557        0       0
     7 38.154182        0       0
     8 38.265671        0       0
     9 37.792641        0       0
    10 37.951305        0       0
    11 37.820690        0       0
    12 38.420025        0       0
    13 38.036308        0       0
    14 37.930168        0       0
    15 37.796658        0       0
    16 38.089252        0       0
    17 38.296490        0       0
    18 38.023006        0       0
    19 37.848518        0       0
    20 37.708275        0       0
    21 37.714588        0       0
    22 41.430710        0       0
    23 39.739868        0       0
    24 38.174080        0       0
    25 38.214684        0       0
    26 37.846691        0       0
    27 37.938488        0       0
    28 38.077648        0       0
    29 37.941463        0       0
    30 38.119408        0       0
    31 37.971718        0       0
    32 37.979908        0       0
    33 38.281364        0       0
    34 38.139416        0       0
    35 37.926311        0       0
    36 38.158768        0       0
    37 37.941696        0       0
    38 38.152397        0       0
    39 38.127609        0       0
    40 37.814098        0       0
    41 37.978580        0       0
    42 38.070057        0       0
    43 37.599594        0       0
    44 37.442276        0       0
    45 37.038345        0       0
