     t     dsp%    xruns   delta
     1 93.121109     3529      18
     2 96.560555     3549      20
     3 99.140137     3569      20
     4 99.785034     3593      24
     5 99.946259     3615      22
     6 99.251244     3638      23
     7 99.812813     3662      24
     8 99.006393     3680      18
     9 99.751602     3700      20
    10 99.875801     3720      20
    11 99.968948     3742      22
    12 99.984474     3758      16
    13 99.996117     3782      24
    14 99.998062     3802      20
    15 99.999512     3830      28
    16 99.999756     3848      18
    17 99.999878     3868      20
    18 99.999969     3886      18
    19 99.999985     3906      20
    20 100.000000     3930      24
    21 100.000000     3954      24
    22 100.000000     3972      18
    23 100.000000     3987      15
    24 99.958984     4007      20
    25 99.979492     4027      20
    26 99.994873     4047      20
    27 99.997437     4069      22
    28 99.999359     4079      10
    29 99.999680     4103      24
    30 99.999924     4123      20
    31 99.999962     4143      20
    32 99.999985     4161      18
    33 100.000000     4179      18
    34 100.000000     4211      32
    35 99.424599     4233      22
    36 99.856148     4263      30
    37 99.928070     4291      28
    38 99.982018     4312      21
    39 99.991013     4334      22
    40 99.997757     4354      20
    41 99.998878     4372      18
    42 99.519241     4396      24
    43 99.759621     4416      20
    44 99.552010     4450      34
    45 99.776001     4470      20
    46 99.888000     4490      20
    47 99.972000     4510      20
    48 99.986000     4522      12
    49 99.996498     4540      18
    50 99.998245     4566      26
    51 99.999557     4588      22
    52 99.999779     4610      22
    53 99.999947     4624      14
    54 98.682762     4642      18
    55 99.670692     4658      16
    56 99.835342     4678      20
    57 99.958832     4700      22
    58 99.979416     4721      21
    59 99.989708     4737      16
    60 99.841568     4759      22
