     t     dsp%    xruns   delta
     1 64.753433        6       0
     2 59.141899        6       0
     3 58.582264        6       0
     4 58.963963        6       0
     5 57.764317        6       0
     6 57.527592        6       0
     7 57.706608        6       0
     8 60.583851        6       0
     9 57.994881        6       0
    10 58.090820        6       0
    11 57.551994        6       0
    12 58.449158        6       0
    13 62.890476        6       0
    14 60.532181        6       0
    15 58.371651        6       0
    16 58.257454        6       0
    17 58.228813        6       0
    18 58.305225        6       0
    19 59.745731        6       0
    20 58.326084        6       0
    21 58.146282        6       0
    22 58.203499        6       0
    23 58.109867        6       0
    24 58.748592        6       0
    25 58.182690        6       0
    26 58.920593        6       0
    27 58.269821        6       0
    28 58.631470        6       0
    29 59.813461        6       0
    30 58.655663        6       0
    31 58.400772        6       0
    32 57.577881        6       0
    33 57.676559        6       0
    34 58.947567        6       0
    35 58.062241        6       0
    36 57.737106        6       0
    37 57.833584        6       0
    38 57.683914        6       0
    39 57.959221        6       0
    40 57.750011        6       0
    41 57.464859        6       0
    42 56.567837        6       0
    43 60.366497        6       0
    44 59.409210        6       0
    45 34.248047        6       0
