     t     dsp%    xruns   delta
     1 41.219315        0       0
     2 39.731922        0       0
     3 39.226997        0       0
     4 39.211037        0       0
     5 39.874660        0       0
     6 39.706814        0       0
     7 39.285027        0       0
     8 39.361217        0       0
     9 40.983345        0       0
    10 46.007507        0       0
    11 39.987064        0       0
    12 39.834545        0       0
    13 39.203724        0       0
    14 39.259644        0       0
    15 40.487804        0       0
    16 39.749474        0       0
    17 39.627506        0       0
    18 39.459110        0       0
    19 39.588070        0       0
    20 39.668648        0       0
    21 39.781849        0       0
    22 39.678806        0       0
    23 39.412785        0       0
    24 39.951443        0       0
    25 39.260529        0       0
    26 40.245323        0       0
    27 39.620720        0       0
    28 39.285988        0       0
    29 39.574635        0       0
    30 39.751347        0       0
    31 39.754543        0       0
    32 39.282791        0       0
    33 39.155849        0       0
    34 39.103649        0       0
    35 39.659660        0       0
    36 40.558903        0       0
    37 39.586082        0       0
    38 39.419945        0       0
    39 39.384426        0       0
    40 44.066124        0       0
    41 40.113556        0       0
    42 38.522537        0       0
    43 38.514690        0       0
    44 38.541836        0       0
    45 26.059141        0       0
