     t     dsp%    xruns   delta
     1 57.138855        2       0
     2 57.475349        2       0
     3 57.350624        2       0
     4 57.088326        2       0
     5 58.031368        2       0
     6 57.607536        2       0
     7 57.130287        2       0
     8 57.302315        2       0
     9 56.853584        2       0
    10 57.623341        2       0
    11 57.008846        2       0
    12 57.400970        2       0
    13 56.984894        2       0
    14 57.283524        2       0
    15 62.832581        2       0
    16 60.151115        2       0
    17 58.557251        2       0
    18 57.625530        2       0
    19 57.451496        2       0
    20 57.311592        2       0
    21 57.531250        2       0
    22 57.279964        2       0
    23 57.034954        2       0
    24 57.192219        2       0
    25 56.791862        2       0
    26 57.863880        2       0
    27 57.549576        2       0
    28 57.579865        2       0
    29 57.088810        2       0
    30 57.365063        2       0
    31 57.515797        2       0
    32 57.157562        2       0
    33 56.984982        2       0
    34 56.931999        2       0
    35 57.111404        2       0
    36 58.312416        2       0
    37 57.102596        2       0
    38 57.126747        2       0
    39 56.653831        2       0
    40 56.975018        2       0
    41 57.398445        2       0
    42 56.166283        2       0
    43 56.142956        2       0
    44 56.353951        2       0
    45 46.016720        2       0
