     t     dsp%    xruns   delta
     1 38.625416        0       0
     2 39.900532        0       0
     3 39.099026        0       0
     4 38.867004        0       0
     5 38.830681        0       0
     6 38.647720        0       0
     7 38.897152        0       0
     8 38.662937        0       0
     9 38.632591        0       0
    10 38.572845        0       0
    11 38.867889        0       0
    12 39.161598        0       0
    13 38.736160        0       0
    14 38.559006        0       0
    15 38.451920        0       0
    16 38.604385        0       0
    17 40.546276        0       0
    18 39.695232        0       0
    19 39.322140        0       0
    20 38.838413        0       0
    21 38.598415        0       0
    22 39.419209        0       0
    23 39.097408        0       0
    24 38.642773        0       0
    25 38.756065        0       0
    26 38.562126        0       0
    27 38.626678        0       0
    28 38.744232        0       0
    29 38.750542        0       0
    30 38.633400        0       0
    31 38.526375        0       0
    32 38.365047        0       0
    33 38.799530        0       0
    34 38.293026        0       0
    35 38.553005        0       0
    36 38.268204        0       0
    37 38.533909        0       0
    38 38.718040        0       0
    39 38.560822        0       0
    40 38.473679        0       0
    41 38.606373        0       0
    42 38.555050        0       0
    43 38.322021        0       0
    44 37.887867        0       0
    45 37.824753        0       0
