     t     dsp%    xruns   delta
     1 43.733372        5       0
     2 41.916576        5       0
     3 40.851425        5       0
     4 40.272270        5       0
     5 40.058281        5       0
     6 40.831352        5       0
     7 40.690784        5       0
     8 41.415787        5       0
     9 40.375786        5       0
    10 40.624191        5       0
    11 40.549847        5       0
    12 40.719788        5       0
    13 43.641178        5       0
    14 40.811451        5       0
    15 41.132301        5       0
    16 40.323101        5       0
    17 40.519192        5       0
    18 43.917557        5       0
    19 41.482899        5       0
    20 40.527519        5       0
    21 40.845425        5       0
    22 40.769234        5       0
    23 40.831039        5       0
    24 41.597435        5       0
    25 40.889683        5       0
    26 40.797173        5       0
    27 40.578331        5       0
    28 40.881668        5       0
    29 41.612141        5       0
    30 40.805828        5       0
    31 41.539810        5       0
    32 41.618904        5       0
    33 41.163376        5       0
    34 41.680408        5       0
    35 41.163456        5       0
    36 40.883488        5       0
    37 40.289230        5       0
    38 43.564724        5       0
    39 40.114120        5       0
    40 40.344112        5       0
    41 39.726276        5       0
    42 39.713398        5       0
    43 41.193371        5       0
    44 40.167847        5       0
    45 15.498472        5       0
