     t     dsp%    xruns   delta
     1 28.995819        2       0
     2 33.878681        2       0
     3 30.193054        2       0
     4 28.371733        2       0
     5 44.373470        2       0
     6 47.930885        2       0
     7 49.964954        4       2
     8 47.105480        4       0
     9 30.531349        4       0
    10 29.569803        4       0
    11 18.456297        4       0
    12 23.183054        4       0
    13 22.165939        4       0
    14 26.680870        4       0
    15 43.109066        4       0
    16 51.327656        4       0
    17 54.607246        4       0
    18 38.863926        4       0
    19 34.678295        4       0
    20 43.569725        4       0
    21 42.750034        4       0
    22 33.639038        4       0
    23 23.946974        4       0
    24 27.650364        4       0
    25 32.331722        4       0
    26 31.246572        4       0
    27 29.362562        4       0
    28 32.753147        4       0
    29 40.758987        4       0
    30 48.593864        4       0
    31 50.535625        4       0
    32 47.786915        4       0
    33 33.411129        4       0
    34 29.338575        4       0
    35 20.261799        4       0
    36 19.215416        4       0
    37 21.042778        4       0
    38 24.066133        4       0
    39 40.622543        6       2
    40 47.672634        6       0
    41 50.834393        6       0
    42 41.744015        6       0
    43 38.178234        6       0
    44 41.791035        6       0
    45 37.023788        6       0
    46 26.457331        6       0
    47 24.988447        6       0
    48 31.959372        6       0
    49 33.557041        6       0
    50 29.460751        6       0
    51 30.287420        6       0
    52 37.058113        6       0
    53 47.120197        8       2
    54 48.650333        8       0
    55 44.668560        8       0
    56 35.888397        8       0
    57 27.772785        8       0
    58 21.524794        8       0
    59 18.618769        8       0
    60 20.922916        8       0
