     t     dsp%    xruns   delta
     1 43.830574        9       0
     2 41.402729        9       0
     3 41.119564        9       0
     4 40.717587        9       0
     5 40.494469        9       0
     6 40.516178        9       0
     7 40.791336        9       0
     8 40.873573        9       0
     9 40.184811        9       0
    10 40.953747        9       0
    11 40.209560        9       0
    12 41.223099        9       0
    13 40.450504        9       0
    14 40.989540        9       0
    15 49.713158        9       0
    16 41.208164        9       0
    17 40.692280        9       0
    18 40.675430        9       0
    19 40.690693        9       0
    20 40.882839        9       0
    21 41.038486        9       0
    22 40.725372        9       0
    23 41.016949        9       0
    24 41.388653        9       0
    25 40.711800        9       0
    26 41.430176        9       0
    27 40.841949        9       0
    28 41.335526        9       0
    29 40.647392        9       0
    30 41.535522        9       0
    31 41.536827        9       0
    32 41.961655        9       0
    33 40.766460        9       0
    34 41.428394        9       0
    35 40.908428        9       0
    36 41.406586        9       0
    37 41.576614        9       0
    38 40.418526        9       0
    39 40.966190        9       0
    40 41.130909        9       0
    41 40.198269        9       0
    42 39.857307        9       0
    43 39.874245        9       0
    44 39.813129        9       0
    45 19.015808        9       0
