     t     dsp%    xruns   delta
     1 99.981949      240      16
     2 99.990974      262      22
     3 99.997742      280      18
     4 99.998871      302      22
     5 99.999863      322      20
     6 99.999931      349      27
     7 99.999985      373      24
     8 99.999992      387      14
     9 100.000000      411      24
    10 100.000000      433      22
    11 100.000000      455      22
    12 100.000000      475      20
    13 100.000000      497      22
    14 100.000000      515      18
    15 100.000000      533      18
    16 100.000000      559      26
    17 100.000000      585      26
    18 100.000000      615      30
    19 100.000000      633      18
    20 100.000000      655      22
    21 100.000000      675      20
    22 100.000000      693      18
    23 100.000000      711      18
    24 100.000000      732      21
    25 100.000000      752      20
    26 100.000000      769      17
    27 100.000000      793      24
    28 100.000000      813      20
    29 100.000000      829      16
    30 100.000000      853      24
    31 100.000000      865      12
    32 99.777344      883      18
    33 99.944336      901      18
    34 99.972168      929      28
    35 99.993042      945      16
    36 99.996521      960      15
    37 99.258492      984      24
    38 99.665314      998      14
    39 99.832657     1020      22
    40 99.958160     1044      24
    41 99.979080     1063      19
    42 99.994766     1085      22
    43 99.997383     1110      25
    44 99.999344     1134      24
    45 99.999672     1157      23
    46 99.999832     1167      10
    47 99.444481     1191      24
    48 99.722244     1209      18
    49 99.930557     1231      22
    50 99.965279     1255      24
    51 98.620201     1273      18
    52 98.135864     1293      20
    53 99.533966     1311      18
    54 99.766983     1337      26
    55 99.941742     1353      16
    56 99.970871     1371      18
    57 99.992722     1390      19
    58 99.996361     1408      18
    59 99.998184     1430      22
    60 99.999542     1451      21
