     t     dsp%    xruns   delta
     1 38.539539        0       0
     2 38.976330        0       0
     3 38.207027        0       0
     4 38.240875        0       0
     5 38.566921        0       0
     6 38.340790        0       0
     7 38.263771        0       0
     8 38.289997        0       0
     9 38.309666        0       0
    10 38.987957        0       0
    11 39.266979        0       0
    12 38.725975        0       0
    13 38.261627        0       0
    14 38.356895        0       0
    15 38.674442        0       0
    16 38.563301        0       0
    17 38.268665        0       0
    18 38.134407        0       0
    19 37.979218        0       0
    20 38.160484        0       0
    21 38.179760        0       0
    22 38.323124        0       0
    23 38.054825        0       0
    24 38.064541        0       0
    25 37.937256        0       0
    26 38.584766        0       0
    27 38.159866        0       0
    28 38.217369        0       0
    29 37.933979        0       0
    30 38.053082        0       0
    31 38.381531        0       0
    32 38.222313        0       0
    33 37.950554        0       0
    34 38.114639        0       0
    35 38.080669        0       0
    36 38.805489        0       0
    37 38.183067        0       0
    38 38.045734        0       0
    39 37.867737        0       0
    40 40.313908        0       0
    41 40.149456        0       0
    42 37.910847        0       0
    43 37.429150        0       0
    44 37.565933        0       0
    45 31.917547        0       0
