     t     dsp%    xruns   delta
     1 44.322929       26       2
     2 41.829983       26       0
     3 28.799923       26       0
     4 33.849937       26       0
     5 47.383396       31       5
     6 52.972385       40       9
     7 56.150684       49       9
     8 37.205994       49       0
     9 31.103035       49       0
    10 25.468407       49       0
    11 22.121763       49       0
    12 25.477495       49       0
    13 29.237680       49       0
    14 65.379257       49       0
    15 59.331543       51       2
    16 77.849098       57       6
    17 46.119881       57       0
    18 34.773632       57       0
    19 51.301296       57       0
    20 54.209606       65       8
    21 37.465721       65       0
    22 24.370972       65       0
    23 19.435209       65       0
    24 39.572872       65       0
    25 53.836201       67       2
    26 29.099501       67       0
    27 34.689632       67       0
    28 46.713272       67       0
    29 62.275047       75       8
    30 53.439705       82       7
    31 88.718201       87       5
    32 37.806564       87       0
    33 30.319536       87       0
    34 30.072468       87       0
    35 18.861561       87       0
    36 25.835274       87       0
    37 31.504545       87       0
    38 36.188671       91       4
    39 57.408749      103      12
    40 88.584526      103       0
    41 46.118568      103       0
    42 39.078468      103       0
    43 54.930428      103       0
    44 42.982044      105       2
    45 36.209751      105       0
    46 18.080252      105       0
    47 37.912884      105       0
    48 50.967411      107       2
    49 30.106497      107       0
    50 31.185419      107       0
    51 42.350178      107       0
    52 56.722157      107       0
    53 64.552956      117      10
    54 78.135139      125       8
    55 38.373966      125       0
    56 28.297125      125       0
    57 36.687572      125       0
    58 18.512840      125       0
    59 25.278505      125       0
    60 27.596481      125       0
