     t     dsp%    xruns   delta
     1 92.125801       61       2
     2 94.780846       61       0
     3 79.960152       61       0
     4 76.067474       61       0
     5 86.543709       61       0
     6 80.758377       61       0
     7 75.867416       61       0
     8 75.546799       61       0
     9 80.435707       61       0
    10 88.230324       67       6
    11 94.774734       67       0
    12 96.363136       67       0
    13 80.209244       67       0
    14 77.565361       67       0
    15 86.839661       67       0
    16 81.564957       67       0
    17 77.868217       67       0
    18 85.745827       67       0
    19 79.864899       67       0
    20 76.214760       67       0
    21 76.069695       67       0
    22 85.627838       67       0
    23 80.037941       67       0
    24 76.361145       67       0
    25 75.238182       67       0
    26 93.022034       67       0
    27 83.596756       67       0
    28 77.363350       67       0
    29 75.591621       67       0
    30 86.294662       69       2
    31 79.518211       69       0
    32 77.414383       69       0
    33 75.081810       69       0
    34 75.001648       71       2
    35 73.692284       73       2
    36 86.846146       73       0
    37 77.583893       73       0
    38 77.431076       73       0
    39 76.459877       73       0
    40 87.780884       75       2
    41 78.165977       77       2
    42 74.142349       77       0
    43 73.723312       77       0
    44 73.160591       77       0
    45 56.664204       77       0
