     t     dsp%    xruns   delta
     1 55.793175      326      36
     2 43.220264      360      34
     3 67.664154      394      34
     4 83.832077      426      32
     5 95.433655      468      42
     6 96.188675      502      34
     7 79.490616      536      34
     8 57.757309      571      35
     9 86.514282      605      34
    10 91.501648      637      32
    11 45.927727      673      36
    12 72.963867      707      34
    13 57.978695      747      40
    14 78.061211      781      34
    15 92.721138      815      34
    16 60.097504      851      36
    17 80.048752      889      38
    18 93.997330      923      34
    19 96.998665      957      34
    20 64.072945      989      32
    21 47.207802     1029      40
    22 67.333282     1066      37
    23 82.630692     1100      34
    24 92.613098     1134      34
    25 96.306549     1168      34
    26 65.075325     1200      32
    27 49.237144     1236      36
    28 67.630852     1270      34
    29 82.066963     1302      32
    30 78.812576     1344      42
    31 88.262520     1376      32
    32 94.131256     1412      36
    33 63.608051     1446      34
    34 79.654778     1480      34
    35 93.210930     1514      34
    36 95.902328     1546      32
    37 49.192379     1588      42
    38 40.643139     1624      36
    39 69.344208     1657      33
    40 76.351425     1691      34
    41 53.426731     1725      34
    42 37.177761     1763      38
    43 67.093544     1795      32
    44 91.773384     1836      41
    45 93.983536     1871      35
    46 62.821705     1905      34
    47 90.275345     1945      40
    48 93.525146     1979      34
    49 64.667091     2013      34
    50 46.239231     2047      34
    51 84.655479     2079      32
    52 90.926155     2123      44
    53 95.615097     2155      32
    54 62.655437     2189      34
    55 56.554733     2223      34
    56 76.367180     2255      32
    57 93.228111     2289      34
    58 59.811920     2321      32
    59 41.695206     2359      38
    60 67.156326     2391      32
