     t     dsp%    xruns   delta
     1 76.042816        0       0
     2 67.309364        0       0
     3 60.193253        0       0
     4 58.144722        0       0
     5 56.945232        0       0
     6 57.125408        0       0
     7 56.853889        0       0
     8 56.993015        0       0
     9 56.881733        0       0
    10 56.985844        0       0
    11 57.002987        0       0
    12 58.176174        0       0
    13 56.872829        0       0
    14 57.250927        0       0
    15 56.743473        0       0
    16 56.963589        0       0
    17 59.663532        0       0
    18 59.025948        0       0
    19 57.715759        0       0
    20 57.119843        0       0
    21 56.617390        0       0
    22 58.359333        0       0
    23 57.469170        0       0
    24 57.190617        0       0
    25 56.807468        0       0
    26 57.175194        0       0
    27 56.806786        0       0
    28 57.607452        0       0
    29 56.936199        0       0
    30 57.139408        0       0
    31 56.922489        0       0
    32 56.795280        0       0
    33 57.365513        0       0
    34 57.171482        0       0
    35 56.706032        0       0
    36 57.139400        0       0
    37 56.815201        0       0
    38 57.571335        0       0
    39 56.735683        0       0
    40 57.011261        0       0
    41 56.614414        0       0
    42 56.767807        0       0
    43 56.173111        0       0
    44 55.514240        0       0
    45 47.543369        0       0
