     t     dsp%    xruns   delta
     1 57.606983        0       0
     2 58.044575        0       0
     3 57.632130        0       0
     4 57.190342        0       0
     5 56.927551        0       0
     6 56.900936        0       0
     7 56.677071        0       0
     8 56.827259        0       0
     9 57.490692        0       0
    10 57.123917        0       0
    11 57.017586        0       0
    12 57.140491        0       0
    13 58.299091        0       0
    14 61.521927        0       0
    15 58.025681        0       0
    16 57.199219        0       0
    17 56.997738        0       0
    18 57.252441        0       0
    19 57.656361        0       0
    20 57.205772        0       0
    21 57.096298        0       0
    22 56.697784        0       0
    23 56.907932        0       0
    24 57.508522        0       0
    25 57.193768        0       0
    26 57.219036        0       0
    27 56.875584        0       0
    28 56.845345        0       0
    29 57.780945        0       0
    30 57.434971        0       0
    31 57.281212        0       0
    32 57.307461        0       0
    33 57.146679        0       0
    34 56.968311        0       0
    35 57.435722        0       0
    36 57.115181        0       0
    37 56.830605        0       0
    38 57.511456        0       0
    39 57.363987        0       0
    40 56.912361        0       0
    41 57.094910        0       0
    42 56.194695        0       0
    43 55.671997        0       0
    44 59.480038        0       0
    45 48.940319        0       0
