     t     dsp%    xruns   delta
     1 46.024876       13       2
     2 39.204163       13       0
     3 28.610044       13       0
     4 42.726254       13       0
     5 63.425423       18       5
     6 49.835773       18       0
     7 52.618645       20       2
     8 35.578053       20       0
     9 28.424654       20       0
    10 21.734627       20       0
    11 18.907364       20       0
    12 25.019434       20       0
    13 27.119259       20       0
    14 35.254917       20       0
    15 57.574051       22       2
    16 73.008522       31       9
    17 45.102001       31       0
    18 32.225731       31       0
    19 43.230705       31       0
    20 54.897133       31       0
    21 37.044308       31       0
    22 21.974197       31       0
    23 17.498323       31       0
    24 38.839058       31       0
    25 40.825195       31       0
    26 33.258781       31       0
    27 31.072065       31       0
    28 41.618832       31       0
    29 59.514912       31       0
    30 51.918163       31       0
    31 66.097176       33       2
    32 37.606052       33       0
    33 27.374817       33       0
    34 25.546976       33       0
    35 18.096176       33       0
    36 25.409615       33       0
    37 26.552567       33       0
    38 35.801872       35       2
    39 54.281509       39       4
    40 61.132286       39       0
    41 47.382507       39       0
    42 41.917274       39       0
    43 56.280308       39       0
    44 37.557678       40       1
    45 32.058044       40       0
    46 18.948252       40       0
    47 37.022579       40       0
    48 41.139606       40       0
    49 30.429920       40       0
    50 29.517517       40       0
    51 38.478676       40       0
    52 56.124622       40       0
    53 55.619236       42       2
    54 58.514839       42       0
    55 38.582470       42       0
    56 28.063650       42       0
    57 25.655010       42       0
    58 18.516302       42       0
    59 25.184721       42       0
    60 26.638998       42       0
