     t     dsp%    xruns   delta
     1 39.389107        0       0
     2 38.911263        0       0
     3 38.292717        0       0
     4 38.349022        0       0
     5 38.218952        0       0
     6 38.115242        0       0
     7 38.219105        0       0
     8 38.345009        0       0
     9 38.678501        0       0
    10 38.553612        0       0
    11 38.263069        0       0
    12 38.200584        0       0
    13 38.682243        0       0
    14 38.428921        0       0
    15 38.240101        0       0
    16 38.238319        0       0
    17 38.124928        0       0
    18 38.376213        0       0
    19 40.725163        0       0
    20 39.518467        0       0
    21 38.931408        0       0
    22 38.482910        0       0
    23 38.282375        0       0
    24 38.656986        0       0
    25 38.151443        0       0
    26 38.351204        0       0
    27 38.169651        0       0
    28 38.183487        0       0
    29 38.538139        0       0
    30 38.551003        0       0
    31 38.564865        0       0
    32 38.604610        0       0
    33 38.459805        0       0
    34 38.362232        0       0
    35 38.608978        0       0
    36 38.481350        0       0
    37 38.604774        0       0
    38 38.881401        0       0
    39 38.908192        0       0
    40 38.518124        0       0
    41 38.794521        0       0
    42 37.853367        0       0
    43 37.538692        0       0
    44 37.868713        0       0
    45 32.814262        0       0
