     t     dsp%    xruns   delta
     1 57.700741        0       0
     2 57.289879        0       0
     3 57.455177        0       0
     4 57.671009        0       0
     5 57.327236        0       0
     6 57.253128        0       0
     7 56.658478        0       0
     8 56.754681        0       0
     9 57.392860        0       0
    10 57.440632        0       0
    11 56.967854        0       0
    12 57.258595        0       0
    13 57.202423        0       0
    14 57.237595        0       0
    15 56.912407        0       0
    16 57.275402        0       0
    17 56.934238        0       0
    18 57.260796        0       0
    19 62.235611        0       0
    20 58.815826        0       0
    21 57.645855        0       0
    22 57.479713        0       0
    23 56.982487        0       0
    24 57.913883        0       0
    25 57.166759        0       0
    26 57.160721        0       0
    27 57.015179        0       0
    28 57.295094        0       0
    29 57.994099        0       0
    30 57.594902        0       0
    31 57.026016        0       0
    32 57.013451        0       0
    33 56.804810        0       0
    34 57.099728        0       0
    35 57.100601        0       0
    36 57.421062        0       0
    37 56.756710        0       0
    38 57.122555        0       0
    39 57.909668        0       0
    40 56.903469        0       0
    41 57.249840        0       0
    42 56.027176        0       0
    43 56.115589        0       0
    44 55.989712        0       0
    45 46.583427        0       0
