     t     dsp%    xruns   delta
     1 99.997124     1890      26
     2 99.998566     1912      22
     3 99.999641     1934      22
     4 99.999908     1958      24
     5 99.999977     1976      18
     6 99.999985     1998      22
     7 99.287483     2014      16
     8 99.643738     2044      30
     9 99.910934     2065      21
    10 99.955467     2085      20
    11 99.988869     2105      20
    12 99.994431     2133      28
    13 99.816963     2151      18
    14 99.908478     2171      20
    15 99.977119     2195      24
    16 99.988556     2219      24
    17 99.994278     2235      16
    18 99.819275     2261      26
    19 99.909637     2281      20
    20 99.977409     2301      20
    21 99.988708     2327      26
    22 99.997177     2340      13
    23 99.998589     2364      24
    24 99.999649     2384      20
    25 99.999825     2403      19
    26 99.999954     2421      18
    27 99.999977     2436      15
    28 99.999992     2462      26
    29 100.000000     2482      20
    30 100.000000     2504      22
    31 100.000000     2527      23
    32 100.000000     2543      16
    33 100.000000     2572      29
    34 98.954674     2594      22
    35 99.477341     2620      26
    36 99.869339     2640      20
    37 99.934669     2662      22
    38 99.983665     2685      23
    39 99.991837     2705      20
    40 99.997955     2727      22
    41 99.998978     2751      24
    42 99.999741     2775      24
    43 99.999870     2801      26
    44 99.999969     2823      22
    45 99.999985     2845      22
    46 99.999992     2868      23
    47 100.000000     2880      12
    48 99.010918     2896      16
    49 99.752731     2922      26
    50 99.876366     2946      24
    51 98.108124     2972      26
    52 99.054062     2992      20
    53 99.763519     3012      20
    54 99.881760     3032      20
    55 99.970444     3048      16
    56 99.985222     3070      22
    57 99.996307     3090      20
    58 99.998154     3117      27
    59 99.999077     3135      18
    60 99.999771     3153      18
