     t     dsp%    xruns   delta
     1 39.123039        0       0
     2 39.359486        0       0
     3 38.710636        0       0
     4 38.246239        0       0
     5 37.950047        0       0
     6 37.969070        0       0
     7 38.397015        0       0
     8 38.323807        0       0
     9 37.856392        0       0
    10 37.969116        0       0
    11 38.086475        0       0
    12 38.733387        0       0
    13 38.124023        0       0
    14 38.325596        0       0
    15 38.074814        0       0
    16 38.511932        0       0
    17 39.991447        0       0
    18 39.371368        0       0
    19 38.494572        0       0
    20 38.125259        0       0
    21 38.063709        0       0
    22 38.833183        0       0
    23 38.621578        0       0
    24 37.901539        0       0
    25 38.017471        0       0
    26 37.948563        0       0
    27 37.905048        0       0
    28 38.139603        0       0
    29 38.000568        0       0
    30 38.176373        0       0
    31 38.260361        0       0
    32 38.077354        0       0
    33 38.554169        0       0
    34 38.163315        0       0
    35 38.069401        0       0
    36 37.850620        0       0
    37 38.301777        0       0
    38 38.252750        0       0
    39 37.966366        0       0
    40 37.892857        0       0
    41 37.953735        0       0
    42 37.921696        0       0
    43 37.936337        0       0
    44 37.416111        0       0
    45 37.343525        0       0
