     t     dsp%    xruns   delta
     1 57.781788        0       0
     2 58.204632        0       0
     3 57.990898        0       0
     4 57.385738        0       0
     5 56.887276        0       0
     6 56.927677        0       0
     7 56.740005        0       0
     8 57.111858        0       0
     9 56.735657        0       0
    10 57.039371        0       0
    11 56.924965        0       0
    12 57.748096        0       0
    13 56.858391        0       0
    14 57.039799        0       0
    15 56.430531        0       0
    16 56.933681        0       0
    17 57.004013        0       0
    18 57.007141        0       0
    19 56.910267        0       0
    20 56.712215        0       0
    21 57.008900        0       0
    22 62.762749        0       0
    23 59.743534        0       0
    24 57.436939        0       0
    25 56.921253        0       0
    26 56.943481        0       0
    27 56.339363        0       0
    28 57.120281        0       0
    29 56.741829        0       0
    30 56.920891        0       0
    31 56.726513        0       0
    32 56.652760        0       0
    33 57.250191        0       0
    34 57.287262        0       0
    35 56.635368        0       0
    36 57.279854        0       0
    37 56.723751        0       0
    38 57.518581        0       0
    39 56.724834        0       0
    40 56.898018        0       0
    41 56.777122        0       0
    42 56.724945        0       0
    43 57.028000        0       0
    44 56.899395        0       0
    45 57.088428        0       0
    46 56.833717        0       0
    47 57.383324        0       0
    48 57.105385        0       0
    49 56.753963        0       0
    50 56.968834        0       0
    51 57.063190        0       0
    52 58.588318        0       0
    53 59.202465        0       0
    54 58.040741        0       0
    55 57.262024        0       0
    56 57.398647        0       0
    57 56.650326        0       0
    58 56.152943        0       0
    59 55.993313        0       0
    60 46.094143        0       0
