     t     dsp%    xruns   delta
     1 78.428604       61       4
     2 61.741047       61       0
     3 59.153881       61       0
     4 59.534435       61       0
     5 60.321335       61       0
     6 59.370586       61       0
     7 60.198360       61       0
     8 58.545959       61       0
     9 59.956947       63       2
    10 61.725639       65       2
    11 60.726498       65       0
    12 59.409145       65       0
    13 60.707005       65       0
    14 58.963795       65       0
    15 85.803177       71       6
    16 60.114464       71       0
    17 60.381062       71       0
    18 59.459126       71       0
    19 60.359718       71       0
    20 59.220882       71       0
    21 60.342518       71       0
    22 59.942242       71       0
    23 59.778069       71       0
    24 60.443794       71       0
    25 60.368950       71       0
    26 61.086182       71       0
    27 60.887909       73       2
    28 59.033714       73       0
    29 61.278030       73       0
    30 60.110676       73       0
    31 65.504120       73       0
    32 59.572865       75       2
    33 59.601192       75       0
    34 59.740559       77       2
    35 60.291748       78       1
    36 59.537422       78       0
    37 58.950245       80       2
    38 59.351215       80       0
    39 58.975128       80       0
    40 60.293556       80       0
    41 60.945541       80       0
    42 57.630329       80       0
    43 57.849541       80       0
    44 57.984550       80       0
    45 19.259598       80       0
