     t     dsp%    xruns   delta
     1 38.776333        0       0
     2 38.794720        0       0
     3 38.854214        0       0
     4 38.507874        0       0
     5 38.515175        0       0
     6 38.202808        0       0
     7 38.553886        0       0
     8 38.606152        0       0
     9 38.171906        0       0
    10 38.227661        0       0
    11 38.332756        0       0
    12 38.908092        0       0
    13 38.543880        0       0
    14 38.343330        0       0
    15 38.264404        0       0
    16 38.487194        0       0
    17 38.957188        0       0
    18 38.307713        0       0
    19 38.396347        0       0
    20 38.019844        0       0
    21 38.393036        0       0
    22 41.756184        0       0
    23 40.298706        0       0
    24 38.668873        0       0
    25 38.680050        0       0
    26 38.211475        0       0
    27 38.392757        0       0
    28 38.552155        0       0
    29 38.347469        0       0
    30 38.236145        0       0
    31 38.489468        0       0
    32 38.440346        0       0
    33 39.166409        0       0
    34 38.497562        0       0
    35 38.438904        0       0
    36 38.401001        0       0
    37 38.365543        0       0
    38 38.469791        0       0
    39 38.464775        0       0
    40 38.165497        0       0
    41 38.606670        0       0
    42 38.456760        0       0
    43 38.749802        0       0
    44 38.497856        0       0
    45 38.264362        0       0
    46 38.222324        0       0
    47 38.641937        0       0
    48 38.601860        0       0
    49 38.381775        0       0
    50 38.318531        0       0
    51 38.158592        0       0
    52 39.350708        0       0
    53 39.467827        0       0
    54 38.880306        0       0
    55 38.424431        0       0
    56 38.407829        0       0
    57 37.633644        0       0
    58 37.693680        0       0
    59 37.508068        0       0
    60 31.525801        0       0
