     t     dsp%    xruns   delta
     1 39.090569        0       0
     2 39.059650        0       0
     3 38.530205        0       0
     4 38.177116        0       0
     5 38.157623        0       0
     6 38.042389        0       0
     7 38.179794        0       0
     8 38.161289        0       0
     9 38.157959        0       0
    10 37.967556        0       0
    11 38.463436        0       0
    12 38.736710        0       0
    13 38.177589        0       0
    14 37.982056        0       0
    15 38.001820        0       0
    16 38.133240        0       0
    17 39.919289        0       0
    18 39.417782        0       0
    19 38.667782        0       0
    20 37.964653        0       0
    21 38.112312        0       0
    22 38.700020        0       0
    23 38.355778        0       0
    24 38.295643        0       0
    25 38.207493        0       0
    26 38.161304        0       0
    27 38.194233        0       0
    28 38.127522        0       0
    29 38.121090        0       0
    30 38.049469        0       0
    31 38.004719        0       0
    32 37.869843        0       0
    33 38.450729        0       0
    34 38.062378        0       0
    35 38.211746        0       0
    36 38.057732        0       0
    37 38.265667        0       0
    38 38.255787        0       0
    39 38.325726        0       0
    40 38.060814        0       0
    41 38.335575        0       0
    42 38.276680        0       0
    43 38.002819        0       0
    44 37.529041        0       0
    45 37.526451        0       0
