     t     dsp%    xruns   delta
     1 39.189392        0       0
     2 38.933281        0       0
     3 38.450565        0       0
     4 38.156048        0       0
     5 37.772366        0       0
     6 37.990387        0       0
     7 38.125778        0       0
     8 37.928028        0       0
     9 37.827763        0       0
    10 38.149338        0       0
    11 37.631130        0       0
    12 38.777596        0       0
    13 37.915936        0       0
    14 38.069206        0       0
    15 37.927513        0       0
    16 38.021088        0       0
    17 39.542114        0       0
    18 39.360989        0       0
    19 38.777668        0       0
    20 37.972202        0       0
    21 38.120773        0       0
    22 38.873230        0       0
    23 38.379101        0       0
    24 38.099907        0       0
    25 38.079155        0       0
    26 38.061253        0       0
    27 38.003582        0       0
    28 38.139622        0       0
    29 37.991199        0       0
    30 38.116608        0       0
    31 38.164852        0       0
    32 38.725704        0       0
    33 38.674065        0       0
    34 38.206860        0       0
    35 37.939655        0       0
    36 37.935749        0       0
    37 38.013680        0       0
    38 38.186047        0       0
    39 38.283680        0       0
    40 38.051514        0       0
    41 38.122311        0       0
    42 38.273174        0       0
    43 37.885921        0       0
    44 37.571377        0       0
    45 37.178436        0       0
