     t     dsp%    xruns   delta
     1 27.049124        0       0
     2 32.527985        0       0
     3 28.846382        0       0
     4 27.649179        0       0
     5 44.037056        0       0
     6 48.165810        2       2
     7 50.648304        2       0
     8 46.629173        2       0
     9 30.283365        2       0
    10 29.684879        2       0
    11 18.771006        2       0
    12 19.714571        2       0
    13 21.629295        2       0
    14 25.564096        2       0
    15 42.756046        2       0
    16 71.378021        3       1
    17 63.964455        3       0
    18 40.849316        3       0
    19 35.450672        3       0
    20 44.088608        3       0
    21 44.429810        3       0
    22 35.199234        3       0
    23 25.022388        3       0
    24 26.423882        3       0
    25 31.608322        3       0
    26 31.999722        3       0
    27 29.907890        3       0
    28 31.975403        3       0
    29 39.631821        3       0
    30 49.017551        3       0
    31 50.482620        3       0
    32 73.160027        3       0
    33 39.227051        3       0
    34 32.469196        3       0
    35 21.424149        3       0
    36 19.287991        3       0
    37 21.633978        3       0
    38 23.480467        3       0
    39 39.335876        3       0
    40 47.296497        3       0
    41 51.117706        3       0
    42 41.534103        3       0
    43 35.871033        3       0
    44 40.231312        3       0
    45 37.829994        3       0
    46 28.020607        3       0
    47 23.648380        3       0
    48 30.234634        3       0
    49 42.567799        3       0
    50 37.320087        3       0
    51 32.451477        3       0
    52 38.280773        3       0
    53 49.891525        5       2
    54 48.486755        5       0
    55 37.952560        5       0
    56 30.861622        5       0
    57 29.267698        5       0
    58 21.981621        5       0
    59 18.474522        5       0
    60 20.596224        5       0
