     t     dsp%    xruns   delta
     1 38.746883        0       0
     2 38.665150        0       0
     3 38.143295        0       0
     4 37.854626        0       0
     5 37.841053        0       0
     6 37.778633        0       0
     7 37.823227        0       0
     8 37.954880        0       0
     9 38.152058        0       0
    10 38.037262        0       0
    11 37.874996        0       0
    12 37.966702        0       0
    13 38.490173        0       0
    14 41.236835        0       0
    15 38.674889        0       0
    16 38.565868        0       0
    17 38.185574        0       0
    18 38.151138        0       0
    19 38.268837        0       0
    20 38.314926        0       0
    21 37.863224        0       0
    22 38.135002        0       0
    23 37.878735        0       0
    24 38.469357        0       0
    25 38.181850        0       0
    26 38.002548        0       0
    27 37.861725        0       0
    28 38.054939        0       0
    29 38.049641        0       0
    30 38.264812        0       0
    31 37.945980        0       0
    32 37.948288        0       0
    33 37.870327        0       0
    34 37.936241        0       0
    35 37.949348        0       0
    36 37.994503        0       0
    37 37.805710        0       0
    38 37.915653        0       0
    39 38.296036        0       0
    40 37.956093        0       0
    41 38.084595        0       0
    42 37.443851        0       0
    43 37.387840        0       0
    44 39.377899        0       0
    45 33.477448        0       0
