     t     dsp%    xruns   delta
     1 43.735878        5       0
     2 36.800182        5       0
     3 31.441940        5       0
     4 48.200691        5       0
     5 67.078964        9       4
     6 56.500889        9       0
     7 45.514423       13       4
     8 30.146400       13       0
     9 29.870445       13       0
    10 20.327148       13       0
    11 21.903725       13       0
    12 24.564074       13       0
    13 29.357595       13       0
    14 44.944401       13       0
    15 65.877228       13       0
    16 76.070709       17       4
    17 42.095165       17       0
    18 34.787510       17       0
    19 47.325676       17       0
    20 56.227993       17       0
    21 40.211781       17       0
    22 19.762709       17       0
    23 18.102467       17       0
    24 42.753376       17       0
    25 40.489361       17       0
    26 31.012180       17       0
    27 33.623161       17       0
    28 48.152164       17       0
    29 80.460678       19       2
    30 52.708355       19       0
    31 57.854671       19       0
    32 36.663929       19       0
    33 30.703955       19       0
    34 21.550501       19       0
    35 18.195751       19       0
    36 27.659847       19       0
    37 29.461050       19       0
    38 35.794323       19       0
    39 57.483452       21       2
    40 45.225998       23       2
    41 34.748531       23       0
    42 46.453140       23       0
    43 55.945690       23       0
    44 37.331581       23       0
    45 23.824797       23       0
    46 18.073370       23       0
    47 39.840042       23       0
    48 39.944004       23       0
    49 29.087524       23       0
    50 32.429638       23       0
    51 44.010448       25       2
    52 59.159092       29       4
    53 51.887997       29       0
    54 57.032917       33       4
    55 29.595375       33       0
    56 30.819696       33       0
    57 22.556669       33       0
    58 18.538431       33       0
    59 24.530825       33       0
    60 27.849657       33       0
