     t     dsp%    xruns   delta
     1 85.694145       14       6
     2 92.047836       14       0
     3 85.361374       14       0
     4 79.775795       14       0
     5 80.940659       14       0
     6 76.426361       16       2
     7 75.432472       16       0
     8 75.139481       16       0
     9 74.658401       16       0
    10 84.861191       16       0
    11 89.002296       16       0
    12 82.615807       16       0
    13 81.694359       16       0
    14 78.396988       16       0
    15 75.648560       16       0
    16 75.322525       20       4
    17 92.458344       24       4
    18 83.657104       24       0
    19 79.158043       24       0
    20 76.164612       24       0
    21 75.334450       24       0
    22 86.194046       24       0
    23 80.522606       24       0
    24 88.863365       24       0
    25 82.213524       24       0
    26 76.717537       24       0
    27 75.692947       24       0
    28 81.218742       24       0
    29 77.929482       24       0
    30 75.631294       24       0
    31 75.250610       24       0
    32 74.715729       24       0
    33 81.081078       24       0
    34 77.954407       24       0
    35 81.189957       24       0
    36 78.018219       24       0
    37 75.265587       24       0
    38 75.787292       24       0
    39 74.956291       24       0
    40 74.904739       24       0
    41 86.210167       26       2
    42 82.635132       28       2
    43 89.613632       28       0
    44 77.259735       28       0
    45 61.238033       28       0
