     t     dsp%    xruns   delta
     1 61.999020       38       6
     2 60.419029       38       0
     3 59.012955       38       0
     4 58.725998       38       0
     5 59.146137       38       0
     6 59.501942       38       0
     7 58.984222       38       0
     8 60.854771       38       0
     9 59.630123       38       0
    10 59.466141       38       0
    11 59.844753       38       0
    12 59.350834       38       0
    13 60.758537       38       0
    14 59.247330       38       0
    15 59.543663       38       0
    16 59.109104       38       0
    17 59.738476       38       0
    18 63.664288       45       7
    19 67.581337       46       1
    20 59.510685       46       0
    21 59.600807       46       0
    22 59.135483       46       0
    23 59.653248       46       0
    24 60.740498       46       0
    25 60.675945       46       0
    26 59.623409       46       0
    27 60.829594       47       1
    28 60.422150       47       0
    29 63.119465       47       0
    30 59.789913       47       0
    31 59.575752       47       0
    32 59.594498       49       2
    33 59.620869       49       0
    34 59.277451       49       0
    35 58.924759       49       0
    36 59.264385       49       0
    37 58.590714       49       0
    38 63.081764       49       0
    39 59.632874       49       0
    40 59.486107       49       0
    41 58.412067       51       2
    42 58.460621       51       0
    43 58.482471       51       0
    44 58.354156       51       0
    45 17.299135       51       0
