     t     dsp%    xruns   delta
     1 39.137840        0       0
     2 39.216881        0       0
     3 38.891785        0       0
     4 38.655567        0       0
     5 39.236977        0       0
     6 38.785973        0       0
     7 38.462959        0       0
     8 38.642723        0       0
     9 38.495113        0       0
    10 39.448654        0       0
    11 39.907166        0       0
    12 39.165604        0       0
    13 38.609428        0       0
    14 38.385483        0       0
    15 39.230038        0       0
    16 38.955944        0       0
    17 38.856400        0       0
    18 38.705566        0       0
    19 38.590584        0       0
    20 38.489113        0       0
    21 39.012051        0       0
    22 38.744480        0       0
    23 38.769417        0       0
    24 38.693199        0       0
    25 38.490650        0       0
    26 38.943436        0       0
    27 38.796238        0       0
    28 38.724514        0       0
    29 38.649277        0       0
    30 38.687771        0       0
    31 38.823093        0       0
    32 38.710285        0       0
    33 38.679588        0       0
    34 38.624474        0       0
    35 38.661652        0       0
    36 39.330357        0       0
    37 38.573273        0       0
    38 38.611156        0       0
    39 38.456757        0       0
    40 38.491962        0       0
    41 41.376610        0       0
    42 39.909698        0       0
    43 38.210129        0       0
    44 37.884224        0       0
    45 32.742329        0       0
