     t     dsp%    xruns   delta
     1 38.606445        0       0
     2 38.515244        0       0
     3 38.644890        0       0
     4 38.412453        0       0
     5 37.858635        0       0
     6 38.185867        0       0
     7 38.064491        0       0
     8 38.087231        0       0
     9 38.024597        0       0
    10 38.116501        0       0
    11 37.873711        0       0
    12 39.077015        0       0
    13 38.058758        0       0
    14 38.396088        0       0
    15 37.922512        0       0
    16 37.943584        0       0
    17 39.559616        0       0
    18 39.162628        0       0
    19 38.547234        0       0
    20 38.042332        0       0
    21 37.926151        0       0
    22 38.749573        0       0
    23 38.253990        0       0
    24 38.114334        0       0
    25 38.098087        0       0
    26 38.162079        0       0
    27 38.140713        0       0
    28 38.209064        0       0
    29 38.110298        0       0
    30 38.213177        0       0
    31 37.967037        0       0
    32 37.968189        0       0
    33 38.006557        0       0
    34 37.922325        0       0
    35 38.024387        0       0
    36 37.989834        0       0
    37 37.980328        0       0
    38 38.328747        0       0
    39 38.133022        0       0
    40 37.889462        0       0
    41 38.095860        0       0
    42 38.180260        0       0
    43 37.785351        0       0
    44 37.504684        0       0
    45 32.405121        0       0
