     t     dsp%    xruns   delta
     1 75.749443       32       4
     2 87.874725       32       0
     3 93.714737       32       0
     4 84.372017       32       0
     5 76.419266       34       2
     6 75.724281       34       0
     7 85.109055       34       0
     8 79.893394       34       0
     9 82.212601       34       0
    10 89.001579       34       0
    11 78.467285       34       0
    12 87.829712       34       0
    13 89.797157       41       7
    14 94.898575       41       0
    15 90.536621       41       0
    16 82.691551       41       0
    17 78.344795       41       0
    18 75.905045       42       1
    19 87.952522       42       0
    20 83.568779       42       0
    21 78.799812       42       0
    22 81.009895       42       0
    23 77.536774       42       0
    24 81.571884       42       0
    25 78.007622       42       0
    26 75.668411       42       0
    27 74.877754       44       2
    28 74.271873       46       2
    29 74.357613       46       0
    30 86.215851       46       0
    31 80.191322       48       2
    32 76.229820       48       0
    33 74.843086       48       0
    34 84.937126       48       0
    35 82.336800       48       0
    36 78.779144       48       0
    37 75.256615       48       0
    38 87.612495       50       2
    39 81.499023       50       0
    40 82.865967       50       0
    41 89.954056       50       0
    42 77.519455       50       0
    43 75.311081       50       0
    44 92.180084       56       6
    45 94.229073       56       0
