     t     dsp%    xruns   delta
     1 44.926910       18       2
     2 38.135769       18       0
     3 28.097330       18       0
     4 43.679562       18       0
     5 60.836838       18       0
     6 49.829609       20       2
     7 61.330517       22       2
     8 35.285534       22       0
     9 28.796982       22       0
    10 21.085033       22       0
    11 17.543907       22       0
    12 25.249807       22       0
    13 27.877008       22       0
    14 35.274086       22       0
    15 56.549480       22       0
    16 61.848858       28       6
    17 43.629410       30       2
    18 33.371155       30       0
    19 43.704788       30       0
    20 55.570793       30       0
    21 36.107605       30       0
    22 22.232038       30       0
    23 18.436876       30       0
    24 38.689308       30       0
    25 40.221939       30       0
    26 34.927879       30       0
    27 32.552830       30       0
    28 41.613258       30       0
    29 61.148815       32       2
    30 56.010376       32       0
    31 65.551178       34       2
    32 37.521049       34       0
    33 28.246590       34       0
    34 24.351442       34       0
    35 19.007435       34       0
    36 25.278240       34       0
    37 28.782488       34       0
    38 34.970921       34       0
    39 63.224052       36       2
    40 45.297775       36       0
    41 31.014944       36       0
    42 42.487232       36       0
    43 56.592751       36       0
    44 37.650063       38       2
    45 29.773018       38       0
    46 17.614616       38       0
    47 37.193649       38       0
    48 39.830868       38       0
    49 29.508539       38       0
    50 29.231226       38       0
    51 39.651054       38       0
    52 55.427174       38       0
    53 54.339409       39       1
    54 51.055317       41       2
    55 30.438068       41       0
    56 31.562693       41       0
    57 28.276836       41       0
    58 19.170732       41       0
    59 25.852118       41       0
    60 27.067816       41       0
