     t     dsp%    xruns   delta
     1 47.176506        1       0
     2 40.831669        1       0
     3 39.948322        1       0
     4 39.364536        1       0
     5 40.100109        1       0
     6 39.517014        1       0
     7 39.637501        1       0
     8 39.340820        1       0
     9 39.470150        1       0
    10 44.621796        1       0
    11 40.325993        1       0
    12 39.346016        1       0
    13 39.304386        1       0
    14 39.136280        1       0
    15 40.939995        1       0
    16 39.299717        1       0
    17 40.035412        1       0
    18 39.489006        1       0
    19 39.781662        1       0
    20 39.744411        1       0
    21 39.876877        1       0
    22 39.670761        1       0
    23 40.027050        1       0
    24 39.490303        1       0
    25 39.924805        1       0
    26 39.799809        1       0
    27 39.774807        1       0
    28 39.380249        1       0
    29 39.742287        1       0
    30 39.970364        1       0
    31 39.792889        1       0
    32 39.303993        1       0
    33 39.573372        1       0
    34 39.071461        1       0
    35 39.681419        1       0
    36 40.267464        1       0
    37 39.788731        1       0
    38 39.118305        1       0
    39 39.315987        1       0
    40 45.851822        1       0
    41 39.685162        1       0
    42 38.929565        1       0
    43 38.518692        1       0
    44 38.584526        1       0
    45 26.613598        1       0
