=== Plan V V0+V1+V2 2026-08-21T22:08:49-04:00 artifacts=/root/plan-v-20260821-220849 ===

=== V0-a governor ===
MPE_CPU_GOVERNOR=MPE_CPU_GOVERNOR=performance
cpu0 governor=performance mhz=1800
cpu1 governor=performance mhz=1800
cpu2 governor=performance mhz=1800
cpu3 governor=performance mhz=1800
config.txt: arm_boost=1 already set (V6 baseline may already be active)

=== V0-b poly governor ===
surge-poly-governor: active
MPE_POLY_GOVERNOR=unset
MPE_POLY_CEILING=unset
MPE_POLY_FLOOR=unset

=== V0-c softmode ===
MPE_JACK_SOFTMODE=MPE_JACK_SOFTMODE=1
52241 jackd -R -P70 -s -d alsa -P hw:2 -r 48000 -p 1024 -n 3

=== V0 actions: disable poly governor, pin poly, stop governor unit ===
poly governor stopped; MPE_POLY_GOVERNOR=0 MPE_POLY_CEILING=16 MPE_POLY_FLOOR=16
NOTE: CPU governor unchanged for V0 (V5 is separate). softmode reverted by measure-dsp-sample strict restart.

=== V1 silence test (Surge on, zero notes, n=3 x 30s per buffer) ===
Applied buffer=1024 periods=3
awk: line 10: syntax error at or near function
awk: line 11: return outside function body
awk: line 17: syntax error at or near printf
