
=== measure-latency-run buffer=1024 periods=2 condition=A runs=3 seconds=45 2026-08-22T00:05:08-04:00 ===
SENTINEL harness-start
Applied buffer=1024 periods=2
jackd period=1024 ok
jackd periods=2 ok
condition A units:
  sooperlooper=inactive session=inactive watchdog=inactive
jackd period=1024 ok
jackd periods=2 ok
=== provenance after strict restart ===
=== provenance 2026-08-22T00:05:56-04:00 ===
47166e8 Fix bash syntax in measure-v8b-playable.sh
6.18.34+rpt-rpi-v8
coherent_pool=1M 8250.nr_uarts=0 snd_bcm2835.enable_headphones=0 cgroup_disable=memory numa_policy=interleave nvme.max_host_mem_size_mb=32 snd_bcm2835.enable_headphones=1 snd_bcm2835.enable_hdmi=1 snd_bcm2835.enable_hdmi=0  numa=fake=2 system_heap.max_order=0 iommu_dma_numa_policy=interleave smsc95xx.macaddr=2C:CF:67:59:7C:41 vc_mem.mem_base=0x3ec00000 vc_mem.mem_size=0x40000000  console=ttyS0,115200 console=tty1 root=PARTUUID=ed7e095b-02 rootfstype=ext4 fsck.repair=yes rootwait cfg80211.ieee80211_regdom=CA irqaffinity=0,1 video=HDMI-A-1:d video=HDMI-A-2:d threadirqs

governor cpufreq=performance
jackd -R -P70 -d alsa -P hw:2 -r 48000 -p 1024 -n 2
=== run A-b1024-p2-l0-run1 ===
RESULT tag=A-b1024-p2-l0-run1 xruns=20 meter_live=1 meter_max_age_s=0 dsp_median=78.396988 dsp_p99=92.047836 dsp_max=92.458344
RESULT tag=A-b1024-p2-l0-run1 jitter_n=2467 jitter_median_usec=-288 jitter_p99_usec=865 jitter_p99_9_usec=1122 jitter_max_usec=1407
RESULT tag=A-b1024-p2-l0-run1 frames_late_p99_usec=292 frames_late_max_usec=583
RESULT tag=A-b1024-p2-l0-run1 delay_events=0 delay_nonzero=0 (legacy, ignore)
RESULT tag=A-b1024-p2-l0-run1 samples=45 temp=59.4'C throttled=0x0
RESULT tag=A-b1024-p2-l0-run1 file=/tmp/latency-A-b1024-p2-l0-run1-1787371556.out xrun_events=/tmp/latency-A-b1024-p2-l0-run1-1787371556.xruns
RESULT tag=A-b1024-p2-l0-run1 probe_xrun_count=22 jackd_alsa_xrun_count=0 jackd_alsa_msec_min=0 jackd_alsa_msec_median=0 jackd_alsa_msec_max=0 jackd_alsa_msec_mean=0 window_since=2026-08-22T00:06:05-04:00 window_until=2026-08-22T00:06:51-04:00
SENTINEL run-complete tag=A-b1024-p2-l0-run1 xruns=20
     t     dsp%    xruns   delta
     1 85.694145       14       6
     2 92.047836       14       0
     3 85.361374       14       0
     4 79.775795       14       0
     5 80.940659       14       0
     6 76.426361       16       2
     7 75.432472       16       0
     8 75.139481       16       0
     9 74.658401       16       0
    10 84.861191       16       0
    11 89.002296       16       0
    12 82.615807       16       0
    13 81.694359       16       0
    14 78.396988       16       0
    15 75.648560       16       0
    16 75.322525       20       4
    17 92.458344       24       4
    18 83.657104       24       0
    19 79.158043       24       0
    20 76.164612       24       0
    21 75.334450       24       0
    22 86.194046       24       0
    23 80.522606       24       0
    24 88.863365       24       0
    25 82.213524       24       0
    26 76.717537       24       0
    27 75.692947       24       0
    28 81.218742       24       0
    29 77.929482       24       0
    30 75.631294       24       0
    31 75.250610       24       0
    32 74.715729       24       0
    33 81.081078       24       0
    34 77.954407       24       0
    35 81.189957       24       0
    36 78.018219       24       0
    37 75.265587       24       0
    38 75.787292       24       0
    39 74.956291       24       0
    40 74.904739       24       0
    41 86.210167       26       2
    42 82.635132       28       2
    43 89.613632       28       0
    44 77.259735       28       0
    45 61.238033       28       0
--- xrun delays (probe) ---
PROBE_START client=mpe-xrun-probe buffer_frames=1024 sample_rate=48000 expected_period_us=21333
JITTER_SUMMARY expected_period_us=21333 n=2467 median_usec=-288 p99_usec=865 p99_9_usec=1122 max_usec=1407
FRAMES_LATE_SUMMARY expected_period_us=21333 n=2467 median_usec=104 p99_usec=292 p99_9_usec=396 max_usec=583
XRUN_COUNT 22
PROBE_END
=== run A-b1024-p2-l0-run2 ===
RESULT tag=A-b1024-p2-l0-run2 xruns=28 meter_live=1 meter_max_age_s=0 dsp_median=81.499023 dsp_p99=94.229073 dsp_max=94.898575
RESULT tag=A-b1024-p2-l0-run2 jitter_n=2471 jitter_median_usec=-289 jitter_p99_usec=814 jitter_p99_9_usec=1067 jitter_max_usec=1130
RESULT tag=A-b1024-p2-l0-run2 frames_late_p99_usec=292 frames_late_max_usec=625
RESULT tag=A-b1024-p2-l0-run2 delay_events=0 delay_nonzero=0 (legacy, ignore)
RESULT tag=A-b1024-p2-l0-run2 samples=45 temp=60.3'C throttled=0x0
RESULT tag=A-b1024-p2-l0-run2 file=/tmp/latency-A-b1024-p2-l0-run2-1787371622.out xrun_events=/tmp/latency-A-b1024-p2-l0-run2-1787371622.xruns
RESULT tag=A-b1024-p2-l0-run2 probe_xrun_count=28 jackd_alsa_xrun_count=0 jackd_alsa_msec_min=0 jackd_alsa_msec_median=0 jackd_alsa_msec_max=0 jackd_alsa_msec_mean=0 window_since=2026-08-22T00:07:11-04:00 window_until=2026-08-22T00:07:57-04:00
SENTINEL run-complete tag=A-b1024-p2-l0-run2 xruns=28
     t     dsp%    xruns   delta
     1 75.749443       32       4
     2 87.874725       32       0
     3 93.714737       32       0
     4 84.372017       32       0
     5 76.419266       34       2
     6 75.724281       34       0
     7 85.109055       34       0
     8 79.893394       34       0
     9 82.212601       34       0
    10 89.001579       34       0
    11 78.467285       34       0
    12 87.829712       34       0
    13 89.797157       41       7
    14 94.898575       41       0
    15 90.536621       41       0
    16 82.691551       41       0
    17 78.344795       41       0
    18 75.905045       42       1
    19 87.952522       42       0
    20 83.568779       42       0
    21 78.799812       42       0
    22 81.009895       42       0
    23 77.536774       42       0
    24 81.571884       42       0
    25 78.007622       42       0
    26 75.668411       42       0
    27 74.877754       44       2
    28 74.271873       46       2
    29 74.357613       46       0
    30 86.215851       46       0
    31 80.191322       48       2
    32 76.229820       48       0
    33 74.843086       48       0
    34 84.937126       48       0
    35 82.336800       48       0
    36 78.779144       48       0
    37 75.256615       48       0
    38 87.612495       50       2
    39 81.499023       50       0
    40 82.865967       50       0
    41 89.954056       50       0
    42 77.519455       50       0
    43 75.311081       50       0
    44 92.180084       56       6
    45 94.229073       56       0
--- xrun delays (probe) ---
PROBE_START client=mpe-xrun-probe buffer_frames=1024 sample_rate=48000 expected_period_us=21333
JITTER_SUMMARY expected_period_us=21333 n=2471 median_usec=-289 p99_usec=814 p99_9_usec=1067 max_usec=1130
FRAMES_LATE_SUMMARY expected_period_us=21333 n=2471 median_usec=104 p99_usec=292 p99_9_usec=375 max_usec=625
XRUN_COUNT 28
PROBE_END
=== run A-b1024-p2-l0-run3 ===
RESULT tag=A-b1024-p2-l0-run3 xruns=18 meter_live=1 meter_max_age_s=0 dsp_median=78.165977 dsp_p99=94.780846 dsp_max=96.363136
RESULT tag=A-b1024-p2-l0-run3 jitter_n=2469 jitter_median_usec=-295 jitter_p99_usec=846 jitter_p99_9_usec=1109 jitter_max_usec=1171
RESULT tag=A-b1024-p2-l0-run3 frames_late_p99_usec=292 frames_late_max_usec=375
RESULT tag=A-b1024-p2-l0-run3 delay_events=0 delay_nonzero=0 (legacy, ignore)
RESULT tag=A-b1024-p2-l0-run3 samples=45 temp=60.3'C throttled=0x0
RESULT tag=A-b1024-p2-l0-run3 file=/tmp/latency-A-b1024-p2-l0-run3-1787371688.out xrun_events=/tmp/latency-A-b1024-p2-l0-run3-1787371688.xruns
RESULT tag=A-b1024-p2-l0-run3 probe_xrun_count=20 jackd_alsa_xrun_count=0 jackd_alsa_msec_min=0 jackd_alsa_msec_median=0 jackd_alsa_msec_max=0 jackd_alsa_msec_mean=0 window_since=2026-08-22T00:08:16-04:00 window_until=2026-08-22T00:09:03-04:00
SENTINEL run-complete tag=A-b1024-p2-l0-run3 xruns=18
     t     dsp%    xruns   delta
     1 92.125801       61       2
     2 94.780846       61       0
     3 79.960152       61       0
     4 76.067474       61       0
     5 86.543709       61       0
     6 80.758377       61       0
     7 75.867416       61       0
     8 75.546799       61       0
     9 80.435707       61       0
    10 88.230324       67       6
    11 94.774734       67       0
    12 96.363136       67       0
    13 80.209244       67       0
    14 77.565361       67       0
    15 86.839661       67       0
    16 81.564957       67       0
    17 77.868217       67       0
    18 85.745827       67       0
    19 79.864899       67       0
    20 76.214760       67       0
    21 76.069695       67       0
    22 85.627838       67       0
    23 80.037941       67       0
    24 76.361145       67       0
    25 75.238182       67       0
    26 93.022034       67       0
    27 83.596756       67       0
    28 77.363350       67       0
    29 75.591621       67       0
    30 86.294662       69       2
    31 79.518211       69       0
    32 77.414383       69       0
    33 75.081810       69       0
    34 75.001648       71       2
    35 73.692284       73       2
    36 86.846146       73       0
    37 77.583893       73       0
    38 77.431076       73       0
    39 76.459877       73       0
    40 87.780884       75       2
    41 78.165977       77       2
    42 74.142349       77       0
    43 73.723312       77       0
    44 73.160591       77       0
    45 56.664204       77       0
--- xrun delays (probe) ---
PROBE_START client=mpe-xrun-probe buffer_frames=1024 sample_rate=48000 expected_period_us=21333
JITTER_SUMMARY expected_period_us=21333 n=2469 median_usec=-295 p99_usec=846 p99_9_usec=1109 max_usec=1171
FRAMES_LATE_SUMMARY expected_period_us=21333 n=2469 median_usec=104 p99_usec=292 p99_9_usec=354 max_usec=375
XRUN_COUNT 20
PROBE_END
=== restore buffer 1024 periods 2 ===
skip restore (--no-restore-buffer)
done commit=47166e8 log=/home/mitch/plan-v8-20260821-225953/v8b-1024x2-redo.log
SENTINEL harness-end

