=== measure-dsp-sample tag=V2-no-clients buffer=1024 periods=3 surge=off runs=3 seconds=30 2026-08-21T22:16:36-04:00 ===
STATE period=1024 nperiods=3 rate=48000 card=2 governor=performance mhz=1800 softmode=0 poly_governor=0 poly_ceiling=16 surge=active sha=1d051e3 throttled=throttled=0x0 temp=temp=58.9'C
period_deadline_ms=21.333333
RESULT tag=V2-no-clients-run1 dsp_n=30 dsp_median=6.1547 dsp_p99=6.2195 dsp_p999=6.2195 dsp_p9999=6.2195 dsp_max=6.3957
RESULT tag=V2-no-clients-run1 dsp_ms_median=1.3130 dsp_ms_p99=1.3268 dsp_ms_p999=1.3268 dsp_ms_max=1.3644 period_ms=21.333333 temp=56.9'C throttled=0x0
RESULT tag=V2-no-clients-run2 dsp_n=30 dsp_median=6.1501 dsp_p99=6.2416 dsp_p999=6.2416 dsp_p9999=6.2416 dsp_max=6.4182
RESULT tag=V2-no-clients-run2 dsp_ms_median=1.3120 dsp_ms_p99=1.3315 dsp_ms_p999=1.3315 dsp_ms_max=1.3692 period_ms=21.333333 temp=57.9'C throttled=0x0
RESULT tag=V2-no-clients-run3 dsp_n=30 dsp_median=6.1635 dsp_p99=6.2495 dsp_p999=6.2495 dsp_p9999=6.2495 dsp_max=6.5396
RESULT tag=V2-no-clients-run3 dsp_ms_median=1.3149 dsp_ms_p99=1.3332 dsp_ms_p999=1.3332 dsp_ms_max=1.3951 period_ms=21.333333 temp=56.9'C throttled=0x0
SENTINEL dsp-sample-end tag=V2-no-clients
=== measure-dsp-sample tag=V2-surge-only buffer=1024 periods=3 surge=on runs=3 seconds=30 2026-08-21T22:18:36-04:00 ===
STATE period=1024 nperiods=3 rate=48000 card=2 governor=performance mhz=1800 softmode=0 poly_governor=0 poly_ceiling=16 surge=active sha=1d051e3 throttled=throttled=0x0 temp=temp=58.4'C
period_deadline_ms=21.333333
RESULT tag=V2-surge-only-run1 dsp_n=30 dsp_median=6.3191 dsp_p99=6.4100 dsp_p999=6.4100 dsp_p9999=6.4100 dsp_max=6.4307
RESULT tag=V2-surge-only-run1 dsp_ms_median=1.3481 dsp_ms_p99=1.3675 dsp_ms_p999=1.3675 dsp_ms_max=1.3719 period_ms=21.333333 temp=57.4'C throttled=0x0
RESULT tag=V2-surge-only-run2 dsp_n=30 dsp_median=6.3192 dsp_p99=6.4202 dsp_p999=6.4202 dsp_p9999=6.4202 dsp_max=6.4212
RESULT tag=V2-surge-only-run2 dsp_ms_median=1.3481 dsp_ms_p99=1.3696 dsp_ms_p999=1.3696 dsp_ms_max=1.3699 period_ms=21.333333 temp=57.4'C throttled=0x0
RESULT tag=V2-surge-only-run3 dsp_n=30 dsp_median=6.3146 dsp_p99=6.3857 dsp_p999=6.3857 dsp_p9999=6.3857 dsp_max=6.4854
RESULT tag=V2-surge-only-run3 dsp_ms_median=1.3471 dsp_ms_p99=1.3623 dsp_ms_p999=1.3623 dsp_ms_max=1.3835 period_ms=21.333333 temp=56.9'C throttled=0x0
SENTINEL dsp-sample-end tag=V2-surge-only
