=== measure-confirm-at-voices tag=P7-baseline-Crystals-run2 patch=Crystals voices=3 sec=45 2026-08-22T12:13:14-04:00 ===
OSC client initialized: 127.0.0.1:53280
Loaded patch: Crystals.fxp
loaded Crystals.fxp

=== measure-latency-run buffer=1024 periods=2 condition=A runs=1 seconds=45 2026-08-22T12:13:16-04:00 ===
SENTINEL harness-start
Applied buffer=1024 periods=2
jackd period=1024 ok
jackd periods=2 ok
condition A units:
  sooperlooper=inactive session=inactive watchdog=inactive
jackd period=1024 ok
jackd periods=2 ok
=== provenance after strict restart ===
=== provenance 2026-08-22T12:14:05-04:00 ===
cb6f4af P7: separate confirm log per run (avoid duplicate latency tags).
6.18.34+rpt-rpi-v8
coherent_pool=1M 8250.nr_uarts=0 snd_bcm2835.enable_headphones=0 cgroup_disable=memory numa_policy=interleave nvme.max_host_mem_size_mb=32 snd_bcm2835.enable_headphones=1 snd_bcm2835.enable_hdmi=1 snd_bcm2835.enable_hdmi=0  numa=fake=2 system_heap.max_order=0 iommu_dma_numa_policy=interleave smsc95xx.macaddr=2C:CF:67:59:7C:41 vc_mem.mem_base=0x3ec00000 vc_mem.mem_size=0x40000000  console=ttyS0,115200 console=tty1 root=PARTUUID=ed7e095b-02 rootfstype=ext4 fsck.repair=yes rootwait cfg80211.ieee80211_regdom=CA irqaffinity=0,1 video=HDMI-A-1:d video=HDMI-A-2:d threadirqs

governor cpufreq=performance
jackd -R -P70 -d alsa -P hw:2 -r 48000 -p 1024 -n 2
PROVENANCE patch=Crystals hold_voices=3 buffer=1024 periods=2 condition=A 2026-08-22T12:14:05-04:00
=== run A-b1024-p2-l0-run1 ===
RESULT tag=A-b1024-p2-l0-run1 xruns=0 meter_live=1 meter_max_age_s=0 dsp_median=38.375771 dsp_p99=39.419415 dsp_max=40.681980
RESULT tag=A-b1024-p2-l0-run1 jitter_n=2458 jitter_median_usec=-311 jitter_p99_usec=797 jitter_p99_9_usec=998 jitter_max_usec=1023
RESULT tag=A-b1024-p2-l0-run1 frames_late_p99_usec=250 frames_late_max_usec=375
RESULT tag=A-b1024-p2-l0-run1 delay_events=0 delay_nonzero=0 (legacy, ignore)
RESULT tag=A-b1024-p2-l0-run1 samples=45 temp=48.7'C throttled=0x0
RESULT tag=A-b1024-p2-l0-run1 file=/tmp/latency-A-b1024-p2-l0-run1-1787415245.out xrun_events=/tmp/latency-A-b1024-p2-l0-run1-1787415245.xruns
RESULT tag=A-b1024-p2-l0-run1 probe_xrun_count=0 jackd_alsa_xrun_count=0 jackd_alsa_msec_min=0 jackd_alsa_msec_median=0 jackd_alsa_msec_max=0 jackd_alsa_msec_mean=0 window_since=2026-08-22T12:14:14-04:00 window_until=2026-08-22T12:15:00-04:00
SENTINEL run-complete tag=A-b1024-p2-l0-run1 xruns=0
     t     dsp%    xruns   delta
     1 38.877705        0       0
     2 38.882908        0       0
     3 38.742664        0       0
     4 38.318504        0       0
     5 38.138382        0       0
     6 38.311680        0       0
     7 38.456886        0       0
     8 38.295147        0       0
     9 38.389469        0       0
    10 38.249718        0       0
    11 38.375771        0       0
    12 39.210857        0       0
    13 38.423862        0       0
    14 38.278633        0       0
    15 38.140415        0       0
    16 38.211914        0       0
    17 40.681980        0       0
    18 39.419415        0       0
    19 38.853756        0       0
    20 38.408421        0       0
    21 38.292007        0       0
    22 39.006275        0       0
    23 38.822971        0       0
    24 38.405411        0       0
    25 38.412380        0       0
    26 38.275810        0       0
    27 38.085075        0       0
    28 38.339298        0       0
    29 38.280888        0       0
    30 38.228874        0       0
    31 38.260830        0       0
    32 38.173683        0       0
    33 38.673176        0       0
    34 38.361103        0       0
    35 38.233692        0       0
    36 38.284332        0       0
    37 38.437157        0       0
    38 38.510284        0       0
    39 38.488956        0       0
    40 38.250244        0       0
    41 38.544651        0       0
    42 38.496063        0       0
    43 38.442043        0       0
    44 37.863503        0       0
    45 37.884289        0       0
--- xrun delays (probe) ---
PROBE_START client=mpe-xrun-probe buffer_frames=1024 sample_rate=48000 expected_period_us=21333
JITTER_SUMMARY expected_period_us=21333 n=2458 median_usec=-311 p99_usec=797 p99_9_usec=998 max_usec=1023
FRAMES_LATE_SUMMARY expected_period_us=21333 n=2458 median_usec=83 p99_usec=250 p99_9_usec=345 max_usec=375
XRUN_COUNT 0
PROBE_END
=== restore buffer 1024 periods 2 ===
Applied buffer=1024 periods=2
jackd period=1024 ok
jackd periods=2 ok
done commit=cb6f4af log=/home/mitch/plan-p7-20260822-121104/p7-baseline-Crystals-run2.log
SENTINEL harness-end

