=== measure-confirm-at-voices tag=P7-baseline-Cloud_Horn-run1 patch=Cloud Horn voices=5 sec=45 2026-08-22T12:17:33-04:00 ===
OSC client initialized: 127.0.0.1:53280
Loaded patch: Cloud Horn.fxp
loaded Cloud Horn.fxp

=== measure-latency-run buffer=1024 periods=2 condition=A runs=1 seconds=45 2026-08-22T12:17:35-04:00 ===
SENTINEL harness-start
Applied buffer=1024 periods=2
jackd period=1024 ok
jackd periods=2 ok
condition A units:
  sooperlooper=inactive session=inactive watchdog=inactive
jackd period=1024 ok
jackd periods=2 ok
=== provenance after strict restart ===
=== provenance 2026-08-22T12:18:24-04:00 ===
cb6f4af P7: separate confirm log per run (avoid duplicate latency tags).
6.18.34+rpt-rpi-v8
coherent_pool=1M 8250.nr_uarts=0 snd_bcm2835.enable_headphones=0 cgroup_disable=memory numa_policy=interleave nvme.max_host_mem_size_mb=32 snd_bcm2835.enable_headphones=1 snd_bcm2835.enable_hdmi=1 snd_bcm2835.enable_hdmi=0  numa=fake=2 system_heap.max_order=0 iommu_dma_numa_policy=interleave smsc95xx.macaddr=2C:CF:67:59:7C:41 vc_mem.mem_base=0x3ec00000 vc_mem.mem_size=0x40000000  console=ttyS0,115200 console=tty1 root=PARTUUID=ed7e095b-02 rootfstype=ext4 fsck.repair=yes rootwait cfg80211.ieee80211_regdom=CA irqaffinity=0,1 video=HDMI-A-1:d video=HDMI-A-2:d threadirqs

governor cpufreq=performance
jackd -R -P70 -d alsa -P hw:2 -r 48000 -p 1024 -n 2
PROVENANCE patch=Cloud Horn hold_voices=5 buffer=1024 periods=2 condition=A 2026-08-22T12:18:24-04:00
=== run A-b1024-p2-l0-run1 ===
RESULT tag=A-b1024-p2-l0-run1 xruns=0 meter_live=1 meter_max_age_s=0 dsp_median=56.597389 dsp_p99=59.138046 dsp_max=59.719151
RESULT tag=A-b1024-p2-l0-run1 jitter_n=2463 jitter_median_usec=-298 jitter_p99_usec=838 jitter_p99_9_usec=1090 jitter_max_usec=1156
RESULT tag=A-b1024-p2-l0-run1 frames_late_p99_usec=271 frames_late_max_usec=375
RESULT tag=A-b1024-p2-l0-run1 delay_events=0 delay_nonzero=0 (legacy, ignore)
RESULT tag=A-b1024-p2-l0-run1 samples=45 temp=50.1'C throttled=0x0
RESULT tag=A-b1024-p2-l0-run1 file=/tmp/latency-A-b1024-p2-l0-run1-1787415504.out xrun_events=/tmp/latency-A-b1024-p2-l0-run1-1787415504.xruns
RESULT tag=A-b1024-p2-l0-run1 probe_xrun_count=0 jackd_alsa_xrun_count=0 jackd_alsa_msec_min=0 jackd_alsa_msec_median=0 jackd_alsa_msec_max=0 jackd_alsa_msec_mean=0 window_since=2026-08-22T12:18:32-04:00 window_until=2026-08-22T12:19:19-04:00
SENTINEL run-complete tag=A-b1024-p2-l0-run1 xruns=0
     t     dsp%    xruns   delta
     1 57.340485        0       0
     2 56.919903        0       0
     3 57.384949        0       0
     4 56.543694        0       0
     5 56.491035        0       0
     6 56.358242        0       0
     7 56.508579        0       0
     8 56.452385        0       0
     9 56.310631        0       0
    10 56.470604        0       0
    11 58.391781        0       0
    12 58.549473        0       0
    13 56.580601        0       0
    14 56.837624        0       0
    15 56.197174        0       0
    16 56.751381        0       0
    17 59.719151        0       0
    18 58.377735        0       0
    19 57.248680        0       0
    20 56.783928        0       0
    21 56.374432        0       0
    22 57.843899        0       0
    23 59.138046        0       0
    24 57.044159        0       0
    25 56.581894        0       0
    26 56.727386        0       0
    27 56.184441        0       0
    28 57.138969        0       0
    29 56.315231        0       0
    30 56.821270        0       0
    31 56.381386        0       0
    32 56.597389        0       0
    33 56.888298        0       0
    34 56.789906        0       0
    35 57.664173        0       0
    36 57.386440        0       0
    37 56.492580        0       0
    38 57.046741        0       0
    39 56.462734        0       0
    40 56.373211        0       0
    41 56.273258        0       0
    42 56.035118        0       0
    43 55.915649        0       0
    44 55.337372        0       0
    45 46.341637        0       0
--- xrun delays (probe) ---
PROBE_START client=mpe-xrun-probe buffer_frames=1024 sample_rate=48000 expected_period_us=21333
JITTER_SUMMARY expected_period_us=21333 n=2463 median_usec=-298 p99_usec=838 p99_9_usec=1090 max_usec=1156
FRAMES_LATE_SUMMARY expected_period_us=21333 n=2463 median_usec=104 p99_usec=271 p99_9_usec=354 max_usec=375
XRUN_COUNT 0
PROBE_END
=== restore buffer 1024 periods 2 ===
Applied buffer=1024 periods=2
jackd period=1024 ok
jackd periods=2 ok
done commit=cb6f4af log=/home/mitch/plan-p7-20260822-121104/p7-baseline-Cloud_Horn-run1.log
SENTINEL harness-end

